=== 2026-10-02 필터 통계 ===
  수집               499건
  중복 제거            3건
  지역 제외            217건
  상태 제외            0건
  고용형태 제외          51건
  경력구분 제외          52건
  제외어              3건
  키워드 미매칭          26건
  링크없음 제외          1건
  트랙A 매칭           1건
  트랙B 매칭           5건
  트랙C 매칭           0건
----------------------------------------
[KRID][경기도] 안성시시설관리공단 | 2026년도 제2회 청년 체험형 인턴 채용 재공고 | 경영·회계·사무 | 인턴 | 모집중 | 제외어: 인턴
[MOEF][부산] 학교법인한국폴리텍 | 한국폴리텍대학 부산캠퍼스 2026년 청년인턴(일반) 2차 채용 | 경영.회계.사무 | 신입+경력 | 청년인턴(체험형) | 지역외: 부산
[MOEF][부산] 학교법인한국폴리텍 | 한국폴리텍대학 부산캠퍼스 2026년 행정지원직(휴직대체_냉난방원) 채용 | 건설,기계 | 신입+경력 | 비정규직 | 지역외: 부산
[MOEF][경기,충북,충남] 한국도로공사 | 2026년 한국도로공사 순찰직(안전순찰원) 채용 공고 [일반전형] | 운전.운송 | 신입 | 무기계약직 | 경력구분 제외: 신입 단독
[MOEF][경기,충남,전남] 한국도로공사 | 2026년 한국도로공사 실무직(상황관리원) 채용 공고 [일반전형] | 환경.에너지.안전 | 신입 | 무기계약직 | 경력구분 제외: 신입 단독
[MOEF][전북] 한국도로공사 | 2026년 한국도로공사 실무직(사무원) 채용 공고 [취업지원대상자 보훈전형] | 경영.회계.사무 | 신입 | 무기계약직 | 지역외: 전북
[MOEF][대구,울산,경기] 한국도로공사 | 2026년 한국도로공사 실무직(도로관리원) 채용 공고 [일반전형] | 경비.청소 | 신입 | 무기계약직 | 경력구분 제외: 신입 단독
[MOEF][경기,충남,전북] 한국도로공사 | 2026년 한국도로공사 정비직(8급) 채용 공고 [일반전형] | 기계 | 신입 | 정규직 | 경력구분 제외: 신입 단독
[MOEF][전남광주] 한국토지주택공사 | 한국토지주택공사 광주전남지역본부 기간제근로자(보상일반역, 보상전문역) 채용공고 | 경영.회계.사무,영업판매 | 신입+경력 | 비정규직 | 지역외: 전남광주
[MOEF][세종] 한국토지주택공사 | 한국토지주택공사 세종특별본부 기간제근로자(보상일반역, 보상전문역) 채용공고 | 경영.회계.사무,영업판매 | 신입+경력 | 비정규직 | 지역외: 세종
[MOEF][충북] 대한적십자사 | 대한적십자사 충북지사 비정규직(육아휴직 대체인력, 11.1자) 채용공고 | 경영.회계.사무 | 신입 | 비정규직 | 지역외: 충북
[MOEF][대전] 충남대학교병원 | [대전] 충남대학교병원 2026년 10월 보조금직원 채용공고 | 보건.의료 | 신입+경력 | 비정규직 | 지역외: 대전
[MOEF][부산,경남] 근로복지공단 | [창원병원] 2026년도 하반기 청년(체험형)인턴 일반전형 채용 공고 | 경영.회계.사무,보건.의료 | 신입 | 청년인턴(체험형) | 지역외: 부산,경남
[MOEF][경남] 근로복지공단 | [창원병원] 2026년도 하반기 청년(체험형)인턴 장애전형 채용 공고 | 보건.의료 | 신입 | 청년인턴(체험형) | 지역외: 경남
[MOEF][인천] 근로복지공단 | [재활공학연구소] 2026년도 하반기 청년(체험형)인턴 장애전형 채용 공고 | 경영.회계.사무 | 신입 | 청년인턴(체험형) | 고용형태 제외: 청년인턴(체험형)
[MOEF][대구,경북] 한전KDN | 한전KDN(주) 대구본부 포항지사 전력통신설비 유지보수 및 단순정비 작업원 모집공고 | 전기.전자,정보통신 | 신입+경력 | 비정규직 | 지역외: 대구,경북
[MOEF][대구,경북] 근로복지공단 | [대구병원] 2026년도 하반기 청년(체험형)인턴 일반전형 채용 공고 | 보건.의료 | 신입 | 청년인턴(체험형) | 지역외: 대구,경북
[MOEF][부산] 한국토지주택공사 | 한국토지주택공사 부산울산지역본부 기간제근로자(보상일반역, 보상전문역) 채용공고 | 경영.회계.사무,영업판매 | 신입+경력 | 비정규직 | 지역외: 부산
[MOEF][대전] 충남대학교병원 | [대전] 충남대학교병원 2026년 10월 업무지원계약직 직원 채용공고 | 보건.의료 | 신입 | 비정규직 | 지역외: 대전
[MOEF][대전] 한국토지주택공사 | 한국토지주택공사 대전충남지역본부 기간제근로자(보상일반역, 보상전문역) 채용공고 | 경영.회계.사무,영업판매 | 신입+경력 | 비정규직 | 지역외: 대전
[MOEF][대구] 근로복지공단 | [대구병원] 2026년도 하반기 청년(체험형)인턴 장애전형 채용 공고 | 보건.의료 | 신입 | 청년인턴(체험형) | 지역외: 대구
[MOEF][대전] 충남대학교병원 | [대전] 충남대학교병원 2026년 10월 계약직 직원 채용공고 | 보건.의료 | 신입 | 비정규직 | 지역외: 대전
[MOEF][대구,경북] 근로복지공단 | [대구병원] 기간제(사무원) 채용 공고 | 경영.회계.사무,보건.의료 | 신입 | 비정규직 | 지역외: 대구,경북
[MOEF][강원] 근로복지공단 | [태백병원] 2026년도 하반기 청년(체험형)인턴 일반전형 채용 공고 | 보건.의료 | 신입 | 청년인턴(체험형) | 지역외: 강원
[MOEF][대전] 충남대학교병원 | [대전] 충남대학교병원 2026년 10월 공무직 직원 채용공고 | 보건.의료 | 신입 | 무기계약직 | 지역외: 대전
[MOEF][강원] 근로복지공단 | [태백병원] 2026년도 하반기 청년(체험형)인턴 장애전형 채용 공고 | 보건.의료 | 신입 | 청년인턴(체험형) | 지역외: 강원
[MOEF][강원] 근로복지공단 | [태백요양병원] 2026년도 하반기 청년(체험형)인턴 장애전형 채용 공고 | 보건.의료 | 신입 | 청년인턴(체험형) | 지역외: 강원
[MOEF][강원] 근로복지공단 | [정선병원] 2026년도 하반기 청년(체험형)인턴 장애전형 채용 공고 | 경영.회계.사무 | 신입 | 청년인턴(체험형) | 지역외: 강원
[MOEF][강원] 근로복지공단 | [정선병원] 2026년도 하반기 청년(체험형)인턴 일반전형 채용 공고 | 경영.회계.사무,보건.의료 | 신입 | 청년인턴(체험형) | 지역외: 강원
[MOEF][해외] 정보통신산업진흥원 | 정보통신산업진흥원 KIC실리콘밸리센터장 채용 공고 | 정보통신 | 경력 | 비정규직 | 지역외: 해외
[MOEF][경기] 근로복지공단 | [경기요양병원] 공무직(물리치료사) 채용 공고 | 보건.의료 | 신입 | 무기계약직 | 경력구분 제외: 신입 단독
[MOEF][경기] 근로복지공단 | [경기요양병원] 2026년도 하반기 청년(체험형)인턴 일반전형 채용 공고 | 경영.회계.사무,보건.의료 | 신입 | 청년인턴(체험형) | 고용형태 제외: 청년인턴(체험형)
[MOEF][경기] 근로복지공단 | [경기요양병원] 2026년도 하반기 청년(체험형)인턴 장애전형 채용 공고 | 경영.회계.사무 | 신입 | 청년인턴(체험형) | 고용형태 제외: 청년인턴(체험형)
[MOEF][경기] 근로복지공단 | [안산병원] 2026년도 하반기 청년(체험형)인턴 일반전형 채용 공고 | 보건.의료 | 신입 | 청년인턴(체험형) | 고용형태 제외: 청년인턴(체험형)
[MOEF][경기] 근로복지공단 | [안산병원] 2026년도 하반기 청년(체험형)인턴 장애전형 채용 공고 | 보건.의료 | 신입 | 청년인턴(체험형) | 고용형태 제외: 청년인턴(체험형)
[MOEF][대전] 근로복지공단 | [대전병원] 2026년도 하반기 청년(체험형)인턴 일반전형 채용 공고 | 보건.의료 | 신입 | 청년인턴(체험형) | 지역외: 대전
[MOEF][대전] 근로복지공단 | [대전병원] 2026년도 하반기 청년(체험형)인턴 장애전형 채용 공고 | 보건.의료 | 신입 | 청년인턴(체험형) | 지역외: 대전
[MOEF][대전] 근로복지공단 | [대전병원] 별정직 의사(직업환경의학과) 채용 공고 | 보건.의료 | 신입 | 정규직 | 지역외: 대전
[MOEF][전북] 국립공원공단 | [변산반도]2026년 변산반도국립공원 기간제(수익시설_한시인력) 직원 채용 공고 | 환경.에너지.안전 | 신입+경력 | 비정규직 | 지역외: 전북
[MOEF][대전] 근로복지공단 | [대전병원] 기간제(방사선사) 채용 공고 | 보건.의료 | 신입 | 비정규직 | 지역외: 대전
[MOEF][부산] (재)우체국물류지원단 | 우체국물류지원단 부산지사 부산사업소 기간제(운전직, 대체인력) 채용 공고 | 운전.운송 | 신입+경력 | 비정규직 | 지역외: 부산
[MOEF][대전] 근로복지공단 | [대전병원] 기간제(물리치료사) 채용 공고 | 보건.의료 | 신입 | 비정규직 | 지역외: 대전
[MOEF][대전] 근로복지공단 | [대전병원] 기간제(조리사) 채용 공고 | 보건.의료 | 신입 | 비정규직 | 지역외: 대전
[MOEF][강원] 한국보훈복지의료공단 | [본사] 계약직 직원(간호직, 복지기능직) 채용 공고 | 경영.회계.사무,보건.의료,환경.에너지.안전 | 신입 | 비정규직 | 지역외: 강원
[MOEF][강원] 근로복지공단 | [동해병원] 기간제 의사(재활의학과 전문의) 채용 공고 | 보건.의료 | 신입 | 비정규직 | 지역외: 강원
[MOEF][대구] 주택관리공단(주) | 채용형 인턴 채용공고(주택관리공단 대구경북지사) | 건설,기계,전기.전자,환경.에너지.안전 | 신입+경력 | 청년인턴(채용형) | 지역외: 대구
[MOEF][강원] 근로복지공단 | [동해병원] 기간제 의사(산부인과) 채용 공고 | 보건.의료 | 신입 | 비정규직 | 지역외: 강원
[MOEF][대구,경북] 주택관리공단(주) | 육아휴직 대체직 채용공고(주택관리공단 대구경북지사) | 건설,기계,전기.전자,환경.에너지.안전 | 신입+경력 | 비정규직 | 지역외: 대구,경북
[MOEF][부산] 주택관리공단(주) | 채용형 인턴 채용공고(주택관리공단 부산울산지사) | 건설,기계,전기.전자,환경.에너지.안전 | 신입+경력 | 청년인턴(채용형) | 지역외: 부산
[MOEF][경기] 한국도로공사서비스(주) | 한국도로공사서비스(주) 수도권동부권역본부 기간제근로자 채용 공고 | 경비.청소 | 신입 | 비정규직 | 경력구분 제외: 신입 단독
[MOEF][강원] 근로복지공단 | [동해병원] 2026년도 하반기 청년(체험형)인턴 일반전형 채용 공고 | 보건.의료 | 신입 | 청년인턴(체험형) | 지역외: 강원
[MOEF][대전] 한국도로공사서비스(주) | 한국도로공사서비스(주) 대전충남권역본부 기간제근로자 채용 공고 | 운전.운송 | 신입 | 비정규직 | 지역외: 대전
[MOEF][강원] 근로복지공단 | [동해병원] 2026년도 하반기 청년(체험형)인턴 장애전형 채용 공고 | 보건.의료 | 신입 | 청년인턴(체험형) | 지역외: 강원
[MOEF][인천] 근로복지공단 | [인천병원] 2026년도 하반기 청년(체험형)인턴 일반전형 채용 공고 | 보건.의료 | 신입 | 청년인턴(체험형) | 고용형태 제외: 청년인턴(체험형)
[MOEF][인천] 근로복지공단 | [인천병원] 2026년도 하반기 청년(체험형)인턴 장애전형 채용 공고 | 보건.의료 | 신입 | 청년인턴(체험형) | 고용형태 제외: 청년인턴(체험형)
[MOEF][세종] 한국청소년정책연구원 | [채용공고 2026-12호] 공무직 채용 공고 | 연구 | 신입 | 무기계약직 | 지역외: 세종
[MOEF][전남광주] 근로복지공단 | [순천병원] 2026년도 하반기 청년(체험형)인턴 일반전형 채용 공고 | 보건.의료 | 신입 | 청년인턴(체험형) | 지역외: 전남광주
[MOEF][전남광주] 근로복지공단 | [순천병원] 2026년도 하반기 청년(체험형)인턴 장애전형 채용 공고 | 보건.의료 | 신입 | 청년인턴(체험형) | 지역외: 전남광주
[MOEF][전남광주] 근로복지공단 | [순천병원] 의료직(산업위생사 4급) 채용 공고 | 보건.의료 | 신입 | 정규직 | 지역외: 전남광주
[MOEF][전남광주] 근로복지공단 | [순천병원] 공무직(영선·조경기사) 채용 공고 | 보건.의료 | 신입 | 무기계약직 | 지역외: 전남광주
[MOEF][강원] 한전KDN | 한전KDN(주) 강원사업처 강릉지사 AMI분야 비정규직 모집공고 | 정보통신 | 신입+경력 | 비정규직 | 지역외: 강원
[MOEF][세종] 충남대학교병원 | [세종] 2026년 약무직 직원 모집공고 | 보건.의료 | 신입+경력 | 정규직 | 지역외: 세종
[MOEF][경남] 한전KPS(주) | 한전KPS(주) 삼천포사업처 단기노무원(터빈설비 정비단순보조) 채용(제52차) | 기계 | 신입+경력 | 비정규직 | 지역외: 경남
[MOEF][경남] 국립공원공단 | [한려동부] 2026년 한려해상국립공원동부사무소 한시인력(국립공원지킴이) 직원 2차 채용 | 경비.청소 | 신입+경력 | 비정규직 | 지역외: 경남
[MOEF][부산] 한전KDN | 한전KDN(주) 부산본부 전력통신팀 업무보조원 일용근로자 모집공고 | 정보통신 | 신입+경력 | 비정규직 | 지역외: 부산
[MOEF][충북] 충북대학교병원 | 2026년 10월 충북대학교병원 기간제근무자 모집 공고 | 보건.의료 | 신입+경력 | 비정규직 | 지역외: 충북
[MOEF][충북] 충북대학교병원 | 2026년 3차 충북대학교병원 장애인 근로자(기간제근무자) 모집 공고 | 보건.의료 | 신입+경력 | 비정규직 | 지역외: 충북
[MOEF][인천] 대한적십자사 | 경인권역재활병원 비정규직(대체인력) 물리치료사 채용 공고(2026.11.2.임용)(2) | 보건.의료 | 신입 | 비정규직 | 경력구분 제외: 신입 단독
[MOEF][인천] 대한적십자사 | 경인권역재활병원 비정규직(대체인력) 물리치료사 채용 공고(2026.11.2.임용)(1) | 보건.의료 | 신입 | 비정규직 | 경력구분 제외: 신입 단독
[MOEF][인천] 대한적십자사 | 경인권역재활병원 비정규직(대체인력) 작업치료사 채용 공고(2026.11.2.임용) | 보건.의료 | 신입 | 비정규직 | 경력구분 제외: 신입 단독
[MOEF][인천] 대한적십자사 | 경인권역재활병원 정규직 간호사 채용 공고(2026.11.1.임용) | 보건.의료 | 신입 | 정규직 | 경력구분 제외: 신입 단독
[MOEF][대전] 한국벤처투자 | 2026년 3차 한국벤처투자 채용 공고(일반 전문계약직) | 사업관리,경영.회계.사무,금융.보험 | 경력 | 비정규직 | 지역외: 대전
[MOEF][경북] 한전KDN | 한전KDN(주) 경북사업처 AMI분야 일용근로자 모집공고 | 전기.전자,정보통신 | 신입+경력 | 비정규직 | 지역외: 경북
[MOEF][대전] 한전원자력연료주식회사 | 2026년도 하반기 한전원자력연료 체험형 청년인턴 채용 공고 | 사업관리,경영.회계.사무,건설,기계,재료,화학,전기.전자,정보통신,환경.에너지.안전,연구 | 신입 | 청년인턴(체험형) | 지역외: 대전
[MOEF][충남] 한국서부발전(주) | 2026년도 하반기 별정직 신입사원 모집 공고 | 보건.의료,화학,환경.에너지.안전 | 신입 | 정규직 | 지역외: 충남
[MOEF][서울,인천] 서민금융진흥원 | 2026년 서민금융진흥원 제3차 기간제(육아휴직대체) 직원 채용공고 | 경영.회계.사무,금융.보험 | 신입 | 비정규직 | 경력구분 제외: 신입 단독
[MOEF][인천,경기,충남] 한국서부발전(주) | 2026년도 하반기 4직급 고졸 신입사원 모집 공고 | 기계,전기.전자 | 신입 | 정규직 | 경력구분 제외: 신입 단독
[MOEF][인천,경기,충남] 한국서부발전(주) | 2026년도 하반기 4직급 대졸 신입사원 모집 공고 | 경영.회계.사무,건설,기계,화학,전기.전자,정보통신 | 신입 | 정규직 | 경력구분 제외: 신입 단독
[MOEF][전북] 한국탄소산업진흥원 | 2026-04호 채용공고 | 사업관리,경영.회계.사무,교육.자연.사회과학,기계,재료,화학,섬유.의복,환경.에너지.안전,연구 | 신입+경력 | 비정규직 | 지역외: 전북
[MOEF][전북] 태권도진흥재단 | 2026년 태권도원 체험관[얍] 운영 기간제근로자(보조인력) 채용 | 이용.숙박.여행.오락.스포츠 | 신입 | 비정규직 | 지역외: 전북
[MOEF][서울,부산,대구] 한국승강기안전공단 | 한국승강기안전공단 2026년 하반기 채용형 청년인턴 채용 공고 | 사업관리,기계,전기.전자 | 신입 | 청년인턴(채용형) | 고용형태 제외: 청년인턴(채용형)
[MOEF][제주] 한전KPS(주) | 한전KPS(주)제주사업소 가공송전선로 부지정비 및 수목벌채 단기노무원 채용공고 | 전기.전자 | 신입+경력 | 비정규직 | 지역외: 제주
[MOEF][대구,인천,대전] 한국농어촌공사 | 2026년도 직무중심 신입사원(5급, 6급) 채용 공고 | 경영.회계.사무,건설,전기.전자,정보통신,환경.에너지.안전,농림어업 | 신입 | 정규직 | 경력구분 제외: 신입 단독
[MOEF][서울] 근로복지공단 | [서울남부지사]기간제(시설미화원-휴직대체) 채용 재공고 | 경비.청소 | 신입 | 비정규직 | 경력구분 제외: 신입 단독
[MOEF][서울,부산,대구] 건강보험심사평가원 | 2026년 하반기 건강보험심사평가원 체험형 청년인턴 채용 공고 | 경영.회계.사무,보건.의료,정보통신,연구 | 신입 | 청년인턴(체험형) | 고용형태 제외: 청년인턴(체험형)
[MOEF][강원] 국립공원공단 | 국립공원공단 기간제(사무행정) 직원 채용 | 경영.회계.사무,문화.예술.디자인.방송 | 신입+경력 | 비정규직 | 지역외: 강원
[MOEF][전북] 국립중앙의료원 | 계약직 행정(전북응급의료지원센터) 채용 재공고 | 보건.의료 | 신입+경력 | 비정규직 | 지역외: 전북
[MOEF][전남광주] 국립공원공단 | [지리산전북] 지리산국립공원전북사무소 한시인력(국립공원지킴이) 모집 | 환경.에너지.안전 | 신입+경력 | 비정규직 | 지역외: 전남광주
[MOEF][충남] 한전KPS(주) | 한전KPS(주)충남전북전력지사(아산지점) 단기노무원 채용 공고 | 전기.전자 | 신입+경력 | 비정규직 | 지역외: 충남
[MOEF][서울,충북,전남] 한국마약퇴치운동본부 | 한국마약퇴치운동본부 2026년 제4차 채용공고 | 사업관리,경영.회계.사무,교육.자연.사회과학,사회복지.종교 | 신입 | 정규직,비정규직 | 경력구분 제외: 신입 단독
[MOEF][부산] 부산대학교병원 | 영상의학과 전문의 모집 공고 | 보건.의료 | 경력 | 비정규직 | 지역외: 부산
[MOEF][충남] 학교법인한국폴리텍 | 한국폴리텍특성화대학 바이오캠퍼스 업무직(대학운영직_영양사) 채용 공고 | 음식서비스 | 신입+경력 | 무기계약직 | 지역외: 충남
[MOEF][충북] 한국전력공사 | 기간제근로자 (대체인력)채용 공고[충북본부 진천지사] | 전기.전자 | 신입 | 비정규직 | 지역외: 충북
[MOEF][세종] 국토연구원 | 국토연구원 2026년 제10차 위촉직(기간제) 공개채용 | 연구 | 신입+경력 | 비정규직 | 지역외: 세종
[MOEF][전남광주] 농림식품기술기획평가원 | 2026년도 2차 정규직 채용 공고 | 사업관리,경비.청소,정보통신 | 신입 | 정규직 | 지역외: 전남광주
[MOEF][대구] 경북대학교병원 | 칠곡경북대학교병원 2026년 9월 6차 임시직원 채용공고(행정, 원무지원, 간호사) | 보건.의료 | 신입+경력 | 비정규직 | 지역외: 대구
[MOEF][대구] 경북대학교병원 | 2026년 대구의료원 파견의사(진료교수) 상시 초빙 공고 | 보건.의료 | 신입 | 비정규직 | 지역외: 대구
[MOEF][전북] 국립공원공단 | [내장산생태탐방원] 2026년 내장산생태탐방원 한시인력(국립공원지킴이) 채용 공고 | 환경.에너지.안전 | 신입+경력 | 비정규직 | 지역외: 전북
[MOEF][서울,경기] 한국체육산업개발(주) | 2026년도 NCS기반 신규직원 블라인드 채용 공고 | 경영.회계.사무,건설,기계,전기.전자 | 신입 | 정규직 | 경력구분 제외: 신입 단독
[MOEF][경남] 대한적십자사 | 2026년 대한적십자사 경상남도지사 비정규직 (대체인력) 채용 공고 | 경영.회계.사무 | 신입 | 비정규직 | 지역외: 경남
[MOEF][서울] 한국문화관광연구원 | 한국문화관광연구원 위촉직원 채용 공고 [2026-39] | 연구 | 신입 | 비정규직 | 경력구분 제외: 신입 단독
[MOEF][대전] 기초과학연구원 | 2026-10회 의생명 및 화학 연구클러스터(시냅스 뇌질환 연구단) 연구직 채용 공고 | 연구 | 신입+경력 | 비정규직 | 지역외: 대전
[MOEF][전남광주] 대한적십자사 | 대한적십자사 전남광주혈액원 비정규직 기간제(장애인) 채용 공고 | 보건.의료 | 신입 | 비정규직 | 지역외: 전남광주
[MOEF][대전] 대한적십자사 | 대전세종충남혈액원 비정규직 육아휴직 대체 사무보조원 채용 공고 | 경영.회계.사무 | 신입 | 비정규직 | 지역외: 대전
[MOEF][서울] 육아정책연구소 | [제2026-16호] 육아정책연구소 청년인턴(행정인턴) 단시간 장애인 제한경쟁 채용 | 경영.회계.사무 | 신입+경력 | 청년인턴(체험형) | 고용형태 제외: 청년인턴(체험형)
[MOEF][전남광주] 근로복지공단 | [순천병원] 기간제(간호조무사) 채용 공고 | 보건.의료 | 신입 | 비정규직 | 지역외: 전남광주
[MOEF][전남광주] 근로복지공단 | [순천병원] 기간제(물리치료사) 채용 공고 | 보건.의료 | 신입 | 비정규직 | 지역외: 전남광주
[MOEF][대전] 충남대학교병원 | [대전] 2026년 하반기 충남대학교병원 보건직(의학물리사) 공개채용 | 보건.의료 | 경력 | 정규직 | 지역외: 대전
[MOEF][제주] 제주대학교병원 | 제주대학교병원 휴직대체 계약직(방사선사) 모집공고 | 보건.의료 | 신입+경력 | 비정규직 | 지역외: 제주
[MOEF][전남광주] 국립공원공단 | [국립공원해양생태보전원] 국립공원해양생태보전원 기간제[국립공원지킴이(한시인력)] 채용 공고 | 환경.에너지.안전 | 신입+경력 | 비정규직 | 지역외: 전남광주
[MOEF][경북] 국립공원공단 | [주왕산] 2026년도 주왕산국립공원 한시인력(탐방해설) 직원 추가 채용 재공고 | 이용.숙박.여행.오락.스포츠 | 신입+경력 | 비정규직 | 지역외: 경북
[MOEF][제주] 제주대학교병원 | 제주대학교병원 휴직대체 계약직(간호사, 업무지원_환경, 보건의료정보관리사, 응급구조사, 행 | 보건.의료 | 신입+경력 | 비정규직 | 지역외: 제주
[MOEF][제주] 제주대학교병원 | 제주대학교병원 계약직(가정전문간호사, 영상의학과 간호사) 모집공고 | 보건.의료 | 신입+경력 | 무기계약직 | 지역외: 제주
[MOEF][충북] 한국수자원공사 | [한국수자원공사] 금강유역협력단 괴산현대화사업팀 특수직(사무관리_건설사업) 채용 공고 | 경영.회계.사무 | 신입+경력 | 비정규직 | 지역외: 충북
[MOEF][충남] 한국수자원공사 | [한국수자원공사] 금강유역협력단 부여2차현대화사업팀 특수직(사무관리_건설사업) 채용 공고 | 경영.회계.사무 | 신입+경력 | 비정규직 | 지역외: 충남
[MOEF][충남] 한국수자원공사 | [한국수자원공사] 금강유역협력단 부여현대화사업팀 특수직(기술관리_건설사업) 채용 공고 | 사업관리,건설,기계,전기.전자,정보통신,환경.에너지.안전 | 신입+경력 | 비정규직 | 지역외: 충남
[MOEF][충남] 한국수자원공사 | [한국수자원공사] 금강유역협력단 공주2차현대화사업팀 특수직(기술관리_건설사업) 채용 공고 | 사업관리,건설,기계,전기.전자,정보통신,환경.에너지.안전 | 신입+경력 | 비정규직 | 지역외: 충남
[MOEF][충남] 한국수자원공사 | [한국수자원공사] 금강유역협력단 공주2차현대화사업팀 특수직(사무관리_건설사업) 채용 공고 | 경영.회계.사무 | 신입+경력 | 비정규직 | 지역외: 충남
[MOEF][전북] 한국수자원공사 | [한국수자원공사] 정읍권지사 단기계약근로자(수탁운영_지방상수도 고객관리) 채용 공고(장애인 | 경영.회계.사무 | 신입+경력 | 비정규직 | 지역외: 전북
[MOEF][대구,경북] 한국토지주택공사 | 한국토지주택공사 대구경북지역본부 기간제근로자(대체채용) 채용 공고(2026-07) | 경영.회계.사무,사회복지.종교 | 신입+경력 | 비정규직 | 지역외: 대구,경북
[MOEF][서울] 한국문화관광연구원 | 한국문화관광연구원 2026년 제4차 청년인턴 채용 | 경영.회계.사무 | 신입 | 청년인턴(체험형) | 고용형태 제외: 청년인턴(체험형)
[MOEF][충북] 오송첨단의료산업진흥재단 | 오송첨단의료산업진흥재단 2026년도 제6차 체험형 청년인턴 채용 공고 | 사업관리,경영.회계.사무,환경.에너지.안전 | 신입 | 청년인턴(체험형) | 지역외: 충북
[MOEF][서울] 해양수산과학기술진흥원 | 2026년도 제3차 신규직원(체험형 인턴) 채용 공고 | 경영.회계.사무 | 신입 | 비정규직 | 경력구분 제외: 신입 단독
[MOEF][전남광주] 한국토지주택공사 | 한국토지주택공사 광주전남지역본부 기간제근로자(사업관리 외) 채용공고(2026.10) | 경영.회계.사무,사회복지.종교 | 신입 | 비정규직 | 지역외: 전남광주
[MOEF][세종] 충남대학교병원 | [세종] 2026년 9월 비정규직(계약직, 업무지원계약직) 직원 채용공고 | 보건.의료 | 신입+경력 | 비정규직 | 지역외: 세종
[MOEF][대전] 한국연구재단 | 2026년 제2차 한국연구재단 직원 채용(공무직(시설관리직, 미화직)) | 경비.청소,기계,전기.전자,환경.에너지.안전 | 신입 | 정규직 | 지역외: 대전
[MOEF][세종] 충남대학교병원 | [세종] 2026년 9월 업무지원직 직원 채용공고 | 보건.의료 | 신입+경력 | 정규직 | 지역외: 세종
[MOEF][서울,대전,경기] 스포츠윤리센터 | 스포츠윤리센터 2026년 제2차 직원 신규채용 공고 | 사업관리,경영.회계.사무,교육.자연.사회과학,법률.경찰.소방.교도.국방,정보통신 | 신입 | 정규직,비정규직 | 경력구분 제외: 신입 단독
[MOEF][서울,부산,대구] 한국농수산식품유통공사 | 2026년 신입직원 채용공고 | 사업관리,경영.회계.사무,건설,정보통신,환경.에너지.안전,농림어업 | 신입 | 정규직 | 경력구분 제외: 신입 단독
[MOEF][경기] 분당서울대학교병원 | 분당서울대학교병원 단시간일반직(선임급연구원) 채용공고 | 보건.의료 | 신입 | 비정규직 | 경력구분 제외: 신입 단독
[MOEF][광주,전남] 전남대학교병원 | 2026년도 전임의사 상시 공개채용 변경 공고 | 보건.의료 | 신입 | 정규직 | 지역외: 광주,전남
[MOEF][경기] 분당서울대학교병원 | 분당서울대학교병원 단시간업무지원직 채용공고 | 보건.의료 | 신입 | 비정규직 | 경력구분 제외: 신입 단독
[MOEF][경기] 분당서울대학교병원 | 분당서울대학교병원 단시간일반직 채용공고 | 보건.의료 | 신입 | 비정규직 | 경력구분 제외: 신입 단독
[MOEF][서울] 서울대학교병원 | 2026년도 하반기 서울대학교병원 블라인드 장애인 직원채용 (무기계약직) 공고 | 보건.의료 | 신입 | 무기계약직 | 경력구분 제외: 신입 단독
[MOEF][경기] 분당서울대학교병원 | 분당서울대학교병원 직원(계약업무지원직) 채용공고 | 보건.의료 | 신입 | 비정규직 | 경력구분 제외: 신입 단독
[MOEF][전남광주] 국립공원공단 | [다도해해상]2026년 다도해해상 국립공원지킴이[한시인력/녹색순찰대] 직원 채용(5차) | 환경.에너지.안전 | 신입+경력 | 비정규직 | 지역외: 전남광주
[MOEF][경북] 한국수력원자력(주) | 2026년도 제9차 경력사원(고위직) 선발 | 사업관리,경영.회계.사무,기계,전기.전자,환경.에너지.안전 | 경력 | 비정규직 | 지역외: 경북
[MOEF][서울,부산,대구] 한국사학진흥재단 | 한국사학진흥재단 2026년 3차 직원 채용(체험형 청년인턴(단시간), 장애인 제한경쟁) | 경영.회계.사무 | 신입 | 청년인턴(체험형) | 고용형태 제외: 청년인턴(체험형)
[MOEF][전남광주] 국립공원공단 | [다도해해상]2026년 다도해해상 국립공원지킴이[한시인력/녹색순찰대] 직원 채용(4차) 추 | 환경.에너지.안전 | 신입+경력 | 비정규직 | 지역외: 전남광주
[MOEF][서울] (사)남북교류협력지원협회 | 2026년 제2차 남북교류협력지원협회 직원(정규직 및 육아휴직대체) 채용 공고 | 사업관리 | 신입 | 정규직,비정규직 | 경력구분 제외: 신입 단독
[MOEF][강원] 근로복지공단 | [태백병원] 기간제 의사(병동당직의) 채용 공고 | 보건.의료 | 신입 | 비정규직 | 지역외: 강원
[MOEF][서울] 서울대학교병원 | 서울대학교병원 블라인드 직원채용 (무기계약직) 공고 (장애인 특별우대) | 보건.의료 | 신입 | 무기계약직 | 경력구분 제외: 신입 단독
[MOEF][울산] 한국산업안전보건공단 | [안전보건공단] 본부(울산) 기간제 근로자 채용공고 | 사업관리,경영.회계.사무 | 신입 | 비정규직 | 지역외: 울산
[MOEF][해외] 극지연구소 | 2026년 남극과학기지 월동연구대 채용 재공고 (발전 분야) | 전기.전자 | 경력 | 비정규직 | 지역외: 해외
[MOEF][부산] 동남권원자력의학원 | [직원채용] 동남권원자력의학원 박사후 연수연구원(첨단방사선AI융합연구팀) 공개 채용 | 연구 | 신입+경력 | 비정규직 | 지역외: 부산
[MOEF][부산] 동남권원자력의학원 | [직원채용] 정규직 의사직(방사선비상진료센터) 채용 | 보건.의료 | 신입+경력 | 정규직 | 지역외: 부산
[MOEF][부산] 동남권원자력의학원 | [직원채용] 별정직 의사직(산부인과) 채용 | 보건.의료 | 신입+경력 | 비정규직 | 지역외: 부산
[MOEF][부산] 동남권원자력의학원 | [직원채용] 별정직 의사직(감염내과) 채용  | 보건.의료 | 신입+경력 | 비정규직 | 지역외: 부산
[MOEF][부산] 동남권원자력의학원 | [직원채용] 별정직 의사직(호흡기내과) 초빙 | 보건.의료 | 신입+경력 | 비정규직 | 지역외: 부산
[MOEF][부산] 동남권원자력의학원 | [직원채용] 정규직 의사직(마취통증의학과) 공개 채용 | 보건.의료 | 신입+경력 | 정규직 | 지역외: 부산
[MOEF][부산] 동남권원자력의학원 | [직원채용] 별정직 의사직(응급실) 공개채용 | 보건.의료 | 신입+경력 | 비정규직 | 지역외: 부산
[MOEF][부산] 동남권원자력의학원 | [직원채용] 별정직 의사직(병동 당직의) 공개 채용 | 보건.의료 | 신입+경력 | 비정규직 | 지역외: 부산
[MOEF][부산] 동남권원자력의학원 | [직원채용] 별정직 의사직(신경외과 전임의) 공개 채용(재공고) | 보건.의료 | 신입+경력 | 비정규직 | 지역외: 부산
[MOEF][부산] 동남권원자력의학원 | [직원채용] 정규직 의사직(핵의학과) 공개 채용 | 보건.의료 | 신입+경력 | 정규직 | 지역외: 부산
[MOEF][부산] 동남권원자력의학원 | [직원채용] 동남권원자력의학원 박사후 연수연구원(첨단방사선종양연구팀) 공개 채용 | 연구 | 신입+경력 | 비정규직 | 지역외: 부산
[MOEF][울산] 한국산업안전보건공단 | [안전보건공단] 본부(울산) 업무직 채용공고 | 기계,환경.에너지.안전 | 신입 | 무기계약직 | 지역외: 울산
[MOEF][충북] 한국보건복지인재원 | (제2026-10호) 한국보건복지인재원 업무지원직 채용 공고 | 경영.회계.사무,운전.운송,경비.청소 | 신입+경력 | 무기계약직 | 지역외: 충북
[MOEF][충북] 한국보건복지인재원 | (제2026-9호) 한국보건복지인재원 사업기반 계약직 채용 공고 | 사업관리,교육.자연.사회과학,보건.의료,사회복지.종교 | 경력 | 비정규직 | 지역외: 충북
[MOEF][서울,부산,대구] 한국보건복지인재원 | (제2026-8호) 한국보건복지인재원 신규직원(일반공무직_장애) 채용 공고 | 경영.회계.사무,교육.자연.사회과학,보건.의료,사회복지.종교 | 신입 | 무기계약직 | 경력구분 제외: 신입 단독
[MOEF][충북] 한국보건복지인재원 | (제2026-7호) 한국보건복지인재원 교수직 채용 공고 | 교육.자연.사회과학,보건.의료,사회복지.종교 | 경력 | 정규직 | 지역외: 충북
[MOEF][충북,경북] 국립공원공단 | [속리산] 속리산국립공원사무소 기간제(탐방해설) 직원 채용 재공고 | 이용.숙박.여행.오락.스포츠 | 신입+경력 | 비정규직 | 지역외: 충북,경북
[MOEF][대전] 한국등산·트레킹지원센터 | 2026년도 한국등산트레킹지원센터 기간제근로자(보훈 제한경쟁) 채용 재공고 | 경영.회계.사무 | 신입 | 비정규직 | 지역외: 대전
[MOEF][울산] 한국법무보호복지공단 | 2026년 한국법무보호복지공단 울산지부 심리상담직(육아휴직대체직) 경력경쟁채용시험 공고 | 사회복지.종교 | 경력 | 비정규직 | 지역외: 울산
[MOEF][경남] 한국산업기술시험원 | 2026년 한국산업기술시험원 위촉직(운전기사) 공개모집(재공고) | 운전.운송 | 신입 | 비정규직 | 지역외: 경남
[MOEF][경북] 한국전력공사 | 2026년 제4차 기간제 근로자 채용 공고[경북본부] | 경영.회계.사무,전기.전자 | 신입 | 비정규직 | 지역외: 경북
[MOEF][세종] 산업연구원 | 2026년 제14차 위촉직원 채용공고(휴직대체) | 연구 | 신입+경력 | 비정규직 | 지역외: 세종
[MOEF][경기] 분당서울대학교병원 | 2027년도 정신건강임상심리사(수련) 채용공고(장애인우대) | 보건.의료 | 신입 | 비정규직 | 경력구분 제외: 신입 단독
[MOEF][경기] 분당서울대학교병원 | 2027년도 임상연수사회복지사 채용공고(장애인우대) | 보건.의료 | 신입 | 비정규직 | 경력구분 제외: 신입 단독
[MOEF][경기] 분당서울대학교병원 | 2027년도 임상연수영양사 채용공고(장애인우대) | 보건.의료 | 신입 | 비정규직 | 경력구분 제외: 신입 단독
[MOEF][경기] 분당서울대학교병원 | 2027년도 전공약사(레지던트약사) 채용공고(장애인우대) | 보건.의료 | 신입 | 비정규직 | 경력구분 제외: 신입 단독
[MOEF][대전] 한국원자력안전기술원 | 한국원자력안전기술원 공모직전문위원 채용 | 경영.회계.사무,연구 | 경력 | 비정규직 | 지역외: 대전
[MOEF][강원] 국립공원공단 | [설악산] 설악산국립공원 기간제 직원[탐방해설, 탐방시설, 환경관리, 탐방안전] 채용 공고 | 경비.청소,이용.숙박.여행.오락.스포츠,환경.에너지.안전 | 신입+경력 | 비정규직 | 지역외: 강원
[MOEF][전남광주] 전남대학교병원 | 2026년 진료전담의사 상시 공개채용 공고 | 보건.의료 | 신입 | 비정규직 | 지역외: 전남광주
[MOEF][세종] 건축공간연구원 | 건축공간연구원 위촉직 모집 | 연구 | 신입+경력 | 비정규직 | 지역외: 세종
[MOEF][충북,전남광주] 한국에너지공단 | 한국에너지공단 공무직 채용 공고 | 경비.청소,전기.전자 | 신입+경력 | 무기계약직 | 지역외: 충북,전남광주
[MOEF][세종] 한국교통연구원 | 2026년 PAO 인턴 채용공고 | 경영.회계.사무 | 신입 | 청년인턴(체험형) | 지역외: 세종
[MOEF][경남] 경상국립대학교병원 | [창원경상국립대학교병원] 약무직 채용 공고 | 보건.의료 | 신입+경력 | 정규직 | 지역외: 경남
[MOEF][서울,대전,충북] 한국철도공사 | 2026년 하반기 한국철도공사 신입사원(관제분야) 채용 공고	 | 경영.회계.사무,운전.운송 | 신입 | 정규직 | 경력구분 제외: 신입 단독
[MOEF][경남] 경상국립대학교병원 | [창원경상국립대학교병원] 전문직1등급(촉탁의) 채용공고 | 보건.의료 | 신입 | 비정규직 | 지역외: 경남
[MOEF][전남광주] 국립공원공단 | [내장산백암] 내장산국립공원백암사무소 한시인력(국립공원지킴이_녹색순찰대) 채용 공고 | 경비.청소,환경.에너지.안전 | 신입+경력 | 비정규직 | 지역외: 전남광주
[MOEF][경남] 대한적십자사 | 대한적십자사 합천원폭피해자복지회관 직원(조리원) 채용공고 | 사회복지.종교 | 신입+경력 | 무기계약직 | 지역외: 경남
[MOEF][인천] 인천항만공사 | 2026년 하반기 인천항만공사 채용형 인턴 채용공고 | 경영.회계.사무,건설,기계,전기.전자,환경.에너지.안전 | 신입 | 청년인턴(채용형) | 고용형태 제외: 청년인턴(채용형)
[MOEF][전남광주] 한국수자원공사 | [한국수자원공사] 전남북부권지사 단기계약근로자(사무관리_건설사업) 채용 공고 | 경영.회계.사무 | 신입+경력 | 비정규직 | 지역외: 전남광주
[MOEF][세종] 한국노동연구원 | 한국노동연구원 기간제 행정원(보훈대상자 제한경쟁) 채용 공고 | 경영.회계.사무 | 신입+경력 | 비정규직 | 지역외: 세종
[MOEF][서울] 대한무역투자진흥공사 | 2026년 하반기 KOTRA 공무직 채용 공고 | 사업관리,경영.회계.사무,경비.청소 | 신입 | 무기계약직 | 경력구분 제외: 신입 단독
[MOEF][서울] 한국문화관광연구원 | 한국문화관광연구원 위촉직원 채용 공고[2026-38] | 연구 | 신입 | 비정규직 | 경력구분 제외: 신입 단독
[MOEF][서울,부산,대구] 한국보훈복지의료공단 | 한국보훈복지의료공단 2027년 보훈병원 간호직 통합 공개채용 공고 | 보건.의료 | 신입 | 정규직 | 경력구분 제외: 신입 단독
[MOEF][제주] 한국장애인개발원 | [제2026-111호]2026년도 제6차 제주특별자치도장애아동·발달장애인지원센터 [장애아동 | 사업관리,경영.회계.사무,사회복지.종교 | 신입+경력 | 청년인턴(체험형) | 지역외: 제주
[MOEF][대전] 한국연구재단 | 한국연구재단 PM(기초연구본부장) 초빙 재공고 | 사업관리 | 신입+경력 | 비정규직 | 지역외: 대전
[MOEF][대전] 대한적십자사 | [대한적십자사 대전세종지사] 2026년도 2차 육아휴직 대체인력(계약직) 채용 공고 | 경영.회계.사무 | 신입 | 비정규직 | 지역외: 대전
[MOEF][대구] 한국보훈복지의료공단 | [대구보훈병원] 정규직 보건직(임상병리사) 채용 공고 | 보건.의료 | 신입+경력 | 정규직 | 지역외: 대구
[MOEF][서울] 한국수출입은행 | 한국수출입은행 2026년 하반기 KSP/EIPP연구원(별정직원) 채용 | 사업관리 | 신입 | 비정규직 | 경력구분 제외: 신입 단독
[MOEF][세종] 한국환경연구원 | [한국환경연구원] 임시직(일반행정) 채용 공고(경영지원실 대체인력)(0922) | 경영.회계.사무 | 신입+경력 | 비정규직 | 지역외: 세종
[MOEF][세종] 축산물품질평가원 | 2026년 하반기 운영직(사무일반) 채용공고 | 사업관리,경영.회계.사무,농림어업 | 신입 | 무기계약직 | 지역외: 세종
[MOEF][전남광주] 한국농촌경제연구원 | 한국농촌경제연구원 2026년 제8차(재공모) 청년인턴(장애인 제한경쟁) 채용 공고 | 경영.회계.사무 | 신입 | 청년인턴(체험형) | 지역외: 전남광주
[MOEF][서울] 대한적십자사 | 2026년도 제10차 혈액관리본부 소속기관 의무직 신규채용 공고(중앙혈액검사센터) | 보건.의료 | 신입 | 비정규직 | 경력구분 제외: 신입 단독
[MOEF][세종,충북,전북] 한국전력공사 | 2026년도 제2차 4(나)직급 전문인력 채용공고 | 건설,기계,전기.전자,환경.에너지.안전 | 경력 | 정규직 | 지역외: 세종,충북,전북,전남광주
[MOEF][대구] 한국교육학술정보원 | 2026년 제6차 직원(청년인턴(장애·보훈 제한경쟁)) 채용 | 경영.회계.사무,교육.자연.사회과학,연구 | 신입 | 비정규직,청년인턴(체험형) | 지역외: 대구
[MOEF][세종] 한국조세재정연구원 | [한국조세재정연구원] 공공기관연구센터 소장 초빙 | 사업관리,연구 | 신입+경력 | 비정규직 | 지역외: 세종
[MOEF][대구] 한국교육학술정보원 | 2026년 제6차 직원(무기계약직-운영직) 채용 | 경비.청소 | 신입 | 무기계약직 | 지역외: 대구
[MOEF][대구] 한국교육학술정보원 | 2026년 제6차 직원(정규직) 채용 | 경영.회계.사무,교육.자연.사회과학,정보통신,연구 | 신입 | 정규직 | 지역외: 대구
[MOEF][부산] 기술보증기금 | 기술보증기금 사무지원인력 채용공고 (기업구조혁신부) | 금융.보험 | 신입 | 비정규직 | 지역외: 부산
[MOEF][서울] 기술보증기금 | 기술보증기금 사무지원인력 채용공고 (가산지점) | 금융.보험 | 신입 | 비정규직 | 경력구분 제외: 신입 단독
[MOEF][경기] 국민건강보험공단 일산병원 | 2027년도 수련생(정신건강임상심리사 1급-1년차 과정) 모집공고 | 보건.의료 | 신입 | 청년인턴(체험형) | 고용형태 제외: 청년인턴(체험형)
[MOEF][경기] 국민건강보험공단 일산병원 | 2026년도 사무직 수련생(체험형 청년인턴)(장애인·보훈 제한경쟁) 채용 공고 | 보건.의료 | 신입 | 청년인턴(체험형) | 고용형태 제외: 청년인턴(체험형)
[MOEF][서울,부산,대구] 한국전력공사 | 2026년도 하반기 보훈 채용공고 | 경영.회계.사무,전기.전자,정보통신 | 신입 | 정규직 | 경력구분 제외: 신입 단독
[MOEF][세종] KDI국제정책대학원 | [KDI국제정책대학원] 2026년 제10차 인턴직원 채용(경영기획) | 경영.회계.사무 | 신입+경력 | 청년인턴(체험형) | 지역외: 세종
[MOEF][경기] 국민건강보험공단 일산병원 | 2026년 하반기 정규직(사무직-일반사무) 모집공고 | 경영.회계.사무 | 신입 | 정규직 | 경력구분 제외: 신입 단독
[MOEF][경남] 경상국립대학교병원 | 계약직(야간전담당직약사) 채용공고 | 보건.의료 | 신입+경력 | 비정규직 | 지역외: 경남
[MOEF][서울] 한국공정거래조정원 | 한국공정거래조정원 2026년 제4차 기간제 근로자 채용 공고 | 경영.회계.사무,법률.경찰.소방.교도.국방,연구 | 신입 | 비정규직 | 경력구분 제외: 신입 단독
[MOEF][대전,경북] 한전KDN | 한전KDN(주) 원전인프라부 프로젝트계약근로자 채용공고 | 정보통신 | 신입+경력 | 비정규직 | 지역외: 대전,경북
[MOEF][경기] 한국보훈복지의료공단 | [남양주보훈요양원] 제4차 2026년 요양보호직(정규직 전환 조건) 채용 공고 | 보건.의료 | 신입 | 비정규직 | 경력구분 제외: 신입 단독
[MOEF][세종] 한국직업능력연구원 | [한국직업능력연구원] 2026년도 제6차 기간제 계약직원(휴직자 대체) 채용 공고 | 사업관리,경영.회계.사무 | 신입 | 비정규직 | 지역외: 세종
[MOEF][서울,부산,대구] 중소벤처기업진흥공단 | 2026년 하반기 2차 중소벤처기업진흥공단 체험형 청년인턴(장애인) 채용 공고 | 경영.회계.사무,금융.보험 | 신입 | 청년인턴(체험형) | 고용형태 제외: 청년인턴(체험형)
[MOEF][세종] 중소기업기술정보진흥원 | 2026년 체험형 청년인턴 채용 공고 | 사업관리,경영.회계.사무 | 신입 | 청년인턴(체험형) | 지역외: 세종
[MOEF][세종] 중소기업기술정보진흥원 | 2026년 인공지능혁신추진단장 채용 공고 | 사업관리,경영.회계.사무 | 신입 | 비정규직 | 지역외: 세종
[MOEF][전북] 대한적십자사 | [전북혈액원] 비정규직 초단시간 근로자(임상병리사) 채용 공고 | 보건.의료 | 신입 | 비정규직 | 지역외: 전북
[MOEF][세종] 한국보건사회연구원 | 한국보건사회연구원 정규직 신규채용(6차) 연구원 | 사업관리,연구 | 신입 | 정규직 | 지역외: 세종
[MOEF][세종] 한국보건사회연구원 | 한국보건사회연구원 정규직 신규채용(5차) 부연구위원 | 연구 | 신입 | 정규직 | 지역외: 세종
[MOEF][경북] 대한법률구조공단 | 대한법률구조공단 서무직 4급(운전원) 제한경쟁채용 시험 공고 | 경영.회계.사무,법률.경찰.소방.교도.국방,운전.운송 | 신입 | 정규직 | 지역외: 경북
[MOEF][전남광주] 한국인터넷진흥원 | 2026년 한국인터넷진흥원 공무직 2차 채용 공고 - 미화(보훈특별고용) | 경비.청소 | 신입+경력 | 무기계약직 | 지역외: 전남광주
[MOEF][전남광주] 한국인터넷진흥원 | 2026년 한국인터넷진흥원 공무직 2차 채용 공고 - 비서(운전), 미화, 시설관리 등 | 법률.경찰.소방.교도.국방,보건.의료,운전.운송,경비.청소,기계,전기.전자 | 신입+경력 | 무기계약직 | 지역외: 전남광주
[MOEF][서울,전남광주] 한국인터넷진흥원 | 2026년 하반기 한국인터넷진흥원 일반직, 일반계약직 채용 공고 | 사업관리,경영.회계.사무,정보통신 | 신입 | 정규직,무기계약직 | 경력구분 제외: 신입 단독
[MOEF][서울,부산,대구] 대한법률구조공단 | 2026년 대한법률구조공단 일반직 7급 직원 채용 공고 | 경영.회계.사무,법률.경찰.소방.교도.국방 | 신입 | 정규직 | 경력구분 제외: 신입 단독
[MOEF][서울,부산,대구] (주)한국가스기술공사 | 2026년 하반기 신입직원 공개채용 | 건설,기계,전기.전자 | 신입 | 정규직 | 경력구분 제외: 신입 단독
[MOEF][충북] 한국환경공단 | 2026년 한국환경공단 충청권환경본부 재활용품 비축사업 기간제근로자(촉탁) 채용공고 | 환경.에너지.안전 | 신입+경력 | 비정규직 | 지역외: 충북
[MOEF][경남] 한전KDN | 한전KDN(주) 진주지사 AMI 분야 비정규직(장애인) 모집공고 | 전기.전자,정보통신 | 신입+경력 | 비정규직 | 지역외: 경남
[MOEF][대구] 대한적십자사 | 대구경북혈액원 비정규직(육아휴직 대체인력) 임상병리사 채용공고 (11.01. 임용) | 보건.의료 | 신입 | 비정규직 | 지역외: 대구
[MOEF][경남] 한국토지주택공사 | 한국토지주택공사 개방형 직위 공모 | 경영.회계.사무 | 경력 | 비정규직 | 지역외: 경남
[MOEF][서울,부산,대구] 한국철도공사 | 2026년 하반기 한국철도공사 장애인 체험형 인턴사원 채용 공고			 | 경영.회계.사무,운전.운송 | 신입 | 청년인턴(체험형) | 고용형태 제외: 청년인턴(체험형)
[MOEF][전남광주] 한전KDN | 2026년 하반기 한전KDN 별정직 채용공고 | 경비.청소,건설 | 신입 | 무기계약직 | 지역외: 전남광주
[MOEF][서울,부산,대구] 한국무역보험공사 | 한국무역보험공사 2026년 하반기 체험형 청년인턴 채용공고 | 경영.회계.사무,금융.보험 | 신입 | 청년인턴(체험형) | 고용형태 제외: 청년인턴(체험형)
[MOEF][강원] 강원대학교병원 | 2026-45(대체근로자) 채용 공고 | 보건.의료 | 신입 | 비정규직 | 지역외: 강원
[MOEF][강원] 강원대학교병원 | 2026-44(업무협력직) 채용 공고 | 보건.의료 | 신입 | 정규직 | 지역외: 강원
[MOEF][강원] 강원대학교병원 | 2026-43(일반직·원무직) 채용 공고 | 보건.의료 | 신입+경력 | 정규직 | 지역외: 강원
[MOEF][강원] 강원대학교병원 | 2026-42(일반직_간호직 경력) 채용 공고 | 보건.의료 | 경력 | 정규직 | 지역외: 강원
[MOEF][강원] 강원대학교병원 | 2026-41(약무직) 채용 공고 | 보건.의료 | 경력 | 정규직 | 지역외: 강원
[MOEF][경기,충북] 한국소방산업기술원 | 2026년 제3차 기간제 근로자 채용 | 기계,화학,섬유.의복,전기.전자,환경.에너지.안전 | 신입 | 비정규직 | 경력구분 제외: 신입 단독
[MOEF][전남광주] 한전KDN | 한전KDN(주) 목포지사 AMI분야 비정규직 모집공고(재공고) | 정보통신 | 신입+경력 | 비정규직 | 지역외: 전남광주
[MOEF][세종] 한국조세재정연구원 | [한국조세재정연구원] 공무직(경비) 신규인력채용_보훈제한경쟁 | 경비.청소 | 신입+경력 | 무기계약직 | 지역외: 세종
[MOEF][부산,대구,대전] 가축위생방역지원본부 | [가축위생방역지원본부 제2026-41호] 2026년 제3차 정규직 채용 공고 | 경영.회계.사무,보건.의료,농림어업 | 신입 | 무기계약직 | 경력구분 제외: 신입 단독
[MOEF][세종] 한국개발연구원 |  2026년 3분기 3차 KDI 위촉직원(대체인력) 채용 공고(행정직) | 경영.회계.사무 | 신입 | 비정규직 | 지역외: 세종
[MOEF][세종] 한국개발연구원 | 2026년 3분기 3차 KDI 위촉직원(대체인력) 채용 공고(연구직) | 사업관리,연구 | 신입 | 비정규직 | 지역외: 세종
[MOEF][대전] 한국토지주택공사 | 한국토지주택공사 대전충남지역본부 기간제근로자 채용공고 | 경영.회계.사무,사회복지.종교,영업판매 | 신입+경력 | 비정규직 | 지역외: 대전
[MOEF][서울] 예금보험공사 | 예금보험공사 업무지원직원(무기계약직·무기계약직(보훈) 및 육아휴직대체) 채용 안내 | 경영.회계.사무 | 신입 | 무기계약직,비정규직 | 경력구분 제외: 신입 단독
[MOEF][인천] 극지연구소 | 2026년 하반기 극지연구소 연수생 채용 공고 | 연구 | 신입 | 비정규직 | 경력구분 제외: 신입 단독
[MOEF][인천] 극지연구소 | 2026년 하반기 연수연구원(박사후 및 석사후) 채용 공고문 | 연구 | 신입 | 비정규직 | 경력구분 제외: 신입 단독
[나라일터][서울] 법무부 서울보호관찰소 | 2026년 제3회 서울보호관찰소 기간제근로자(사무보조원) 채용 공고(장애인 제한경쟁) | e04 | g01 | 고용형태 제외(나라일터): e04
[나라일터][50000] 제주대학교 | 2026년 제4회 제주대학교 국가공무원 경력경쟁채용시험 최종합격자 공고 | e01 | g01 | 지역외(코드): 50000
[나라일터][인천] 인천항보안공사 | 인천항보안공사 노무사(일반계약직 가급) 제한경쟁 채용 재공고 | e08 | g03 | 고용형태 제외(나라일터): e08
[나라일터][44210] 법무부 대전지방교정청 홍성교도소 | [홍성교도소]2026년 제1회 과학기술서기관(시간선택제일반임기제, 의사) 경력경쟁채용시험  | e01 | g01 | 지역외(코드): 44210
[나라일터][36110] 국민권익위원회 | (제2026-101호) 국민권익위원회 일반임기제 6급 공무원(행정심판안건검토) 경력경쟁채용 | e01 | g01 | 지역외(코드): 36110
[나라일터][36110] 국민권익위원회 | 국민권익위원회 2026년 제3기 청년인턴 추가 채용 서류전형 합격자 발표 및 면접시험 일정 | e04 | g01 | 지역외(코드): 36110
[나라일터][경기] 한국소방산업기술원 | 한국소방산업기술원 비상임임원(감사, 이사) 초빙 공고 | e08 | g03 | 고용형태 제외(나라일터): e08
[나라일터][31710] 울산광역시 울주군 | 울산광역시 울주군 보건소장(개방형직위) 채용 공고 | e05 | g02 | 지역외(코드): 31710
[나라일터][경기] 해양수산부 평택지방해양수산청 | 2026년 제1회 평택지방해양수산청 기간제근로자(어업경영체 등록조사원) 서류전형 합격자 및 | e04 | g01 | 고용형태 제외(나라일터): e04
[나라일터][27710] 대구광역시교육청 대구교육낙동강수련원 총무부 | 대구교육낙동강수련원 교육공무직원(조리실무원) 신규 채용 공고 | e10 | g04 | 지역외(코드): 27710
[나라일터][52130] 새만금개발청 | 새만금개발청 일반임기제 공무원(행정6급, 투자유치B) 경력경쟁채용시험 재공고 | e01 | g01 | 지역외(코드): 52130
[나라일터][12330] 질병관리청 호남권질병대응센터 | 2026년 제3차 호남권질병대응센터 기간제 근로자 채용 공고 | e04 | g01 | 지역외(코드): 12330
[나라일터][44810] 충청남도 예산군 | 2026년 제3회 예산군 지방임기제공무원 임용시험 시행계획 공고(보건관리자, 환경오염 지도 | e01 | g02 | 지역외(코드): 44810
[나라일터][경기] 전통건축수리기술진흥재단 | 2026년도 제5회 전통건축수리기술진흥재단  기간제 근로자 채용 공고 | e08 | g03 | 고용형태 제외(나라일터): e08
[나라일터][26230] 부산광역시 부산진구 | 부산광역시 부산진구 감사담당관(개방형직위) 채용공고 | e05 | g02 | 지역외(코드): 26230
[나라일터][51130] 과학기술정보통신부 우정사업본부 강원지방우정청 원주우체국 | 2026년도 제2회 원주우체국 농어촌소포배달원[공무직] 채용 공고 | e04 | g01 | 지역외(코드): 51130
[나라일터][51130] 과학기술정보통신부 우정사업본부 강원지방우정청 원주우체국 | 2026년도 제2회 원주우체국 상시계약집배원[공무직] 채용 공고 | e04 | g01 | 지역외(코드): 51130
[나라일터][서울] 서울특별시교육청 서울특별시서부교육지원청 충암초등학교 | 2026학년도  충암초등학교 기간제교사(학급담임) 채용 공고 | e10 | g04 | 고용형태 제외(나라일터): e10
[나라일터][26410] 부산대학교 | 부산대학교 학생성공개발원 대학일자리플러스센터 취업컨설턴트, 사무원 채용 공고(각 1명, 기 | e04 | g01 | 지역외(코드): 26410
[나라일터][44810] 과학기술정보통신부 우정사업본부 충청지방우정청 예산우체국 | 2026년도 제7회 예산우체국 농어촌소포배달원 채용 공고 | e04 | g01 | 지역외(코드): 44810
[나라일터][52720] 전북특별자치도 진안군 | 2026년 제2회 진안군 공무직근로자(정수시설관리원) 채용계획 재공고 | e04 | g02 | 지역외(코드): 52720
[나라일터][경기] 경기도교육청 안산공업고등학교 | 안산공업고등학교 기간제교사 초빙 공고(통합사회_4차_일반사회, 지리, 공통사회 지원 가능) | e10 | g04 | 고용형태 제외(나라일터): e10
[나라일터][30200] 국립한밭대학교 | 국립한밭대학교 국가공무원[시설9급] 전입희망자 모집 재공고 | e01 | g01 | 지역외(코드): 30200
[나라일터][31000] 울산광역시 | 울산광역시 임기제공무원 임용시험 시행계획_대외협력 | e01 | g02 | 지역외(코드): 31000
[나라일터][47750] 경상북도 청송군 | 2026년도 제2회 청송군 지방임기제공무원 경력경쟁 임용시험 시행계획 공고(8개분야 8명) | e01 | g02 | 지역외(코드): 47750
[나라일터][44180] 과학기술정보통신부 우정사업본부 충청지방우정청 보령우체국 | 2026년 제1회 보령우체국 별정우체국 기간제직원(집배) 채용 재공고(2차) | e04 | g01 | 지역외(코드): 44180
[나라일터][경기] 과학기술정보통신부 우정사업본부 경인지방우정청 양평우체국 | 2026년도 제4회 양평우체국 시행 별정우체국직원(기간제 집배원) 채용 재공고 | e04 | g01 | 고용형태 제외(나라일터): e04
[나라일터][경기] 과학기술정보통신부 우정사업본부 경인지방우정청 양주우체국 백석우체국 | 2026년도 제5회 양주우체국 공무직근로자(농어촌소포배달원) 채용 공고 | e04 | g01 | 고용형태 제외(나라일터): e04
[나라일터][서울] 한국지방세연구원 | 「한국지방세연구원」연구위원직(박사), 연구원직(석사) 채용 공고 | e08 | g03 | 고용형태 제외(나라일터): e08
[나라일터][48170] 경상국립대학교 글로컬대학사업단 | 경상국립대학교 글로컬대학사업단 자체직원(연구원급,사무원급) 채용 공고 | e04 | g01 | 지역외(코드): 48170
[나라일터][경기] 경기도 용인시 | 2026년도 하반기 용인시 청원경찰 및 공무직근로자 통합 채용시험 시행계획  재공고 | e04 | g02 | 고용형태 제외(나라일터): e04
[나라일터][서울] 서울특별시교육청 서울특별시강남서초교육지원청 서울원촌초등학교 | 서울원촌초등학교 2026학년도 교육공무직원 대체직원(조리실무사) 채용 공고 | e10 | g04 | 고용형태 제외(나라일터): e10
[나라일터][서울] 서울특별시교육청 서울특별시강남서초교육지원청 서울우솔초등학교 | 서울우솔초등학교 2026학년도 교육공무직원 대체직원(교육실무사) 채용공고 | e10 | g04 | 고용형태 제외(나라일터): e10
[나라일터][경기] 경기도교육청 경기도수원교육지원청 영신중학교 | 2026학년도 영신중학교 기간제교사(국어) 질병휴직대체 채용 공고 | e10 | g04 | 고용형태 제외(나라일터): e10
[나라일터][경기] 대법원 수원지방법원 안산지원 | [수원지방법원·수원가정법원 안산지원] 공무직 근로자(시설관리원) 채용시험 최종합격자 발표  | e04 | g01 | 고용형태 제외(나라일터): e04
[나라일터][47840] 경상북도 성주군 | 2026년도 제2회 성주군 시간선택제임기제공무원 임용시험 시행계획 재공고 | e01 | g02 | 지역외(코드): 47840
[나라일터][27230] 경북대학교 지역전략산업혁신연구소 | 2026년도 제3차 지역전략산업혁신연구소  대구앵커사업 전담직원(기간제) 채용 공고 | e04 | g01 | 지역외(코드): 27230
[나라일터][50110] 제주특별자치도 의회사무처 | 제주특별자치도의회 시간선택제임기제공무원(자치분권분야) 공개모집 공고 | e01 | g02 | 지역외(코드): 50110
[나라일터][50110] 제주특별자치도 의회사무처 | 제주특별자치도의회 일반임기제공무원(정책연구위원, 방재안전분야) 공개모집 공고 | e01 | g02 | 지역외(코드): 50110
[나라일터][52800] 국립공원공단 변산반도국립공원사무소 | [변산반도]2026년 변산반도국립공원 기간제(수익시설_한시인력) 직원 채용 공고 | e08 | g03 | 지역외(코드): 52800
[나라일터][51000] 강원특별자치도 평창군 | 평창군 시간선택제임기제공무원(재난안전상황실 전담요원) 임용시험 시행계획 공고 | e01 | g02 | 지역외(코드): 51000
[나라일터][52710] 과학기술정보통신부 우정사업본부 전북지방우정청 전주우편집중국 | 2026년 제3회 전주우편집중국 공무직 우정실무원 채용시험 서류전형 합격자 발표 및 면접시 | e04 | g01 | 지역외(코드): 52710
[나라일터][서울] 국립공원공단 북한산국립공원사무소 | [북한산] 북한산국립공원사무소 기간제(산불감시) 직원 채용 공고 | e08 | g03 | 고용형태 제외(나라일터): e08
[나라일터][인천] 인천광역시교육청 인천광역시남부교육지원청 관교여자중학교 | 2026학년도 시간강사(체육) 채용 공고 | e10 | g04 | 고용형태 제외(나라일터): e10
[나라일터][인천] 인천광역시교육청 인천광역시북부교육지원청 동암중학교 | 2026학년도 학교폭력 책임교사 수업시수 경감 시간강사 채용 공고(국어-2차) | e10 | g04 | 고용형태 제외(나라일터): e10
[나라일터][12780] 국가데이터처 호남지방데이터청 | 호남지방데이터청 공무직근로자(통계조사관) 채용 공고 | e04 | g01 | 지역외(코드): 12780
[나라일터][서울] 서울특별시교육청 서울특별시서부교육지원청 서울인왕초등학교 | 서울인왕초등학교 2026학년도 교육공무직원(특수교육실무사) 대체직원 채용 공고 | e10 | g04 | 고용형태 제외(나라일터): e10
[나라일터][서울] 서울특별시교육청 서울특별시서부교육지원청 서울마포초등학교 | 서울마포초등학교 2026학년도 교육공무직원(교육실무사) 대체직원 채용 공고 | e10 | g04 | 고용형태 제외(나라일터): e10
[나라일터][인천] 인천광역시교육청 인천광역시동부교육지원청 인천인수초등학교 | 2026학년도 인천인수초등학교 계약제교원(초등특수학급 담임_시간강사) 채용 | e10 | g04 | 고용형태 제외(나라일터): e10
[나라일터][서울] 서울특별시교육청 서울특별시서부교육지원청 예일유치원 | 2026학년도 예일유치원 급식보조인력(배식도우미) 채용 공고 | e10 | g04 | 고용형태 제외(나라일터): e10
[나라일터][43114] 재단법인충청북도역사문화연구원 | (공고 제2026-6호) 충청북도역사문화연구원 정규직원(연구직,사무직)채용공고 | e08 | g03 | 지역외(코드): 43114
[나라일터][서울] 경찰청 서울특별시경찰청 기동단 | 기동본부 기간제근로자(시설관리원) 서류전형 합격자 발표 | e04 | g01 | 고용형태 제외(나라일터): e04
[나라일터][30200] 충남대학교 | ｢긴급｣(’26-5차) 충남대학교 앵커사업단 직원(기간제 계약직) 채용 공고 | e04 | g01 | 지역외(코드): 30200
[나라일터][서울] 서울특별시교육청 영동일고등학교 | 2026학년도 영동일고등학교 시간강사 초빙 공고(일반사회) | e10 | g04 | 고용형태 제외(나라일터): e10
[나라일터][서울] 한국공항공사 | 한국공항공사 상임감사위원 공개모집 | e08 | g03 | 고용형태 제외(나라일터): e08
[나라일터][36110] 고용노동부 고용정책실 고용서비스정책관 자산운용팀 | 고용노동부 자산운용 전문위원 채용 공고 | e04 | g01 | 지역외(코드): 36110
[나라일터][30200] 충남대학교 | 충남대학교 국가공무원(전문경력관 나군(노무 담당)) 경력경쟁채용시험 공고 | e01 | g01 | 지역외(코드): 30200
[나라일터][경기] 한국잡월드 | 한국잡월드 이사장 공개모집 공고 | e08 | g03 | 고용형태 제외(나라일터): e08
[나라일터][44200] (재)아산문화재단 | 2026년 제9회 (재)아산문화재단 계약직 및 기간제 직원 공개채용 공고 | e08 | g03 | 지역외(코드): 44200
[나라일터][12110] 한국섬진흥원 | 한국섬진흥원 2026년 제5차 기간제근로자 채용 재공고 | e08 | g03 | 지역외(코드): 12110
[나라일터][경기] 고용노동부 경기지방고용노동청 평택지청 | 기간제근로자(통계조사관) 일반전형 및 장애인전형  채용 공고 | e04 | g01 | 고용형태 제외(나라일터): e04
[나라일터][서울] 과학기술정보통신부 우정사업본부 서울지방우정청 서울동작우체국 | 2026년도 제3회 서울동작우체국 우체국소포원 채용 공고 | e04 | g01 | 고용형태 제외(나라일터): e04
[나라일터][경기] 경기도교육청 소하고등학교 | 2026학년도 2학기 체육 시간강사 모집 (2차) 공고 | e10 | g04 | 고용형태 제외(나라일터): e10
[나라일터][서울] 서울특별시교육청 서울특별시중부교육지원청 장충중학교 | 2026학년도 교육공무직원(조리실무사) 대체 인력 채용 공고 | e10 | g04 | 고용형태 제외(나라일터): e10
[나라일터][47250] 경북대학교 과학기술대학 | 2026년 제2회 경북대학교 산업기계공학과(계약학과) 계약직원 채용 공고 | e04 | g01 | 지역외(코드): 47250
[나라일터][인천] 인천광역시교육청 인천영흥고등학교 | 2026학년도 인천영흥고등학교 기간제교사(역사1명)채용 공고 | e10 | g04 | 고용형태 제외(나라일터): e10
[나라일터][47190] 국세청 대구지방국세청 | 대구지방국세청 구미세무서 일반임기제공무원(8급, 민원) 경력경쟁채용 공고 | e01 | g01 | 지역외(코드): 47190
[나라일터][30230] 대전광역시 대덕구 | 대전광역시 대덕구 보건소장(개방형직위) 채용시험 시행계획 재공고 | e05 | g02 | 지역외(코드): 30230
[나라일터][26200] 한국해양대학교 | 2026년도 제4회 국립한국해양대학교 국가공무원 전입(지방공무원 경력경쟁채용) 희망자 모집 | e07 | g01 | 지역외(코드): 26200
[나라일터][51110] 보건복지부 국립춘천병원 | 2026년도 국립춘천병원 공무직근로자 (시설관리원_전기) 채용 공고 | e04 | g01 | 지역외(코드): 51110
[나라일터][경기] 과학기술정보통신부 우정사업본부 경인지방우정청 안성우체국 공도우체국 | 2026년 제4회 안성우체국 공무직 상시계약집배원 채용 공고 | e04 | g01 | 고용형태 제외(나라일터): e04
[나라일터][경기] 과학기술정보통신부 우정사업본부 경인지방우정청 안성우체국 | 2026년 제3회 안성우체국 공무직 상시계약집배원(실적급) 채용 공고 | e04 | g01 | 고용형태 제외(나라일터): e04
[나라일터][36110] 공정거래위원회 | 공정거래위원회 일반임기제 5급(자격증) 공무원 경력경쟁채용시험 서류전형 합격자 및 면접시험 | e01 | g01 | 지역외(코드): 36110
[나라일터][48220,48] 경상국립대학교 | 2026년도 제2회 경상국립대학교 국가공무원 전입희망자(지방공무원 경력경쟁채용 포함) 모집 | e01 | g01 | 지역외: 48220,48170
[한국철도공사][서울] 한국철도공사 | 2026년 하반기 한국철도공사 장애인 체험형 인턴사원 채용공고(~10.6. 14:00) |  | 제외어: 인턴
[한국철도공사][서울] 한국철도공사 | 2026년 하반기 한국철도공사 청년 체험형 인턴사원 채용공고(~9.30. 14:00) |  | 제외어: 인턴
[KRID][서울특별시] 금천문화재단 | (재)금천문화재단 2026년 제4차 공개채용 공고 | 문화·예술·디자인·방송 | 일반정규직 | 모집중 | 키워드 미매칭
[KRID][서울특별시] 성북구도시관리공단 | [채용공고] 청년채용전형 정규직(일반8급_회원관리업무 외) 3명 채용 공고 | 경영·회계·사무 | 일반정규직 | 모집중 | 키워드 미매칭
[KRID][경기도] 경기도의료원 | 경기도의료원 포천병원 조리원(정규직) 채용 공고 | 보건·의료 | 일반정규직 | 모집중 | 키워드 미매칭
[KRID][경기도] 부천도시공사 | 2026년 제2회 부천시 협력기관 직원 통합채용시험 계획 변경 공고 | 기타 | 일반정규직 | 모집중 | 키워드 미매칭
[MOEF][서울] 한국토지주택공사 | 한국토지주택공사 서울지역본부 기간제근로자(보상일반역, 보상전문역) 채용공고 | 경영.회계.사무,영업판매 | 신입+경력 | 비정규직 | 키워드 미매칭
[MOEF][경기] 한국토지주택공사 | 한국토지주택공사 경기남부지역본부 기간제근로자(보상일반역, 보상전문역) 채용공고 | 경영.회계.사무,영업판매 | 신입+경력 | 비정규직 | 키워드 미매칭
[MOEF][인천] 한국보훈복지의료공단 | [인천보훈병원] 2026-16차 직원 공개채용(업무지원직 청소, 외래보조) | 보건.의료 | 신입+경력 | 무기계약직 | 키워드 미매칭
[MOEF][경기] 한국의약품안전관리원 | 한국의약품안전관리원 의약품안전정보본부장 채용 재공고 | 사업관리,보건.의료 | 경력 | 정규직 | 키워드 미매칭
[MOEF][인천] 근로복지공단 | [재활공학연구소] 기간제(위촉연구원) 채용 공고 | 연구 | 신입+경력 | 비정규직 | 키워드 미매칭
[MOEF][서울] 국립중앙의료원 | 보건의료직 6급 방사선사(영상의학과) 채용 공고 | 보건.의료 | 신입+경력 | 정규직 | 키워드 미매칭
[MOEF][경기] 한국토지주택공사 | 한국토지주택공사 경기북부지역본부 기간제근로자(보상일반역, 보상전문역) 채용공고 | 경영.회계.사무,영업판매 | 신입+경력 | 비정규직 | 키워드 미매칭
[MOEF][서울,경기] 국립공원공단 | [북한산] 북한산국립공원사무소 기간제(산불감시) 직원 채용 공고 | 환경.에너지.안전 | 신입+경력 | 비정규직 | 키워드 미매칭
[MOEF][인천,경기] (재)우체국물류지원단 | 우체국물류지원단 경인지사 안양,부평물류사업소 기간제(일용직_우편물구분) 채용 공고 | 운전.운송 | 신입+경력 | 비정규직 | 키워드 미매칭
[MOEF][경기] 한국장애인고용공단 | [한국장애인고용공단 경기남부직업능력개발원] 특정업무직(운영지원직) 시설정비원(3조3교대)  | 기계,환경.에너지.안전 | 신입+경력 | 무기계약직,비정규직 | 키워드 미매칭
[MOEF][서울] 한국행정연구원 | 2026년도 제4차 직원 채용공고 | 사업관리,연구 | 신입+경력 | 정규직,비정규직 | 키워드 미매칭
[MOEF][서울] 국립중앙의료원 | 계약직 단시간근로자(장애인 미술작가) 채용 공고 | 보건.의료 | 신입+경력 | 비정규직 | 키워드 미매칭
[나라일터][인천] 인천광역시 부평구 | 2026년도 인천광역시부평구 보건소장(개방형직위) 임용시험 재공고 | e05 | g02 | 키워드 미매칭
[나라일터][지역 미상] 울산광역시 | 울산광역시 임기제공무원 임용시험 시행계획_시정영상 기록 및 관리 | e01 | g02 | 키워드 미매칭
[나라일터][인천] 대법원 인천지방법원 | [★진행중★][인천지방법원] 한시임기제공무원(9호) 모집 공고 | e01 | g01 | 키워드 미매칭
[나라일터][지역 미상] 산림청 산림항공본부 | 산림청 산림항공본부 임업서기보(산림환경직류) 국가공무원 경력경쟁채용시험 실기시험 합격자 발 | e01 | g01 | 키워드 미매칭
[나라일터][서울] 진실화해를위한과거사정리위원회 | 진실화해를위한과거사정리위원회 전문임기제공무원(나,다급) 최종합격자 공고 | e01 | g01 | 키워드 미매칭
[나라일터][서울] 서울특별시 도봉구 의회사무국 | 서울특별시 도봉구의회 시간선택제임기제 라급 공무원(사진촬영) 채용 공고 | e01 | g02 | 키워드 미매칭
[나라일터][서울] 서울특별시 금천구 | 서울특별시 금천구 시간선택제임기제공무원(다급, 도시계획분야) 경력경쟁임용시험 시행계획 공구 | e01 | g02 | 키워드 미매칭
[나라일터][서울] 서울특별시 금천구 | 서울특별시 금천구 일반임기제공무원(8급, 도시계획분야) 경력경쟁임용시험 시행계획 공구 | e01 | g02 | 키워드 미매칭
[나라일터][서울] 보건복지부 국립재활원 | 국립재활원 한시임기제 공무원(보건의료정보관리사) 경력경쟁채용시험 공고 | e01 | g01 | 키워드 미매칭
[나라일터][서울] 보건복지부 국립재활원 | 간호직 공무원 경력경쟁채용시험 공고 | e01 | g01 | 키워드 미매칭
[나라일터][경기] 경기도 안양시 | 2026년 제7회 안양시 지방임기제공무원 임용시험 시행계획 공고(진료의사) | e01 | g02 | 링크없음 제외