=== 2026-10-01 필터 통계 ===
  수집               472건
  중복 제거            2건
  지역 제외            215건
  상태 제외            0건
  고용형태 제외          41건
  경력구분 제외          47건
  제외어              3건
  키워드 미매칭          11건
  링크없음 제외          0건
  트랙A 매칭           0건
  트랙B 매칭           0건
  트랙C 매칭           0건
----------------------------------------
[KRID][경기도] 안성시시설관리공단 | 2026년도 제2회 청년 체험형 인턴 채용 재공고 | 경영·회계·사무 | 인턴 | 모집중 | 제외어: 인턴
[MOEF][인천] 근로복지공단 | [인천병원] 2026년도 하반기 청년(체험형)인턴 장애전형 채용 공고 | 보건.의료 | 신입 | 청년인턴(체험형) | 고용형태 제외: 청년인턴(체험형)
[MOEF][세종] 한국청소년정책연구원 | [채용공고 2026-12호] 공무직 채용 공고 | 연구 | 신입 | 무기계약직 | 지역외: 세종
[MOEF][전남광주] 근로복지공단 | [순천병원] 2026년도 하반기 청년(체험형)인턴 일반전형 채용 공고 | 보건.의료 | 신입 | 청년인턴(체험형) | 지역외: 전남광주
[MOEF][전남광주] 근로복지공단 | [순천병원] 2026년도 하반기 청년(체험형)인턴 장애전형 채용 공고 | 보건.의료 | 신입 | 청년인턴(체험형) | 지역외: 전남광주
[MOEF][전남광주] 근로복지공단 | [순천병원] 의료직(산업위생사 4급) 채용 공고 | 보건.의료 | 신입 | 정규직 | 지역외: 전남광주
[MOEF][전남광주] 근로복지공단 | [순천병원] 공무직(영선·조경기사) 채용 공고 | 보건.의료 | 신입 | 무기계약직 | 지역외: 전남광주
[MOEF][세종] 충남대학교병원 | [세종] 2026년 약무직 직원 모집공고 | 보건.의료 | 신입+경력 | 정규직 | 지역외: 세종
[MOEF][경남] 한전KPS(주) | 한전KPS(주) 삼천포사업처 단기노무원(터빈설비 정비단순보조) 채용(제52차) | 기계 | 신입+경력 | 비정규직 | 지역외: 경남
[MOEF][경남] 국립공원공단 | [한려동부] 2026년 한려해상국립공원동부사무소 한시인력(국립공원지킴이) 직원 2차 채용 | 경비.청소 | 신입+경력 | 비정규직 | 지역외: 경남
[MOEF][부산] 한전KDN | 한전KDN(주) 부산본부 전력통신팀 업무보조원 일용근로자 모집공고 | 정보통신 | 신입+경력 | 비정규직 | 지역외: 부산
[MOEF][충북] 충북대학교병원 | 2026년 10월 충북대학교병원 기간제근무자 모집 공고 | 보건.의료 | 신입+경력 | 비정규직 | 지역외: 충북
[MOEF][충북] 충북대학교병원 | 2026년 3차 충북대학교병원 장애인 근로자(기간제근무자) 모집 공고 | 보건.의료 | 신입+경력 | 비정규직 | 지역외: 충북
[MOEF][인천] 대한적십자사 | 경인권역재활병원 비정규직(대체인력) 물리치료사 채용 공고(2026.11.2.임용)(2) | 보건.의료 | 신입 | 비정규직 | 경력구분 제외: 신입 단독
[MOEF][인천] 대한적십자사 | 경인권역재활병원 비정규직(대체인력) 물리치료사 채용 공고(2026.11.2.임용)(1) | 보건.의료 | 신입 | 비정규직 | 경력구분 제외: 신입 단독
[MOEF][인천] 대한적십자사 | 경인권역재활병원 비정규직(대체인력) 작업치료사 채용 공고(2026.11.2.임용) | 보건.의료 | 신입 | 비정규직 | 경력구분 제외: 신입 단독
[MOEF][인천] 대한적십자사 | 경인권역재활병원 정규직 간호사 채용 공고(2026.11.1.임용) | 보건.의료 | 신입 | 정규직 | 경력구분 제외: 신입 단독
[MOEF][대전] 한국벤처투자 | 2026년 3차 한국벤처투자 채용 공고(일반 전문계약직) | 사업관리,경영.회계.사무,금융.보험 | 경력 | 비정규직 | 지역외: 대전
[MOEF][경북] 한전KDN | 한전KDN(주) 경북사업처 AMI분야 일용근로자 모집공고 | 전기.전자,정보통신 | 신입+경력 | 비정규직 | 지역외: 경북
[MOEF][대전] 한전원자력연료주식회사 | 2026년도 하반기 한전원자력연료 체험형 청년인턴 채용 공고 | 사업관리,경영.회계.사무,건설,기계,재료,화학,전기.전자,정보통신,환경.에너지.안전,연구 | 신입 | 청년인턴(체험형) | 지역외: 대전
[MOEF][충남] 한국서부발전(주) | 2026년도 하반기 별정직 신입사원 모집 공고 | 보건.의료,화학,환경.에너지.안전 | 신입 | 정규직 | 지역외: 충남
[MOEF][서울,인천] 서민금융진흥원 | 2026년 서민금융진흥원 제3차 기간제(육아휴직대체) 직원 채용공고 | 경영.회계.사무,금융.보험 | 신입 | 비정규직 | 경력구분 제외: 신입 단독
[MOEF][인천,경기,충남] 한국서부발전(주) | 2026년도 하반기 4직급 고졸 신입사원 모집 공고 | 기계,전기.전자 | 신입 | 정규직 | 경력구분 제외: 신입 단독
[MOEF][인천,경기,충남] 한국서부발전(주) | 2026년도 하반기 4직급 대졸 신입사원 모집 공고 | 경영.회계.사무,건설,기계,화학,전기.전자,정보통신 | 신입 | 정규직 | 경력구분 제외: 신입 단독
[MOEF][전북] 한국탄소산업진흥원 | 2026-04호 채용공고 | 사업관리,경영.회계.사무,교육.자연.사회과학,기계,재료,화학,섬유.의복,환경.에너지.안전,연구 | 신입+경력 | 비정규직 | 지역외: 전북
[MOEF][전북] 태권도진흥재단 | 2026년 태권도원 체험관[얍] 운영 기간제근로자(보조인력) 채용 | 이용.숙박.여행.오락.스포츠 | 신입 | 비정규직 | 지역외: 전북
[MOEF][서울,부산,대구] 한국승강기안전공단 | 한국승강기안전공단 2026년 하반기 채용형 청년인턴 채용 공고 | 사업관리,기계,전기.전자 | 신입 | 청년인턴(채용형) | 고용형태 제외: 청년인턴(채용형)
[MOEF][제주] 한전KPS(주) | 한전KPS(주)제주사업소 가공송전선로 부지정비 및 수목벌채 단기노무원 채용공고 | 전기.전자 | 신입+경력 | 비정규직 | 지역외: 제주
[MOEF][대구,인천,대전] 한국농어촌공사 | 2026년도 직무중심 신입사원(5급, 6급) 채용 공고 | 경영.회계.사무,건설,전기.전자,정보통신,환경.에너지.안전,농림어업 | 신입 | 정규직 | 경력구분 제외: 신입 단독
[MOEF][서울] 근로복지공단 | [서울남부지사]기간제(시설미화원-휴직대체) 채용 재공고 | 경비.청소 | 신입 | 비정규직 | 경력구분 제외: 신입 단독
[MOEF][강원] 국립공원공단 | 국립공원공단 기간제(사무행정) 직원 채용 | 경영.회계.사무,문화.예술.디자인.방송 | 신입+경력 | 비정규직 | 지역외: 강원
[MOEF][전북] 국립중앙의료원 | 계약직 행정(전북응급의료지원센터) 채용 재공고 | 보건.의료 | 신입+경력 | 비정규직 | 지역외: 전북
[MOEF][전남광주] 국립공원공단 | [지리산전북] 지리산국립공원전북사무소 한시인력(국립공원지킴이) 모집 | 환경.에너지.안전 | 신입+경력 | 비정규직 | 지역외: 전남광주
[MOEF][충남] 한전KPS(주) | 한전KPS(주)충남전북전력지사(아산지점) 단기노무원 채용 공고 | 전기.전자 | 신입+경력 | 비정규직 | 지역외: 충남
[MOEF][서울,충북,전남] 한국마약퇴치운동본부 | 한국마약퇴치운동본부 2026년 제4차 채용공고 | 사업관리,경영.회계.사무,교육.자연.사회과학,사회복지.종교 | 신입 | 정규직,비정규직 | 경력구분 제외: 신입 단독
[MOEF][부산] 부산대학교병원 | 영상의학과 전문의 모집 공고 | 보건.의료 | 경력 | 비정규직 | 지역외: 부산
[MOEF][충남] 학교법인한국폴리텍 | 한국폴리텍특성화대학 바이오캠퍼스 업무직(대학운영직_영양사) 채용 공고 | 음식서비스 | 신입+경력 | 무기계약직 | 지역외: 충남
[MOEF][충북] 한국전력공사 | 기간제근로자 (대체인력)채용 공고[충북본부 진천지사] | 전기.전자 | 신입 | 비정규직 | 지역외: 충북
[MOEF][세종] 국토연구원 | 국토연구원 2026년 제10차 위촉직(기간제) 공개채용 | 연구 | 신입+경력 | 비정규직 | 지역외: 세종
[MOEF][전남광주] 농림식품기술기획평가원 | 2026년도 2차 정규직 채용 공고 | 사업관리,경비.청소,정보통신 | 신입 | 정규직 | 지역외: 전남광주
[MOEF][대구] 경북대학교병원 | 칠곡경북대학교병원 2026년 9월 6차 임시직원 채용공고(행정, 원무지원, 간호사) | 보건.의료 | 신입+경력 | 비정규직 | 지역외: 대구
[MOEF][대구] 경북대학교병원 | 2026년 대구의료원 파견의사(진료교수) 상시 초빙 공고 | 보건.의료 | 신입 | 비정규직 | 지역외: 대구
[MOEF][전북] 국립공원공단 | [내장산생태탐방원] 2026년 내장산생태탐방원 한시인력(국립공원지킴이) 채용 공고 | 환경.에너지.안전 | 신입+경력 | 비정규직 | 지역외: 전북
[MOEF][서울,경기] 한국체육산업개발(주) | 2026년도 NCS기반 신규직원 블라인드 채용 공고 | 경영.회계.사무,건설,기계,전기.전자 | 신입 | 정규직 | 경력구분 제외: 신입 단독
[MOEF][경남] 대한적십자사 | 2026년 대한적십자사 경상남도지사 비정규직 (대체인력) 채용 공고 | 경영.회계.사무 | 신입 | 비정규직 | 지역외: 경남
[MOEF][서울] 한국문화관광연구원 | 한국문화관광연구원 위촉직원 채용 공고 [2026-39] | 연구 | 신입 | 비정규직 | 경력구분 제외: 신입 단독
[MOEF][대전] 기초과학연구원 | 2026-10회 의생명 및 화학 연구클러스터(시냅스 뇌질환 연구단) 연구직 채용 공고 | 연구 | 신입+경력 | 비정규직 | 지역외: 대전
[MOEF][전남광주] 대한적십자사 | 대한적십자사 전남광주혈액원 비정규직 기간제(장애인) 채용 공고 | 보건.의료 | 신입 | 비정규직 | 지역외: 전남광주
[MOEF][대전] 대한적십자사 | 대전세종충남혈액원 비정규직 육아휴직 대체 사무보조원 채용 공고 | 경영.회계.사무 | 신입 | 비정규직 | 지역외: 대전
[MOEF][서울] 육아정책연구소 | [제2026-16호] 육아정책연구소 청년인턴(행정인턴) 단시간 장애인 제한경쟁 채용 | 경영.회계.사무 | 신입+경력 | 청년인턴(체험형) | 고용형태 제외: 청년인턴(체험형)
[MOEF][전남광주] 근로복지공단 | [순천병원] 기간제(간호조무사) 채용 공고 | 보건.의료 | 신입 | 비정규직 | 지역외: 전남광주
[MOEF][전남광주] 근로복지공단 | [순천병원] 기간제(물리치료사) 채용 공고 | 보건.의료 | 신입 | 비정규직 | 지역외: 전남광주
[MOEF][대전] 충남대학교병원 | [대전] 2026년 하반기 충남대학교병원 보건직(의학물리사) 공개채용 | 보건.의료 | 경력 | 정규직 | 지역외: 대전
[MOEF][제주] 제주대학교병원 | 제주대학교병원 휴직대체 계약직(방사선사) 모집공고 | 보건.의료 | 신입+경력 | 비정규직 | 지역외: 제주
[MOEF][전남광주] 국립공원공단 | [국립공원해양생태보전원] 국립공원해양생태보전원 기간제[국립공원지킴이(한시인력)] 채용 공고 | 환경.에너지.안전 | 신입+경력 | 비정규직 | 지역외: 전남광주
[MOEF][경북] 국립공원공단 | [주왕산] 2026년도 주왕산국립공원 한시인력(탐방해설) 직원 추가 채용 재공고 | 이용.숙박.여행.오락.스포츠 | 신입+경력 | 비정규직 | 지역외: 경북
[MOEF][제주] 제주대학교병원 | 제주대학교병원 휴직대체 계약직(간호사, 업무지원_환경, 보건의료정보관리사, 응급구조사, 행 | 보건.의료 | 신입+경력 | 비정규직 | 지역외: 제주
[MOEF][충남] 한전KPS(주) | 한전KPS(주)충남전북전력지사(청양지점) 단기노무원 채용 공고 | 전기.전자 | 신입+경력 | 비정규직 | 지역외: 충남
[MOEF][제주] 제주대학교병원 | 제주대학교병원 계약직(가정전문간호사, 영상의학과 간호사) 모집공고 | 보건.의료 | 신입+경력 | 무기계약직 | 지역외: 제주
[MOEF][충북] 한국수자원공사 | [한국수자원공사] 금강유역협력단 괴산현대화사업팀 특수직(사무관리_건설사업) 채용 공고 | 경영.회계.사무 | 신입+경력 | 비정규직 | 지역외: 충북
[MOEF][충남] 한국수자원공사 | [한국수자원공사] 금강유역협력단 부여2차현대화사업팀 특수직(사무관리_건설사업) 채용 공고 | 경영.회계.사무 | 신입+경력 | 비정규직 | 지역외: 충남
[MOEF][충남] 한국수자원공사 | [한국수자원공사] 금강유역협력단 부여현대화사업팀 특수직(기술관리_건설사업) 채용 공고 | 사업관리,건설,기계,전기.전자,정보통신,환경.에너지.안전 | 신입+경력 | 비정규직 | 지역외: 충남
[MOEF][충남] 한국수자원공사 | [한국수자원공사] 금강유역협력단 공주2차현대화사업팀 특수직(기술관리_건설사업) 채용 공고 | 사업관리,건설,기계,전기.전자,정보통신,환경.에너지.안전 | 신입+경력 | 비정규직 | 지역외: 충남
[MOEF][충남] 한국수자원공사 | [한국수자원공사] 금강유역협력단 공주2차현대화사업팀 특수직(사무관리_건설사업) 채용 공고 | 경영.회계.사무 | 신입+경력 | 비정규직 | 지역외: 충남
[MOEF][전북] 한국수자원공사 | [한국수자원공사] 정읍권지사 단기계약근로자(수탁운영_지방상수도 고객관리) 채용 공고(장애인 | 경영.회계.사무 | 신입+경력 | 비정규직 | 지역외: 전북
[MOEF][대구,경북] 한국토지주택공사 | 한국토지주택공사 대구경북지역본부 기간제근로자(대체채용) 채용 공고(2026-07) | 경영.회계.사무,사회복지.종교 | 신입+경력 | 비정규직 | 지역외: 대구,경북
[MOEF][서울] 한국문화관광연구원 | 한국문화관광연구원 2026년 제4차 청년인턴 채용 | 경영.회계.사무 | 신입 | 청년인턴(체험형) | 고용형태 제외: 청년인턴(체험형)
[MOEF][충남] 한전KPS(주) | 한전KPS(주) 대외사업센터 단기노무원 채용 공고(당진 GS EPS) | 전기.전자 | 신입+경력 | 비정규직 | 지역외: 충남
[MOEF][충북] 오송첨단의료산업진흥재단 | 오송첨단의료산업진흥재단 2026년도 제6차 체험형 청년인턴 채용 공고 | 사업관리,경영.회계.사무,환경.에너지.안전 | 신입 | 청년인턴(체험형) | 지역외: 충북
[MOEF][서울] 해양수산과학기술진흥원 | 2026년도 제3차 신규직원(체험형 인턴) 채용 공고 | 경영.회계.사무 | 신입 | 비정규직 | 경력구분 제외: 신입 단독
[MOEF][전남광주] 한국토지주택공사 | 한국토지주택공사 광주전남지역본부 기간제근로자(사업관리 외) 채용공고(2026.10) | 경영.회계.사무,사회복지.종교 | 신입 | 비정규직 | 지역외: 전남광주
[MOEF][세종] 충남대학교병원 | [세종] 2026년 9월 비정규직(계약직, 업무지원계약직) 직원 채용공고 | 보건.의료 | 신입+경력 | 비정규직 | 지역외: 세종
[MOEF][대전] 한국연구재단 | 2026년 제2차 한국연구재단 직원 채용(공무직(시설관리직, 미화직)) | 경비.청소,기계,전기.전자,환경.에너지.안전 | 신입 | 정규직 | 지역외: 대전
[MOEF][세종] 충남대학교병원 | [세종] 2026년 9월 업무지원직 직원 채용공고 | 보건.의료 | 신입+경력 | 정규직 | 지역외: 세종
[MOEF][서울,대전,경기] 스포츠윤리센터 | 스포츠윤리센터 2026년 제2차 직원 신규채용 공고 | 사업관리,경영.회계.사무,교육.자연.사회과학,법률.경찰.소방.교도.국방,정보통신 | 신입 | 정규직,비정규직 | 경력구분 제외: 신입 단독
[MOEF][강원] 한전KPS(주) | 한전KPS(주)강원충북전력지사 단기노무원(강릉지점 차량순시) 채용공고(31차) | 건설,전기.전자 | 신입+경력 | 비정규직 | 지역외: 강원
[MOEF][서울,부산,대구] 한국농수산식품유통공사 | 2026년 신입직원 채용공고 | 사업관리,경영.회계.사무,건설,정보통신,환경.에너지.안전,농림어업 | 신입 | 정규직 | 경력구분 제외: 신입 단독
[MOEF][경기] 분당서울대학교병원 | 분당서울대학교병원 단시간일반직(선임급연구원) 채용공고 | 보건.의료 | 신입 | 비정규직 | 경력구분 제외: 신입 단독
[MOEF][광주,전남] 전남대학교병원 | 2026년도 전임의사 상시 공개채용 변경 공고 | 보건.의료 | 신입 | 정규직 | 지역외: 광주,전남
[MOEF][경기] 분당서울대학교병원 | 분당서울대학교병원 단시간업무지원직 채용공고 | 보건.의료 | 신입 | 비정규직 | 경력구분 제외: 신입 단독
[MOEF][경기] 분당서울대학교병원 | 분당서울대학교병원 단시간일반직 채용공고 | 보건.의료 | 신입 | 비정규직 | 경력구분 제외: 신입 단독
[MOEF][서울] 서울대학교병원 | 2026년도 하반기 서울대학교병원 블라인드 장애인 직원채용 (무기계약직) 공고 | 보건.의료 | 신입 | 무기계약직 | 경력구분 제외: 신입 단독
[MOEF][경기] 분당서울대학교병원 | 분당서울대학교병원 직원(계약업무지원직) 채용공고 | 보건.의료 | 신입 | 비정규직 | 경력구분 제외: 신입 단독
[MOEF][전남광주] 국립공원공단 | [다도해해상]2026년 다도해해상 국립공원지킴이[한시인력/녹색순찰대] 직원 채용(5차) | 환경.에너지.안전 | 신입+경력 | 비정규직 | 지역외: 전남광주
[MOEF][경북] 한국수력원자력(주) | 2026년도 제9차 경력사원(고위직) 선발 | 사업관리,경영.회계.사무,기계,전기.전자,환경.에너지.안전 | 경력 | 비정규직 | 지역외: 경북
[MOEF][서울,부산,대구] 한국사학진흥재단 | 한국사학진흥재단 2026년 3차 직원 채용(체험형 청년인턴(단시간), 장애인 제한경쟁) | 경영.회계.사무 | 신입 | 청년인턴(체험형) | 고용형태 제외: 청년인턴(체험형)
[MOEF][전남광주] 국립공원공단 | [다도해해상]2026년 다도해해상 국립공원지킴이[한시인력/녹색순찰대] 직원 채용(4차) 추 | 환경.에너지.안전 | 신입+경력 | 비정규직 | 지역외: 전남광주
[MOEF][서울] (사)남북교류협력지원협회 | 2026년 제2차 남북교류협력지원협회 직원(정규직 및 육아휴직대체) 채용 공고 | 사업관리 | 신입 | 정규직,비정규직 | 경력구분 제외: 신입 단독
[MOEF][강원] 근로복지공단 | [태백병원] 기간제 의사(병동당직의) 채용 공고 | 보건.의료 | 신입 | 비정규직 | 지역외: 강원
[MOEF][서울] 서울대학교병원 | 서울대학교병원 블라인드 직원채용 (무기계약직) 공고 (장애인 특별우대) | 보건.의료 | 신입 | 무기계약직 | 경력구분 제외: 신입 단독
[MOEF][울산] 한국산업안전보건공단 | [안전보건공단] 본부(울산) 기간제 근로자 채용공고 | 사업관리,경영.회계.사무 | 신입 | 비정규직 | 지역외: 울산
[MOEF][해외] 극지연구소 | 2026년 남극과학기지 월동연구대 채용 재공고 (발전 분야) | 전기.전자 | 경력 | 비정규직 | 지역외: 해외
[MOEF][부산] 동남권원자력의학원 | [직원채용] 동남권원자력의학원 박사후 연수연구원(첨단방사선AI융합연구팀) 공개 채용 | 연구 | 신입+경력 | 비정규직 | 지역외: 부산
[MOEF][부산] 동남권원자력의학원 | [직원채용] 정규직 의사직(방사선비상진료센터) 채용 | 보건.의료 | 신입+경력 | 정규직 | 지역외: 부산
[MOEF][부산] 동남권원자력의학원 | [직원채용] 별정직 의사직(산부인과) 채용 | 보건.의료 | 신입+경력 | 비정규직 | 지역외: 부산
[MOEF][부산] 동남권원자력의학원 | [직원채용] 별정직 의사직(감염내과) 채용  | 보건.의료 | 신입+경력 | 비정규직 | 지역외: 부산
[MOEF][부산] 동남권원자력의학원 | [직원채용] 별정직 의사직(호흡기내과) 초빙 | 보건.의료 | 신입+경력 | 비정규직 | 지역외: 부산
[MOEF][부산] 동남권원자력의학원 | [직원채용] 정규직 의사직(마취통증의학과) 공개 채용 | 보건.의료 | 신입+경력 | 정규직 | 지역외: 부산
[MOEF][부산] 동남권원자력의학원 | [직원채용] 별정직 의사직(응급실) 공개채용 | 보건.의료 | 신입+경력 | 비정규직 | 지역외: 부산
[MOEF][부산] 동남권원자력의학원 | [직원채용] 별정직 의사직(병동 당직의) 공개 채용 | 보건.의료 | 신입+경력 | 비정규직 | 지역외: 부산
[MOEF][부산] 동남권원자력의학원 | [직원채용] 별정직 의사직(신경외과 전임의) 공개 채용(재공고) | 보건.의료 | 신입+경력 | 비정규직 | 지역외: 부산
[MOEF][부산] 동남권원자력의학원 | [직원채용] 정규직 의사직(핵의학과) 공개 채용 | 보건.의료 | 신입+경력 | 정규직 | 지역외: 부산
[MOEF][부산] 동남권원자력의학원 | [직원채용] 동남권원자력의학원 박사후 연수연구원(첨단방사선종양연구팀) 공개 채용 | 연구 | 신입+경력 | 비정규직 | 지역외: 부산
[MOEF][울산] 한국산업안전보건공단 | [안전보건공단] 본부(울산) 업무직 채용공고 | 기계,환경.에너지.안전 | 신입 | 무기계약직 | 지역외: 울산
[MOEF][충북] 한국보건복지인재원 | (제2026-10호) 한국보건복지인재원 업무지원직 채용 공고 | 경영.회계.사무,운전.운송,경비.청소 | 신입+경력 | 무기계약직 | 지역외: 충북
[MOEF][충북] 한국보건복지인재원 | (제2026-9호) 한국보건복지인재원 사업기반 계약직 채용 공고 | 사업관리,교육.자연.사회과학,보건.의료,사회복지.종교 | 경력 | 비정규직 | 지역외: 충북
[MOEF][서울,부산,대구] 한국보건복지인재원 | (제2026-8호) 한국보건복지인재원 신규직원(일반공무직_장애) 채용 공고 | 경영.회계.사무,교육.자연.사회과학,보건.의료,사회복지.종교 | 신입 | 무기계약직 | 경력구분 제외: 신입 단독
[MOEF][충북] 한국보건복지인재원 | (제2026-7호) 한국보건복지인재원 교수직 채용 공고 | 교육.자연.사회과학,보건.의료,사회복지.종교 | 경력 | 정규직 | 지역외: 충북
[MOEF][충북,경북] 국립공원공단 | [속리산] 속리산국립공원사무소 기간제(탐방해설) 직원 채용 재공고 | 이용.숙박.여행.오락.스포츠 | 신입+경력 | 비정규직 | 지역외: 충북,경북
[MOEF][대전] 한국등산·트레킹지원센터 | 2026년도 한국등산트레킹지원센터 기간제근로자(보훈 제한경쟁) 채용 재공고 | 경영.회계.사무 | 신입 | 비정규직 | 지역외: 대전
[MOEF][울산] 한국법무보호복지공단 | 2026년 한국법무보호복지공단 울산지부 심리상담직(육아휴직대체직) 경력경쟁채용시험 공고 | 사회복지.종교 | 경력 | 비정규직 | 지역외: 울산
[MOEF][경남] 한국산업기술시험원 | 2026년 한국산업기술시험원 위촉직(운전기사) 공개모집(재공고) | 운전.운송 | 신입 | 비정규직 | 지역외: 경남
[MOEF][경북] 한국전력공사 | 2026년 제4차 기간제 근로자 채용 공고[경북본부] | 경영.회계.사무,전기.전자 | 신입 | 비정규직 | 지역외: 경북
[MOEF][세종] 산업연구원 | 2026년 제14차 위촉직원 채용공고(휴직대체) | 연구 | 신입+경력 | 비정규직 | 지역외: 세종
[MOEF][강원] 국립공원공단 | [설악산] 설악산국립공원 기간제 직원[환경관리(한시인력)] 채용 공고 | 경비.청소,이용.숙박.여행.오락.스포츠,환경.에너지.안전 | 신입+경력 | 비정규직 | 지역외: 강원
[MOEF][경기] 분당서울대학교병원 | 2027년도 정신건강임상심리사(수련) 채용공고(장애인우대) | 보건.의료 | 신입 | 비정규직 | 경력구분 제외: 신입 단독
[MOEF][경기] 분당서울대학교병원 | 2027년도 임상연수사회복지사 채용공고(장애인우대) | 보건.의료 | 신입 | 비정규직 | 경력구분 제외: 신입 단독
[MOEF][경기] 분당서울대학교병원 | 2027년도 임상연수영양사 채용공고(장애인우대) | 보건.의료 | 신입 | 비정규직 | 경력구분 제외: 신입 단독
[MOEF][경기] 분당서울대학교병원 | 2027년도 전공약사(레지던트약사) 채용공고(장애인우대) | 보건.의료 | 신입 | 비정규직 | 경력구분 제외: 신입 단독
[MOEF][대전] 한국원자력안전기술원 | 한국원자력안전기술원 공모직전문위원 채용 | 경영.회계.사무,연구 | 경력 | 비정규직 | 지역외: 대전
[MOEF][강원] 국립공원공단 | [설악산] 설악산국립공원 기간제 직원[탐방해설, 탐방시설, 환경관리, 탐방안전] 채용 공고 | 경비.청소,이용.숙박.여행.오락.스포츠,환경.에너지.안전 | 신입+경력 | 비정규직 | 지역외: 강원
[MOEF][전남광주] 전남대학교병원 | 2026년 진료전담의사 상시 공개채용 공고 | 보건.의료 | 신입 | 비정규직 | 지역외: 전남광주
[MOEF][세종] 건축공간연구원 | 건축공간연구원 위촉직 모집 | 연구 | 신입+경력 | 비정규직 | 지역외: 세종
[MOEF][충북,전남광주] 한국에너지공단 | 한국에너지공단 공무직 채용 공고 | 경비.청소,전기.전자 | 신입+경력 | 무기계약직 | 지역외: 충북,전남광주
[MOEF][세종] 한국교통연구원 | 2026년 PAO 인턴 채용공고 | 경영.회계.사무 | 신입 | 청년인턴(체험형) | 지역외: 세종
[MOEF][경남] 경상국립대학교병원 | [창원경상국립대학교병원] 약무직 채용 공고 | 보건.의료 | 신입+경력 | 정규직 | 지역외: 경남
[MOEF][서울,대전,충북] 한국철도공사 | 2026년 하반기 한국철도공사 신입사원(관제분야) 채용 공고	 | 경영.회계.사무,운전.운송 | 신입 | 정규직 | 경력구분 제외: 신입 단독
[MOEF][경남] 경상국립대학교병원 | [창원경상국립대학교병원] 전문직1등급(촉탁의) 채용공고 | 보건.의료 | 신입 | 비정규직 | 지역외: 경남
[MOEF][전남광주] 국립공원공단 | [내장산백암] 내장산국립공원백암사무소 한시인력(국립공원지킴이_녹색순찰대) 채용 공고 | 경비.청소,환경.에너지.안전 | 신입+경력 | 비정규직 | 지역외: 전남광주
[MOEF][경남] 대한적십자사 | 대한적십자사 합천원폭피해자복지회관 직원(조리원) 채용공고 | 사회복지.종교 | 신입+경력 | 무기계약직 | 지역외: 경남
[MOEF][충남] 학교법인한국폴리텍 | 한국폴리텍특성화대학 바이오캠퍼스 업무직(대학운영직_조리원) 채용공 | 음식서비스 | 신입+경력 | 무기계약직 | 지역외: 충남
[MOEF][인천] 인천항만공사 | 2026년 하반기 인천항만공사 채용형 인턴 채용공고 | 경영.회계.사무,건설,기계,전기.전자,환경.에너지.안전 | 신입 | 청년인턴(채용형) | 고용형태 제외: 청년인턴(채용형)
[MOEF][전남광주] 한국수자원공사 | [한국수자원공사] 전남북부권지사 단기계약근로자(사무관리_건설사업) 채용 공고 | 경영.회계.사무 | 신입+경력 | 비정규직 | 지역외: 전남광주
[MOEF][세종] 한국노동연구원 | 한국노동연구원 기간제 행정원(보훈대상자 제한경쟁) 채용 공고 | 경영.회계.사무 | 신입+경력 | 비정규직 | 지역외: 세종
[MOEF][서울] 대한무역투자진흥공사 | 2026년 하반기 KOTRA 공무직 채용 공고 | 사업관리,경영.회계.사무,경비.청소 | 신입 | 무기계약직 | 경력구분 제외: 신입 단독
[MOEF][서울] 한국문화관광연구원 | 한국문화관광연구원 위촉직원 채용 공고[2026-38] | 연구 | 신입 | 비정규직 | 경력구분 제외: 신입 단독
[MOEF][서울,부산,대구] 한국보훈복지의료공단 | 한국보훈복지의료공단 2027년 보훈병원 간호직 통합 공개채용 공고 | 보건.의료 | 신입 | 정규직 | 경력구분 제외: 신입 단독
[MOEF][제주] 한국장애인개발원 | [제2026-111호]2026년도 제6차 제주특별자치도장애아동·발달장애인지원센터 [장애아동 | 사업관리,경영.회계.사무,사회복지.종교 | 신입+경력 | 청년인턴(체험형) | 지역외: 제주
[MOEF][대전] 한국연구재단 | 한국연구재단 PM(기초연구본부장) 초빙 재공고 | 사업관리 | 신입+경력 | 비정규직 | 지역외: 대전
[MOEF][대전] 대한적십자사 | [대한적십자사 대전세종지사] 2026년도 2차 육아휴직 대체인력(계약직) 채용 공고 | 경영.회계.사무 | 신입 | 비정규직 | 지역외: 대전
[MOEF][대구] 한국보훈복지의료공단 | [대구보훈병원] 정규직 보건직(임상병리사) 채용 공고 | 보건.의료 | 신입+경력 | 정규직 | 지역외: 대구
[MOEF][서울] 한국수출입은행 | 한국수출입은행 2026년 하반기 KSP/EIPP연구원(별정직원) 채용 | 사업관리 | 신입 | 비정규직 | 경력구분 제외: 신입 단독
[MOEF][세종] 한국환경연구원 | [한국환경연구원] 임시직(일반행정) 채용 공고(경영지원실 대체인력)(0922) | 경영.회계.사무 | 신입+경력 | 비정규직 | 지역외: 세종
[MOEF][세종] 축산물품질평가원 | 2026년 하반기 운영직(사무일반) 채용공고 | 사업관리,경영.회계.사무,농림어업 | 신입 | 무기계약직 | 지역외: 세종
[MOEF][전남광주] 한국농촌경제연구원 | 한국농촌경제연구원 2026년 제8차(재공모) 청년인턴(장애인 제한경쟁) 채용 공고 | 경영.회계.사무 | 신입 | 청년인턴(체험형) | 지역외: 전남광주
[MOEF][서울] 대한적십자사 | 2026년도 제10차 혈액관리본부 소속기관 의무직 신규채용 공고(중앙혈액검사센터) | 보건.의료 | 신입 | 비정규직 | 경력구분 제외: 신입 단독
[MOEF][세종,충북,전북] 한국전력공사 | 2026년도 제2차 4(나)직급 전문인력 채용공고 | 건설,기계,전기.전자,환경.에너지.안전 | 경력 | 정규직 | 지역외: 세종,충북,전북,전남광주
[MOEF][대구] 한국교육학술정보원 | 2026년 제6차 직원(청년인턴(장애·보훈 제한경쟁)) 채용 | 경영.회계.사무,교육.자연.사회과학,연구 | 신입 | 비정규직,청년인턴(체험형) | 지역외: 대구
[MOEF][세종] 한국조세재정연구원 | [한국조세재정연구원] 공공기관연구센터 소장 초빙 | 사업관리,연구 | 신입+경력 | 비정규직 | 지역외: 세종
[MOEF][대구] 한국교육학술정보원 | 2026년 제6차 직원(무기계약직-운영직) 채용 | 경비.청소 | 신입 | 무기계약직 | 지역외: 대구
[MOEF][대구] 한국교육학술정보원 | 2026년 제6차 직원(정규직) 채용 | 경영.회계.사무,교육.자연.사회과학,정보통신,연구 | 신입 | 정규직 | 지역외: 대구
[MOEF][부산] 기술보증기금 | 기술보증기금 사무지원인력 채용공고 (기업구조혁신부) | 금융.보험 | 신입 | 비정규직 | 지역외: 부산
[MOEF][서울] 기술보증기금 | 기술보증기금 사무지원인력 채용공고 (가산지점) | 금융.보험 | 신입 | 비정규직 | 경력구분 제외: 신입 단독
[MOEF][경기] 국민건강보험공단 일산병원 | 2027년도 수련생(정신건강임상심리사 1급-1년차 과정) 모집공고 | 보건.의료 | 신입 | 청년인턴(체험형) | 고용형태 제외: 청년인턴(체험형)
[MOEF][경기] 국민건강보험공단 일산병원 | 2026년도 사무직 수련생(체험형 청년인턴)(장애인·보훈 제한경쟁) 채용 공고 | 보건.의료 | 신입 | 청년인턴(체험형) | 고용형태 제외: 청년인턴(체험형)
[MOEF][서울,부산,대구] 한국전력공사 | 2026년도 하반기 보훈 채용공고 | 경영.회계.사무,전기.전자,정보통신 | 신입 | 정규직 | 경력구분 제외: 신입 단독
[MOEF][강원] 대한석탄공사 | 2026년 한시적계약직 특별채용 재공고(팀장급) | 경영.회계.사무,환경.에너지.안전 | 경력 | 비정규직 | 지역외: 강원
[MOEF][세종] KDI국제정책대학원 | [KDI국제정책대학원] 2026년 제10차 인턴직원 채용(경영기획) | 경영.회계.사무 | 신입+경력 | 청년인턴(체험형) | 지역외: 세종
[MOEF][경기] 국민건강보험공단 일산병원 | 2026년 하반기 정규직(사무직-일반사무) 모집공고 | 경영.회계.사무 | 신입 | 정규직 | 경력구분 제외: 신입 단독
[MOEF][경남] 경상국립대학교병원 | 계약직(야간전담당직약사) 채용공고 | 보건.의료 | 신입+경력 | 비정규직 | 지역외: 경남
[MOEF][서울] 한국공정거래조정원 | 한국공정거래조정원 2026년 제4차 기간제 근로자 채용 공고 | 경영.회계.사무,법률.경찰.소방.교도.국방,연구 | 신입 | 비정규직 | 경력구분 제외: 신입 단독
[MOEF][대전,경북] 한전KDN | 한전KDN(주) 원전인프라부 프로젝트계약근로자 채용공고 | 정보통신 | 신입+경력 | 비정규직 | 지역외: 대전,경북
[MOEF][경기] 한국보훈복지의료공단 | [남양주보훈요양원] 제4차 2026년 요양보호직(정규직 전환 조건) 채용 공고 | 보건.의료 | 신입 | 비정규직 | 경력구분 제외: 신입 단독
[MOEF][세종] 한국직업능력연구원 | [한국직업능력연구원] 2026년도 제6차 기간제 계약직원(휴직자 대체) 채용 공고 | 사업관리,경영.회계.사무 | 신입 | 비정규직 | 지역외: 세종
[MOEF][서울,부산,대구] 중소벤처기업진흥공단 | 2026년 하반기 2차 중소벤처기업진흥공단 체험형 청년인턴(장애인) 채용 공고 | 경영.회계.사무,금융.보험 | 신입 | 청년인턴(체험형) | 고용형태 제외: 청년인턴(체험형)
[MOEF][세종] 중소기업기술정보진흥원 | 2026년 체험형 청년인턴 채용 공고 | 사업관리,경영.회계.사무 | 신입 | 청년인턴(체험형) | 지역외: 세종
[MOEF][세종] 중소기업기술정보진흥원 | 2026년 인공지능혁신추진단장 채용 공고 | 사업관리,경영.회계.사무 | 신입 | 비정규직 | 지역외: 세종
[MOEF][전남광주] 한국보훈복지의료공단 | [광주보훈병원] 계약직 업무지원직(진료지원) 직원 채용 공고 | 보건.의료 | 신입+경력 | 비정규직 | 지역외: 전남광주
[MOEF][전북] 대한적십자사 | [전북혈액원] 비정규직 초단시간 근로자(임상병리사) 채용 공고 | 보건.의료 | 신입 | 비정규직 | 지역외: 전북
[MOEF][세종] 한국보건사회연구원 | 한국보건사회연구원 정규직 신규채용(6차) 연구원 | 사업관리,연구 | 신입 | 정규직 | 지역외: 세종
[MOEF][세종] 한국보건사회연구원 | 한국보건사회연구원 정규직 신규채용(5차) 부연구위원 | 연구 | 신입 | 정규직 | 지역외: 세종
[MOEF][경북] 대한법률구조공단 | 대한법률구조공단 서무직 4급(운전원) 제한경쟁채용 시험 공고 | 경영.회계.사무,법률.경찰.소방.교도.국방,운전.운송 | 신입 | 정규직 | 지역외: 경북
[MOEF][전남광주] 한국인터넷진흥원 | 2026년 한국인터넷진흥원 공무직 2차 채용 공고 - 미화(보훈특별고용) | 경비.청소 | 신입+경력 | 무기계약직 | 지역외: 전남광주
[MOEF][전남광주] 한국인터넷진흥원 | 2026년 한국인터넷진흥원 공무직 2차 채용 공고 - 비서(운전), 미화, 시설관리 등 | 법률.경찰.소방.교도.국방,보건.의료,운전.운송,경비.청소,기계,전기.전자 | 신입+경력 | 무기계약직 | 지역외: 전남광주
[MOEF][서울,전남광주] 한국인터넷진흥원 | 2026년 하반기 한국인터넷진흥원 일반직, 일반계약직 채용 공고 | 사업관리,경영.회계.사무,정보통신 | 신입 | 정규직,무기계약직 | 경력구분 제외: 신입 단독
[MOEF][서울,부산,대구] 대한법률구조공단 | 2026년 대한법률구조공단 일반직 7급 직원 채용 공고 | 경영.회계.사무,법률.경찰.소방.교도.국방 | 신입 | 정규직 | 경력구분 제외: 신입 단독
[MOEF][서울,부산,대구] (주)한국가스기술공사 | 2026년 하반기 신입직원 공개채용 | 건설,기계,전기.전자 | 신입 | 정규직 | 경력구분 제외: 신입 단독
[MOEF][충북] 한국환경공단 | 2026년 한국환경공단 충청권환경본부 재활용품 비축사업 기간제근로자(촉탁) 채용공고 | 환경.에너지.안전 | 신입+경력 | 비정규직 | 지역외: 충북
[MOEF][경남] 한전KDN | 한전KDN(주) 진주지사 AMI 분야 비정규직(장애인) 모집공고 | 전기.전자,정보통신 | 신입+경력 | 비정규직 | 지역외: 경남
[MOEF][대구] 대한적십자사 | 대구경북혈액원 비정규직(육아휴직 대체인력) 임상병리사 채용공고 (11.01. 임용) | 보건.의료 | 신입 | 비정규직 | 지역외: 대구
[MOEF][경남] 한국토지주택공사 | 한국토지주택공사 개방형 직위 공모 | 경영.회계.사무 | 경력 | 비정규직 | 지역외: 경남
[MOEF][서울,부산,대구] 한국철도공사 | 2026년 하반기 한국철도공사 장애인 체험형 인턴사원 채용 공고			 | 경영.회계.사무,운전.운송 | 신입 | 청년인턴(체험형) | 고용형태 제외: 청년인턴(체험형)
[MOEF][전남광주] 한전KDN | 2026년 하반기 한전KDN 별정직 채용공고 | 경비.청소,건설 | 신입 | 무기계약직 | 지역외: 전남광주
[MOEF][서울,부산,대구] 한국무역보험공사 | 한국무역보험공사 2026년 하반기 체험형 청년인턴 채용공고 | 경영.회계.사무,금융.보험 | 신입 | 청년인턴(체험형) | 고용형태 제외: 청년인턴(체험형)
[MOEF][강원] 강원대학교병원 | 2026-45(대체근로자) 채용 공고 | 보건.의료 | 신입 | 비정규직 | 지역외: 강원
[MOEF][강원] 강원대학교병원 | 2026-44(업무협력직) 채용 공고 | 보건.의료 | 신입 | 정규직 | 지역외: 강원
[MOEF][강원] 강원대학교병원 | 2026-43(일반직·원무직) 채용 공고 | 보건.의료 | 신입+경력 | 정규직 | 지역외: 강원
[MOEF][강원] 강원대학교병원 | 2026-42(일반직_간호직 경력) 채용 공고 | 보건.의료 | 경력 | 정규직 | 지역외: 강원
[MOEF][강원] 강원대학교병원 | 2026-41(약무직) 채용 공고 | 보건.의료 | 경력 | 정규직 | 지역외: 강원
[MOEF][경기,충북] 한국소방산업기술원 | 2026년 제3차 기간제 근로자 채용 | 기계,화학,섬유.의복,전기.전자,환경.에너지.안전 | 신입 | 비정규직 | 경력구분 제외: 신입 단독
[MOEF][전남광주] 한전KDN | 한전KDN(주) 목포지사 AMI분야 비정규직 모집공고(재공고) | 정보통신 | 신입+경력 | 비정규직 | 지역외: 전남광주
[MOEF][세종] 한국조세재정연구원 | [한국조세재정연구원] 공무직(경비) 신규인력채용_보훈제한경쟁 | 경비.청소 | 신입+경력 | 무기계약직 | 지역외: 세종
[MOEF][부산,대구,대전] 가축위생방역지원본부 | [가축위생방역지원본부 제2026-41호] 2026년 제3차 정규직 채용 공고 | 경영.회계.사무,보건.의료,농림어업 | 신입 | 무기계약직 | 경력구분 제외: 신입 단독
[MOEF][세종] 한국개발연구원 |  2026년 3분기 3차 KDI 위촉직원(대체인력) 채용 공고(행정직) | 경영.회계.사무 | 신입 | 비정규직 | 지역외: 세종
[MOEF][세종] 한국개발연구원 | 2026년 3분기 3차 KDI 위촉직원(대체인력) 채용 공고(연구직) | 사업관리,연구 | 신입 | 비정규직 | 지역외: 세종
[MOEF][대전] 한국토지주택공사 | 한국토지주택공사 대전충남지역본부 기간제근로자 채용공고 | 경영.회계.사무,사회복지.종교,영업판매 | 신입+경력 | 비정규직 | 지역외: 대전
[MOEF][서울] 예금보험공사 | 예금보험공사 업무지원직원(무기계약직·무기계약직(보훈) 및 육아휴직대체) 채용 안내 | 경영.회계.사무 | 신입 | 무기계약직,비정규직 | 경력구분 제외: 신입 단독
[MOEF][인천] 극지연구소 | 2026년 하반기 극지연구소 연수생 채용 공고 | 연구 | 신입 | 비정규직 | 경력구분 제외: 신입 단독
[MOEF][인천] 극지연구소 | 2026년 하반기 연수연구원(박사후 및 석사후) 채용 공고문 | 연구 | 신입 | 비정규직 | 경력구분 제외: 신입 단독
[MOEF][서울,대전,충남] 한국조폐공사 | 2027년도 한국조폐공사 신입직원(채용형인턴) 채용공고 | 사업관리,경영.회계.사무,문화.예술.디자인.방송,영업판매,기계,화학,전기.전자,정보통신,인쇄.목재.가구.공예,환경.에너지.안전,농림어업,연구 | 신입 | 청년인턴(채용형) | 고용형태 제외: 청년인턴(채용형)
[MOEF][전북] 한국식품산업클러스터진흥원 | 한국식품산업클러스터진흥원 2026년 제4차 직원(정규직, 계약직) 채용 공고 | 사업관리,경영.회계.사무,교육.자연.사회과학,운전.운송,건설,기계,화학,식품가공,환경.에너지.안전 | 신입+경력 | 정규직,무기계약직,비정규직 | 지역외: 전북
[MOEF][세종] 한국항로표지기술원 | 한국항로표지기술원 기간제 계약직(연구원) 채용 공고 | 사업관리,정보통신 | 신입 | 비정규직 | 지역외: 세종
[MOEF][대전,세종,충남] 한전KDN | 한전KDN(주) 대전충남본부 AMI분야 작업원(장애인) 추가 모집공고 | 전기.전자,정보통신 | 신입+경력 | 비정규직 | 지역외: 대전,세종,충남
[MOEF][충남] 국립생태원 | 2026년 제7차 국립생태원 기간제근로자(수탁과제) 채용 공고 | 환경.에너지.안전 | 신입+경력 | 비정규직 | 지역외: 충남
[MOEF][대구] 한국사학진흥재단 | 한국사학진흥재단 2026년 1차 직원 채용 (제한경쟁채용 및 상시채용) | 경영.회계.사무 | 경력 | 무기계약직 | 지역외: 대구
[MOEF][대구] 한국부동산원 | 한국부동산원 전문계약직(정규직 전환형) 채용 공고 | 경영.회계.사무,영업판매,건설,정보통신 | 경력 | 비정규직 | 지역외: 대구
[MOEF][전남광주] (재)우체국금융개발원 | 우체국금융개발원 2026년 8차(보훈특별고용) 공개채용 공고 | 금융.보험 | 신입 | 정규직 | 지역외: 전남광주
[MOEF][대전] 기초과학연구원 | 2026-11회 생명과학 연구클러스터 연구직 채용 공고 | 연구 | 신입+경력 | 비정규직 | 지역외: 대전
[MOEF][해외] 한전KDN | 한전KDN 국외 마이크로인버터 사업 업무지원 분야 기간제근로자 채용공고 | 환경.에너지.안전 | 신입+경력 | 비정규직 | 지역외: 해외
[MOEF][서울,부산,대구] 한국국토정보공사 | 2026년 한국국토정보공사 신입사원 채용 공고 | 경영.회계.사무,건설 | 신입 | 청년인턴(채용형) | 고용형태 제외: 청년인턴(채용형)
[MOEF][대구] 한국부동산원 | 한국부동산원 부동산연구원장 채용 공고 | 사업관리,경영.회계.사무,연구 | 경력 | 무기계약직 | 지역외: 대구
[MOEF][전남광주] 한전KDN | 한전KDN 국내 태양광발전소 구축 업무지원 분야 기간제근로자 채용공고 | 환경.에너지.안전 | 신입+경력 | 비정규직 | 지역외: 전남광주
[MOEF][서울] (주)강원랜드 | (주)강원랜드 2026년 하이원 글로벌 아카데미 체험형인턴 모집 공고 | 이용.숙박.여행.오락.스포츠 | 신입 | 청년인턴(체험형) | 고용형태 제외: 청년인턴(체험형)
[MOEF][부산,대전,강원] (주)강원랜드 | (주)강원랜드 2026년 동계 1차 기간제 근로자 모집 공고 | 경영.회계.사무,보건.의료,경비.청소,이용.숙박.여행.오락.스포츠,음식서비스,농림어업 | 신입 | 비정규직 | 지역외: 부산,대전,강원
[MOEF][서울,부산,대구] 공무원연금공단 | 사회형평적 체험형 청년인턴 채용 공고 | 사업관리,경영.회계.사무 | 신입 | 청년인턴(체험형) | 고용형태 제외: 청년인턴(체험형)
[MOEF][충북] 한국식품안전관리인증원 | 2026년 제13차 계약직직원 채용 | 경영.회계.사무 | 신입+경력 | 비정규직 | 지역외: 충북
[MOEF][서울,부산,대구] 대한무역투자진흥공사 | 2026년 KOTRA 통상직 신입사원 채용 공고 | 경영.회계.사무 | 신입 | 정규직 | 경력구분 제외: 신입 단독
[MOEF][대구,경북] 한전KDN | 한전KDN(주) 대구본부 포항지사 AMI분야 작업원 모집공고 | 전기.전자,정보통신 | 신입+경력 | 비정규직 | 지역외: 대구,경북
[MOEF][대구] 경북대학교치과병원 | 2026년 제5차 기간제(구강내과 치과위생사) 채용 공고 | 보건.의료 | 신입 | 비정규직 | 지역외: 대구
[MOEF][대전,세종] 충남대학교병원 | 2026년 하반기 신규의료진(전임의사) 공개채용 모집공고(상시모집) | 보건.의료 | 신입+경력 | 정규직 | 지역외: 대전,세종
[MOEF][대전] 충남대학교병원 | 2026년 하반기 신규의료진(진료교수) 공개채용 모집공고(상시모집) | 보건.의료 | 신입+경력 | 비정규직 | 지역외: 대전
[MOEF][대전] 충남대학교병원 | 2026년 하반기 신규의료진(임상교수요원) 공개채용 모집공고(상시모집) | 보건.의료 | 신입+경력 | 정규직 | 지역외: 대전
[MOEF][강원] 한전KDN | 한전KDN(주) 강원사업처 AMI분야 비정규직(장애인) 모집공고 | 정보통신 | 신입+경력 | 비정규직 | 지역외: 강원
[MOEF][충남] 한국기술교육대학교 | 한국기술교육대학교 대학혁신지원사업 대우교수 및 연구원 채용 | 사업관리,경영.회계.사무,연구 | 신입+경력 | 비정규직 | 지역외: 충남
[나라일터][경기] 고용노동부 경기지방고용노동청 평택지청 | 기간제근로자(통계조사관) 일반전형 및 장애인전형  채용 공고 | e04 | g01 | 고용형태 제외(나라일터): e04
[나라일터][서울] 과학기술정보통신부 우정사업본부 서울지방우정청 서울동작우체국 | 2026년도 제3회 서울동작우체국 우체국소포원 채용 공고 | e04 | g01 | 고용형태 제외(나라일터): e04
[나라일터][경기] 경기도교육청 소하고등학교 | 2026학년도 2학기 체육 시간강사 모집 (2차) 공고 | e10 | g04 | 고용형태 제외(나라일터): e10
[나라일터][서울] 서울특별시교육청 서울특별시중부교육지원청 장충중학교 | 2026학년도 교육공무직원(조리실무사) 대체 인력 채용 공고 | e10 | g04 | 고용형태 제외(나라일터): e10
[나라일터][47250] 경북대학교 과학기술대학 | 2026년 제2회 경북대학교 산업기계공학과(계약학과) 계약직원 채용 공고 | e04 | g01 | 지역외(코드): 47250
[나라일터][인천] 인천광역시교육청 인천영흥고등학교 | 2026학년도 인천영흥고등학교 기간제교사(역사1명)채용 공고 | e10 | g04 | 고용형태 제외(나라일터): e10
[나라일터][47190] 국세청 대구지방국세청 | 대구지방국세청 구미세무서 일반임기제공무원(8급, 민원) 경력경쟁채용 공고 | e01 | g01 | 지역외(코드): 47190
[나라일터][30230] 대전광역시 대덕구 | 대전광역시 대덕구 보건소장(개방형직위) 채용시험 시행계획 재공고 | e05 | g02 | 지역외(코드): 30230
[나라일터][26200] 한국해양대학교 | 2026년도 제4회 국립한국해양대학교 국가공무원 전입(지방공무원 경력경쟁채용) 희망자 모집 | e07 | g01 | 지역외(코드): 26200
[나라일터][51110] 보건복지부 국립춘천병원 | 2026년도 국립춘천병원 공무직근로자 (시설관리원_전기) 채용 공고 | e04 | g01 | 지역외(코드): 51110
[나라일터][경기] 과학기술정보통신부 우정사업본부 경인지방우정청 안성우체국 공도우체국 | 2026년 제4회 안성우체국 공무직 상시계약집배원 채용 공고 | e04 | g01 | 고용형태 제외(나라일터): e04
[나라일터][경기] 과학기술정보통신부 우정사업본부 경인지방우정청 안성우체국 | 2026년 제3회 안성우체국 공무직 상시계약집배원(실적급) 채용 공고 | e04 | g01 | 고용형태 제외(나라일터): e04
[나라일터][36110] 공정거래위원회 | 공정거래위원회 일반임기제 5급(자격증) 공무원 경력경쟁채용시험 서류전형 합격자 및 면접시험 | e01 | g01 | 지역외(코드): 36110
[나라일터][48220,48] 경상국립대학교 | 2026년도 제2회 경상국립대학교 국가공무원 전입희망자(지방공무원 경력경쟁채용 포함) 모집 | e01 | g01 | 지역외: 48220,48170
[나라일터][48125] 과학기술정보통신부 우정사업본부 부산지방우정청 마산우체국 | 2026년도 제3회 마산우체국 상시계약집배원(공무직) 채용 계획 | e04 | g01 | 지역외(코드): 48125
[나라일터][12150] 순천대학교 RISE사업단 | 2026년 국립순천대학교 앵커사업단 기간제 근로자(연구원, 실무원) 채용 공고 | e04 | g01 | 지역외(코드): 12150
[나라일터][52130] 전북특별자치도 군산시 의회사무국 | 2026년 제3회 군산시의회 임기제공무원(정책지원관) 채용 공고 | e01 | g02 | 지역외(코드): 52130
[나라일터][44810] 충청남도 예산군 의회 | 예산군의회 지방시간선택제임기제공무원(의정홍보) 채용 공고 | e01 | g02 | 지역외(코드): 44810
[나라일터][서울] 서울특별시교육청 서울특별시중부교육지원청 배화여자중학교 | 2026학년도 배화여자중학교 영양사 채용 공고 | e10 | g04 | 고용형태 제외(나라일터): e10
[나라일터][48310] 국립공원공단 한려해상국립공원동부사무소 | [한려동부] 2026년 한려해상국립공원동부사무소 한시인력(국립공원지킴이) 직원 2차 채용 | e08 | g03 | 지역외(코드): 48310
[나라일터][26230] 부산광역시 부산진구 의회사무국 | 2026년 부산진구의회 임기제공무원(정책지원관) 채용시험 최종 합격자 공고 | e01 | g02 | 지역외(코드): 26230
[나라일터][인천] 관세청 인천세관 | 2026년 제3회 인천세관 공무직근로자(청소원_장애, 조리원_일반) 채용공고 | e04 | g01 | 고용형태 제외(나라일터): e04
[나라일터][경기] 법무부 서울지방교정청 서울구치소 | [서울구치소] 2026년 제2회 공무직(상담원) 공개경쟁채용시험 공고 | e04 | g01 | 고용형태 제외(나라일터): e04
[나라일터][47170] 경상북도교육청 | 경상북도교육청 개방형직위(감사관) 공개모집 공고 | e10 | g04 | 지역외(코드): 47170
[나라일터][43130] 국립한국교통대학교 | 국립한국교통대학교 제2026-8회 대학회계직원 신규채용 공고(휴직대체 전문직) | e04 | g01 | 지역외(코드): 43130
[나라일터][서울] 외교부 국립외교원 외교안보연구소 | 국립외교원 외교안보연구소 기간제 근로자(연구원 다급 / 사무 나급) 채용 서류전형 합격자  | e04 | g01 | 고용형태 제외(나라일터): e04
[나라일터][44825] 충청남도 태안군 | 충청남도 태안군 전입 희망공무원 공개모집 공고 | e07 | g02 | 지역외(코드): 44825
[나라일터][서울] 동북아역사재단 | 동북아역사재단 직원(행정직, 공무직, 기간제, 청년인턴) 채용 공고 | e08 | g03 | 고용형태 제외(나라일터): e08
[나라일터][30170] 지식재산처 | 지식재산처 법률사무종사 변호사(실무수습) 선발 공고 | e04 | g01 | 지역외(코드): 30170
[나라일터][27230] 경북대학교 | 2026년 제3회 4단계 BK21 대학원혁신지원사업  공동실험실습관 전담직원(기간제) 채용 | e04 | g01 | 지역외(코드): 27230
[나라일터][47113] 해양경찰청 동해지방해양경찰청 포항해양경찰서 | 포항해양경찰서 공무직 근로자(전기안전관리자)  채용 공고 | e04 | g01 | 지역외(코드): 47113
[나라일터][인천] 해양수산부 중앙해양안전심판원 | 2026년 제3차 해양수산부(중앙해양안전심판원) 청년인턴 채용 | e04 | g01 | 고용형태 제외(나라일터): e04
[나라일터][26410] 부산대학교 연구처 | 부산대학교 전략산업AX융합연구원 계약직원(전임연구원, 사무원) 채용 공고 | e04 | g01 | 지역외(코드): 26410
[나라일터][26470] 재단법인부산과학기술고등교육진흥원 | 부산라이즈혁신원 2026년 제2차 비정규직 채용 재공고 | e08 | g03 | 지역외(코드): 26470
[나라일터][52130] 국립군산대학교 | [국립군산대학교]국립대학육성사업 기간제 계약직원(선임연구원) 채용 공고 | e01 | g01 | 지역외(코드): 52130
[나라일터][12170] 문화체육관광부 국립중앙박물관 나주박물관 학예연구실 | 국립나주박물관 학예연구실 기간제 근로자 [학예보조] 서류심사 합격자 및 면접시험 공고 | e04 | g01 | 지역외(코드): 12170
[나라일터][43750,41] 인사혁신처 국가공무원인재개발원 | 2026년 제4회 국가공무원인재개발원 공무직  및 기간제 근로자 채용 최종 합격자 공고 | e04 | g01 | 지역외: 43750,41290
[나라일터][47150] 농림축산식품부 농림축산검역본부 | 2026년 제3차 농림축산검역본부 동물질병관리부 공무직 근로자 채용공고(일반전형) | e04 | g01 | 지역외(코드): 47150
[나라일터][47170] 경상북도 | 2026년도 제8회 경상북도 지방임기제공무원 임용시험[국제교류.협력(영어)] 계획 공고 | e01 | g02 | 지역외(코드): 47170
[나라일터][12740] 보건복지부 국립소록도병원 | 2026년 국립소록도병원 일반직공무원(시설직, 건축) 경력경쟁채용시험 공고 | e01 | g01 | 지역외(코드): 12740
[나라일터][경기] 경기도교육청 경기도성남교육지원청 숭신중학교 | 2026학년도 숭신중학교 기간제교원(영어)채용 공고 | e10 | g04 | 고용형태 제외(나라일터): e10
[나라일터][지역 미상] 과학기술정보통신부 국립중앙과학관 | 국립중앙과학관 제7회 기간제 근로자 채용 공고 | e04 | g01 | 고용형태 제외(나라일터): e04
[나라일터][26470] 대검찰청 부산고등검찰청 | 2026년도 제1회 공무직근로자(시설관리사 기계,전기) 경력경쟁채용시험 최종합격자 명단 및 | e04 | g01 | 지역외(코드): 26470
[나라일터][서울] 서울특별시교육청 서울특별시남부교육지원청 | 2026년 10월 교원 결원 대체 시간강사 인력풀 모집 | e10 | g04 | 고용형태 제외(나라일터): e10
[나라일터][52140] 전북특별자치도 익산시 | 익산시 지방임기제공무원 채용시험 시행계획 재공고 | e01 | g02 | 지역외(코드): 52140
[나라일터][44230] 국방부 국군조직 육군 육군본부 | 육군 황산대체력단련장 일용직근로자(코스관리보조, 코스직원 업무지원) 채용 공고 | e04 | g01 | 지역외(코드): 44230
[나라일터][27230] 법무부 대구소년원 | [대구소년원]2026년도 제2회 공무직근로자(남성감호실무관) 채용 공고 | e04 | g01 | 지역외(코드): 27230
[나라일터][인천] 인천광역시교육청 한국글로벌셰프고등학교 | 2026년도 학교법인 삼량학원  한국글로벌셰프고등학교 사무직원(시설관리직 9급)  공개경쟁 | e10 | g04 | 고용형태 제외(나라일터): e10
[나라일터][서울] 한국지방세연구원 | 「한국지방세연구원」 위촉연구원(박사급,석사급), 행정원(발간,홍보) 채용 공고 | e08 | g03 | 고용형태 제외(나라일터): e08
[나라일터][44810,44] 충남사회서비스원 | 2026년 제28차 본부 기간제(사무보조) 직원 공개채용 공고 | e08 | g03 | 지역외: 44810,44130
[나라일터][44810,44] 충남사회서비스원 | 2026년 제27차 충남사회서비스원 본부 기간제 공개채용 공고 | e08 | g03 | 지역외: 44810,44130
[나라일터][30140] 대전광역시 중구 | 2026년 제7회 대전광역시 중구 시간선택제임기제공무원(정책연구개발, AI·데이터 기반행정 | e01 | g02 | 지역외(코드): 30140
[나라일터][서울] 서울특별시교육청 서울특별시남부교육지원청 서울윤중초등학교병설유치원 | 서울윤중초등학교병설유치원(4세반 담임) 채용계획 공고 | e10 | g04 | 고용형태 제외(나라일터): e10
[나라일터][36000] 문화체육관광부 | 문화체육관광부 행정5급 전입 희망자 공고 | e07 | g01 | 지역외(코드): 36000
[나라일터][36000] 문화체육관광부 | 문화체육관광부 전입 희망자 공고(행정사무관) | e01 | g01 | 지역외(코드): 36000
[나라일터][26000] 부산광역시 | 2026년도 제10회(2차 재공고) 부산광역시 임기제공무원 임용시험 공고 | e01 | g02 | 지역외(코드): 26000
[나라일터][43113] 기후에너지환경부 화학물질안전원 | 화학물질안전원 공무직근로자(운전원) 채용 공고 | e04 | g01 | 지역외(코드): 43113
[나라일터][경기] 경찰청 경기도남부경찰청 수원영통경찰서 | 수원영통경찰서 무기계약직(청사방호) 채용 공고 | e04 | g01 | 고용형태 제외(나라일터): e04
[나라일터][44270] 과학기술정보통신부 우정사업본부 충청지방우정청 당진우체국 | 2026년 제8회 당진우체국 공무직 상시계약집배원 채용 계획 공고 | e01 | g01 | 지역외(코드): 44270
[나라일터][12300] 광주교육대학교 | 광주교육대학교 2026년 제14회 기간제근로자 채용 공고 | e04 | g01 | 지역외(코드): 12300
[나라일터][44150] 행정안전부 국가재난안전교육원 | 2026년 제2기 국가재난안전교육원 청년인턴(행정) 추가 채용 공고 | e04 | g01 | 지역외(코드): 44150
[나라일터][52111] 전주교육대학교 | 전주교육대학교 국가공무원(행정9급) 전입(지방공무원 경력경쟁채용 포함) 재공고 | e07 | g01 | 지역외(코드): 52111
[나라일터][31110] 근로복지공단 | 근로복지공단 상임이사 모집공고 | e08 | g03 | 지역외(코드): 31110
[나라일터][27230] 대구광역시 북구 | 2026년도 대구광역시 북구 공공체육시설 관리 기간제근로자 5차 채용 공고 | e04 | g02 | 지역외(코드): 27230
[나라일터][경기] 경기도교육청 경기도수원교육지원청 명인중학교 | 2026학년도 명인중학교 시간 강사 채용(과학) | e10 | g04 | 고용형태 제외(나라일터): e10
[나라일터][인천] 인천광역시교육청 인하대학교사범대학부속고등학교 | [인하사대부고] 2026학년도 2학기 기간제 교원(윤리) 채용 공고 | e10 | g04 | 고용형태 제외(나라일터): e10
[나라일터][51770] 과학기술정보통신부 우정사업본부 강원지방우정청 정선우체국 | 2026년도 제3회 정선우체국 상시계약 집배원(기간제) 채용 재공고 | e01 | g01 | 지역외(코드): 51770
[나라일터][48740] 보건복지부 국립부곡병원 | 2026년 제4회 국립부곡병원 의무직 공무원 경력경쟁채용시험  3차 재공고 | e01 | g01 | 지역외(코드): 48740
[나라일터][경기] 과학기술정보통신부 우정사업본부 경인지방우정청 화성동탄우체국 | 2026년 제8회 화성동탄우체국 기간제 상시집배원 채용시험 공고(봉담우체국) | e04 | g01 | 고용형태 제외(나라일터): e04
[나라일터][48740] 보건복지부 국립부곡병원 | 2026년  제3회 국립부곡병원 약무직 공무원 경력경쟁채용시험 3차 재공고 | e01 | g01 | 지역외(코드): 48740
[나라일터][26200] 한국해양대학교 학생생활관 | 2026년도 제8회 대학회계계약직 공개경쟁채용 모집 공고(조리원) | e04 | g01 | 지역외(코드): 26200
[나라일터][서울] 서울특별시교육청 서울특별시중부교육지원청 보성여자중학교 | 2026학년도 2학기 보성여자중학교 기간제 교사(사회) 채용 공고 | e10 | g04 | 고용형태 제외(나라일터): e10
[나라일터][26230] 문화체육관광부 국립국악원 부산국악원 | 국립부산국악원 장악과 공무직 채용 공고 | e04 | g01 | 지역외(코드): 26230
[나라일터][36110] 보건복지부 | 보건복지부 아동보호자립과 공무직 채용 일정 변경 공고 | e04 | g01 | 지역외(코드): 36110
[나라일터][인천] 인천광역시교육청 인천과학예술영재학교 | 2026학년도 인천과학예술영재학교 계학제교원(4차) 채용 공고 | e10 | g04 | 고용형태 제외(나라일터): e10
[나라일터][26230] 부산광역시 | 클래식부산 대표(개방형직위) 공개모집 공고 | e05 | g02 | 지역외(코드): 26230
[나라일터][경기] 경찰청 경기도남부경찰청 | (서류전형 합격자발표)2026년 경기남부경찰청 무기계약직근로자(환경미화) 서류전형 합격자  | e04 | g01 | 고용형태 제외(나라일터): e04
[나라일터][26110] 부산광역시 | 부산근현대역사관장(개방형직위) 공개모집 공고 | e05 | g02 | 지역외(코드): 26110
[나라일터][36110] 산업통상부 | 산업통상부 「미래차 산업육성 및 기반조성 담당」(공모직위) 공개모집 | e06 | g01 | 지역외(코드): 36110
[나라일터][36110] 산업통상부 | 산업통상부 「제조 AX 확산 담당」(공모직위) 공개모집 | e06 | g01 | 지역외(코드): 36110
[한국철도공사][서울] 한국철도공사 | 2026년 하반기 한국철도공사 장애인 체험형 인턴사원 채용공고(~10.6. 14:00) |  | 제외어: 인턴
[한국철도공사][서울] 한국철도공사 | 2026년 하반기 한국철도공사 청년 체험형 인턴사원 채용공고(~9.30. 14:00) |  | 제외어: 인턴
[MOEF][서울] (재)우체국물류지원단 | 우체국물류지원단 서울지사 동서울물류사업소 기간제(일용직_우편물구분) 채용 공고 | 운전.운송 | 신입+경력 | 비정규직 | 키워드 미매칭
[MOEF][서울] 동북아역사재단 | 동북아역사재단 직원(행정직(일반,전산), 공무직(일반), 기간제, 청년인턴) 공개채용 공고 | 경영.회계.사무,정보통신 | 신입+경력 | 정규직,무기계약직,비정규직,청년인턴(체험형) | 키워드 미매칭
[MOEF][서울] 서울대학교치과병원 | 서울대학교치과병원 2026년 하반기 정규직(간호직) 채용 공고 | 보건.의료 | 신입+경력 | 정규직 | 키워드 미매칭
[MOEF][서울] 서울대학교치과병원 | 서울대학교치과병원 단시간근무자(간호조무사, 비서) 채용 공고 | 보건.의료 | 신입+경력 | 비정규직 | 키워드 미매칭
[MOEF][서울] 서울대학교치과병원 | 서울대학교치과병원 단시간근무자(장애인 제한경쟁) 채용 공고 | 보건.의료 | 신입+경력 | 비정규직 | 키워드 미매칭
[MOEF][서울] 서울대학교치과병원 | 서울대학교치과병원 단시간근무자(치과위생사) 채용 공고 | 보건.의료 | 신입+경력 | 비정규직 | 키워드 미매칭
[MOEF][서울] 서울대학교치과병원 | 서울대학교치과병원 촉탁간호직(병동) 채용 공고 | 보건.의료 | 신입+경력 | 비정규직 | 키워드 미매칭
[나라일터][지역 미상] 통일부 | (발표 연기) 통일부 학예연구사, 운전서기보 경력경쟁채용시험 발표 연기 공고 | e01 | g01 | 키워드 미매칭
[나라일터][서울] 서울특별시 성동구 | 서울특별시 성동구 시간선택제임기제공무원(아동보호전담요원) 채용 공고 | e01 | g02 | 키워드 미매칭
[나라일터][인천] 국토교통부 서울지방항공청 | 서울지방항공청 전문임기제 공무원 최종합격자 공고 | e01 | g01 | 키워드 미매칭
[철도산업정보][지역 미상] 공항철도 | 2026년 하반기 공항철도(주) 채용공고 |  | 키워드 미매칭