=== 2026-09-30 필터 통계 ===
  수집               469건
  중복 제거            2건
  지역 제외            215건
  상태 제외            0건
  고용형태 제외          43건
  경력구분 제외          47건
  제외어              5건
  키워드 미매칭          10건
  링크없음 제외          1건
  트랙A 매칭           2건
  트랙B 매칭           2건
  트랙C 매칭           0건
----------------------------------------
[KRID][인천광역시] 인천광역시제물포구시설관리공단 | 2026년도 제3회 체험형 청년인턴 채용공고 | 경영·회계·사무 | 인턴 | 모집중 | 제외어: 청년인턴
[KRID][경기도] 안성시시설관리공단 | 2026년도 제2회 청년 체험형 인턴 채용 재공고 | 경영·회계·사무 | 인턴 | 모집중 | 제외어: 인턴
[MOEF][대전] 한전원자력연료주식회사 | 2026년도 하반기 한전원자력연료 체험형 청년인턴 채용 공고 | 사업관리,경영.회계.사무,건설,기계,재료,화학,전기.전자,환경.에너지.안전,연구 | 신입 | 청년인턴(체험형) | 지역외: 대전
[MOEF][충남] 한국서부발전(주) | 2026년도 하반기 별정직 신입사원 모집 공고 | 보건.의료,화학,환경.에너지.안전 | 신입 | 정규직 | 지역외: 충남
[MOEF][서울,인천] 서민금융진흥원 | 2026년 서민금융진흥원 제3차 기간제(육아휴직대체) 직원 채용공고 | 경영.회계.사무,금융.보험 | 신입 | 비정규직 | 경력구분 제외: 신입 단독
[MOEF][인천,경기,충남] 한국서부발전(주) | 2026년도 하반기 4직급 고졸 신입사원 모집 공고 | 기계,전기.전자 | 신입 | 정규직 | 경력구분 제외: 신입 단독
[MOEF][인천,경기,충남] 한국서부발전(주) | 2026년도 하반기 4직급 대졸 신입사원 모집 공고 | 경영.회계.사무,건설,기계,화학,전기.전자,정보통신 | 신입 | 정규직 | 경력구분 제외: 신입 단독
[MOEF][전북] 한국탄소산업진흥원 | 2026-04호 채용공고 | 사업관리,경영.회계.사무,교육.자연.사회과학,기계,재료,화학,섬유.의복,환경.에너지.안전,연구 | 신입+경력 | 비정규직 | 지역외: 전북
[MOEF][전북] 태권도진흥재단 | 2026년 태권도원 체험관[얍] 운영 기간제근로자(보조인력) 채용 | 이용.숙박.여행.오락.스포츠 | 신입 | 비정규직 | 지역외: 전북
[MOEF][제주] 한전KPS(주) | 한전KPS(주)제주사업소 가공송전선로 부지정비 및 수목벌채 단기노무원 채용공고 | 전기.전자 | 신입+경력 | 비정규직 | 지역외: 제주
[MOEF][대구,인천,대전] 한국농어촌공사 | 2026년도 직무중심 신입사원(5급, 6급) 채용 공고 | 경영.회계.사무,건설,전기.전자,정보통신,환경.에너지.안전,농림어업 | 신입 | 정규직 | 경력구분 제외: 신입 단독
[MOEF][서울] 근로복지공단 | [서울남부지사]기간제(시설미화원-휴직대체) 채용 재공고 | 경비.청소 | 신입 | 비정규직 | 경력구분 제외: 신입 단독
[MOEF][강원] 국립공원공단 | 국립공원공단 기간제(사무행정) 직원 채용 | 경영.회계.사무,문화.예술.디자인.방송 | 신입+경력 | 비정규직 | 지역외: 강원
[MOEF][전북] 국립중앙의료원 | 계약직 행정(전북응급의료지원센터) 채용 재공고 | 보건.의료 | 신입+경력 | 비정규직 | 지역외: 전북
[MOEF][전남광주] 국립공원공단 | [지리산전북] 지리산국립공원전북사무소 한시인력(국립공원지킴이) 모집 | 환경.에너지.안전 | 신입+경력 | 비정규직 | 지역외: 전남광주
[MOEF][충남] 한전KPS(주) | 한전KPS(주)충남전북전력지사(아산지점) 단기노무원 채용 공고 | 전기.전자 | 신입+경력 | 비정규직 | 지역외: 충남
[MOEF][서울,충북,전남] 한국마약퇴치운동본부 | 한국마약퇴치운동본부 2026년 제4차 채용공고 | 사업관리,경영.회계.사무,교육.자연.사회과학,사회복지.종교 | 신입 | 정규직,비정규직 | 경력구분 제외: 신입 단독
[MOEF][충남] 학교법인한국폴리텍 | 한국폴리텍특성화대학 바이오캠퍼스 업무직(대학운영직_영양사) 채용 공고 | 음식서비스 | 신입+경력 | 무기계약직 | 지역외: 충남
[MOEF][충북] 한국전력공사 | 기간제근로자 (대체인력)채용 공고[충북본부 진천지사] | 전기.전자 | 신입 | 비정규직 | 지역외: 충북
[MOEF][세종] 국토연구원 | 국토연구원 2026년 제10차 위촉직(기간제) 공개채용 | 연구 | 신입+경력 | 비정규직 | 지역외: 세종
[MOEF][전남광주] 농림식품기술기획평가원 | 2026년도 2차 정규직 채용 공고 | 사업관리,경비.청소,정보통신 | 신입 | 정규직 | 지역외: 전남광주
[MOEF][대구] 경북대학교병원 | 2026년 대구의료원 파견의사(진료교수) 상시 초빙 공고 | 보건.의료 | 신입 | 비정규직 | 지역외: 대구
[MOEF][전북] 국립공원공단 | [내장산생태탐방원] 2026년 내장산생태탐방원 한시인력(국립공원지킴이) 채용 공고 | 환경.에너지.안전 | 신입+경력 | 비정규직 | 지역외: 전북
[MOEF][서울,경기] 한국체육산업개발(주) | 2026년도 NCS기반 신규직원 블라인드 채용 공고 | 경영.회계.사무,건설,기계,전기.전자 | 신입 | 정규직 | 경력구분 제외: 신입 단독
[MOEF][경남] 대한적십자사 | 2026년 대한적십자사 경상남도지사 비정규직 (대체인력) 채용 공고 | 경영.회계.사무 | 신입 | 비정규직 | 지역외: 경남
[MOEF][서울] 한국문화관광연구원 | 한국문화관광연구원 위촉직원 채용 공고 [2026-39] | 연구 | 신입 | 비정규직 | 경력구분 제외: 신입 단독
[MOEF][전남광주] 대한적십자사 | 대한적십자사 전남광주혈액원 비정규직 기간제(장애인) 채용 공고 | 보건.의료 | 신입 | 비정규직 | 지역외: 전남광주
[MOEF][대전] 대한적십자사 | 대전세종충남혈액원 비정규직 육아휴직 대체 사무보조원 채용 공고 | 경영.회계.사무 | 신입 | 비정규직 | 지역외: 대전
[MOEF][서울] 육아정책연구소 | [제2026-16호] 육아정책연구소 청년인턴(행정인턴) 단시간 장애인 제한경쟁 채용 | 경영.회계.사무 | 신입+경력 | 청년인턴(체험형) | 고용형태 제외: 청년인턴(체험형)
[MOEF][전남광주] 근로복지공단 | [순천병원] 기간제(간호조무사) 채용 공고 | 보건.의료 | 신입 | 비정규직 | 지역외: 전남광주
[MOEF][전남광주] 근로복지공단 | [순천병원] 기간제(물리치료사) 채용 공고 | 보건.의료 | 신입 | 비정규직 | 지역외: 전남광주
[MOEF][대전] 충남대학교병원 | [대전] 2026년 하반기 충남대학교병원 보건직(의학물리사) 공개채용 | 보건.의료 | 경력 | 정규직 | 지역외: 대전
[MOEF][제주] 제주대학교병원 | 제주대학교병원 휴직대체 계약직(방사선사) 모집공고 | 보건.의료 | 신입+경력 | 비정규직 | 지역외: 제주
[MOEF][전남광주] 국립공원공단 | [국립공원해양생태보전원] 국립공원해양생태보전원 기간제[국립공원지킴이(한시인력)] 채용 공고 | 환경.에너지.안전 | 신입+경력 | 비정규직 | 지역외: 전남광주
[MOEF][경북] 국립공원공단 | [주왕산] 2026년도 주왕산국립공원 한시인력(탐방해설) 직원 추가 채용 재공고 | 이용.숙박.여행.오락.스포츠 | 신입+경력 | 비정규직 | 지역외: 경북
[MOEF][제주] 제주대학교병원 | 제주대학교병원 휴직대체 계약직(간호사, 업무지원_환경, 보건의료정보관리사, 응급구조사, 행 | 보건.의료 | 신입+경력 | 비정규직 | 지역외: 제주
[MOEF][충남] 한전KPS(주) | 한전KPS(주)충남전북전력지사(청양지점) 단기노무원 채용 공고 | 전기.전자 | 신입+경력 | 비정규직 | 지역외: 충남
[MOEF][제주] 제주대학교병원 | 제주대학교병원 계약직(가정전문간호사, 영상의학과 간호사) 모집공고 | 보건.의료 | 신입+경력 | 무기계약직 | 지역외: 제주
[MOEF][충북] 한국수자원공사 | [한국수자원공사] 금강유역협력단 괴산현대화사업팀 특수직(사무관리_건설사업) 채용 공고 | 경영.회계.사무 | 신입+경력 | 비정규직 | 지역외: 충북
[MOEF][충남] 한국수자원공사 | [한국수자원공사] 금강유역협력단 부여2차현대화사업팀 특수직(사무관리_건설사업) 채용 공고 | 경영.회계.사무 | 신입+경력 | 비정규직 | 지역외: 충남
[MOEF][충남] 한국수자원공사 | [한국수자원공사] 금강유역협력단 부여현대화사업팀 특수직(기술관리_건설사업) 채용 공고 | 사업관리,건설,기계,전기.전자,정보통신,환경.에너지.안전 | 신입+경력 | 비정규직 | 지역외: 충남
[MOEF][충남] 한국수자원공사 | [한국수자원공사] 금강유역협력단 공주2차현대화사업팀 특수직(기술관리_건설사업) 채용 공고 | 사업관리,건설,기계,전기.전자,정보통신,환경.에너지.안전 | 신입+경력 | 비정규직 | 지역외: 충남
[MOEF][충남] 한국수자원공사 | [한국수자원공사] 금강유역협력단 공주2차현대화사업팀 특수직(사무관리_건설사업) 채용 공고 | 경영.회계.사무 | 신입+경력 | 비정규직 | 지역외: 충남
[MOEF][전북] 한국수자원공사 | [한국수자원공사] 정읍권지사 단기계약근로자(수탁운영_지방상수도 고객관리) 채용 공고(장애인 | 경영.회계.사무 | 신입+경력 | 비정규직 | 지역외: 전북
[MOEF][서울] 한국문화관광연구원 | 한국문화관광연구원 2026년 제4차 청년인턴 채용 | 경영.회계.사무 | 신입 | 청년인턴(체험형) | 고용형태 제외: 청년인턴(체험형)
[MOEF][충남] 한전KPS(주) | 한전KPS(주) 대외사업센터 단기노무원 채용 공고(당진 GS EPS) | 전기.전자 | 신입+경력 | 비정규직 | 지역외: 충남
[MOEF][충북] 오송첨단의료산업진흥재단 | 오송첨단의료산업진흥재단 2026년도 제6차 체험형 청년인턴 채용 공고 | 사업관리,경영.회계.사무,환경.에너지.안전 | 신입 | 청년인턴(체험형) | 지역외: 충북
[MOEF][서울] 해양수산과학기술진흥원 | 2026년도 제3차 신규직원(체험형 인턴) 채용 공고 | 경영.회계.사무 | 신입 | 비정규직 | 경력구분 제외: 신입 단독
[MOEF][세종] 충남대학교병원 | [세종] 2026년 9월 비정규직(계약직, 업무지원계약직) 직원 채용공고 | 보건.의료 | 신입+경력 | 비정규직 | 지역외: 세종
[MOEF][대전] 한국연구재단 | 2026년 제2차 한국연구재단 직원 채용(공무직(시설관리직, 미화직)) | 경비.청소,기계,전기.전자,환경.에너지.안전 | 신입 | 정규직 | 지역외: 대전
[MOEF][세종] 충남대학교병원 | [세종] 2026년 9월 업무지원직 직원 채용공고 | 보건.의료 | 신입+경력 | 정규직 | 지역외: 세종
[MOEF][서울,대전,경기] 스포츠윤리센터 | 스포츠윤리센터 2026년 제2차 직원 신규채용 공고 | 사업관리,경영.회계.사무,교육.자연.사회과학,법률.경찰.소방.교도.국방,정보통신 | 신입 | 정규직,비정규직 | 경력구분 제외: 신입 단독
[MOEF][강원] 한전KPS(주) | 한전KPS(주)강원충북전력지사 단기노무원(강릉지점 차량순시) 채용공고(31차) | 건설,전기.전자 | 신입+경력 | 비정규직 | 지역외: 강원
[MOEF][서울,부산,대구] 한국농수산식품유통공사 | 2026년 신입직원 채용공고 | 사업관리,경영.회계.사무,건설,정보통신,환경.에너지.안전,농림어업 | 신입 | 정규직 | 경력구분 제외: 신입 단독
[MOEF][경기] 분당서울대학교병원 | 분당서울대학교병원 단시간일반직(선임급연구원) 채용공고 | 보건.의료 | 신입 | 비정규직 | 경력구분 제외: 신입 단독
[MOEF][광주,전남] 전남대학교병원 | 2026년도 전임의사 상시 공개채용 변경 공고 | 보건.의료 | 신입 | 정규직 | 지역외: 광주,전남
[MOEF][경기] 분당서울대학교병원 | 분당서울대학교병원 단시간업무지원직 채용공고 | 보건.의료 | 신입 | 비정규직 | 경력구분 제외: 신입 단독
[MOEF][경기] 분당서울대학교병원 | 분당서울대학교병원 단시간일반직 채용공고 | 보건.의료 | 신입 | 비정규직 | 경력구분 제외: 신입 단독
[MOEF][서울] 서울대학교병원 | 2026년도 하반기 서울대학교병원 블라인드 장애인 직원채용 (무기계약직) 공고 | 보건.의료 | 신입 | 무기계약직 | 경력구분 제외: 신입 단독
[MOEF][경기] 분당서울대학교병원 | 분당서울대학교병원 직원(계약업무지원직) 채용공고 | 보건.의료 | 신입 | 비정규직 | 경력구분 제외: 신입 단독
[MOEF][전남광주] 국립공원공단 | [다도해해상]2026년 다도해해상 국립공원지킴이[한시인력/녹색순찰대] 직원 채용(5차) | 환경.에너지.안전 | 신입+경력 | 비정규직 | 지역외: 전남광주
[MOEF][경북] 한국수력원자력(주) | 2026년도 제9차 경력사원(고위직) 선발 | 사업관리,경영.회계.사무,기계,전기.전자,환경.에너지.안전 | 경력 | 비정규직 | 지역외: 경북
[MOEF][서울,부산,대구] 한국사학진흥재단 | 한국사학진흥재단 2026년 3차 직원 채용(체험형 청년인턴(단시간), 장애인 제한경쟁) | 경영.회계.사무 | 신입 | 청년인턴(체험형) | 고용형태 제외: 청년인턴(체험형)
[MOEF][전남광주] 국립공원공단 | [다도해해상]2026년 다도해해상 국립공원지킴이[한시인력/녹색순찰대] 직원 채용(4차) 추 | 환경.에너지.안전 | 신입+경력 | 비정규직 | 지역외: 전남광주
[MOEF][서울] (사)남북교류협력지원협회 | 2026년 제2차 남북교류협력지원협회 직원(정규직 및 육아휴직대체) 채용 공고 | 사업관리 | 신입 | 정규직,비정규직 | 경력구분 제외: 신입 단독
[MOEF][강원] 근로복지공단 | [태백병원] 기간제 의사(병동당직의) 채용 공고 | 보건.의료 | 신입 | 비정규직 | 지역외: 강원
[MOEF][서울] 서울대학교병원 | 서울대학교병원 블라인드 직원채용 (무기계약직) 공고 (장애인 특별우대) | 보건.의료 | 신입 | 무기계약직 | 경력구분 제외: 신입 단독
[MOEF][울산] 한국산업안전보건공단 | [안전보건공단] 본부(울산) 기간제 근로자 채용공고 | 사업관리,경영.회계.사무 | 신입 | 비정규직 | 지역외: 울산
[MOEF][해외] 극지연구소 | 2026년 남극과학기지 월동연구대 채용 재공고 (발전 분야) | 전기.전자 | 경력 | 비정규직 | 지역외: 해외
[MOEF][부산] 동남권원자력의학원 | [직원채용] 동남권원자력의학원 박사후 연수연구원(첨단방사선AI융합연구팀) 공개 채용 | 연구 | 신입+경력 | 비정규직 | 지역외: 부산
[MOEF][부산] 동남권원자력의학원 | [직원채용] 정규직 의사직(방사선비상진료센터) 채용 | 보건.의료 | 신입+경력 | 정규직 | 지역외: 부산
[MOEF][부산] 동남권원자력의학원 | [직원채용] 별정직 의사직(산부인과) 채용 | 보건.의료 | 신입+경력 | 비정규직 | 지역외: 부산
[MOEF][부산] 동남권원자력의학원 | [직원채용] 별정직 의사직(감염내과) 채용  | 보건.의료 | 신입+경력 | 비정규직 | 지역외: 부산
[MOEF][부산] 동남권원자력의학원 | [직원채용] 별정직 의사직(호흡기내과) 초빙 | 보건.의료 | 신입+경력 | 비정규직 | 지역외: 부산
[MOEF][부산] 동남권원자력의학원 | [직원채용] 정규직 의사직(마취통증의학과) 공개 채용 | 보건.의료 | 신입+경력 | 정규직 | 지역외: 부산
[MOEF][부산] 동남권원자력의학원 | [직원채용] 별정직 의사직(응급실) 공개채용 | 보건.의료 | 신입+경력 | 비정규직 | 지역외: 부산
[MOEF][부산] 동남권원자력의학원 | [직원채용] 별정직 의사직(병동 당직의) 공개 채용 | 보건.의료 | 신입+경력 | 비정규직 | 지역외: 부산
[MOEF][부산] 동남권원자력의학원 | [직원채용] 별정직 의사직(신경외과 전임의) 공개 채용(재공고) | 보건.의료 | 신입+경력 | 비정규직 | 지역외: 부산
[MOEF][부산] 동남권원자력의학원 | [직원채용] 정규직 의사직(핵의학과) 공개 채용 | 보건.의료 | 신입+경력 | 정규직 | 지역외: 부산
[MOEF][부산] 동남권원자력의학원 | [직원채용] 동남권원자력의학원 박사후 연수연구원(첨단방사선종양연구팀) 공개 채용 | 연구 | 신입+경력 | 비정규직 | 지역외: 부산
[MOEF][울산] 한국산업안전보건공단 | [안전보건공단] 본부(울산) 업무직 채용공고 | 기계,환경.에너지.안전 | 신입 | 무기계약직 | 지역외: 울산
[MOEF][충북] 한국보건복지인재원 | (제2026-10호) 한국보건복지인재원 업무지원직 채용 공고 | 경영.회계.사무,운전.운송,경비.청소 | 신입+경력 | 무기계약직 | 지역외: 충북
[MOEF][충북] 한국보건복지인재원 | (제2026-9호) 한국보건복지인재원 사업기반 계약직 채용 공고 | 사업관리,교육.자연.사회과학,보건.의료,사회복지.종교 | 경력 | 비정규직 | 지역외: 충북
[MOEF][서울,부산,대구] 한국보건복지인재원 | (제2026-8호) 한국보건복지인재원 신규직원(일반공무직_장애) 채용 공고 | 경영.회계.사무,교육.자연.사회과학,보건.의료,사회복지.종교 | 신입 | 무기계약직 | 경력구분 제외: 신입 단독
[MOEF][충북] 한국보건복지인재원 | (제2026-7호) 한국보건복지인재원 교수직 채용 공고 | 교육.자연.사회과학,보건.의료,사회복지.종교 | 경력 | 정규직 | 지역외: 충북
[MOEF][충북,경북] 국립공원공단 | [속리산] 속리산국립공원사무소 기간제(탐방해설) 직원 채용 재공고 | 이용.숙박.여행.오락.스포츠 | 신입+경력 | 비정규직 | 지역외: 충북,경북
[MOEF][대전] 한국등산·트레킹지원센터 | 2026년도 한국등산트레킹지원센터 기간제근로자(보훈 제한경쟁) 채용 재공고 | 경영.회계.사무 | 신입 | 비정규직 | 지역외: 대전
[MOEF][울산] 한국법무보호복지공단 | 2026년 한국법무보호복지공단 울산지부 심리상담직(육아휴직대체직) 경력경쟁채용시험 공고 | 사회복지.종교 | 경력 | 비정규직 | 지역외: 울산
[MOEF][경남] 한국산업기술시험원 | 2026년 한국산업기술시험원 위촉직(운전기사) 공개모집(재공고) | 운전.운송 | 신입 | 비정규직 | 지역외: 경남
[MOEF][경북] 한국전력공사 | 2026년 제4차 기간제 근로자 채용 공고[경북본부] | 경영.회계.사무,전기.전자 | 신입 | 비정규직 | 지역외: 경북
[MOEF][세종] 산업연구원 | 2026년 제14차 위촉직원 채용공고(휴직대체) | 연구 | 신입+경력 | 비정규직 | 지역외: 세종
[MOEF][강원] 국립공원공단 | [설악산] 설악산국립공원 기간제 직원[환경관리(한시인력)] 채용 공고 | 경비.청소,이용.숙박.여행.오락.스포츠,환경.에너지.안전 | 신입+경력 | 비정규직 | 지역외: 강원
[MOEF][경기] 분당서울대학교병원 | 2027년도 정신건강임상심리사(수련) 채용공고(장애인우대) | 보건.의료 | 신입 | 비정규직 | 경력구분 제외: 신입 단독
[MOEF][경기] 분당서울대학교병원 | 2027년도 임상연수사회복지사 채용공고(장애인우대) | 보건.의료 | 신입 | 비정규직 | 경력구분 제외: 신입 단독
[MOEF][경기] 분당서울대학교병원 | 2027년도 임상연수영양사 채용공고(장애인우대) | 보건.의료 | 신입 | 비정규직 | 경력구분 제외: 신입 단독
[MOEF][경기] 분당서울대학교병원 | 2027년도 전공약사(레지던트약사) 채용공고(장애인우대) | 보건.의료 | 신입 | 비정규직 | 경력구분 제외: 신입 단독
[MOEF][대전] 한국원자력안전기술원 | 한국원자력안전기술원 공모직전문위원 채용 | 경영.회계.사무,연구 | 경력 | 비정규직 | 지역외: 대전
[MOEF][강원] 국립공원공단 | [설악산] 설악산국립공원 기간제 직원[탐방해설, 탐방시설, 환경관리, 탐방안전] 채용 공고 | 경비.청소,이용.숙박.여행.오락.스포츠,환경.에너지.안전 | 신입+경력 | 비정규직 | 지역외: 강원
[MOEF][전남광주] 전남대학교병원 | 2026년 진료전담의사 상시 공개채용 공고 | 보건.의료 | 신입 | 비정규직 | 지역외: 전남광주
[MOEF][세종] 건축공간연구원 | 건축공간연구원 위촉직 모집 | 연구 | 신입+경력 | 비정규직 | 지역외: 세종
[MOEF][충북,전남광주] 한국에너지공단 | 한국에너지공단 공무직 채용 공고 | 경비.청소,전기.전자 | 신입+경력 | 무기계약직 | 지역외: 충북,전남광주
[MOEF][충북] 한전KPS(주) | 한전KPS(주)강원충북전력지사 단기노무원(신청주지점 송전업무정비보조) 채용 공고(29차) | 전기.전자,환경.에너지.안전 | 신입+경력 | 비정규직 | 지역외: 충북
[MOEF][세종] 한국교통연구원 | 2026년 PAO 인턴 채용공고 | 경영.회계.사무 | 신입 | 청년인턴(체험형) | 지역외: 세종
[MOEF][경남] 경상국립대학교병원 | [창원경상국립대학교병원] 약무직 채용 공고 | 보건.의료 | 신입+경력 | 정규직 | 지역외: 경남
[MOEF][서울,대전,충북] 한국철도공사 | 2026년 하반기 한국철도공사 신입사원(관제분야) 채용 공고	 | 경영.회계.사무,운전.운송 | 신입 | 정규직 | 경력구분 제외: 신입 단독
[MOEF][경남] 경상국립대학교병원 | [창원경상국립대학교병원] 전문직1등급(촉탁의) 채용공고 | 보건.의료 | 신입 | 비정규직 | 지역외: 경남
[MOEF][전남광주] 국립공원공단 | [내장산백암] 내장산국립공원백암사무소 한시인력(국립공원지킴이_녹색순찰대) 채용 공고 | 경비.청소,환경.에너지.안전 | 신입+경력 | 비정규직 | 지역외: 전남광주
[MOEF][경남] 대한적십자사 | 대한적십자사 합천원폭피해자복지회관 직원(조리원) 채용공고 | 사회복지.종교 | 신입+경력 | 무기계약직 | 지역외: 경남
[MOEF][충남] 학교법인한국폴리텍 | 한국폴리텍특성화대학 바이오캠퍼스 업무직(대학운영직_조리원) 채용공 | 음식서비스 | 신입+경력 | 무기계약직 | 지역외: 충남
[MOEF][인천] 인천항만공사 | 2026년 하반기 인천항만공사 채용형 인턴 채용공고 | 경영.회계.사무,건설,기계,전기.전자,환경.에너지.안전 | 신입 | 청년인턴(채용형) | 고용형태 제외: 청년인턴(채용형)
[MOEF][전남광주] 한국수자원공사 | [한국수자원공사] 전남북부권지사 단기계약근로자(사무관리_건설사업) 채용 공고 | 경영.회계.사무 | 신입+경력 | 비정규직 | 지역외: 전남광주
[MOEF][세종] 한국노동연구원 | 한국노동연구원 기간제 행정원(보훈대상자 제한경쟁) 채용 공고 | 경영.회계.사무 | 신입+경력 | 비정규직 | 지역외: 세종
[MOEF][서울] 대한무역투자진흥공사 | 2026년 하반기 KOTRA 공무직 채용 공고 | 사업관리,경영.회계.사무,경비.청소 | 신입 | 무기계약직 | 경력구분 제외: 신입 단독
[MOEF][서울] 한국문화관광연구원 | 한국문화관광연구원 위촉직원 채용 공고[2026-38] | 연구 | 신입 | 비정규직 | 경력구분 제외: 신입 단독
[MOEF][서울,부산,대구] 한국보훈복지의료공단 | 한국보훈복지의료공단 2027년 보훈병원 간호직 통합 공개채용 공고 | 보건.의료 | 신입 | 정규직 | 경력구분 제외: 신입 단독
[MOEF][제주] 한국장애인개발원 | [제2026-111호]2026년도 제6차 제주특별자치도장애아동·발달장애인지원센터 [장애아동 | 사업관리,경영.회계.사무,사회복지.종교 | 신입+경력 | 청년인턴(체험형) | 지역외: 제주
[MOEF][대전] 한국연구재단 | 한국연구재단 PM(기초연구본부장) 초빙 재공고 | 사업관리 | 신입+경력 | 비정규직 | 지역외: 대전
[MOEF][대전] 대한적십자사 | [대한적십자사 대전세종지사] 2026년도 2차 육아휴직 대체인력(계약직) 채용 공고 | 경영.회계.사무 | 신입 | 비정규직 | 지역외: 대전
[MOEF][대구] 한국보훈복지의료공단 | [대구보훈병원] 정규직 보건직(임상병리사) 채용 공고 | 보건.의료 | 신입+경력 | 정규직 | 지역외: 대구
[MOEF][서울] 한국수출입은행 | 한국수출입은행 2026년 하반기 KSP/EIPP연구원(별정직원) 채용 | 사업관리 | 신입 | 비정규직 | 경력구분 제외: 신입 단독
[MOEF][세종] 한국환경연구원 | [한국환경연구원] 임시직(일반행정) 채용 공고(경영지원실 대체인력)(0922) | 경영.회계.사무 | 신입+경력 | 비정규직 | 지역외: 세종
[MOEF][세종] 축산물품질평가원 | 2026년 하반기 운영직(사무일반) 채용공고 | 사업관리,경영.회계.사무,농림어업 | 신입 | 무기계약직 | 지역외: 세종
[MOEF][전남광주] 한국농촌경제연구원 | 한국농촌경제연구원 2026년 제8차(재공모) 청년인턴(장애인 제한경쟁) 채용 공고 | 경영.회계.사무 | 신입 | 청년인턴(체험형) | 지역외: 전남광주
[MOEF][서울] 대한적십자사 | 2026년도 제10차 혈액관리본부 소속기관 의무직 신규채용 공고(중앙혈액검사센터) | 보건.의료 | 신입 | 비정규직 | 경력구분 제외: 신입 단독
[MOEF][세종,충북,전북] 한국전력공사 | 2026년도 제2차 4(나)직급 전문인력 채용공고 | 건설,기계,전기.전자,환경.에너지.안전 | 경력 | 정규직 | 지역외: 세종,충북,전북,전남광주
[MOEF][대구] 한국교육학술정보원 | 2026년 제6차 직원(청년인턴(장애·보훈 제한경쟁)) 채용 | 경영.회계.사무,교육.자연.사회과학,연구 | 신입 | 비정규직,청년인턴(체험형) | 지역외: 대구
[MOEF][세종] 한국조세재정연구원 | [한국조세재정연구원] 공공기관연구센터 소장 초빙 | 사업관리,연구 | 신입+경력 | 비정규직 | 지역외: 세종
[MOEF][대구] 한국교육학술정보원 | 2026년 제6차 직원(무기계약직-운영직) 채용 | 경비.청소 | 신입 | 무기계약직 | 지역외: 대구
[MOEF][대구] 한국교육학술정보원 | 2026년 제6차 직원(정규직) 채용 | 경영.회계.사무,교육.자연.사회과학,정보통신,연구 | 신입 | 정규직 | 지역외: 대구
[MOEF][부산] 기술보증기금 | 기술보증기금 사무지원인력 채용공고 (기업구조혁신부) | 금융.보험 | 신입 | 비정규직 | 지역외: 부산
[MOEF][서울] 기술보증기금 | 기술보증기금 사무지원인력 채용공고 (가산지점) | 금융.보험 | 신입 | 비정규직 | 경력구분 제외: 신입 단독
[MOEF][경기] 국민건강보험공단 일산병원 | 2027년도 수련생(정신건강임상심리사 1급-1년차 과정) 모집공고 | 보건.의료 | 신입 | 청년인턴(체험형) | 고용형태 제외: 청년인턴(체험형)
[MOEF][경기] 국민건강보험공단 일산병원 | 2026년도 사무직 수련생(체험형 청년인턴)(장애인·보훈 제한경쟁) 채용 공고 | 보건.의료 | 신입 | 청년인턴(체험형) | 고용형태 제외: 청년인턴(체험형)
[MOEF][서울,부산,대구] 한국전력공사 | 2026년도 하반기 보훈 채용공고 | 경영.회계.사무,전기.전자,정보통신 | 신입 | 정규직 | 경력구분 제외: 신입 단독
[MOEF][강원] 대한석탄공사 | 2026년 한시적계약직 특별채용 재공고(팀장급) | 경영.회계.사무,환경.에너지.안전 | 경력 | 비정규직 | 지역외: 강원
[MOEF][세종] KDI국제정책대학원 | [KDI국제정책대학원] 2026년 제10차 인턴직원 채용(경영기획) | 경영.회계.사무 | 신입+경력 | 청년인턴(체험형) | 지역외: 세종
[MOEF][경기] 국민건강보험공단 일산병원 | 2026년 하반기 정규직(사무직-일반사무) 모집공고 | 경영.회계.사무 | 신입 | 정규직 | 경력구분 제외: 신입 단독
[MOEF][경남] 경상국립대학교병원 | 계약직(야간전담당직약사) 채용공고 | 보건.의료 | 신입+경력 | 비정규직 | 지역외: 경남
[MOEF][서울] 한국공정거래조정원 | 한국공정거래조정원 2026년 제4차 기간제 근로자 채용 공고 | 경영.회계.사무,법률.경찰.소방.교도.국방,연구 | 신입 | 비정규직 | 경력구분 제외: 신입 단독
[MOEF][대전,경북] 한전KDN | 한전KDN(주) 원전인프라부 프로젝트계약근로자 채용공고 | 정보통신 | 신입+경력 | 비정규직 | 지역외: 대전,경북
[MOEF][경기] 한국보훈복지의료공단 | [남양주보훈요양원] 제4차 2026년 요양보호직(정규직 전환 조건) 채용 공고 | 보건.의료 | 신입 | 비정규직 | 경력구분 제외: 신입 단독
[MOEF][세종] 한국직업능력연구원 | [한국직업능력연구원] 2026년도 제6차 기간제 계약직원(휴직자 대체) 채용 공고 | 사업관리,경영.회계.사무 | 신입 | 비정규직 | 지역외: 세종
[MOEF][서울,부산,대구] 중소벤처기업진흥공단 | 2026년 하반기 2차 중소벤처기업진흥공단 체험형 청년인턴(장애인) 채용 공고 | 경영.회계.사무,금융.보험 | 신입 | 청년인턴(체험형) | 고용형태 제외: 청년인턴(체험형)
[MOEF][세종] 중소기업기술정보진흥원 | 2026년 체험형 청년인턴 채용 공고 | 사업관리,경영.회계.사무 | 신입 | 청년인턴(체험형) | 지역외: 세종
[MOEF][세종] 중소기업기술정보진흥원 | 2026년 인공지능혁신추진단장 채용 공고 | 사업관리,경영.회계.사무 | 신입 | 비정규직 | 지역외: 세종
[MOEF][전남광주] 한국보훈복지의료공단 | [광주보훈병원] 계약직 업무지원직(진료지원) 직원 채용 공고 | 보건.의료 | 신입+경력 | 비정규직 | 지역외: 전남광주
[MOEF][전북] 대한적십자사 | [전북혈액원] 비정규직 초단시간 근로자(임상병리사) 채용 공고 | 보건.의료 | 신입 | 비정규직 | 지역외: 전북
[MOEF][세종] 한국보건사회연구원 | 한국보건사회연구원 정규직 신규채용(6차) 연구원 | 사업관리,연구 | 신입 | 정규직 | 지역외: 세종
[MOEF][세종] 한국보건사회연구원 | 한국보건사회연구원 정규직 신규채용(5차) 부연구위원 | 연구 | 신입 | 정규직 | 지역외: 세종
[MOEF][경북] 대한법률구조공단 | 대한법률구조공단 서무직 4급(운전원) 제한경쟁채용 시험 공고 | 경영.회계.사무,법률.경찰.소방.교도.국방,운전.운송 | 신입 | 정규직 | 지역외: 경북
[MOEF][전남광주] 한국인터넷진흥원 | 2026년 한국인터넷진흥원 공무직 2차 채용 공고 - 미화(보훈특별고용) | 경비.청소 | 신입+경력 | 무기계약직 | 지역외: 전남광주
[MOEF][전남광주] 한국인터넷진흥원 | 2026년 한국인터넷진흥원 공무직 2차 채용 공고 - 비서(운전), 미화, 시설관리 등 | 법률.경찰.소방.교도.국방,보건.의료,운전.운송,경비.청소,기계,전기.전자 | 신입+경력 | 무기계약직 | 지역외: 전남광주
[MOEF][서울,전남광주] 한국인터넷진흥원 | 2026년 하반기 한국인터넷진흥원 일반직, 일반계약직 채용 공고 | 사업관리,경영.회계.사무,정보통신 | 신입 | 정규직,무기계약직 | 경력구분 제외: 신입 단독
[MOEF][서울,부산,대구] 대한법률구조공단 | 2026년 대한법률구조공단 일반직 7급 직원 채용 공고 | 경영.회계.사무,법률.경찰.소방.교도.국방 | 신입 | 정규직 | 경력구분 제외: 신입 단독
[MOEF][서울,부산,대구] (주)한국가스기술공사 | 2026년 하반기 신입직원 공개채용 | 건설,기계,전기.전자 | 신입 | 정규직 | 경력구분 제외: 신입 단독
[MOEF][충북] 한국환경공단 | 2026년 한국환경공단 충청권환경본부 재활용품 비축사업 기간제근로자(촉탁) 채용공고 | 환경.에너지.안전 | 신입+경력 | 비정규직 | 지역외: 충북
[MOEF][인천] 한국도로교통공단 | [인천운전면허시험장] 실무계약직(환경관리) 채용 공고 | 경비.청소 | 신입 | 비정규직 | 경력구분 제외: 신입 단독
[MOEF][경남] 한전KDN | 한전KDN(주) 진주지사 AMI 분야 비정규직(장애인) 모집공고 | 전기.전자,정보통신 | 신입+경력 | 비정규직 | 지역외: 경남
[MOEF][대구] 대한적십자사 | 대구경북혈액원 비정규직(육아휴직 대체인력) 임상병리사 채용공고 (11.01. 임용) | 보건.의료 | 신입 | 비정규직 | 지역외: 대구
[MOEF][경남] 한국토지주택공사 | 한국토지주택공사 개방형 직위 공모 | 경영.회계.사무 | 경력 | 비정규직 | 지역외: 경남
[MOEF][서울,부산,대구] 한국철도공사 | 2026년 하반기 한국철도공사 장애인 체험형 인턴사원 채용 공고			 | 경영.회계.사무,운전.운송 | 신입 | 청년인턴(체험형) | 고용형태 제외: 청년인턴(체험형)
[MOEF][전남광주] 한전KDN | 2026년 하반기 한전KDN 별정직 채용공고 | 경비.청소,건설 | 신입 | 무기계약직 | 지역외: 전남광주
[MOEF][서울,부산,대구] 한국무역보험공사 | 한국무역보험공사 2026년 하반기 체험형 청년인턴 채용공고 | 경영.회계.사무,금융.보험 | 신입 | 청년인턴(체험형) | 고용형태 제외: 청년인턴(체험형)
[MOEF][경기] 근로복지공단 | [안산병원] 기간제(사회복지사) 채용 공고 | 보건.의료 | 신입 | 비정규직 | 경력구분 제외: 신입 단독
[MOEF][경기] 근로복지공단 | [안산병원] 기간제(간호조무사) 채용 공고 | 보건.의료 | 신입 | 비정규직 | 경력구분 제외: 신입 단독
[MOEF][경기] 근로복지공단 | [안산병원] 기간제(물리치료사) 채용 공고 | 보건.의료 | 신입 | 비정규직 | 경력구분 제외: 신입 단독
[MOEF][강원] 강원대학교병원 | 2026-45(대체근로자) 채용 공고 | 보건.의료 | 신입 | 비정규직 | 지역외: 강원
[MOEF][강원] 강원대학교병원 | 2026-44(업무협력직) 채용 공고 | 보건.의료 | 신입 | 정규직 | 지역외: 강원
[MOEF][강원] 강원대학교병원 | 2026-43(일반직·원무직) 채용 공고 | 보건.의료 | 신입+경력 | 정규직 | 지역외: 강원
[MOEF][강원] 강원대학교병원 | 2026-42(일반직_간호직 경력) 채용 공고 | 보건.의료 | 경력 | 정규직 | 지역외: 강원
[MOEF][강원] 강원대학교병원 | 2026-41(약무직) 채용 공고 | 보건.의료 | 경력 | 정규직 | 지역외: 강원
[MOEF][경기,충북] 한국소방산업기술원 | 2026년 제3차 기간제 근로자 채용 | 기계,화학,섬유.의복,전기.전자,환경.에너지.안전 | 신입 | 비정규직 | 경력구분 제외: 신입 단독
[MOEF][전남광주] 한전KDN | 한전KDN(주) 목포지사 AMI분야 비정규직 모집공고(재공고) | 정보통신 | 신입+경력 | 비정규직 | 지역외: 전남광주
[MOEF][세종] 한국조세재정연구원 | [한국조세재정연구원] 공무직(경비) 신규인력채용_보훈제한경쟁 | 경비.청소 | 신입+경력 | 무기계약직 | 지역외: 세종
[MOEF][부산,대구,대전] 가축위생방역지원본부 | [가축위생방역지원본부 제2026-41호] 2026년 제3차 정규직 채용 공고 | 경영.회계.사무,보건.의료,농림어업 | 신입 | 무기계약직 | 경력구분 제외: 신입 단독
[MOEF][세종] 한국개발연구원 |  2026년 3분기 3차 KDI 위촉직원(대체인력) 채용 공고(행정직) | 경영.회계.사무 | 신입 | 비정규직 | 지역외: 세종
[MOEF][세종] 한국개발연구원 | 2026년 3분기 3차 KDI 위촉직원(대체인력) 채용 공고(연구직) | 사업관리,연구 | 신입 | 비정규직 | 지역외: 세종
[MOEF][대전] 한국토지주택공사 | 한국토지주택공사 대전충남지역본부 기간제근로자 채용공고 | 경영.회계.사무,사회복지.종교,영업판매 | 신입+경력 | 비정규직 | 지역외: 대전
[MOEF][서울] 예금보험공사 | 예금보험공사 업무지원직원(무기계약직·무기계약직(보훈) 및 육아휴직대체) 채용 안내 | 경영.회계.사무 | 신입 | 무기계약직,비정규직 | 경력구분 제외: 신입 단독
[MOEF][인천] 극지연구소 | 2026년 하반기 극지연구소 연수생 채용 공고 | 연구 | 신입 | 비정규직 | 경력구분 제외: 신입 단독
[MOEF][인천] 극지연구소 | 2026년 하반기 연수연구원(박사후 및 석사후) 채용 공고문 | 연구 | 신입 | 비정규직 | 경력구분 제외: 신입 단독
[MOEF][서울,대전,충남] 한국조폐공사 | 2027년도 한국조폐공사 신입직원(채용형인턴) 채용공고 | 사업관리,경영.회계.사무,문화.예술.디자인.방송,영업판매,기계,화학,전기.전자,정보통신,인쇄.목재.가구.공예,환경.에너지.안전,농림어업,연구 | 신입 | 청년인턴(채용형) | 고용형태 제외: 청년인턴(채용형)
[MOEF][전북] 한국식품산업클러스터진흥원 | 한국식품산업클러스터진흥원 2026년 제4차 직원(정규직, 계약직) 채용 공고 | 사업관리,경영.회계.사무,교육.자연.사회과학,운전.운송,건설,기계,화학,식품가공,환경.에너지.안전 | 신입+경력 | 정규직,무기계약직,비정규직 | 지역외: 전북
[MOEF][세종] 한국항로표지기술원 | 한국항로표지기술원 기간제 계약직(연구원) 채용 공고 | 사업관리,정보통신 | 신입 | 비정규직 | 지역외: 세종
[MOEF][대전,세종,충남] 한전KDN | 한전KDN(주) 대전충남본부 AMI분야 작업원(장애인) 추가 모집공고 | 전기.전자,정보통신 | 신입+경력 | 비정규직 | 지역외: 대전,세종,충남
[MOEF][충남] 국립생태원 | 2026년 제7차 국립생태원 기간제근로자(수탁과제) 채용 공고 | 환경.에너지.안전 | 신입+경력 | 비정규직 | 지역외: 충남
[MOEF][대구] 한국사학진흥재단 | 한국사학진흥재단 2026년 1차 직원 채용 (제한경쟁채용 및 상시채용) | 경영.회계.사무 | 경력 | 무기계약직 | 지역외: 대구
[MOEF][대구] 한국부동산원 | 한국부동산원 전문계약직(정규직 전환형) 채용 공고 | 경영.회계.사무,영업판매,건설,정보통신 | 경력 | 비정규직 | 지역외: 대구
[MOEF][전남광주] (재)우체국금융개발원 | 우체국금융개발원 2026년 8차(보훈특별고용) 공개채용 공고 | 금융.보험 | 신입 | 정규직 | 지역외: 전남광주
[MOEF][대전] 기초과학연구원 | 2026-11회 생명과학 연구클러스터 연구직 채용 공고 | 연구 | 신입+경력 | 비정규직 | 지역외: 대전
[MOEF][해외] 한전KDN | 한전KDN 국외 마이크로인버터 사업 업무지원 분야 기간제근로자 채용공고 | 환경.에너지.안전 | 신입+경력 | 비정규직 | 지역외: 해외
[MOEF][서울,부산,대구] 한국국토정보공사 | 2026년 한국국토정보공사 신입사원 채용 공고 | 경영.회계.사무,건설 | 신입 | 청년인턴(채용형) | 고용형태 제외: 청년인턴(채용형)
[MOEF][대구] 한국부동산원 | 한국부동산원 부동산연구원장 채용 공고 | 사업관리,경영.회계.사무,연구 | 경력 | 무기계약직 | 지역외: 대구
[MOEF][전남광주] 한전KDN | 한전KDN 국내 태양광발전소 구축 업무지원 분야 기간제근로자 채용공고 | 환경.에너지.안전 | 신입+경력 | 비정규직 | 지역외: 전남광주
[MOEF][서울] (주)강원랜드 | (주)강원랜드 2026년 하이원 글로벌 아카데미 체험형인턴 모집 공고 | 이용.숙박.여행.오락.스포츠 | 신입 | 청년인턴(체험형) | 고용형태 제외: 청년인턴(체험형)
[MOEF][부산,대전,강원] (주)강원랜드 | (주)강원랜드 2026년 동계 1차 기간제 근로자 모집 공고 | 경영.회계.사무,보건.의료,경비.청소,이용.숙박.여행.오락.스포츠,음식서비스,농림어업 | 신입 | 비정규직 | 지역외: 부산,대전,강원
[MOEF][서울,부산,대구] 공무원연금공단 | 사회형평적 체험형 청년인턴 채용 공고 | 사업관리,경영.회계.사무 | 신입 | 청년인턴(체험형) | 고용형태 제외: 청년인턴(체험형)
[MOEF][충북] 한국식품안전관리인증원 | 2026년 제13차 계약직직원 채용 | 경영.회계.사무 | 신입+경력 | 비정규직 | 지역외: 충북
[MOEF][서울,부산,대구] 대한무역투자진흥공사 | 2026년 KOTRA 통상직 신입사원 채용 공고 | 경영.회계.사무 | 신입 | 정규직 | 경력구분 제외: 신입 단독
[MOEF][대구,경북] 한전KDN | 한전KDN(주) 대구본부 포항지사 AMI분야 작업원 모집공고 | 전기.전자,정보통신 | 신입+경력 | 비정규직 | 지역외: 대구,경북
[MOEF][대구] 경북대학교치과병원 | 2026년 제5차 기간제(구강내과 치과위생사) 채용 공고 | 보건.의료 | 신입 | 비정규직 | 지역외: 대구
[MOEF][대전,세종] 충남대학교병원 | 2026년 하반기 신규의료진(전임의사) 공개채용 모집공고(상시모집) | 보건.의료 | 신입+경력 | 정규직 | 지역외: 대전,세종
[MOEF][대전] 충남대학교병원 | 2026년 하반기 신규의료진(진료교수) 공개채용 모집공고(상시모집) | 보건.의료 | 신입+경력 | 비정규직 | 지역외: 대전
[MOEF][대전] 충남대학교병원 | 2026년 하반기 신규의료진(임상교수요원) 공개채용 모집공고(상시모집) | 보건.의료 | 신입+경력 | 정규직 | 지역외: 대전
[MOEF][강원] 한전KDN | 한전KDN(주) 강원사업처 AMI분야 비정규직(장애인) 모집공고 | 정보통신 | 신입+경력 | 비정규직 | 지역외: 강원
[MOEF][충남] 한국기술교육대학교 | 한국기술교육대학교 대학혁신지원사업 대우교수 및 연구원 채용 | 사업관리,경영.회계.사무,연구 | 신입+경력 | 비정규직 | 지역외: 충남
[MOEF][대구] 한국환경공단 | 2026년 한국환경공단 대구경북환경본부 수탁폐수 전자인계인수관리시스템 운영사업 기간제근로자 | 환경.에너지.안전 | 신입+경력 | 비정규직 | 지역외: 대구
[MOEF][대구,경북] 한국전력공사 | 2026년 제2차 장애인 체험형 인턴 채용공고 [대구본부] | 경영.회계.사무 | 신입 | 청년인턴(체험형) | 지역외: 대구,경북
[MOEF][서울,부산,인천] 그랜드코리아레저(주) | 2026년 2차 GKL(그랜드코리아레저) 청년인턴 채용 | 이용.숙박.여행.오락.스포츠 | 신입 | 청년인턴(체험형) | 고용형태 제외: 청년인턴(체험형)
[MOEF][세종] 한국보건사회연구원 | 한국보건사회연구원 계약직 채용 공고(보건의료정책분야 및 인사분야) | 사업관리,경영.회계.사무,연구 | 신입 | 비정규직 | 지역외: 세종
[MOEF][울산] 한국에너지공단 | 한국에너지공단 신입직원(채용형 인턴) 채용 공고 | 경영.회계.사무,법률.경찰.소방.교도.국방,건설,기계,전기.전자,정보통신,환경.에너지.안전 | 신입 | 청년인턴(채용형) | 지역외: 울산
[MOEF][충북] 한국교육개발원 | 2026년도 제5차 위촉직 채용 공고 | 사업관리,경영.회계.사무,교육.자연.사회과학,연구 | 신입 | 비정규직 | 지역외: 충북
[MOEF][부산] 동남권원자력의학원 | 2026년 제2차 동남권원자력의학원 직원채용 공고 | 경영.회계.사무,보건.의료,전기.전자,연구 | 신입+경력 | 정규직,무기계약직,비정규직 | 지역외: 부산
[MOEF][강원] 건강보험심사평가원 | 2026년 건강보험심사평가원 촉탁변호사 채용 공고 | 법률.경찰.소방.교도.국방 | 신입+경력 | 비정규직 | 지역외: 강원
[MOEF][부산] 부산대학교병원 | 계약직(연구직,보건직,원무직) 공개채용 모집 공고 | 보건.의료 | 신입+경력 | 비정규직 | 지역외: 부산
[MOEF][세종] 대외경제정책연구원 | 임시직 연구원급(APEC연구컨소시엄사무국) 및 전문원급(홍보팀, 학술정보팀) 채용 공고 | 경영.회계.사무,연구 | 신입+경력 | 비정규직 | 지역외: 세종
[MOEF][울산,충북] 한국에너지공단 | 한국에너지공단 전문경력직 채용 공고 | 경영.회계.사무,금융.보험,건설,기계,전기.전자,정보통신,환경.에너지.안전,연구 | 신입+경력 | 정규직 | 지역외: 울산,충북
[MOEF][서울] 중소벤처기업연구원 | 2026년도 중소벤처기업연구원 체험형 청년인턴(보훈제한경쟁) 공개채용 공고 | 경영.회계.사무 | 신입+경력 | 청년인턴(체험형) | 고용형태 제외: 청년인턴(체험형)
[MOEF][세종] 한국환경연구원 | [한국환경연구원] 임시직(국가기후위기 적응대책 이행강화(총괄 및 적응정책 연구)) 채용공고 | 연구 | 신입+경력 | 비정규직 | 지역외: 세종
[MOEF][세종] 한국환경연구원 | [한국환경연구원] 임시직(국가기후위기 적응대책 이행강화(국가적응대책 수립 및 주류화 지원) | 연구 | 신입+경력 | 비정규직 | 지역외: 세종
[MOEF][전남광주] 전남대학교병원 | 2026년 9월 전남대학교병원 직원(지원직) 공개채용 공고 | 보건.의료 | 신입 | 비정규직 | 지역외: 전남광주
[MOEF][대전] 한국수자원공사 | [한국수자원공사] 건설안전처 특수직(사무관리_회계) 채용 공고 | 경영.회계.사무 | 신입+경력 | 비정규직 | 지역외: 대전
[MOEF][서울,부산,대구] 한국철도공사 | 2026년 하반기 한국철도공사 청년 체험형 인턴사원 채용 공고 | 경영.회계.사무,운전.운송,정보통신 | 신입 | 청년인턴(체험형) | 고용형태 제외: 청년인턴(체험형)
[MOEF][충북] 한국교육과정평가원 | 2026년 제1차 한국교육과정평가원 청사운영직 채용 공고 | 기계 | 신입 | 무기계약직 | 지역외: 충북
[MOEF][충남] 한국기술교육대학교 | (한국기술교육대학교) 충청남도 지역성장 인재양성체계(앵커) 계약학과 대우교수(산학협력중점) | 교육.자연.사회과학 | 경력 | 비정규직 | 지역외: 충남
[나라일터][30140] 대전광역시 중구 | 2026년 제7회 대전광역시 중구 시간선택제임기제공무원(정책연구개발, AI·데이터 기반행정 | e01 | g02 | 지역외(코드): 30140
[나라일터][서울] 서울특별시교육청 서울특별시남부교육지원청 서울윤중초등학교병설유치원 | 서울윤중초등학교병설유치원(4세반 담임) 채용계획 공고 | e10 | g04 | 고용형태 제외(나라일터): e10
[나라일터][36000] 문화체육관광부 | 문화체육관광부 행정5급 전입 희망자 공고 | e07 | g01 | 지역외(코드): 36000
[나라일터][36000] 문화체육관광부 | 문화체육관광부 전입 희망자 공고(행정사무관) | e01 | g01 | 지역외(코드): 36000
[나라일터][26000] 부산광역시 | 2026년도 제10회(2차 재공고) 부산광역시 임기제공무원 임용시험 공고 | e01 | g02 | 지역외(코드): 26000
[나라일터][43113] 기후에너지환경부 화학물질안전원 | 화학물질안전원 공무직근로자(운전원) 채용 공고 | e04 | g01 | 지역외(코드): 43113
[나라일터][44270] 과학기술정보통신부 우정사업본부 충청지방우정청 당진우체국 | 2026년 제8회 당진우체국 공무직 상시계약집배원 채용 계획 공고 | e01 | g01 | 지역외(코드): 44270
[나라일터][12300] 광주교육대학교 | 광주교육대학교 2026년 제14회 기간제근로자 채용 공고 | e04 | g01 | 지역외(코드): 12300
[나라일터][44150] 행정안전부 국가재난안전교육원 | 2026년 제2기 국가재난안전교육원 청년인턴(행정) 추가 채용 공고 | e04 | g01 | 지역외(코드): 44150
[나라일터][52111] 전주교육대학교 | 전주교육대학교 국가공무원(행정9급) 전입(지방공무원 경력경쟁채용 포함) 재공고 | e07 | g01 | 지역외(코드): 52111
[나라일터][31110] 근로복지공단 | 근로복지공단 상임이사 모집공고 | e08 | g03 | 지역외(코드): 31110
[나라일터][27230] 대구광역시 북구 | 2026년도 대구광역시 북구 공공체육시설 관리 기간제근로자 5차 채용 공고 | e04 | g02 | 지역외(코드): 27230
[나라일터][경기] 경기도교육청 경기도수원교육지원청 명인중학교 | 2026학년도 명인중학교 시간 강사 채용(과학) | e10 | g04 | 고용형태 제외(나라일터): e10
[나라일터][인천] 인천광역시교육청 인하대학교사범대학부속고등학교 | [인하사대부고] 2026학년도 2학기 기간제 교원(윤리) 채용 공고 | e10 | g04 | 고용형태 제외(나라일터): e10
[나라일터][51770] 과학기술정보통신부 우정사업본부 강원지방우정청 정선우체국 | 2026년도 제3회 정선우체국 상시계약 집배원(기간제) 채용 재공고 | e01 | g01 | 지역외(코드): 51770
[나라일터][경기] 과학기술정보통신부 우정사업본부 경인지방우정청 화성동탄우체국 | 2026년 제8회 화성동탄우체국 기간제 상시집배원 채용시험 공고(봉담우체국) | e04 | g01 | 고용형태 제외(나라일터): e04
[나라일터][26200] 한국해양대학교 학생생활관 | 2026년도 제8회 대학회계계약직 공개경쟁채용 모집 공고(조리원) | e04 | g01 | 지역외(코드): 26200
[나라일터][서울] 서울특별시교육청 서울특별시중부교육지원청 보성여자중학교 | 2026학년도 2학기 보성여자중학교 기간제 교사(사회) 채용 공고 | e10 | g04 | 고용형태 제외(나라일터): e10
[나라일터][경기] 고위공직자범죄수사처 | 2026년 제6회 고위공직자범죄수사처 기간제근로자 채용 최종 합격자 공고 | e04 | g01 | 고용형태 제외(나라일터): e04
[나라일터][26230] 문화체육관광부 국립국악원 부산국악원 | 국립부산국악원 장악과 공무직 채용 공고 | e04 | g01 | 지역외(코드): 26230
[나라일터][36110] 보건복지부 | 보건복지부 아동보호자립과 공무직 채용 일정 변경 공고 | e04 | g01 | 지역외(코드): 36110
[나라일터][26230] 부산광역시 | 클래식부산 대표(개방형직위) 공개모집 공고 | e05 | g02 | 지역외(코드): 26230
[나라일터][경기] 경찰청 경기도남부경찰청 | (서류전형 합격자발표)2026년 경기남부경찰청 무기계약직근로자(환경미화) 서류전형 합격자  | e04 | g01 | 고용형태 제외(나라일터): e04
[나라일터][26110] 부산광역시 | 부산근현대역사관장(개방형직위) 공개모집 공고 | e05 | g02 | 지역외(코드): 26110
[나라일터][36110] 산업통상부 | 산업통상부 「미래차 산업육성 및 기반조성 담당」(공모직위) 공개모집 | e06 | g01 | 지역외(코드): 36110
[나라일터][36110] 산업통상부 | 산업통상부 「제조 AX 확산 담당」(공모직위) 공개모집 | e06 | g01 | 지역외(코드): 36110
[나라일터][서울] 서울특별시교육청 서울특별시강남서초교육지원청 휘문중학교 | 휘문중학교 교육공무직원(미화원) 초단시간근로자 채용 공고 | e10 | g04 | 고용형태 제외(나라일터): e10
[나라일터][36110] 산업통상부 | 산업통상부 「산업단지 AX 확산 담당」(공모직위) 공개모집 | e06 | g01 | 지역외(코드): 36110
[나라일터][인천] 인천광역시교육청 인천광역시서부교육지원청 인천간재울초등학교 | 2026.10.21.자 계약제교원 채용 공고(초등 담임교사) | e10 | g04 | 고용형태 제외(나라일터): e10
[나라일터][경기] 경기도교육청 경기도수원교육지원청 세류중학교 | 2026학년도 2학기 과학과 채용 공고 | e10 | g04 | 고용형태 제외(나라일터): e10
[나라일터][48170] 경상국립대학교 창업지원단 창업중심대학사업단 | 경상국립대학교 창업중심대학사업단 직원(팀장·매니저) 채용 공고(~10.7.(수) 16시 마 | e04 | g01 | 지역외(코드): 48170
[나라일터][12110] 법무부 광주보호관찰소 | 광주보호관찰소 일반직공무원(운전서기보) 경력경쟁채용시험 공고 | e01 | g01 | 지역외(코드): 12110
[나라일터][48123] 기후에너지환경부 낙동강유역환경청 | 2026년 제3차 기후에너지환경부 낙동강유역환경청 청년인턴 채용 공고 | e04 | g01 | 지역외(코드): 48123
[나라일터][서울] 기상청 | 2026년도 기상청 운영지원과 공무직 근로자 채용 최종합격자 발표 연기 공고 | e04 | g01 | 고용형태 제외(나라일터): e04
[나라일터][48127] 경상남도교육청 한일여자고등학교 | 2026학년도 한일여고 청소년비즈쿨 사업운영 채용 공고 | e10 | g04 | 지역외(코드): 48127
[나라일터][48127] 경상남도교육청 한일여자고등학교 | 2026학년도 한일여고 전일제시간강사(기계) 채용 재공고 | e10 | g04 | 지역외(코드): 48127
[나라일터][12240] 행정안전부 국가정보자원관리원 광주센터 | 2026년 국가정보자원관리원 광주센터 행정실무원(육아휴직 대체인력) 채용 공고 | e04 | g01 | 지역외(코드): 12240
[나라일터][12240] 행정안전부 국가정보자원관리원 광주센터 | 2026년 제4회 국가정보자원관리원 광주센터 청원경찰(육아휴직 대체인력) 공개경쟁채용시험  | e04 | g01 | 지역외(코드): 12240
[나라일터][경기] 수원시청소년재단 | 2026년 하반기 수원시청소년청년재단 직원 채용 공고 | e08 | g03 | 고용형태 제외(나라일터): e08
[나라일터][경기] 경기도교육청 경기도수원교육지원청 수원외국어고등학교 | 2026학년도 수원외국어고등학교 수학 시간강사 모집 | e10 | g04 | 고용형태 제외(나라일터): e10
[나라일터][서울] 서울특별시교육청 예일여자고등학교 | 2026학년도 예일여자고등학교 영양사 채용 공고 | e10 | g04 | 고용형태 제외(나라일터): e10
[나라일터][27260] 국방부 국군조직 공군 공군제1미사일방어여단 | 공군 제1미사일방어여단 공무직근로자 채용(기계설비실무관) | e04 | g01 | 지역외(코드): 27260
[나라일터][인천] 인천광역시교육청 인천광역시서부교육지원청 제물포중학교 | 제물포중학교 시간강사(체육/학교폭력 책임교사 수업경감)모집 공고 | e10 | g04 | 고용형태 제외(나라일터): e10
[나라일터][26170] 경찰청 부산광역시경찰청 부산동부경찰서 | 26년 부산동부경찰서 복지회 영양사(기간제근로자) 채용 선발 결과 안내 | e04 | g01 | 지역외(코드): 26170
[나라일터][경기] 경기도교육청 대지고등학교 | 기간제교사 채용 공고(통합사회) 3차 | e10 | g04 | 고용형태 제외(나라일터): e10
[나라일터][12240] (재)5.18기념재단 | 2026년 5·18기념재단 제 4차 채용 재공고(2026. 9. 30. ~ 10. 14.) | e08 | g03 | 지역외(코드): 12240
[나라일터][51110] 과학기술정보통신부 우정사업본부 강원지방우정청 춘천우체국 | 2026년도 제4회 춘천우체국 실적급 공무직 상시계약집배원 채용 공고 | e04 | g01 | 지역외(코드): 51110
[나라일터][52190] 국립공원공단 지리산국립공원전북사무소 | [지리산전북] 지리산국립공원전북사무소 한시인력(국립공원지킴이) 모집 | e08 | g03 | 지역외(코드): 52190
[나라일터][지역 미상] 해양수산부 국립수산물품질관리원 | 2026년 제3회 국립수산물품질관리원 공무직 등 근로자 채용 공고 | e04 | g01 | 고용형태 제외(나라일터): e04
[나라일터][26470] 부산광역시교육청 부산두레학교 | 2027년도 부산두레학교 임기제 사무직원(운전9급) 채용 공고 | e10 | g04 | 지역외(코드): 26470
[나라일터][경기] 과학기술정보통신부 우정사업본부 경인지방우정청 화성동탄우체국 | 2026년 제7회 화성동탄우체국 기간제 상시집배원 채용시험 취소 공고(봉담) | e04 | g01 | 고용형태 제외(나라일터): e04
[나라일터][26230] 문화체육관광부 국립국악원 부산국악원 | [장애인 제한경쟁] 국립부산국악원 공무직 시설물청소원 채용 공고 | e04 | g01 | 지역외(코드): 26230
[나라일터][26000] 부산광역시 | 2026년도 제12회 부산광역시 임기제공무원 임용시험 공고 | e01 | g02 | 지역외(코드): 26000
[나라일터][48730] 함안지방공사 | 2026년 함안지방공사 제5차 직원 공개모집 서류전형 합격자 및 필기시험 공고(일반직·공무 | e08 | g03 | 지역외(코드): 48730
[나라일터][인천] 인천광역시교육청 인천광역시동부교육지원청 만성중학교 | 2026학년도 만성중학교 계약제교원(기간제교사/국어) 채용 공고 | e10 | g04 | 고용형태 제외(나라일터): e10
[나라일터][43110,31] 기후에너지환경부 화학물질안전원 | 2026년 화학물질안전원 국가공무원(공업연구사) 경력경쟁채용시험 공고 | e01 | g01 | 지역외: 43110,31000
[나라일터][26440] 기상청 부산지방기상청 | (합격자발표) 2026년 부산지방기상청 공무직근로자(시설물청소원) 채용 최종합격자 공고 | e04 | g01 | 지역외(코드): 26440
[나라일터][경기] 경기도교육청 라온고등학교 | 라온고등학교 교육공무직원(조리실무사) 모집 공고 | e10 | g04 | 고용형태 제외(나라일터): e10
[나라일터][12130] 고용노동부 광주지방고용노동청 여수지청 | 고용노동부 여수지청 기간제 통계조사관 채용 공고 | e04 | g01 | 지역외(코드): 12130
[나라일터][서울] 진실화해를위한과거사정리위원회 | [진실화해를위한과거사정리위원회 제7차 기간제 근로자 채용 최종합격자 공고] | e04 | g01 | 고용형태 제외(나라일터): e04
[나라일터][서울] 국가인공지능위원회 | 국가인공지능전략위원회 기간제 근로자(홍보) 채용 공고 | e04 | g01 | 고용형태 제외(나라일터): e04
[나라일터][48220] 법무부 대구지방교정청 통영구치소 | [통영구치소]2026년 제1회 한시임기제공무원(7호, 시설직) 경력경쟁채용시험 시행 재공고 | e01 | g01 | 지역외(코드): 48220
[나라일터][47170,47] 경상북도교육청 | 2026년도 제5회 경상북도교육청 일반임기제공무원 임용시험 계획 공고 | e10 | g04 | 지역외: 47170,47110
[나라일터][인천] 인천광역시교육청 인천생활과학고등학교 | 2026학년도 인천생활과학고등학교 시간강사(체육) 채용 공고 | e10 | g04 | 고용형태 제외(나라일터): e10
[나라일터][경기] 경기도교육청 경기도수원교육지원청 영신중학교 | 2026학년도 체육 시간강사 채용 공고의 건 | e10 | g04 | 고용형태 제외(나라일터): e10
[나라일터][경기] 경기도교육청 경기도수원교육지원청 영신중학교 | 2026학년도 기간제교사(과학) 병가대체 채용 공고 | e10 | g04 | 고용형태 제외(나라일터): e10
[나라일터][30000] 대전신용보증재단 | 2026년 대전신용보증재단 6차 계약직원(운전직) 공개(경력)경쟁시험 채용 재공고 | e08 | g03 | 지역외(코드): 30000
[나라일터][47250] 경북대학교 상주캠퍼스총괄지원본부 행정지원부 | 2026년도 제3회 경북대학교 행정지원부 대학회계 계약직원(미화원) 공개채용 | e04 | g01 | 지역외(코드): 47250
[나라일터][36110] 법제처 | 법제처 법령정비지원과 계약직 연구원 채용 공고 | e04 | g01 | 지역외(코드): 36110
[나라일터][26000] 부산광역시 | 2026년도 제3회(5차 재공고) 부산광역시 임기제공무원 임용시험 공고 | e01 | g02 | 지역외(코드): 26000
[나라일터][43000,44] 산림청 중부지방산림청 | 2026년 제3회 중부지방산림청 공무직채용 최종합격자 공고 | e04 | g01 | 지역외: 43000,44000
[나라일터][경기] 경기도교육청 한국문화영상고등학교 | 2026학년도 한국문화영상고등학교 기간제교사(국어) 채용 공고 | e10 | g04 | 고용형태 제외(나라일터): e10
[나라일터][44230] 경찰청 충청남도경찰청 논산경찰서 | 2026년 논산경찰서 청사방호 근로자(무기계약) 채용 공고(수정) | e04 | g01 | 지역외(코드): 44230
[나라일터][43113] 질병관리청 국립보건연구원 | 2026년 국립보건연구원 일반임기제공무원 채용 최종합격자 공고 | e01 | g01 | 지역외(코드): 43113
[나라일터][48850,47] 해양수산부 국립수산과학원 | 2026년도 국립수산과학원 일반임기제(시설직) 공무원 경력경쟁채용 최종합격자 공고 | e01 | g01 | 지역외: 48850,47110
[나라일터][30170,30] 지식재산처 | 2026년 제3차 지식재산처 청년인턴 채용 공고 | e04 | g01 | 지역외: 30170,30200
[나라일터][26440] 부산.진해경제자유구역청 | 2026년 부산진해경제자유구역청 공무직 근로자 채용 공고 | e04 | g02 | 지역외(코드): 26440
[나라일터][서울] 성평등가족부 | (합격자발표) 2026년 성평등가족부 하반기 2차 청년인턴 최종합격자 공고 | e04 | g01 | 고용형태 제외(나라일터): e04
[나라일터][36000] 과학기술정보통신부 | 과학기술정보통신부 전문임기제 다급(과학기술 인력양성) 경력경쟁채용시험 서류전형 합격자 및  | e01 | g01 | 지역외(코드): 36000
[나라일터][52110] 국민연금공단 | 국민연금공단 연금이사 초빙 공고 | e08 | g03 | 지역외(코드): 52110
[나라일터][47170] 국립경국대학교 | (최종합격자 공고) 2026년도 국립경국대학교 대학일자리플러스센터 컨설턴트(기간제근로자)  | e04 | g01 | 지역외(코드): 47170
[나라일터][50000] 제주대학교 | 2026년 제17회 제주대학교 대학회계무기계약직(환경미화) 공개경쟁채용 공고 | e04 | g01 | 지역외(코드): 50000
[철도산업정보][지역 미상] 국가철도공단 | 2026년 제2차 국가철도공단 신입직원 및 체험형 청년인턴 채용 공고 |  | 제외어: 청년인턴
[한국철도공사][서울] 한국철도공사 | 2026년 하반기 한국철도공사 장애인 체험형 인턴사원 채용공고(~10.6. 14:00) |  | 제외어: 인턴
[한국철도공사][서울] 한국철도공사 | 2026년 하반기 한국철도공사 청년 체험형 인턴사원 채용공고(~9.30. 14:00) |  | 제외어: 인턴
[KRID][경기도] 경기도의료원 | 경기도의료원안성병원 작업치료사(의료기술직/정규직)채용 공고 | 보건·의료 | 일반정규직 | 모집중 | 키워드 미매칭
[MOEF][서울] 국립중앙의료원 | 계약직 전문의(서울인천광역응급의료상황팀) 채용 재공고 | 보건.의료 | 경력 | 비정규직 | 키워드 미매칭
[MOEF][서울] 국립중앙의료원 | 의사직(응급의료정책기획팀) 채용 재공고 | 보건.의료 | 경력 | 정규직 | 키워드 미매칭
[나라일터][경기] 경기도 | 2026년 제9회 경기도 임기제공무원 임용시험 공고 | e01 | g02 | 키워드 미매칭
[나라일터][지역 미상] 법무부 | 2026년 출입국관리직 경채 서류전형 합격자 및 필기시험 공고(무도, 외국어) | e01 | g01 | 키워드 미매칭
[나라일터][지역 미상] 경찰청 | 2026년 제2회 경찰청 일반직공무원 경력경쟁채용시험 공고 | e01 | g01 | 키워드 미매칭
[나라일터][서울] 국회 국회입법조사처 | 2026년도 제9회 국회입법조사처 공무원(전문임기제 라급, 공보 및 홍보 분야) 채용 변경 | e01 | g01 | 키워드 미매칭
[나라일터][서울] 대법원 법원행정처 | 한시임기제공무원(의료업무담당,5호) 경력경쟁채용시험 시행계획 공고 | e01 | g01 | 키워드 미매칭
[나라일터][지역 미상] 국방부 국군조직 육군 | 2026년 육군 주관 일반군무원 채용 최종 합격자 공고 | e01 | g01 | 키워드 미매칭
[나라일터][지역 미상] 국립창원대학교 | 2026년 국립창원대학교 국가공무원 전입(지방경력경쟁채용 포함) 최종합격자 공고 | e07 | g01 | 키워드 미매칭
[나라일터][지역 미상] 법무부 | 2026년 출입국관리직 경채 서류전형 합격 공고(수사, AI빅데이터, 체류) | e01 | g01 | 링크없음 제외