=== 2026-10-09 필터 통계 ===
  수집               438건
  중복 제거            4건
  지역 제외            208건
  상태 제외            0건
  고용형태 제외          51건
  경력구분 제외          37건
  제외어              5건
  키워드 미매칭          0건
  링크없음 제외          0건
  트랙A 매칭           0건
  트랙B 매칭           0건
  트랙C 매칭           0건
----------------------------------------
[KRID][서울특별시] 금천구시설관리공단 | [2026년 제7회] 기간제근로자(시설관리지원) 및 체험형 청년인턴 채용 | 이용·숙박·여행·오락·스포츠 | 인턴 | 모집중 | 제외어: 청년인턴
[KRID][경기도] 고양도시관리공사 | 고양도시관리공사 청년 체험형 인턴 채용공고 | 경영·회계·사무 | 인턴 | 모집중 | 제외어: 인턴
[MOEF][강원] 국립공원공단 | [설악산] 설악산국립공원 기간제 직원[탐방해설] 채용 추가접수 공고 | 이용.숙박.여행.오락.스포츠,환경.에너지.안전 | 신입+경력 | 비정규직 | 지역외: 강원
[MOEF][인천] 대한적십자사 | 경인권역재활병원 정규직 간호사 채용 공고(2026.11.1.임용)(2) | 보건.의료 | 신입 | 정규직 | 경력구분 제외: 신입 단독
[MOEF][경남] 국립공원공단 | [한려해상]2026년 한려해상사무소 한시인력(해양환경) 채용 공고 | 경비.청소 | 신입+경력 | 비정규직 | 지역외: 경남
[MOEF][경남] 국립공원공단 | [한려해상]2026년 한려해상사무소 한시인력(산불감시) 채용 공고 | 경비.청소 | 신입+경력 | 비정규직 | 지역외: 경남
[MOEF][서울] 한국보훈복지의료공단 | [중앙보훈병원] 체험형 청년인턴(든든동행파트너) 채용 공고 | 보건.의료 | 신입+경력 | 청년인턴(체험형) | 고용형태 제외: 청년인턴(체험형)
[MOEF][세종] 한국개발연구원 | 2026년 4분기 1차 KDI 청년인턴 채용 공고(장애인 제한경쟁) | 경영.회계.사무 | 신입 | 청년인턴(체험형) | 지역외: 세종
[MOEF][전북] 국민연금공단 | 2026년 치매안심재산관리지원서비스 시범사업 수행인력(연구원) 추가채용 공고 | 연구 | 신입 | 비정규직 | 지역외: 전북
[MOEF][세종] 한국개발연구원 | 2026년 4분기 1차 KDI 청년인턴 채용 공고 | 경영.회계.사무 | 신입 | 청년인턴(체험형) | 지역외: 세종
[MOEF][울산] 근로복지공단 | [근로복지공단 울산병원] 의료직 채용 공고 | 보건.의료 | 신입 | 정규직 | 지역외: 울산
[MOEF][경기] 근로복지공단 | [경기요양병원] 의료직(약사) 4급 채용 공고 | 보건.의료 | 신입 | 정규직 | 경력구분 제외: 신입 단독
[MOEF][서울,울산] 근로복지공단 | [근로복지연구원] 공무직(위촉연구원) 채용 공고 | 연구 | 신입 | 무기계약직 | 경력구분 제외: 신입 단독
[MOEF][세종] 한국보건사회연구원 | 한국보건사회연구원 무기계약직직 신규채용(7차) 연구원 | 사업관리,연구 | 신입 | 무기계약직 | 지역외: 세종
[MOEF][충남] 근로복지공단 | [서산지사] 공무직(보험가입조사원) 채용 공고 | 경영.회계.사무 | 신입 | 무기계약직 | 지역외: 충남
[MOEF][서울] 한국장애인개발원 | 2026년도 제2차 직업재활부(사업평가팀) 사회형평적(고졸)  청년인턴 채용 공고 | 사회복지.종교 | 신입 | 청년인턴(체험형) | 고용형태 제외: 청년인턴(체험형)
[MOEF][강원] 한국환경공단 | 2026년도 한국환경공단 하반기 개방형 직위(태백수도사업소장) 공개모집 연장공고 | 환경.에너지.안전 | 경력 | 비정규직 | 지역외: 강원
[MOEF][전북] 한국수자원공사 | [한국수자원공사] 금강경영처 사회형평적 인재 단기계약근로자(생활지원서비스) 채용 공고(장애 | 경영.회계.사무 | 신입+경력 | 비정규직 | 지역외: 전북
[MOEF][전북] 한국수자원공사 | [한국수자원공사] 금강유역본부 사회형평적 인재 단기계약근로자(사무관리_서무보조) 채용 공고 | 경영.회계.사무 | 신입+경력 | 비정규직 | 지역외: 전북
[MOEF][세종] 대외경제정책연구원 | 대외경제정책연구원(KIEP) 임시직 연구원급 채용공고 (북미유럽팀) | 연구 | 신입+경력 | 비정규직 | 지역외: 세종
[MOEF][세종] 한국환경연구원 | [한국환경연구원] 2026년 제4차 인력채용(부연구위원) 공고 | 환경.에너지.안전,연구 | 신입 | 정규직 | 지역외: 세종
[MOEF][경남] 한국도로공사 | 한국도로공사 창녕지사 기간제근로자(안전순찰원) 채용공고 | 운전.운송 | 신입+경력 | 비정규직 | 지역외: 경남
[MOEF][전남광주] 전남대학교병원 | 2026년 10월 전남대학교병원 직원(약무직) 공개채용 공고 | 보건.의료 | 신입 | 정규직 | 지역외: 전남광주
[MOEF][세종] 한국청소년정책연구원 | [채용공고 2026-13호] 휴직 대체인력 채용 공고 | 정보통신 | 신입 | 비정규직 | 지역외: 세종
[MOEF][전남광주] 한국보훈복지의료공단 | [광주보훈요양원] 2026년 제4차 요양보호직(정규직 전환 조건) 채용 공고 | 사회복지.종교 | 신입+경력 | 비정규직 | 지역외: 전남광주
[MOEF][충북] 학교법인한국폴리텍 | 2026년 한국폴리텍대학 충주캠퍼스 청년인턴(일반) 채용 공고 | 경영.회계.사무 | 신입+경력 | 청년인턴(체험형) | 지역외: 충북
[MOEF][서울] 한국도박문제예방치유원 | 2026년 제4차 한국도박문제예방치유원 직원 채용 공고 | 사회복지.종교 | 신입 | 비정규직 | 경력구분 제외: 신입 단독
[MOEF][경남] 한국장애인개발원 | [제2026-117호]2026년도 제6차 경상남도장애아동·발달장애인지원센터(장애아동지원팀) | 사회복지.종교 | 신입+경력 | 청년인턴(체험형) | 지역외: 경남
[MOEF][전남광주] 한국농촌경제연구원 | 한국농촌경제연구원 2026년도 하반기 환경관리원 보훈특별고용 채용 공고 | 경영.회계.사무 | 신입+경력 | 무기계약직 | 지역외: 전남광주
[MOEF][전남광주] 학교법인한국폴리텍 | 한국폴리텍대학 전남캠퍼스 청년인턴(일반) 공개 채용 공고 | 경영.회계.사무 | 신입+경력 | 청년인턴(체험형) | 지역외: 전남광주
[MOEF][전남광주] 학교법인한국폴리텍 | 한국폴리텍대학 전남캠퍼스 업무직(조리원) 채용(7차) 공고 | 음식서비스 | 신입+경력 | 무기계약직 | 지역외: 전남광주
[MOEF][경남] 한국전력공사 | 기간제근로자(대체인력) 채용 공고 [경남본부 통영지사] | 전기.전자 | 신입 | 비정규직 | 지역외: 경남
[MOEF][강원] 주택관리공단(주) | 채용형 인턴 채용공고(주택관리공단 강원지사) | 건설,기계,전기.전자,환경.에너지.안전 | 신입+경력 | 청년인턴(채용형) | 지역외: 강원
[MOEF][전북] 한국보훈복지의료공단 | [전주보훈요양원] 사회복지직 5급(간호사) 채용 | 보건.의료,사회복지.종교 | 경력 | 정규직 | 지역외: 전북
[MOEF][경기] 한국전력공사 | 기간제근로자(대체인력) 채용공고 [경기본부] | 경영.회계.사무,전기.전자 | 신입 | 비정규직 | 경력구분 제외: 신입 단독
[MOEF][경북] 한국전력공사 | 기간제근로자(대체인력) 채용공고[대구본부] | 전기.전자 | 신입 | 비정규직 | 지역외: 경북
[MOEF][대구] 경북대학교병원 | 칠곡경북대학교병원 2026년 10월 2차 임시직원 채용공고(약사, 방사선사, 청소, 소방) | 보건.의료 | 신입+경력 | 비정규직 | 지역외: 대구
[MOEF][대전] 선박해양플랜트연구소 | 2026년 체험형 청년인턴(인턴행정원) 공개채용 | 경영.회계.사무 | 신입+경력 | 청년인턴(체험형) | 지역외: 대전
[MOEF][대전] 선박해양플랜트연구소 | 2026년 2차 육아휴직 대체인력(계약직행정원) 공개채용 | 사업관리,경영.회계.사무 | 신입+경력 | 비정규직 | 지역외: 대전
[MOEF][경남] 한전KDN | 한전KDN(주) 진주지사 AMI 분야 비정규직(장애인) 모집공고{재공고} | 전기.전자,정보통신 | 신입+경력 | 비정규직 | 지역외: 경남
[MOEF][경남] 한전KDN | 한전KDN(주) 진주지사 AMI 통신망 보강공사 비정규직 모집공고 | 전기.전자,정보통신 | 신입+경력 | 비정규직 | 지역외: 경남
[MOEF][경남] 한전KDN | 한전KDN(주) 진주지사 AMI 일괄위탁 유지보수 비정규직 모집공고 | 전기.전자,정보통신 | 신입+경력 | 비정규직 | 지역외: 경남
[MOEF][대전] 한국철도공사 | 2026년 제2차 한국철도공사 국가 R&D 위촉연구원 채용공고 | 연구 | 신입+경력 | 비정규직 | 지역외: 대전
[MOEF][세종] 충남대학교병원 | [세종] 2026년 하반기 세종충남대학교병원 정규직(행정직, 보건직, 간호조무직) 공개채용 | 보건.의료 | 신입+경력 | 정규직 | 지역외: 세종
[MOEF][대전] 충남대학교병원 | [대전] 2026년 하반기 충남대학교병원 정규직(행정직, 보건직, 전산직, 간호조무직, 원 | 보건.의료 | 신입 | 정규직 | 지역외: 대전
[MOEF][충남] 한국기술교육대학교 | 2027학년도 상반기 전임교원 채용공고 | 교육.자연.사회과학 | 신입 | 정규직 | 지역외: 충남
[MOEF][인천] 한국토지주택공사 | 한국토지주택공사 인천지역본부 기간제근로자(전세사기 최소보장 지원 업무보조 외) 채용공고 | 경영.회계.사무,사회복지.종교 | 신입 | 비정규직 | 경력구분 제외: 신입 단독
[MOEF][경북] 국립공원공단 | [팔공산서부] 2026년 팔공산국립공원서부사무소 가을철 한시인력(산불감시) 직원 채용 | 경비.청소 | 신입+경력 | 비정규직 | 지역외: 경북
[MOEF][대전] 근로복지공단 | [대전병원] 기간제(산업위생사) 채용 공고 | 보건.의료 | 신입 | 비정규직 | 지역외: 대전
[MOEF][충남] 국립공원공단 | [태안] 2026년 태안해안 기간제(한시인력_탐방로보수) 직원 채용 | 환경.에너지.안전 | 신입+경력 | 비정규직 | 지역외: 충남
[MOEF][대전,충남] 한전KPS(주) | 한전KPS(주)충남전북전력지사(대전지점) 단기노무원 채용 공고 | 전기.전자 | 신입+경력 | 비정규직 | 지역외: 대전,충남
[MOEF][강원] 한전KPS(주) | 한전KPS(주)강원충북전력지사 단기노무원(기술팀 차량순시) 채용공고(33차) | 건설,전기.전자 | 신입+경력 | 비정규직 | 지역외: 강원
[MOEF][전남광주] 국립공원공단 | [무등산] 2026년 무등산국립공원 한시인력(국립공원지킴이) 5차 채용공고 | 환경.에너지.안전 | 신입+경력 | 비정규직 | 지역외: 전남광주
[MOEF][충남] 국립공원공단 | [태안] 2026년 태안해안 기간제(한시인력) 국립공원지킴이 모집 공고 | 환경.에너지.안전 | 신입+경력 | 비정규직 | 지역외: 충남
[MOEF][충남] 국립공원공단 | [태안] 2026년 태안해안 기간제(한시인력_수익시설) 직원 채용 | 환경.에너지.안전 | 신입+경력 | 비정규직 | 지역외: 충남
[MOEF][충남] 국립공원공단 | [태안] 2026년 태안해안 기간제(한시인력_환경관리) 직원 채용 | 환경.에너지.안전 | 신입+경력 | 비정규직 | 지역외: 충남
[MOEF][충남] 국립공원공단 | [태안] 2026년 태안해안 기간제(한시인력_산불감시) 직원 채용 | 환경.에너지.안전 | 신입+경력 | 비정규직 | 지역외: 충남
[MOEF][울산] 근로복지공단 | [근로복지공단] 기간제(퇴직연금운영요원) 채용 공고  | 경영.회계.사무 | 신입 | 비정규직 | 지역외: 울산
[MOEF][울산] 근로복지공단 | [근로복지공단] 공무직(시설경비원) 채용 공고 | 경비.청소 | 신입 | 무기계약직 | 지역외: 울산
[MOEF][전북] 국립공원공단 | [내장산] 2026년 내장산국립공원 가을 성수기 기간제(환경관리) 채용 공고 | 경비.청소,환경.에너지.안전 | 신입+경력 | 비정규직 | 지역외: 전북
[MOEF][전북] 국립공원공단 | [내장산] 2026년 내장산국립공원 가을 성수기 기간제(수익시설) 채용 공고 | 이용.숙박.여행.오락.스포츠,환경.에너지.안전 | 신입+경력 | 비정규직 | 지역외: 전북
[MOEF][경북] 국립공원공단 | [소백산생태탐방원] 2026년 소백산생태탐방원 기간제(한시인력_국립공원지킴이) 채용(2차) | 환경.에너지.안전 | 신입+경력 | 비정규직 | 지역외: 경북
[MOEF][강원] 국립공원공단 | [치악산] 치악산국립공원사무소 기간제(수익시설) 직원 채용 | 이용.숙박.여행.오락.스포츠 | 신입+경력 | 비정규직 | 지역외: 강원
[MOEF][경북] 한국수자원공사 | [한국수자원공사] 경북지역협력단 영덕2현대화사업팀 특수직(기술관리_건설사업) 채용 공고 | 사업관리,건설,기계,전기.전자,정보통신,환경.에너지.안전 | 신입+경력 | 비정규직 | 지역외: 경북
[MOEF][전북] 한국청소년활동진흥원 | 2026년 제3차 한국청소년활동진흥원 개방형 직위 채용 공고 | 경영.회계.사무,사회복지.종교 | 경력 | 비정규직 | 지역외: 전북
[MOEF][전북] 한전KDN | 한전KDN(주) 전북사업처 배전자동화 통신공사 일용근로자 모집공고 | 정보통신 | 신입+경력 | 비정규직 | 지역외: 전북
[MOEF][부산] 한전KPS(주) | 한전KPS(주) 고리2사업처 ‘26년도 단기노무원 통합 3차 채용 공고 | 환경.에너지.안전 | 신입+경력 | 비정규직 | 지역외: 부산
[MOEF][대전] 기초과학연구원 | 제2026-4회 중이온가속기연구소 별정직 직원 채용 공고(육아휴직 대체인력) | 경영.회계.사무 | 신입+경력 | 비정규직 | 지역외: 대전
[MOEF][경기] 한국토지주택공사 | 한국토지주택공사 기간제근로자(전세사기 최소보장 지원) 채용공고 | 경영.회계.사무 | 신입 | 비정규직 | 경력구분 제외: 신입 단독
[MOEF][부산] 아시아·태평양경제협력체 기후센터 | 아시아·태평양경제협력체 기후센터 행정원 채용 공고(2026-03) | 경영.회계.사무,연구 | 경력 | 비정규직 | 지역외: 부산
[MOEF][충남] 한전KDN | 한전KDN(주) 보안관제 프로젝트 계약근로자 채용공고 | 정보통신 | 신입+경력 | 비정규직 | 지역외: 충남
[MOEF][경기] 한국고용노동교육원 | 2026년도 4차 계약직(휴직대체) 채용공고_한국고용노동교육원 | 경영.회계.사무,교육.자연.사회과학 | 신입 | 비정규직 | 경력구분 제외: 신입 단독
[MOEF][서울] 한국영유아보육·교육진흥원 | [한국영유아보육·교육진흥원] 2026년 제4차 직원(장애 제한) 채용 공고 | 사업관리,경영.회계.사무 | 신입 | 비정규직 | 경력구분 제외: 신입 단독
[MOEF][대구] 경북대학교병원 | 칠곡경북대학교병원 2026년 10월 1차 임시직원 채용공고(행정, 간호사, 사회복지사, 업 | 보건.의료 | 신입+경력 | 비정규직 | 지역외: 대구
[MOEF][경북] 한국법무보호복지공단 | 2026년 한국법무보호복지공단 개방형직위(미래전략부장) 경력경쟁채용 공고 | 사업관리,경영.회계.사무,법률.경찰.소방.교도.국방,사회복지.종교 | 경력 | 비정규직 | 지역외: 경북
[MOEF][대구] 한국보훈복지의료공단 | [대구보훈병원] 의사직(핵의학과) 채용 공고 | 보건.의료 | 신입+경력 | 비정규직 | 지역외: 대구
[MOEF][부산] 부산항만공사 | 부산항만공사 체험형 청년인턴 채용 공고 | 경영.회계.사무,영업판매,건설,환경.에너지.안전 | 신입 | 청년인턴(체험형) | 지역외: 부산
[MOEF][대전] 정보통신기획평가원 | 2026년 정보통신기획평가원 직원채용(위촉직, 전문위원(변호사)) 공고 | 사업관리,법률.경찰.소방.교도.국방 | 신입+경력 | 비정규직 | 지역외: 대전
[MOEF][전북] 국립공원공단 | [내장산] 2026년 내장산국립공원 가을성수기 국립공원지킴이(한시인력) 2차 채용 공고 | 경비.청소,건설 | 신입+경력 | 비정규직 | 지역외: 전북
[MOEF][강원] 근로복지공단 | [강원지역관내] 공무직(보험가입조사원) 채용 공고 | 경영.회계.사무 | 신입 | 무기계약직 | 지역외: 강원
[MOEF][울산] 한전KDN | 한전KDN(주) 울산지사 배전분야 일용원 모집공고 | 정보통신 | 신입+경력 | 비정규직 | 지역외: 울산
[MOEF][서울] 한국언론진흥재단 | 한국언론진흥재단 2026년 2차 정규직 신입사원 채용 공고 | 사업관리,경영.회계.사무,교육.자연.사회과학,문화.예술.디자인.방송,정보통신 | 신입 | 정규직 | 경력구분 제외: 신입 단독
[MOEF][전남광주] 한국보훈복지의료공단 | [광주보훈병원] 체험형 청년인턴(고객 및 행정지원) 채용 공고 | 보건.의료 | 신입+경력 | 청년인턴(체험형) | 지역외: 전남광주
[MOEF][전남광주] 한국보훈복지의료공단 | [광주보훈병원] 정규직-무기계약직 업무지원직(고객지원, 급식) 직원 채용 공고 | 보건.의료 | 신입+경력 | 무기계약직 | 지역외: 전남광주
[MOEF][경기] 주택관리공단(주) | 채용형 인턴 채용공고(주택관리공단 경기남부지사) | 건설,기계,전기.전자,환경.에너지.안전 | 신입+경력 | 청년인턴(채용형) | 고용형태 제외: 청년인턴(채용형)
[MOEF][인천,울산,경기] 한전MCS(주) | 한전MCS '26년 도서발전 계약직 신규채용 공고 | 기계,전기.전자 | 신입 | 비정규직 | 경력구분 제외: 신입 단독
[MOEF][부산] 한국해양수산연수원 | 한국해양수산연수원 2026년도 개방형계약직(감사실장)채용 재공고 | 사업관리,경영.회계.사무,법률.경찰.소방.교도.국방 | 경력 | 비정규직 | 지역외: 부산
[MOEF][서울,인천,경기] 한국전력공사 | 한국전력 럭비단 기간제 운동선수 채용공고 | 이용.숙박.여행.오락.스포츠 | 신입 | 비정규직 | 경력구분 제외: 신입 단독
[MOEF][경기] 한국전력공사 | 한국전력 육상단 기간제 운동선수 채용공고 | 이용.숙박.여행.오락.스포츠 | 신입 | 비정규직 | 경력구분 제외: 신입 단독
[MOEF][강원] 대한석탄공사 | 2026년 한시적계약직 특별채용 2차 재공고(팀장급) | 경영.회계.사무,환경.에너지.안전 | 경력 | 비정규직 | 지역외: 강원
[MOEF][세종] 한국조세재정연구원 | [한국조세재정연구원] 연구위원급(Research Fellow) 정기채용 | 연구 | 신입+경력 | 정규직 | 지역외: 세종
[MOEF][서울,부산,대전] 한국수력원자력(주) | 2026년도 제2차 체험형 청년인턴 선발 | 경영.회계.사무,건설,기계,화학,전기.전자,정보통신,환경.에너지.안전 | 신입 | 청년인턴(체험형) | 고용형태 제외: 청년인턴(체험형)
[MOEF][제주] 제주대학교병원 | 제주대학교병원 계약직(행정, 방사선사, 간호사 또는 응급구조사 또는 보건의료정보관리사) 모 | 보건.의료 | 신입+경력 | 무기계약직 | 지역외: 제주
[MOEF][제주] 제주대학교병원 | 제주대학교병원 사업인력 계약직(권역정신응급의료센터_보안인력, 지역장애인보건의료센터_사회복지 | 보건.의료 | 신입+경력 | 비정규직 | 지역외: 제주
[MOEF][인천] 대한적십자사 | 경인권역재활병원 비정규직(대체인력) 물리치료사 채용 공고(2026.11.2.임용)(1) | 보건.의료 | 신입 | 비정규직 | 경력구분 제외: 신입 단독
[MOEF][경남] 부산대학교치과병원 | 부산대학교치과병원 정규직(행정직_사회복지사) 직원 모집 공고 | 보건.의료 | 신입+경력 | 정규직 | 지역외: 경남
[MOEF][대구] 학교법인한국폴리텍 | 한국폴리텍대학 남대구캠퍼스 체험형 청년인턴(일반) 채용 공고 | 경영.회계.사무 | 신입+경력 | 청년인턴(체험형) | 지역외: 대구
[MOEF][경북] 대한적십자사 | [영주적십자병원] 정규직 조리사, 계약직(간호조무사(상근직), 보조원(장애)), 육아휴직대 | 보건.의료 | 신입 | 정규직,비정규직 | 지역외: 경북
[MOEF][전남광주] 한국보훈복지의료공단 | [광주보훈병원] 청년인턴(체험형) 채용 공고 | 보건.의료 | 신입+경력 | 청년인턴(체험형) | 지역외: 전남광주
[MOEF][서울,부산,대구] 한국자산관리공사 | 2026년도 한국자산관리공사 체험형 인턴(2차) 채용공고 | 경영.회계.사무,금융.보험,영업판매,건설 | 신입 | 청년인턴(체험형) | 고용형태 제외: 청년인턴(체험형)
[MOEF][충북] 한국교육과정평가원 | 2026년 11월 한국교육과정평가원 비정규직원 모집 공고 | 연구 | 신입 | 비정규직 | 지역외: 충북
[MOEF][대전] 한국수자원공사 | [한국수자원공사] 안전본부 특수직(사무관리_서무보조) 채용 공고 | 경영.회계.사무 | 신입+경력 | 비정규직 | 지역외: 대전
[MOEF][세종] 한국환경연구원 | [한국환경연구원] 임시직(기후변화적응 및 국제협력) 채용공고(1002) | 연구 | 신입+경력 | 비정규직 | 지역외: 세종
[MOEF][전남광주] 전남대학교병원 | 2026년 10월 전남대학교병원 직원(대체근로자) 공개채용 공고 | 보건.의료 | 신입 | 비정규직 | 지역외: 전남광주
[MOEF][부산] 동남권원자력의학원 | [직원채용] 별정직 의사직(마취통증의학과) 상시 모집 공고 | 보건.의료 | 신입+경력 | 비정규직 | 지역외: 부산
[MOEF][대구] 한국보훈복지의료공단 | [대구보훈병원] 계약직 간호직(야간전담간호사) 긴급 채용 공고 | 보건.의료 | 신입+경력 | 비정규직 | 지역외: 대구
[MOEF][세종] 건축공간연구원 | 건축공간연구원 위촉직 모집 | 연구 | 신입+경력 | 비정규직 | 지역외: 세종
[MOEF][대전] 한국보훈복지의료공단 | [대전보훈병원] 전문의(심장내과, 외과, 진단검사의학과) 채용 공고 | 보건.의료 | 신입+경력 | 비정규직 | 지역외: 대전
[MOEF][강원] 한국보훈복지의료공단 | [원주보훈요양원] 2026년 제3차 체험형 청년인턴(장애인) 채용  | 사회복지.종교 | 신입 | 비정규직 | 지역외: 강원
[MOEF][강원] 한국보훈복지의료공단 | [원주보훈요양원] 2026년 제6차 요양보호직 공개채용  | 사회복지.종교 | 신입+경력 | 정규직 | 지역외: 강원
[MOEF][서울] 한국수출입은행 | 한국수출입은행 2026년 하반기 전문직행원(신입) 채용 | 사업관리,경영.회계.사무,금융.보험,정보통신 | 신입 | 정규직 | 경력구분 제외: 신입 단독
[MOEF][인천] 근로복지공단 | [직업환경연구원] 연구직(연구위원) 채용 공고 | 보건.의료,연구 | 신입 | 정규직 | 경력구분 제외: 신입 단독
[MOEF][대전] 한국보훈복지의료공단 | [대전보훈병원] 정규직(업무지원직(완화의료, 청소)) 및 계약직(일반기능직(영선)) 채용  | 보건.의료 | 신입+경력 | 무기계약직,비정규직 | 지역외: 대전
[MOEF][울산] 근로복지공단 | [울산병원] 별정직 의사(영상의학과) 채용 공고 | 보건.의료 | 신입 | 정규직 | 지역외: 울산
[MOEF][강원] 근로복지공단 | [태백병원] 공무직(전기기계통신기사-기계분야) 채용 공고 | 보건.의료 | 신입 | 무기계약직 | 지역외: 강원
[MOEF][강원] 근로복지공단 | [태백병원] 기간제 의사(응급실전담의) 채용 공고 | 보건.의료 | 신입 | 비정규직 | 지역외: 강원
[MOEF][대구] 한국보훈복지의료공단 | [대구보훈요양원] 2026년 제7차 정규직 요양보호직 공개채용 공고 | 사회복지.종교 | 신입+경력 | 정규직 | 지역외: 대구
[MOEF][전남광주] 한국장애인개발원 | [제2026-114호]2026년도 제5차 전남광주통합특별시전남장애아동·발달장애인지원센터 체 | 사회복지.종교 | 신입 | 청년인턴(체험형) | 지역외: 전남광주
[MOEF][충북] 한국토지주택공사 | 한국토지주택공사 충북지역본부 기간제근로자(보상일반역, 보상전문역) 채용공고 | 경영.회계.사무,영업판매 | 신입+경력 | 비정규직 | 지역외: 충북
[MOEF][부산] 대한적십자사 | 부산혈액원 비정규직 초단시간 임상병리사 채용 공고(3차) | 보건.의료 | 신입 | 비정규직 | 지역외: 부산
[MOEF][부산] 한국보훈복지의료공단 | [부산보훈병원] 청년인턴(체험형-일반, 장애) 긴급채용공고 | 보건.의료 | 신입+경력 | 청년인턴(체험형) | 지역외: 부산
[MOEF][대구] 한국보훈복지의료공단 | [대구보훈병원] 청년인턴(장애) 긴급 채용 공고 | 보건.의료 | 신입+경력 | 청년인턴(체험형) | 지역외: 대구
[MOEF][울산] 한전KDN | 한전KDN(주) 울산지사 26년 AMI 통신망 보강공사 일용근로자 모집공고 | 정보통신 | 신입+경력 | 비정규직 | 지역외: 울산
[MOEF][부산] 한국보훈복지의료공단 | [부산보훈병원] 계약직(간호조무사, 간병지원, 행정) 긴급채용공고 | 보건.의료 | 신입+경력 | 비정규직 | 지역외: 부산
[MOEF][충북] 충북대학교병원 | 2026년 10월 2차 충북대학교병원 기간제근무자 모집 공고 | 보건.의료 | 신입+경력 | 비정규직 | 지역외: 충북
[MOEF][부산] 한국보훈복지의료공단 | [부산보훈병원] 전문의(영상의학과) 긴급채용공고 | 보건.의료 | 신입+경력 | 비정규직 | 지역외: 부산
[MOEF][충북] 한국토지주택공사 | 한국토지주택공사 충북지역본부 기간제근로자 (대체채용, 전세사기 피해자 지원 등) 채용공고 | 경영.회계.사무,사회복지.종교 | 신입+경력 | 비정규직 | 지역외: 충북
[MOEF][서울] 한국콘텐츠진흥원 | 2026년 4분기 한국콘텐츠진흥원 공무직원(환경미화(보훈)) 채용 재공고 | 경비.청소 | 신입 | 무기계약직 | 경력구분 제외: 신입 단독
[MOEF][대구] 경북대학교치과병원 | 2026년 제15차 청년인턴(진료지원-치과위생사/치과보존과) 채용 공고 | 보건.의료 | 신입 | 청년인턴(체험형) | 지역외: 대구
[MOEF][부산] 학교법인한국폴리텍 | 한국폴리텍대학 부산캠퍼스 2026년 청년인턴(일반) 2차 채용 | 경영.회계.사무 | 신입+경력 | 청년인턴(체험형) | 지역외: 부산
[MOEF][부산] 학교법인한국폴리텍 | 한국폴리텍대학 부산캠퍼스 2026년 행정지원직(휴직대체_냉난방원) 채용 | 건설,기계 | 신입+경력 | 비정규직 | 지역외: 부산
[MOEF][경기,충북,충남] 한국도로공사 | 2026년 한국도로공사 순찰직(안전순찰원) 채용 공고 [일반전형] | 운전.운송 | 신입 | 무기계약직 | 경력구분 제외: 신입 단독
[MOEF][경기,충남,전남] 한국도로공사 | 2026년 한국도로공사 실무직(상황관리원) 채용 공고 [일반전형] | 환경.에너지.안전 | 신입 | 무기계약직 | 경력구분 제외: 신입 단독
[MOEF][전북] 한국도로공사 | 2026년 한국도로공사 실무직(사무원) 채용 공고 [취업지원대상자 보훈전형] | 경영.회계.사무 | 신입 | 무기계약직 | 지역외: 전북
[MOEF][대구,울산,경기] 한국도로공사 | 2026년 한국도로공사 실무직(도로관리원) 채용 공고 [일반전형] | 경비.청소 | 신입 | 무기계약직 | 경력구분 제외: 신입 단독
[MOEF][경기,충남,전북] 한국도로공사 | 2026년 한국도로공사 정비직(8급) 채용 공고 [일반전형] | 기계 | 신입 | 정규직 | 경력구분 제외: 신입 단독
[MOEF][전남광주] 한국토지주택공사 | 한국토지주택공사 광주전남지역본부 기간제근로자(보상일반역, 보상전문역) 채용공고 | 경영.회계.사무,영업판매 | 신입+경력 | 비정규직 | 지역외: 전남광주
[MOEF][세종] 한국토지주택공사 | 한국토지주택공사 세종특별본부 기간제근로자(보상일반역, 보상전문역) 채용공고 | 경영.회계.사무,영업판매 | 신입+경력 | 비정규직 | 지역외: 세종
[MOEF][충북] 대한적십자사 | 대한적십자사 충북지사 비정규직(육아휴직 대체인력, 11.1자) 채용공고 | 경영.회계.사무 | 신입 | 비정규직 | 지역외: 충북
[MOEF][대전] 충남대학교병원 | [대전] 충남대학교병원 2026년 10월 보조금직원 채용공고 | 보건.의료 | 신입+경력 | 비정규직 | 지역외: 대전
[MOEF][대구,경북] 한전KDN | 한전KDN(주) 대구본부 포항지사 전력통신설비 유지보수 및 단순정비 작업원 모집공고 | 전기.전자,정보통신 | 신입+경력 | 비정규직 | 지역외: 대구,경북
[MOEF][부산] 한국토지주택공사 | 한국토지주택공사 부산울산지역본부 기간제근로자(보상일반역, 보상전문역) 채용공고 | 경영.회계.사무,영업판매 | 신입+경력 | 비정규직 | 지역외: 부산
[MOEF][대전] 충남대학교병원 | [대전] 충남대학교병원 2026년 10월 업무지원계약직 직원 채용공고 | 보건.의료 | 신입 | 비정규직 | 지역외: 대전
[MOEF][대전] 한국토지주택공사 | 한국토지주택공사 대전충남지역본부 기간제근로자(보상일반역, 보상전문역) 채용공고 | 경영.회계.사무,영업판매 | 신입+경력 | 비정규직 | 지역외: 대전
[MOEF][대전] 충남대학교병원 | [대전] 충남대학교병원 2026년 10월 계약직 직원 채용공고 | 보건.의료 | 신입 | 비정규직 | 지역외: 대전
[MOEF][대전] 충남대학교병원 | [대전] 충남대학교병원 2026년 10월 공무직 직원 채용공고 | 보건.의료 | 신입 | 무기계약직 | 지역외: 대전
[MOEF][해외] 정보통신산업진흥원 | 정보통신산업진흥원 KIC실리콘밸리센터장 채용 공고 | 정보통신 | 경력 | 비정규직 | 지역외: 해외
[MOEF][대전] 근로복지공단 | [대전병원] 별정직 의사(직업환경의학과) 채용 공고 | 보건.의료 | 신입 | 정규직 | 지역외: 대전
[MOEF][강원] 한국보훈복지의료공단 | [본사] 계약직 직원(간호직, 복지기능직) 채용 공고 | 경영.회계.사무,보건.의료,환경.에너지.안전 | 신입 | 비정규직 | 지역외: 강원
[MOEF][부산] 주택관리공단(주) | 채용형 인턴 채용공고(주택관리공단 부산울산지사) | 건설,기계,전기.전자,환경.에너지.안전 | 신입+경력 | 청년인턴(채용형) | 지역외: 부산
[MOEF][경기] 한국도로공사서비스(주) | 한국도로공사서비스(주) 수도권동부권역본부 기간제근로자 채용 공고 | 경비.청소 | 신입 | 비정규직 | 경력구분 제외: 신입 단독
[MOEF][대전] 한국도로공사서비스(주) | 한국도로공사서비스(주) 대전충남권역본부 기간제근로자 채용 공고 | 운전.운송 | 신입 | 비정규직 | 지역외: 대전
[MOEF][세종] 한국청소년정책연구원 | [채용공고 2026-12호] 공무직 채용 공고 | 연구 | 신입 | 무기계약직 | 지역외: 세종
[MOEF][전남광주] 근로복지공단 | [순천병원] 의료직(산업위생사 4급) 채용 공고 | 보건.의료 | 신입 | 정규직 | 지역외: 전남광주
[MOEF][강원] 한전KDN | 한전KDN(주) 강원사업처 강릉지사 AMI분야 비정규직 모집공고 | 정보통신 | 신입+경력 | 비정규직 | 지역외: 강원
[MOEF][세종] 충남대학교병원 | [세종] 2026년 약무직 직원 모집공고 | 보건.의료 | 신입+경력 | 정규직 | 지역외: 세종
[MOEF][경남] 국립공원공단 | [한려동부] 2026년 한려해상국립공원동부사무소 한시인력(국립공원지킴이) 직원 2차 채용 | 경비.청소 | 신입+경력 | 비정규직 | 지역외: 경남
[MOEF][부산] 한전KDN | 한전KDN(주) 부산본부 전력통신팀 업무보조원 일용근로자 모집공고 | 정보통신 | 신입+경력 | 비정규직 | 지역외: 부산
[MOEF][충북] 충북대학교병원 | 2026년 10월 충북대학교병원 기간제근무자 모집 공고 | 보건.의료 | 신입+경력 | 비정규직 | 지역외: 충북
[MOEF][충북] 충북대학교병원 | 2026년 3차 충북대학교병원 장애인 근로자(기간제근무자) 모집 공고 | 보건.의료 | 신입+경력 | 비정규직 | 지역외: 충북
[MOEF][인천] 대한적십자사 | 경인권역재활병원 비정규직(대체인력) 물리치료사 채용 공고(2026.11.2.임용)(2) | 보건.의료 | 신입 | 비정규직 | 경력구분 제외: 신입 단독
[MOEF][인천] 대한적십자사 | 경인권역재활병원 비정규직(대체인력) 작업치료사 채용 공고(2026.11.2.임용) | 보건.의료 | 신입 | 비정규직 | 경력구분 제외: 신입 단독
[MOEF][인천] 대한적십자사 | 경인권역재활병원 정규직 간호사 채용 공고(2026.11.1.임용) | 보건.의료 | 신입 | 정규직 | 경력구분 제외: 신입 단독
[MOEF][대전] 한국벤처투자 | 2026년 3차 한국벤처투자 채용 공고(일반 전문계약직) | 사업관리,경영.회계.사무,금융.보험 | 경력 | 비정규직 | 지역외: 대전
[MOEF][경북] 한전KDN | 한전KDN(주) 경북사업처 AMI분야 일용근로자 모집공고 | 전기.전자,정보통신 | 신입+경력 | 비정규직 | 지역외: 경북
[MOEF][대전] 한전원자력연료주식회사 | 2026년도 하반기 한전원자력연료 체험형 청년인턴 채용 공고 | 사업관리,경영.회계.사무,건설,기계,재료,화학,전기.전자,정보통신,환경.에너지.안전,연구 | 신입 | 청년인턴(체험형) | 지역외: 대전
[MOEF][충남] 한국서부발전(주) | 2026년도 하반기 별정직 신입사원 모집 공고 | 보건.의료,화학,환경.에너지.안전 | 신입 | 정규직 | 지역외: 충남
[MOEF][서울,인천] 서민금융진흥원 | 2026년 서민금융진흥원 제3차 기간제(육아휴직대체) 직원 채용공고 | 경영.회계.사무,금융.보험 | 신입 | 비정규직 | 경력구분 제외: 신입 단독
[MOEF][인천,경기,충남] 한국서부발전(주) | 2026년도 하반기 4직급 고졸 신입사원 모집 공고 | 기계,전기.전자 | 신입 | 정규직 | 경력구분 제외: 신입 단독
[MOEF][인천,경기,충남] 한국서부발전(주) | 2026년도 하반기 4직급 대졸 신입사원 모집 공고 | 경영.회계.사무,건설,기계,화학,전기.전자,정보통신 | 신입 | 정규직 | 경력구분 제외: 신입 단독
[MOEF][전북] 한국탄소산업진흥원 | 2026-04호 채용공고 | 사업관리,경영.회계.사무,교육.자연.사회과학,기계,재료,화학,섬유.의복,환경.에너지.안전,연구 | 신입+경력 | 비정규직 | 지역외: 전북
[MOEF][전북] 태권도진흥재단 | 2026년 태권도원 체험관[얍] 운영 기간제근로자(보조인력) 채용 | 이용.숙박.여행.오락.스포츠 | 신입 | 비정규직 | 지역외: 전북
[MOEF][서울,부산,대구] 한국승강기안전공단 | 한국승강기안전공단 2026년 하반기 채용형 청년인턴 채용 공고 | 사업관리,기계,전기.전자 | 신입 | 청년인턴(채용형) | 고용형태 제외: 청년인턴(채용형)
[MOEF][대구,인천,대전] 한국농어촌공사 | 2026년도 직무중심 신입사원(5급, 6급) 채용 공고 | 경영.회계.사무,건설,전기.전자,정보통신,환경.에너지.안전,농림어업 | 신입 | 정규직 | 경력구분 제외: 신입 단독
[MOEF][서울,부산,대구] 건강보험심사평가원 | 2026년 하반기 건강보험심사평가원 체험형 청년인턴 채용 공고 | 경영.회계.사무,보건.의료,정보통신,연구 | 신입 | 청년인턴(체험형) | 고용형태 제외: 청년인턴(체험형)
[MOEF][강원] 국립공원공단 | 국립공원공단 기간제(사무행정) 직원 채용 | 경영.회계.사무,문화.예술.디자인.방송 | 신입+경력 | 비정규직 | 지역외: 강원
[MOEF][전북] 국립중앙의료원 | 계약직 행정(전북응급의료지원센터) 채용 재공고 | 보건.의료 | 신입+경력 | 비정규직 | 지역외: 전북
[MOEF][전남광주] 국립공원공단 | [지리산전북] 지리산국립공원전북사무소 한시인력(국립공원지킴이) 모집 | 환경.에너지.안전 | 신입+경력 | 비정규직 | 지역외: 전남광주
[MOEF][서울,충북,전남] 한국마약퇴치운동본부 | 한국마약퇴치운동본부 2026년 제4차 채용공고 | 사업관리,경영.회계.사무,교육.자연.사회과학,사회복지.종교 | 신입 | 정규직,비정규직 | 경력구분 제외: 신입 단독
[MOEF][부산] 부산대학교병원 | 영상의학과 전문의 모집 공고 | 보건.의료 | 경력 | 비정규직 | 지역외: 부산
[MOEF][충북] 한국전력공사 | 기간제근로자 (대체인력)채용 공고[충북본부 진천지사] | 전기.전자 | 신입 | 비정규직 | 지역외: 충북
[MOEF][세종] 국토연구원 | 국토연구원 2026년 제10차 위촉직(기간제) 공개채용 | 연구 | 신입+경력 | 비정규직 | 지역외: 세종
[MOEF][전남광주] 농림식품기술기획평가원 | 2026년도 2차 정규직 채용 공고 | 사업관리,경비.청소,정보통신 | 신입 | 정규직 | 지역외: 전남광주
[MOEF][대구] 경북대학교병원 | 2026년 대구의료원 파견의사(진료교수) 상시 초빙 공고 | 보건.의료 | 신입 | 비정규직 | 지역외: 대구
[MOEF][전북] 국립공원공단 | [내장산생태탐방원] 2026년 내장산생태탐방원 한시인력(국립공원지킴이) 채용 공고 | 환경.에너지.안전 | 신입+경력 | 비정규직 | 지역외: 전북
[MOEF][서울,경기] 한국체육산업개발(주) | 2026년도 NCS기반 신규직원 블라인드 채용 공고 | 경영.회계.사무,건설,기계,전기.전자 | 신입 | 정규직 | 경력구분 제외: 신입 단독
[MOEF][경남] 대한적십자사 | 2026년 대한적십자사 경상남도지사 비정규직 (대체인력) 채용 공고 | 경영.회계.사무 | 신입 | 비정규직 | 지역외: 경남
[MOEF][대전] 기초과학연구원 | 2026-10회 의생명 및 화학 연구클러스터(시냅스 뇌질환 연구단) 연구직 채용 공고 | 연구 | 신입+경력 | 비정규직 | 지역외: 대전
[MOEF][전남광주] 대한적십자사 | 대한적십자사 전남광주혈액원 비정규직 기간제(장애인) 채용 공고 | 보건.의료 | 신입 | 비정규직 | 지역외: 전남광주
[MOEF][대전] 대한적십자사 | 대전세종충남혈액원 비정규직 육아휴직 대체 사무보조원 채용 공고 | 경영.회계.사무 | 신입 | 비정규직 | 지역외: 대전
[MOEF][서울] 육아정책연구소 | [제2026-16호] 육아정책연구소 청년인턴(행정인턴) 단시간 장애인 제한경쟁 채용 | 경영.회계.사무 | 신입+경력 | 청년인턴(체험형) | 고용형태 제외: 청년인턴(체험형)
[MOEF][대전] 충남대학교병원 | [대전] 2026년 하반기 충남대학교병원 보건직(의학물리사) 공개채용 | 보건.의료 | 경력 | 정규직 | 지역외: 대전
[MOEF][전남광주] 국립공원공단 | [국립공원해양생태보전원] 국립공원해양생태보전원 기간제[국립공원지킴이(한시인력)] 채용 공고 | 환경.에너지.안전 | 신입+경력 | 비정규직 | 지역외: 전남광주
[MOEF][충북] 한국수자원공사 | [한국수자원공사] 금강유역협력단 괴산현대화사업팀 특수직(사무관리_건설사업) 채용 공고 | 경영.회계.사무 | 신입+경력 | 비정규직 | 지역외: 충북
[MOEF][충남] 한국수자원공사 | [한국수자원공사] 금강유역협력단 부여2차현대화사업팀 특수직(사무관리_건설사업) 채용 공고 | 경영.회계.사무 | 신입+경력 | 비정규직 | 지역외: 충남
[MOEF][충남] 한국수자원공사 | [한국수자원공사] 금강유역협력단 부여현대화사업팀 특수직(기술관리_건설사업) 채용 공고 | 사업관리,건설,기계,전기.전자,정보통신,환경.에너지.안전 | 신입+경력 | 비정규직 | 지역외: 충남
[MOEF][충남] 한국수자원공사 | [한국수자원공사] 금강유역협력단 공주2차현대화사업팀 특수직(기술관리_건설사업) 채용 공고 | 사업관리,건설,기계,전기.전자,정보통신,환경.에너지.안전 | 신입+경력 | 비정규직 | 지역외: 충남
[MOEF][충남] 한국수자원공사 | [한국수자원공사] 금강유역협력단 공주2차현대화사업팀 특수직(사무관리_건설사업) 채용 공고 | 경영.회계.사무 | 신입+경력 | 비정규직 | 지역외: 충남
[MOEF][대구,경북] 한국토지주택공사 | 한국토지주택공사 대구경북지역본부 기간제근로자(대체채용) 채용 공고(2026-07) | 경영.회계.사무,사회복지.종교 | 신입+경력 | 비정규직 | 지역외: 대구,경북
[MOEF][충북] 오송첨단의료산업진흥재단 | 오송첨단의료산업진흥재단 2026년도 제6차 체험형 청년인턴 채용 공고 | 사업관리,경영.회계.사무,환경.에너지.안전 | 신입 | 청년인턴(체험형) | 지역외: 충북
[MOEF][서울] 해양수산과학기술진흥원 | 2026년도 제3차 신규직원(체험형 인턴) 채용 공고 | 경영.회계.사무 | 신입 | 비정규직 | 경력구분 제외: 신입 단독
[MOEF][전남광주] 한국토지주택공사 | 한국토지주택공사 광주전남지역본부 기간제근로자(사업관리 외) 채용공고(2026.10) | 경영.회계.사무,사회복지.종교 | 신입 | 비정규직 | 지역외: 전남광주
[MOEF][세종] 충남대학교병원 | [세종] 2026년 9월 비정규직(계약직, 업무지원계약직) 직원 채용공고 | 보건.의료 | 신입+경력 | 비정규직 | 지역외: 세종
[MOEF][대전] 한국연구재단 | 2026년 제2차 한국연구재단 직원 채용(공무직(시설관리직, 미화직)) | 경비.청소,기계,전기.전자,환경.에너지.안전 | 신입 | 정규직 | 지역외: 대전
[MOEF][세종] 충남대학교병원 | [세종] 2026년 9월 업무지원직 직원 채용공고 | 보건.의료 | 신입+경력 | 정규직 | 지역외: 세종
[MOEF][서울,대전,경기] 스포츠윤리센터 | 스포츠윤리센터 2026년 제2차 직원 신규채용 공고 | 사업관리,경영.회계.사무,교육.자연.사회과학,법률.경찰.소방.교도.국방,정보통신 | 신입 | 정규직,비정규직 | 경력구분 제외: 신입 단독
[MOEF][서울,부산,대구] 한국농수산식품유통공사 | 2026년 신입직원 채용공고 | 사업관리,경영.회계.사무,건설,정보통신,환경.에너지.안전,농림어업 | 신입 | 정규직 | 경력구분 제외: 신입 단독
[MOEF][광주,전남] 전남대학교병원 | 2026년도 전임의사 상시 공개채용 변경 공고 | 보건.의료 | 신입 | 정규직 | 지역외: 광주,전남
[MOEF][서울] 서울대학교병원 | 2026년도 하반기 서울대학교병원 블라인드 장애인 직원채용 (무기계약직) 공고 | 보건.의료 | 신입 | 무기계약직 | 경력구분 제외: 신입 단독
[MOEF][경북] 한국수력원자력(주) | 2026년도 제9차 경력사원(고위직) 선발 | 사업관리,경영.회계.사무,기계,전기.전자,환경.에너지.안전 | 경력 | 비정규직 | 지역외: 경북
[MOEF][서울] (사)남북교류협력지원협회 | 2026년 제2차 남북교류협력지원협회 직원(정규직 및 육아휴직대체) 채용 공고 | 사업관리 | 신입 | 정규직,비정규직 | 경력구분 제외: 신입 단독
[MOEF][서울] 서울대학교병원 | 서울대학교병원 블라인드 직원채용 (무기계약직) 공고 (장애인 특별우대) | 보건.의료 | 신입 | 무기계약직 | 경력구분 제외: 신입 단독
[MOEF][해외] 극지연구소 | 2026년 남극과학기지 월동연구대 채용 재공고 (발전 분야) | 전기.전자 | 경력 | 비정규직 | 지역외: 해외
[MOEF][부산] 동남권원자력의학원 | [직원채용] 동남권원자력의학원 박사후 연수연구원(첨단방사선AI융합연구팀) 공개 채용 | 연구 | 신입+경력 | 비정규직 | 지역외: 부산
[MOEF][부산] 동남권원자력의학원 | [직원채용] 정규직 의사직(방사선비상진료센터) 채용 | 보건.의료 | 신입+경력 | 정규직 | 지역외: 부산
[MOEF][부산] 동남권원자력의학원 | [직원채용] 별정직 의사직(산부인과) 채용 | 보건.의료 | 신입+경력 | 비정규직 | 지역외: 부산
[MOEF][부산] 동남권원자력의학원 | [직원채용] 별정직 의사직(감염내과) 채용  | 보건.의료 | 신입+경력 | 비정규직 | 지역외: 부산
[MOEF][부산] 동남권원자력의학원 | [직원채용] 별정직 의사직(호흡기내과) 초빙 | 보건.의료 | 신입+경력 | 비정규직 | 지역외: 부산
[나라일터][경기] 국방부 국군조직 육군 | 선봉대 체력단련장(육군골프장) 공무직근로자 (조리담당) 채용공고 제2026-13호 | e04 | g01 | 고용형태 제외(나라일터): e04
[나라일터][43130] 충청북도 충주시 | 충주시 청원경찰 임용시험 시행계획 공고 | e04 | g02 | 지역외(코드): 43130
[나라일터][52000] 국립군산대학교 | [국립군산대학교]국립대학육성사업 기간제 계약직원(선임연구원) 채용 재공고 | e04 | g01 | 지역외(코드): 52000
[나라일터][경기] 동두천시시설관리공단 | 2026년 제9회 동두천시 시설관리공단 기간제 근로자 채용 공고 | e08 | g03 | 고용형태 제외(나라일터): e08
[나라일터][서울] 서울특별시교육청 숭의여자고등학교 | 2026학년도 숭의여고 기간제교사 채용 공고(물리,역사) | e10 | g04 | 고용형태 제외(나라일터): e10
[나라일터][12800] 산업통상부 대불자유무역지역관리원 | 2026년 대불자유무역지역관리원 공무직 근로자(조경) 서류심사 합격자 공고 | e04 | g01 | 지역외(코드): 12800
[나라일터][서울] 경찰청 서울특별시경찰청 서울서초경찰서 | 26년 서초경찰서 무기계약직 근로자[시설관리] 채용 공고문[제 2026-4호] | e04 | g01 | 고용형태 제외(나라일터): e04
[나라일터][52110] 문화체육관광부 국립중앙박물관 전주박물관 | 2026년 국립전주박물관 공무직(시설물관리원) 채용 서류전형 합격자 및 면접시험 공고 | e04 | g01 | 지역외(코드): 52110
[나라일터][36110] 보건복지부 | 보건복지부 아동보호자립과 공무직 근로자 서류전형 합격자 및 면접 시험계획 공고 | e01 | g01 | 지역외(코드): 36110
[나라일터][인천] 인천광역시교육청 석정여자고등학교 | 2026학년도 석정여고 기간제교사 채용 공고(영어)(2차) | e10 | g04 | 고용형태 제외(나라일터): e10
[나라일터][51110] 과학기술정보통신부 우정사업본부 강원지방우정청 춘천우체국 | 2026년도 제4회 춘천우체국 실적급 공무직 상시계약집배원 서류전형 합격자 및 실기, 면접 | e04 | g01 | 지역외(코드): 51110
[나라일터][51810] 국립공원공단 설악산국립공원사무소 | [설악산] 설악산국립공원 기간제 직원[탐방해설] 채용 추가접수 공고 | e08 | g03 | 지역외(코드): 51810
[나라일터][36110] 행정안전부 대변인 디지털소통팀 | 행정안전부 대변인실 디지털소통팀 공무직근로자(행정실무원, 장애인구분) 채용 공고 | e04 | g01 | 지역외(코드): 36110
[나라일터][인천] 인천광역시교육청 인천중산고등학교 | 2026학년도 인천중산고등학교 특수 기간제교사(중등, 초등, 일반) 채용 공고 | e10 | g04 | 고용형태 제외(나라일터): e10
[나라일터][47110] 포항시시설관리공단 | 2026년 학산공원국민체육센터 GX 프로그램 강사 최종 합격자 결정 공고 | e08 | g03 | 지역외(코드): 47110
[나라일터][44150] 국립공주대학교 | 2026년 제8회 국립공주대학교 대학회계직원 채용 공고 | e04 | g01 | 지역외(코드): 44150
[나라일터][인천] 인천광역시교육청 학교교육국 | 인천특수교육지원센터 기간제 교육공무직(치료사-작업치료사) 채용 공고(3차) | e10 | g04 | 고용형태 제외(나라일터): e10
[나라일터][43130] 문화체육관광부 국립중앙박물관 | 국립충주박물관 공무직 근로자 (기계, 전기, 방재) 채용 서류전형 합격자 및 면접시험 공고 | e04 | g01 | 지역외(코드): 43130
[나라일터][52000] 전북특별자치도 완주군 | 2026년 제5회 및 제6회 완주군 임기제공무원 채용시험 시행계획 공고 | e01 | g02 | 지역외(코드): 52000
[나라일터][44230] 충청남도 논산시 | 2026년 제3회 논산시 지방한시임기제공무원(행정8호) 임용시험 시행계획 공고 | e01 | g02 | 지역외(코드): 44230
[나라일터][서울] 경찰청 서울특별시경찰청 서울방배경찰서 | ’26년 서울방배경찰서 공무직 근로자[무기직, 시설관리 분야] 채용 공고 | e04 | g01 | 고용형태 제외(나라일터): e04
[나라일터][26230] 부산광역시 부산진구 | 2026년 제4회 임기제공무원(간호사) 채용시험 추가합격자 공고 | e01 | g02 | 지역외(코드): 26230
[나라일터][43111] 충청북도 의회사무처 | 2026년도 제5회 충청북도의회 지방임기제공무원 임용시험계획 공고 | e01 | g02 | 지역외(코드): 43111
[나라일터][44200] 충청남도 아산시 | 2026년도 제9회 아산시 지방임기제공무원 임용시험 시행계획 재공고(노동상담, 산림재난) | e01 | g02 | 지역외(코드): 44200
[나라일터][서울] 대법원 서울동부지방법원 | 서울동부지방법원 공무직 근로자(환경관리직, 기술지원직-기계, 소방) 채용 공고 | e04 | g01 | 고용형태 제외(나라일터): e04
[나라일터][서울] 대법원 서울동부지방법원 | 서울동부지방법원 공무직근로자(기술지원직-영선) 채용 공고 | e04 | g01 | 고용형태 제외(나라일터): e04
[나라일터][경기] 경기도교육청 | 2026년 제11회 경기도교육청 임기제공무원 채용시험 공고[홍보기획(5급), 언론(7급), | e10 | g04 | 고용형태 제외(나라일터): e10
[나라일터][서울] 국회 국회사무처 | 국회사무처 의정연수원 고성분원 공무직근로자 채용시험 재공고 | e04 | g01 | 고용형태 제외(나라일터): e04
[나라일터][27230] 경북대학교 반도체융합기술연구원 | 경북대학교 반도체융합기술연구원 국방용 반도체 MPW 국산화 지원센터 전담 직원(기간제) 채 | e04 | g01 | 지역외(코드): 27230
[나라일터][경기] 경기도교육청 경기도수원교육지원청 우만초등학교 | 기간제 교사 채용 1차 공고, 4학년 담임교사 | e10 | g04 | 고용형태 제외(나라일터): e10
[나라일터][경기] 과학기술정보통신부 우정사업본부 경인지방우정청 화성동탄우체국 | 2026년 제8회 화성동탄우체국 기간제 상시집배원 채용시험 재공고(봉담) | e04 | g01 | 고용형태 제외(나라일터): e04
[나라일터][서울] 서울특별시교육청 서울특별시강남서초교육지원청 서울도곡초등학교 | 서울도곡초등학교 2026년 지방공무원 대체직원(교육행정) 채용 공고 | e10 | g04 | 고용형태 제외(나라일터): e10
[나라일터][26440] 부산광역시교육청 부산광역시교육청학교행정지원본부 학교채용지원팀 | 2026학년도 가락초등학교 통학차량안전도우미 채용 4차 공고 | e10 | g04 | 지역외(코드): 26440
[나라일터][43730] 충청북도 충북도립대학교 | 2026년 전문대학 혁신지원사업 기간제 근로자 채용 공고 | e04 | g02 | 지역외(코드): 43730
[나라일터][43720] 충청북도 보은군 | 2026년도 제2회 및 제3회 보은군 지방시간선택제임기제공무원 채용시험 재공고 | e01 | g02 | 지역외(코드): 43720
[나라일터][서울] 경찰청 서울특별시경찰청 서울강동경찰서 | 서울강동경찰서 무기계약직 근로자(전기, 시설) 채용 공고 | e04 | g01 | 고용형태 제외(나라일터): e04
[나라일터][경기] 경기도교육청 덕현고등학교 | 2026학년도 덕현고등학교 기간제교원 채용 공고(수학) | e10 | g04 | 고용형태 제외(나라일터): e10
[나라일터][30170] 조달청 | 조달청 일반직공무원(6~7급) 경력경쟁채용 서류전형 합격자 및 면접시험 일정 등 공고 | e01 | g01 | 지역외(코드): 30170
[나라일터][36110] 행정중심복합도시건설청 | 행정중심복합도시건설청 일반직공무원[전산주사보, 기록연구사(일반임기제)] 채용 공고 | e01 | g01 | 지역외(코드): 36110
[나라일터][30170] 산림청 국립자연휴양림관리소 | 국립자연휴양림관리소 공무원 경력경쟁채용시험 서류전형 합격자 및 면접시험 일정 공고 | e01 | g01 | 지역외(코드): 30170
[나라일터][경기] 경기도교육청 | 경기도교육청 정보화담당관(개방형직위) 공개모집 공고 | e10 | g04 | 고용형태 제외(나라일터): e10
[나라일터][경기] 경기도교육청 경기도안산교육지원청 안산양지초등학교 | 시간강사 채용 공고(1차)교원자격증 소지자(초등 정교사) 과학전담 | e10 | g04 | 고용형태 제외(나라일터): e10
[나라일터][인천] 인천광역시교육청 인천광역시서부교육지원청 인천해원중학교 | 2026학년도 기간제교원(특수) 채용공고 [인천해원중학교] | e10 | g04 | 고용형태 제외(나라일터): e10
[나라일터][36110] 산업통상부 | 2026년도 산업통상부 임기제 공무원 경력경쟁채용시험 최종합격자 발표 일정 변경공고 | e01 | g01 | 지역외(코드): 36110
[나라일터][인천] 인천광역시교육청 인천비즈니스고등학교 | 2026학년도 인천비즈니스고 체육 계약제교원(시간강사) 채용 재공고 | e10 | g04 | 고용형태 제외(나라일터): e10
[나라일터][경기] 경기도교육청 경기도안산교육지원청 안산양지초등학교 | 기간제교원 채용 공고(1차) 교원자격증 소지자(초등 정교사) 체육 | e10 | g04 | 고용형태 제외(나라일터): e10
[나라일터][경기] 경기도교육청 경기도안산교육지원청 안산양지초등학교 | 기간제교원 채용 공고(1차) 교원자격증 소지자(초등 정교사) 과학등 | e10 | g04 | 고용형태 제외(나라일터): e10
[나라일터][인천] 인천광역시교육청 인천광역시북부교육지원청 부일중학교 | 2026학년도 계약제교원(특수) 3차 채용공고 | e10 | g04 | 고용형태 제외(나라일터): e10
[나라일터][경기] 민주화운동기념사업회 | 2026년도 민주화운동기념사업회 제4차 직원(기간제 다급, 마급) 채용 공고 | e08 | g03 | 고용형태 제외(나라일터): e08
[나라일터][인천] 인천광역시교육청 인천광역시강화교육지원청 대월초등학교 | 2026.11.9.~11.13. 전일제 보건 시간강사 채용공고 | e10 | g04 | 고용형태 제외(나라일터): e10
[나라일터][47190] 국립금오공과대학교 | [제2026-90호]국립금오공과대학교 국가공무원[공업서기] 경력경쟁채용 서류전형 합격자 및 | e01 | g01 | 지역외(코드): 47190
[나라일터][36110] 행정안전부 | 행정안전부 전문임기제 공무원(인공지능 기획) 경력경쟁채용시험 최종합격자 공고 | e01 | g01 | 지역외(코드): 36110
[나라일터][경기] 과학기술정보통신부 우정사업본부 경인지방우정청 안양우체국 | 2026년도 제5회 안양우체국 공무직 상시계약집배원 채용 공고 | e04 | g01 | 고용형태 제외(나라일터): e04
[나라일터][43113] 질병관리청 | 2026년도 제2차 질병감시전략담당관 기간제근로자 채용 서류전형 합격자 및 면접전형 계획  | e04 | g01 | 지역외(코드): 43113
[나라일터][26410] 부산대학교 | (서류합격자 발표) 부산대학교 학생성공개발원 대학일자리플러스센터 취업컨설턴트, 사무원 채용 | e04 | g01 | 지역외(코드): 26410
[나라일터][서울] 문화체육관광부 한국예술종합학교 | 한국예술종합학교 한국예술연구소 기간제 근로자(영문에디터) 채용 공고 | e04 | g01 | 고용형태 제외(나라일터): e04
[나라일터][36110] 한국보건사회연구원 | 한국보건사회연구원 무기계약직 연구원 채용 공고(인구정책분야) | e08 | g03 | 지역외(코드): 36110
[나라일터][지역 미상] 국방부 국방부유해발굴감식단 | [국방부유해발굴감식단 주관] 26년 후반기 공무직근로자 채용 공고 | e04 | g01 | 고용형태 제외(나라일터): e04
[나라일터][서울] 관세청 서울세관 | 서울세관 관세체납 실태조사 조사요원 서류전형 합격자 및 면접일정 공고 | e04 | g01 | 고용형태 제외(나라일터): e04
[나라일터][52130] 법무부 전주출입국.외국인사무소 | [전주출입국·외국인사무소 군산출장소] 2026년 청년인턴 서류전형 합격자 명단 및 면접시험 | e04 | g01 | 지역외(코드): 52130
[나라일터][27140] 대구광역시교육청 정동고등학교 | 정동고등학교 기간제 조리실무원 한시적(대체) 채용 계획 공고 | e10 | g04 | 지역외(코드): 27140
[나라일터][서울] 서울특별시교육청 서울특별시남부교육지원청 서울항동초등학교 | 서울항동초등학교 기간제교원(초등) 채용계획 공고 | e10 | g04 | 고용형태 제외(나라일터): e10
[나라일터][서울] 서울특별시교육청 서울특별시남부교육지원청 서울영일초등학교 | 서울영문초등학교 기간제교원(초등) 채용계획 공고 | e10 | g04 | 고용형태 제외(나라일터): e10
[나라일터][47170] 경상북도교육청 | 경상북도교육청 행정과 법무담당 소속 2026년 변호사(계약직) 채용 재공고 | e10 | g04 | 지역외(코드): 47170
[나라일터][서울] 서울특별시교육청 서울특별시남부교육지원청 서울영문초등학교 | 서울영문초등학교 기간제교원(초등) 채용계획 공고 | e10 | g04 | 고용형태 제외(나라일터): e10
[나라일터][서울] 서울특별시교육청 서울특별시남부교육지원청 서울여의도초등학교 | 서울여의도초등학교 기간제교원(초등) 채용계획 공고 | e10 | g04 | 고용형태 제외(나라일터): e10
[나라일터][서울] 서울특별시교육청 서울특별시남부교육지원청 서울동구로초등학교 | 서울동구로초등학교 기간제교원(초등) 채용계획 공고 | e10 | g04 | 고용형태 제외(나라일터): e10
[나라일터][서울] 서울특별시교육청 서울특별시남부교육지원청 서울덕의초등학교 | 서울덕의초등학교 교육실무사(전산업무) 대체직원 채용계획 공고 | e10 | g04 | 고용형태 제외(나라일터): e10
[나라일터][47750] 법무부 대구지방교정청 경북북부제1교도소 | [경북북부제1교도소] 2026년 제3회 공무직 근로자(시설관리인) 채용 2차 재공고 | e04 | g01 | 지역외(코드): 47750
[나라일터][서울] 문화체육관광부 국립중앙박물관 | (합격자발표) 국립중앙박물관 (휴직대체)기간제 근로자(홍보지원) 서류전형 합격자 및 면접시 | e04 | g01 | 고용형태 제외(나라일터): e04
[나라일터][인천] 인천광역시교육청 인천광역시서부교육지원청 가좌중학교 | 2026학년도 가좌중학교 시간강사 채용 공고(과학) | e10 | g04 | 고용형태 제외(나라일터): e10
[나라일터][48820] 경상남도 고성군 | 2026년 제4회(3차) 및 제5회 고성군 임기제 공무원 임용시험 재공고 | e01 | g02 | 지역외(코드): 48820
[나라일터][인천] 인천광역시교육청 백석고등학교 | 2026학년도 백석고등학교 계약제교원(시간강사) 채용 공고문(통합과학, 특수) | e10 | g04 | 고용형태 제외(나라일터): e10
[나라일터][50110] 법무부 제주보호관찰소 | [제주보호관찰소] 2026년도 제2회 기간제근로자(무도실무관) 채용 공고 | e04 | g01 | 지역외(코드): 50110
[나라일터][43770] 산업통상부 국가기술표준원 | (서류전형발표) 2026년  국가기술표준원 상임전문위원 채용 시험 | e04 | g01 | 지역외(코드): 43770
[나라일터][27230] 대구광역시 북구 | 대구광역시 북구 지방시간선택제임기제공무원 임용시험 공고 | e04 | g02 | 지역외(코드): 27230
[나라일터][서울] 한국도박문제예방치유원 | 2026년 제4차 한국도박문제예방치유원 직원(기간제) 채용 | e08 | g03 | 고용형태 제외(나라일터): e08
[나라일터][서울] 서울특별시교육청 서울특별시성동광진교육지원청 | (성동광진) 2026년 10월 교육공무직원 대체 직원 채용 공고-(교육실무사[교무])자양고 | e10 | g04 | 고용형태 제외(나라일터): e10
[나라일터][인천] 인천광역시교육청 인천광역시남부교육지원청 인하대학교사범대학부속중학교 | (체육)학교폭력책임교사 수업시수 경감 시간강사 채용 공고 | e10 | g04 | 고용형태 제외(나라일터): e10
[나라일터][서울] 서울특별시교육청 서울특별시성동광진교육지원청 건국대학교사범대학부속중학교 | (성동광진) 2026년 10월 지방공무원 대체 직원 채용 공고-(행정대체_세입업무)마장초 | e10 | g04 | 고용형태 제외(나라일터): e10
[철도산업정보][지역 미상] 한국철도공사 | 코레일테크(주) 2026년 제2차 일반직사원(경력직 및 채용형인턴) 채용 공고 |  | 제외어: 인턴
[한국철도공사][서울] 한국철도공사 | 2026년 하반기 한국철도공사 장애인 체험형 인턴사원 채용공고(~10.6. 14:00) |  | 제외어: 인턴
[한국철도공사][서울] 한국철도공사 | 2026년 하반기 한국철도공사 청년 체험형 인턴사원 채용공고(~9.30. 14:00) |  | 제외어: 인턴