=== 2026-09-25 필터 통계 ===
  수집               529건
  중복 제거            1건
  지역 제외            243건
  상태 제외            0건
  고용형태 제외          48건
  경력구분 제외          54건
  제외어              6건
  키워드 미매칭          0건
  링크없음 제외          0건
  트랙A 매칭           0건
  트랙B 매칭           0건
  트랙C 매칭           0건
----------------------------------------
[KRID][서울특별시] 구로구시설관리공단 | 2026년 17차 직원(체험형 인턴) 채용 공고 | 경영·회계·사무 | 인턴 | 모집중 | 제외어: 인턴
[KRID][인천광역시] 인천광역시제물포구시설관리공단 | 2026년도 제3회 체험형 청년인턴 채용공고 | 경영·회계·사무 | 인턴 | 모집중 | 제외어: 청년인턴
[MOEF][충북,경북] 국립공원공단 | [속리산] 속리산국립공원사무소 기간제(탐방해설) 직원 채용 재공고 | 이용.숙박.여행.오락.스포츠 | 신입+경력 | 비정규직 | 지역외: 충북,경북
[MOEF][대전] 한국등산·트레킹지원센터 | 2026년도 한국등산트레킹지원센터 기간제근로자(보훈 제한경쟁) 채용 재공고 | 경영.회계.사무 | 신입 | 비정규직 | 지역외: 대전
[MOEF][경남] 한국산업기술시험원 | 2026년 한국산업기술시험원 위촉직(운전기사) 공개모집(재공고) | 운전.운송 | 신입 | 비정규직 | 지역외: 경남
[MOEF][경북] 한국전력공사 | 2026년 제4차 기간제 근로자 채용 공고[경북본부] | 경영.회계.사무,전기.전자 | 신입 | 비정규직 | 지역외: 경북
[MOEF][세종] 산업연구원 | 2026년 제14차 위촉직원 채용공고(휴직대체) | 연구 | 신입+경력 | 비정규직 | 지역외: 세종
[MOEF][강원] 국립공원공단 | [설악산] 설악산국립공원 기간제 직원[환경관리(한시인력)] 채용 공고 | 경비.청소,이용.숙박.여행.오락.스포츠,환경.에너지.안전 | 신입+경력 | 비정규직 | 지역외: 강원
[MOEF][경기] 분당서울대학교병원 | 2027년도 정신건강임상심리사(수련) 채용공고(장애인우대) | 보건.의료 | 신입 | 비정규직 | 경력구분 제외: 신입 단독
[MOEF][경기] 분당서울대학교병원 | 2027년도 임상연수사회복지사 채용공고(장애인우대) | 보건.의료 | 신입 | 비정규직 | 경력구분 제외: 신입 단독
[MOEF][경기] 분당서울대학교병원 | 2027년도 임상연수영양사 채용공고(장애인우대) | 보건.의료 | 신입 | 비정규직 | 경력구분 제외: 신입 단독
[MOEF][경기] 분당서울대학교병원 | 2027년도 전공약사(레지던트약사) 채용공고(장애인우대) | 보건.의료 | 신입 | 비정규직 | 경력구분 제외: 신입 단독
[MOEF][대전] 한국원자력안전기술원 | 한국원자력안전기술원 공모직전문위원 채용 | 경영.회계.사무,연구 | 경력 | 비정규직 | 지역외: 대전
[MOEF][대구] 경북대학교병원 | 2026년 9월 제4차 임시직원 모집 공고(간호, 행정, 응급구조사, 물품판매) | 보건.의료 | 신입 | 비정규직 | 지역외: 대구
[MOEF][강원] 국립공원공단 | [설악산] 설악산국립공원 기간제 직원[탐방해설, 탐방시설, 환경관리, 탐방안전] 채용 공고 | 경비.청소,이용.숙박.여행.오락.스포츠,환경.에너지.안전 | 신입+경력 | 비정규직 | 지역외: 강원
[MOEF][전남광주] 전남대학교병원 | 2026년 진료전담의사 상시 공개채용 공고 | 보건.의료 | 신입 | 비정규직 | 지역외: 전남광주
[MOEF][세종] 건축공간연구원 | 건축공간연구원 위촉직 모집 | 연구 | 신입+경력 | 비정규직 | 지역외: 세종
[MOEF][강원] 국립공원공단 | [설악산] 설악산국립공원 기간제 직원[환경관리(한시인력)] 채용 추가접수 공고 | 경비.청소,이용.숙박.여행.오락.스포츠,환경.에너지.안전 | 신입+경력 | 비정규직 | 지역외: 강원
[MOEF][강원] 한전KPS(주) | 한전KPS(주)강원충북전력지사 단기노무원(기술팀 차량순시) 채용공고(30차) | 건설,전기.전자 | 신입+경력 | 비정규직 | 지역외: 강원
[MOEF][충북,전남광주] 한국에너지공단 | 한국에너지공단 공무직 채용 공고 | 경비.청소,전기.전자 | 신입+경력 | 무기계약직 | 지역외: 충북,전남광주
[MOEF][세종] 한국교통연구원 | 2026년 PAO 인턴 채용공고 | 경영.회계.사무 | 신입 | 청년인턴(체험형) | 지역외: 세종
[MOEF][경남] 경상국립대학교병원 | [창원경상국립대학교병원] 약무직 채용 공고 | 보건.의료 | 신입+경력 | 정규직 | 지역외: 경남
[MOEF][서울,대전,충북] 한국철도공사 | 2026년 하반기 한국철도공사 신입사원(관제분야) 채용 공고	 | 경영.회계.사무,운전.운송 | 신입 | 정규직 | 경력구분 제외: 신입 단독
[MOEF][경남] 경상국립대학교병원 | [창원경상국립대학교병원] 전문직1등급(촉탁의) 채용공고 | 보건.의료 | 신입 | 비정규직 | 지역외: 경남
[MOEF][전남광주] 국립공원공단 | [내장산백암] 내장산국립공원백암사무소 한시인력(국립공원지킴이_녹색순찰대) 채용 공고 | 경비.청소,환경.에너지.안전 | 신입+경력 | 비정규직 | 지역외: 전남광주
[MOEF][경남] 대한적십자사 | 대한적십자사 합천원폭피해자복지회관 직원(조리원) 채용공고 | 사회복지.종교 | 신입+경력 | 무기계약직 | 지역외: 경남
[MOEF][충남] 학교법인한국폴리텍 | 한국폴리텍특성화대학 바이오캠퍼스 업무직(대학운영직_조리원) 채용공 | 음식서비스 | 신입+경력 | 무기계약직 | 지역외: 충남
[MOEF][인천] 인천항만공사 | 2026년 하반기 인천항만공사 채용형 인턴 채용공고 | 경영.회계.사무,건설,기계,전기.전자,환경.에너지.안전 | 신입 | 청년인턴(채용형) | 고용형태 제외: 청년인턴(채용형)
[MOEF][전남광주] 한국수자원공사 | [한국수자원공사] 전남북부권지사 단기계약근로자(사무관리_건설사업) 채용 공고 | 경영.회계.사무 | 신입+경력 | 비정규직 | 지역외: 전남광주
[MOEF][세종] 한국노동연구원 | 한국노동연구원 기간제 행정원(보훈대상자 제한경쟁) 채용 공고 | 경영.회계.사무 | 신입+경력 | 비정규직 | 지역외: 세종
[MOEF][충남] 한전KPS(주) | 한전KPS(주)태안사업처 경상정비공사(기계분야) 단기노무원 채용 | 기계 | 신입+경력 | 비정규직 | 지역외: 충남
[MOEF][서울] 대한무역투자진흥공사 | 2026년 하반기 KOTRA 공무직 채용 공고 | 사업관리,경영.회계.사무,경비.청소 | 신입 | 무기계약직 | 경력구분 제외: 신입 단독
[MOEF][충남] 한전KPS(주) | 한전KPS(주)충남전북전력지사(서산지점) 단기노무원 채용 공고 | 전기.전자 | 신입+경력 | 비정규직 | 지역외: 충남
[MOEF][서울] 한국문화관광연구원 | 한국문화관광연구원 위촉직원 채용 공고[2026-38] | 연구 | 신입 | 비정규직 | 경력구분 제외: 신입 단독
[MOEF][서울,부산,대구] 한국보훈복지의료공단 | 한국보훈복지의료공단 2027년 보훈병원 간호직 통합 공개채용 공고 | 보건.의료 | 신입 | 정규직 | 경력구분 제외: 신입 단독
[MOEF][제주] 한국장애인개발원 | [제2026-111호]2026년도 제6차 제주특별자치도장애아동·발달장애인지원센터 [장애아동 | 사업관리,경영.회계.사무,사회복지.종교 | 신입+경력 | 청년인턴(체험형) | 지역외: 제주
[MOEF][대전] 한국연구재단 | 한국연구재단 PM(기초연구본부장) 초빙 재공고 | 사업관리 | 신입+경력 | 비정규직 | 지역외: 대전
[MOEF][대구] 경북대학교병원 | 칠곡경북대학교병원 2026년 9월 5차 임시직원 채용공고(물리치료사, 간호사, 주차, 조경 | 보건.의료 | 신입+경력 | 비정규직 | 지역외: 대구
[MOEF][대전] 대한적십자사 | [대한적십자사 대전세종지사] 2026년도 2차 육아휴직 대체인력(계약직) 채용 공고 | 경영.회계.사무 | 신입 | 비정규직 | 지역외: 대전
[MOEF][대구] 한국보훈복지의료공단 | [대구보훈병원] 정규직 보건직(임상병리사) 채용 공고 | 보건.의료 | 신입+경력 | 정규직 | 지역외: 대구
[MOEF][서울] 한국수출입은행 | 한국수출입은행 2026년 하반기 KSP/EIPP연구원(별정직원) 채용 | 사업관리 | 신입 | 비정규직 | 경력구분 제외: 신입 단독
[MOEF][전남광주] 국립공원공단 | [다도해해상]2026년 다도해해상 한시인력[탐방로예약제 운영] 직원 채용 추가접수 재공고 | 환경.에너지.안전 | 신입+경력 | 비정규직 | 지역외: 전남광주
[MOEF][전남광주] 국립공원공단 | [다도해해상]2026년 다도해해상 한시인력[환경관리(환경미화)] 직원 채용(3차) 추가접수 | 환경.에너지.안전 | 신입+경력 | 비정규직 | 지역외: 전남광주
[MOEF][세종] 한국환경연구원 | [한국환경연구원] 임시직(일반행정) 채용 공고(경영지원실 대체인력)(0922) | 경영.회계.사무 | 신입+경력 | 비정규직 | 지역외: 세종
[MOEF][세종] 축산물품질평가원 | 2026년 하반기 운영직(사무일반) 채용공고 | 사업관리,경영.회계.사무,농림어업 | 신입 | 무기계약직 | 지역외: 세종
[MOEF][전남광주] 한국농촌경제연구원 | 한국농촌경제연구원 2026년 제8차(재공모) 청년인턴(장애인 제한경쟁) 채용 공고 | 경영.회계.사무 | 신입 | 청년인턴(체험형) | 지역외: 전남광주
[MOEF][서울] 대한적십자사 | 2026년도 제10차 혈액관리본부 소속기관 의무직 신규채용 공고(중앙혈액검사센터) | 보건.의료 | 신입 | 비정규직 | 경력구분 제외: 신입 단독
[MOEF][세종,충북,전북] 한국전력공사 | 2026년도 제2차 4(나)직급 전문인력 채용공고 | 건설,기계,전기.전자,환경.에너지.안전 | 경력 | 정규직 | 지역외: 세종,충북,전북,전남광주
[MOEF][충남] 주택관리공단(주) | 육아휴직 대체직 채용공고(주택관리공단 대전충남지사) | 경영.회계.사무 | 신입+경력 | 비정규직 | 지역외: 충남
[MOEF][경남] 경상국립대학교병원 | 간호직 채용공고 | 보건.의료 | 신입+경력 | 정규직 | 지역외: 경남
[MOEF][대구] 한국교육학술정보원 | 2026년 제6차 직원(청년인턴(장애·보훈 제한경쟁)) 채용 | 경영.회계.사무,교육.자연.사회과학,연구 | 신입 | 비정규직,청년인턴(체험형) | 지역외: 대구
[MOEF][세종] 한국조세재정연구원 | [한국조세재정연구원] 공공기관연구센터 소장 초빙 | 사업관리,연구 | 신입+경력 | 비정규직 | 지역외: 세종
[MOEF][대구] 한국교육학술정보원 | 2026년 제6차 직원(무기계약직-운영직) 채용 | 경비.청소 | 신입 | 무기계약직 | 지역외: 대구
[MOEF][대구] 한국교육학술정보원 | 2026년 제6차 직원(정규직) 채용 | 경영.회계.사무,교육.자연.사회과학,정보통신,연구 | 신입 | 정규직 | 지역외: 대구
[MOEF][충남] 한전KPS(주) | 한전KPS(주)당진사업처 단기노무원 채용(계측제어2부 9,10호기 계측제어설비 경상정비용역 | 전기.전자 | 신입+경력 | 비정규직 | 지역외: 충남
[MOEF][강원] 근로복지공단 | [동해병원] 기간제 의사(응급실전담의) 채용 공고 | 보건.의료 | 신입 | 비정규직 | 지역외: 강원
[MOEF][강원] 근로복지공단 | [동해병원] 기간제 의사(산부인과) 채용 공고 | 보건.의료 | 신입 | 비정규직 | 지역외: 강원
[MOEF][강원] 근로복지공단 | [동해병원] 기간제 의사(재활의학과 전문의) 채용 공고 | 보건.의료 | 신입 | 비정규직 | 지역외: 강원
[MOEF][충남] 한전KPS(주) | 한전KPS(주)당진사업처 단기노무원 채용(기술부 #6OH 계측제어설비 계획예방정비공사) | 기계,전기.전자 | 신입+경력 | 비정규직 | 지역외: 충남
[MOEF][강원] 근로복지공단 | [태백병원] 공무직(전기기계통신기사-기계분야) 채용 공고 | 보건.의료,기계 | 신입 | 무기계약직 | 지역외: 강원
[MOEF][부산] 기술보증기금 | 기술보증기금 사무지원인력 채용공고 (기업구조혁신부) | 금융.보험 | 신입 | 비정규직 | 지역외: 부산
[MOEF][서울] 기술보증기금 | 기술보증기금 사무지원인력 채용공고 (가산지점) | 금융.보험 | 신입 | 비정규직 | 경력구분 제외: 신입 단독
[MOEF][경기] 국민건강보험공단 일산병원 | 2027년도 수련생(정신건강임상심리사 1급-1년차 과정) 모집공고 | 보건.의료 | 신입 | 청년인턴(체험형) | 고용형태 제외: 청년인턴(체험형)
[MOEF][경기] 국민건강보험공단 일산병원 | 2026년도 사무직 수련생(체험형 청년인턴)(장애인·보훈 제한경쟁) 채용 공고 | 보건.의료 | 신입 | 청년인턴(체험형) | 고용형태 제외: 청년인턴(체험형)
[MOEF][서울,부산,대구] 한국전력공사 | 2026년도 하반기 보훈 채용공고 | 경영.회계.사무,전기.전자,정보통신 | 신입 | 정규직 | 경력구분 제외: 신입 단독
[MOEF][강원] 대한석탄공사 | 2026년 한시적계약직 특별채용 재공고(팀장급) | 경영.회계.사무,환경.에너지.안전 | 경력 | 비정규직 | 지역외: 강원
[MOEF][세종] KDI국제정책대학원 | [KDI국제정책대학원] 2026년 제10차 인턴직원 채용(경영기획) | 경영.회계.사무 | 신입+경력 | 청년인턴(체험형) | 지역외: 세종
[MOEF][경기] 국민건강보험공단 일산병원 | 2026년 하반기 정규직(사무직-일반사무) 모집공고 | 경영.회계.사무 | 신입 | 정규직 | 경력구분 제외: 신입 단독
[MOEF][경북] 국립공원공단 | [주왕산] 2026년도 주왕산국립공원 한시인력(탐방해설) 직원 추가 채용 공고 | 이용.숙박.여행.오락.스포츠 | 신입+경력 | 비정규직 | 지역외: 경북
[MOEF][경남] 국립공원공단 | [지리산경남] 지리산국립공원경남사무소 가을성수기 한시인력(수익시설) 채용 공고 | 환경.에너지.안전 | 신입+경력 | 비정규직 | 지역외: 경남
[MOEF][경북] 국립공원공단 | [경주] 2026년 경주국립공원 기간제(분묘조사) 직원 채용 재공고 | 환경.에너지.안전 | 신입+경력 | 비정규직 | 지역외: 경북
[MOEF][경남] 경상국립대학교병원 | 전산직 채용공고 | 보건.의료 | 신입+경력 | 정규직 | 지역외: 경남
[MOEF][경남] 국립공원공단 | [지리산경남] 지리산국립공원경남사무소 가을성수기 한시인력(환경관리) 채용 공고 | 환경.에너지.안전 | 신입+경력 | 비정규직 | 지역외: 경남
[MOEF][경남] 경상국립대학교병원 | 계약직(야간전담당직약사) 채용공고 | 보건.의료 | 신입+경력 | 비정규직 | 지역외: 경남
[MOEF][인천] (주)한국가스기술공사 | '26년도 인천 액화수소설비 관리운영 용역 1차 기간제 계약직 채용공고 | 환경.에너지.안전 | 신입 | 비정규직 | 경력구분 제외: 신입 단독
[MOEF][대전,경북] 한전KDN | 한전KDN(주) 원전인프라부 프로젝트계약근로자 채용공고 | 정보통신 | 신입+경력 | 비정규직 | 지역외: 대전,경북
[MOEF][전남광주] 한전KPS(주) | 한전KPS(주)광주전남전력지사 순천지점 단기노무원 채용 | 전기.전자 | 신입+경력 | 비정규직 | 지역외: 전남광주
[MOEF][경기] 한국보훈복지의료공단 | [남양주보훈요양원] 제4차 2026년 요양보호직(정규직 전환 조건) 채용 공고 | 보건.의료 | 신입 | 비정규직 | 경력구분 제외: 신입 단독
[MOEF][세종] 한국직업능력연구원 | [한국직업능력연구원] 2026년도 제6차 기간제 계약직원(휴직자 대체) 채용 공고 | 사업관리,경영.회계.사무 | 신입 | 비정규직 | 지역외: 세종
[MOEF][서울,부산,대구] 중소벤처기업진흥공단 | 2026년 하반기 2차 중소벤처기업진흥공단 체험형 청년인턴(장애인) 채용 공고 | 경영.회계.사무,금융.보험 | 신입 | 청년인턴(체험형) | 고용형태 제외: 청년인턴(체험형)
[MOEF][세종] 중소기업기술정보진흥원 | 2026년 체험형 청년인턴 채용 공고 | 사업관리,경영.회계.사무 | 신입 | 청년인턴(체험형) | 지역외: 세종
[MOEF][세종] 중소기업기술정보진흥원 | 2026년 인공지능혁신추진단장 채용 공고 | 사업관리,경영.회계.사무 | 신입 | 비정규직 | 지역외: 세종
[MOEF][전남광주] 한국보훈복지의료공단 | [광주보훈병원] 계약직 업무지원직(진료지원) 직원 채용 공고 | 보건.의료 | 신입+경력 | 비정규직 | 지역외: 전남광주
[MOEF][전북] 대한적십자사 | [전북혈액원] 비정규직 초단시간 근로자(임상병리사) 채용 공고 | 보건.의료 | 신입 | 비정규직 | 지역외: 전북
[MOEF][세종] 한국보건사회연구원 | 한국보건사회연구원 정규직 신규채용(6차) 연구원 | 사업관리,연구 | 신입 | 정규직 | 지역외: 세종
[MOEF][세종] 한국보건사회연구원 | 한국보건사회연구원 정규직 신규채용(5차) 부연구위원 | 연구 | 신입 | 정규직 | 지역외: 세종
[MOEF][경북] 대한법률구조공단 | 대한법률구조공단 서무직 4급(운전원) 제한경쟁채용 시험 공고 | 경영.회계.사무,법률.경찰.소방.교도.국방,운전.운송 | 신입 | 정규직 | 지역외: 경북
[MOEF][전남광주] 한국인터넷진흥원 | 2026년 한국인터넷진흥원 공무직 2차 채용 공고 - 미화(보훈특별고용) | 경비.청소 | 신입+경력 | 무기계약직 | 지역외: 전남광주
[MOEF][전남광주] 한국인터넷진흥원 | 2026년 한국인터넷진흥원 공무직 2차 채용 공고 - 비서(운전), 미화, 시설관리 등 | 법률.경찰.소방.교도.국방,보건.의료,운전.운송,경비.청소,기계,전기.전자 | 신입+경력 | 무기계약직 | 지역외: 전남광주
[MOEF][서울,전남광주] 한국인터넷진흥원 | 2026년 하반기 한국인터넷진흥원 일반직, 일반계약직 채용 공고 | 사업관리,경영.회계.사무,정보통신 | 신입 | 정규직,무기계약직 | 경력구분 제외: 신입 단독
[MOEF][충북,경북] 국립공원공단 | [속리산] 속리산국립공원사무소 한시인력(탐방안내, 환경관리) 직원 채용 | 경비.청소,이용.숙박.여행.오락.스포츠 | 신입+경력 | 비정규직 | 지역외: 충북,경북
[MOEF][서울,부산,대구] 대한법률구조공단 | 2026년 대한법률구조공단 일반직 7급 직원 채용 공고 | 경영.회계.사무,법률.경찰.소방.교도.국방 | 신입 | 정규직 | 경력구분 제외: 신입 단독
[MOEF][서울,부산,대구] (주)한국가스기술공사 | 2026년 하반기 신입직원 공개채용 | 건설,기계,전기.전자 | 신입 | 정규직 | 경력구분 제외: 신입 단독
[MOEF][충북] 한국환경공단 | 2026년 한국환경공단 충청권환경본부 재활용품 비축사업 기간제근로자(촉탁) 채용공고 | 환경.에너지.안전 | 신입+경력 | 비정규직 | 지역외: 충북
[MOEF][인천] 한국도로교통공단 | [인천운전면허시험장] 실무계약직(환경관리) 채용 공고 | 경비.청소 | 신입 | 비정규직 | 경력구분 제외: 신입 단독
[MOEF][경남] 한전KDN | 한전KDN(주) 진주지사 AMI 분야 비정규직(장애인) 모집공고 | 전기.전자,정보통신 | 신입+경력 | 비정규직 | 지역외: 경남
[MOEF][대구] 대한적십자사 | 대구경북혈액원 비정규직(육아휴직 대체인력) 임상병리사 채용공고 (11.01. 임용) | 보건.의료 | 신입 | 비정규직 | 지역외: 대구
[MOEF][서울] 한국문화관광연구원 | 한국문화관광연구원 위촉직원 채용 공고 [2026-37] | 연구 | 신입 | 비정규직 | 경력구분 제외: 신입 단독
[MOEF][경남] 한국토지주택공사 | 한국토지주택공사 개방형 직위 공모 | 경영.회계.사무 | 경력 | 비정규직 | 지역외: 경남
[MOEF][서울,부산,대구] 한국철도공사 | 2026년 하반기 한국철도공사 장애인 체험형 인턴사원 채용 공고			 | 경영.회계.사무,운전.운송 | 신입 | 청년인턴(체험형) | 고용형태 제외: 청년인턴(체험형)
[MOEF][전남광주] 한전KDN | 2026년 하반기 한전KDN 별정직 채용공고 | 경비.청소,건설 | 신입 | 무기계약직 | 지역외: 전남광주
[MOEF][서울,부산,대구] 한국무역보험공사 | 한국무역보험공사 2026년 하반기 체험형 청년인턴 채용공고 | 경영.회계.사무,금융.보험 | 신입 | 청년인턴(체험형) | 고용형태 제외: 청년인턴(체험형)
[MOEF][경기] 근로복지공단 | [안산병원] 기간제(사회복지사) 채용 공고 | 보건.의료 | 신입 | 비정규직 | 경력구분 제외: 신입 단독
[MOEF][경기] 근로복지공단 | [안산병원] 기간제(간호조무사) 채용 공고 | 보건.의료 | 신입 | 비정규직 | 경력구분 제외: 신입 단독
[MOEF][경기] 근로복지공단 | [안산병원] 기간제(물리치료사) 채용 공고 | 보건.의료 | 신입 | 비정규직 | 경력구분 제외: 신입 단독
[MOEF][강원] 강원대학교병원 | 2026-45(대체근로자) 채용 공고 | 보건.의료 | 신입 | 비정규직 | 지역외: 강원
[MOEF][강원] 강원대학교병원 | 2026-44(업무협력직) 채용 공고 | 보건.의료 | 신입 | 정규직 | 지역외: 강원
[MOEF][강원] 강원대학교병원 | 2026-43(일반직·원무직) 채용 공고 | 보건.의료 | 신입+경력 | 정규직 | 지역외: 강원
[MOEF][강원] 강원대학교병원 | 2026-42(일반직_간호직 경력) 채용 공고 | 보건.의료 | 경력 | 정규직 | 지역외: 강원
[MOEF][강원] 강원대학교병원 | 2026-41(약무직) 채용 공고 | 보건.의료 | 경력 | 정규직 | 지역외: 강원
[MOEF][경기,충북] 한국소방산업기술원 | 2026년 제3차 기간제 근로자 채용 | 기계,화학,섬유.의복,전기.전자,환경.에너지.안전 | 신입 | 비정규직 | 경력구분 제외: 신입 단독
[MOEF][전북] 국립공원공단 | [변산반도생태탐방원] 2026년 4차 변산반도생태탐방원 기간제[한시인력(수익시설)] 직원  | 환경.에너지.안전 | 신입+경력 | 비정규직 | 지역외: 전북
[MOEF][전남광주] 한전KDN | 한전KDN(주) 목포지사 AMI분야 비정규직 모집공고(재공고) | 정보통신 | 신입+경력 | 비정규직 | 지역외: 전남광주
[MOEF][세종] 한국조세재정연구원 | [한국조세재정연구원] 공무직(경비) 신규인력채용_보훈제한경쟁 | 경비.청소 | 신입+경력 | 무기계약직 | 지역외: 세종
[MOEF][부산,대구,대전] 가축위생방역지원본부 | [가축위생방역지원본부 제2026-41호] 2026년 제3차 정규직 채용 공고 | 경영.회계.사무,보건.의료,농림어업 | 신입 | 무기계약직 | 경력구분 제외: 신입 단독
[MOEF][세종] 한국개발연구원 |  2026년 3분기 3차 KDI 위촉직원(대체인력) 채용 공고(행정직) | 경영.회계.사무 | 신입 | 비정규직 | 지역외: 세종
[MOEF][세종] 한국개발연구원 | 2026년 3분기 3차 KDI 위촉직원(대체인력) 채용 공고(연구직) | 사업관리,연구 | 신입 | 비정규직 | 지역외: 세종
[MOEF][대전] 한국토지주택공사 | 한국토지주택공사 대전충남지역본부 기간제근로자 채용공고 | 경영.회계.사무,사회복지.종교,영업판매 | 신입+경력 | 비정규직 | 지역외: 대전
[MOEF][서울] 예금보험공사 | 예금보험공사 업무지원직원(무기계약직·무기계약직(보훈) 및 육아휴직대체) 채용 안내 | 경영.회계.사무 | 신입 | 무기계약직,비정규직 | 경력구분 제외: 신입 단독
[MOEF][인천] 극지연구소 | 2026년 하반기 극지연구소 연수생 채용 공고 | 연구 | 신입 | 비정규직 | 경력구분 제외: 신입 단독
[MOEF][인천] 극지연구소 | 2026년 하반기 연수연구원(박사후 및 석사후) 채용 공고문 | 연구 | 신입 | 비정규직 | 경력구분 제외: 신입 단독
[MOEF][강원] 한국보훈복지의료공단 | [원주보훈요양원] 2026년 제2차 체험형 청년인턴(장애인)(재공고) 채용 | 사회복지.종교 | 신입 | 청년인턴(체험형) | 지역외: 강원
[MOEF][서울,대전,충남] 한국조폐공사 | 2027년도 한국조폐공사 신입직원(채용형인턴) 채용공고 | 사업관리,경영.회계.사무,문화.예술.디자인.방송,영업판매,기계,화학,전기.전자,정보통신,인쇄.목재.가구.공예,환경.에너지.안전,농림어업,연구 | 신입 | 청년인턴(채용형) | 고용형태 제외: 청년인턴(채용형)
[MOEF][전북] 한국식품산업클러스터진흥원 | 한국식품산업클러스터진흥원 2026년 제4차 직원(정규직, 계약직) 채용 공고 | 사업관리,경영.회계.사무,교육.자연.사회과학,운전.운송,건설,기계,화학,식품가공,환경.에너지.안전 | 신입+경력 | 정규직,무기계약직,비정규직 | 지역외: 전북
[MOEF][세종] 한국항로표지기술원 | 한국항로표지기술원 기간제 계약직(연구원) 채용 공고 | 사업관리,정보통신 | 신입 | 비정규직 | 지역외: 세종
[MOEF][대구,인천,대전] 근로복지공단 | [근로복지공단 소속병원] 의료직 채용 공고 | 보건.의료 | 신입 | 정규직 | 경력구분 제외: 신입 단독
[MOEF][인천] 근로복지공단 | [인천병원] 별정직 의사(내과 또는 가정의학과) 채용 공고 | 보건.의료 | 신입 | 정규직 | 경력구분 제외: 신입 단독
[MOEF][대전,세종,충남] 한전KDN | 한전KDN(주) 대전충남본부 AMI분야 작업원(장애인) 추가 모집공고 | 전기.전자,정보통신 | 신입+경력 | 비정규직 | 지역외: 대전,세종,충남
[MOEF][강원] 근로복지공단 | [태백병원] 기간제 의사(응급실전담의) 채용 공고 | 보건.의료 | 신입 | 비정규직 | 지역외: 강원
[MOEF][강원] 근로복지공단 | [태백병원] 공무직(시설미화원) 채용 공고 | 보건.의료,경비.청소 | 신입 | 무기계약직 | 지역외: 강원
[MOEF][울산] 근로복지공단 | [울산병원] 의료직(약사) 3급 채용 공고 | 보건.의료 | 경력 | 정규직 | 지역외: 울산
[MOEF][울산] 근로복지공단 | [울산병원] 의료직(약사) 2급 채용 공고 | 보건.의료 | 경력 | 정규직 | 지역외: 울산
[MOEF][충남] 국립생태원 | 2026년 제7차 국립생태원 기간제근로자(수탁과제) 채용 공고 | 환경.에너지.안전 | 신입+경력 | 비정규직 | 지역외: 충남
[MOEF][대구] 한국사학진흥재단 | 한국사학진흥재단 2026년 1차 직원 채용 (제한경쟁채용 및 상시채용) | 경영.회계.사무 | 경력 | 무기계약직 | 지역외: 대구
[MOEF][대구] 한국부동산원 | 한국부동산원 전문계약직(정규직 전환형) 채용 공고 | 경영.회계.사무,영업판매,건설,정보통신 | 경력 | 비정규직 | 지역외: 대구
[MOEF][전남광주] (재)우체국금융개발원 | 우체국금융개발원 2026년 8차(보훈특별고용) 공개채용 공고 | 금융.보험 | 신입 | 정규직 | 지역외: 전남광주
[MOEF][대전] 기초과학연구원 | 2026-11회 생명과학 연구클러스터 연구직 채용 공고 | 연구 | 신입+경력 | 비정규직 | 지역외: 대전
[MOEF][전남광주] 국립호남권생물자원관 | 국립호남권생물자원관 기간제ㆍ단시간 근로자(급식종사자) 채용 재공고 | 경영.회계.사무,보건.의료,음식서비스 | 경력 | 비정규직 | 지역외: 전남광주
[MOEF][해외] 한전KDN | 한전KDN 국외 마이크로인버터 사업 업무지원 분야 기간제근로자 채용공고 | 환경.에너지.안전 | 신입+경력 | 비정규직 | 지역외: 해외
[MOEF][서울,부산,대구] 한국국토정보공사 | 2026년 한국국토정보공사 신입사원 채용 공고 | 경영.회계.사무,건설 | 신입 | 청년인턴(채용형) | 고용형태 제외: 청년인턴(채용형)
[MOEF][대구] 한국부동산원 | 한국부동산원 부동산연구원장 채용 공고 | 사업관리,경영.회계.사무,연구 | 경력 | 무기계약직 | 지역외: 대구
[MOEF][전남광주] 한전KDN | 한전KDN 국내 태양광발전소 구축 업무지원 분야 기간제근로자 채용공고 | 환경.에너지.안전 | 신입+경력 | 비정규직 | 지역외: 전남광주
[MOEF][서울] (주)강원랜드 | (주)강원랜드 2026년 하이원 글로벌 아카데미 체험형인턴 모집 공고 | 이용.숙박.여행.오락.스포츠 | 신입 | 청년인턴(체험형) | 고용형태 제외: 청년인턴(체험형)
[MOEF][부산,대전,강원] (주)강원랜드 | (주)강원랜드 2026년 동계 1차 기간제 근로자 모집 공고 | 경영.회계.사무,보건.의료,경비.청소,이용.숙박.여행.오락.스포츠,음식서비스,농림어업 | 신입 | 비정규직 | 지역외: 부산,대전,강원
[MOEF][서울,부산,대구] 공무원연금공단 | 사회형평적 체험형 청년인턴 채용 공고 | 사업관리,경영.회계.사무 | 신입 | 청년인턴(체험형) | 고용형태 제외: 청년인턴(체험형)
[MOEF][충북] 한국식품안전관리인증원 | 2026년 제13차 계약직직원 채용 | 경영.회계.사무 | 신입+경력 | 비정규직 | 지역외: 충북
[MOEF][서울,부산,대구] 대한무역투자진흥공사 | 2026년 KOTRA 통상직 신입사원 채용 공고 | 경영.회계.사무 | 신입 | 정규직 | 경력구분 제외: 신입 단독
[MOEF][대구,경북] 한전KDN | 한전KDN(주) 대구본부 포항지사 AMI분야 작업원 모집공고 | 전기.전자,정보통신 | 신입+경력 | 비정규직 | 지역외: 대구,경북
[MOEF][경남] 학교법인한국폴리텍 | 한국폴리텍대학 창원캠퍼스 무기계약직원(조리원) 채용 공고 | 음식서비스 | 신입+경력 | 무기계약직 | 지역외: 경남
[MOEF][경남] 학교법인한국폴리텍 | 한국폴리텍대학 창원캠퍼스 행정지원직(사무직원 휴직 대체인력) 채용 공고 | 경영.회계.사무 | 신입+경력 | 비정규직 | 지역외: 경남
[MOEF][경남] 학교법인한국폴리텍 | 한국폴리텍대학 창원캠퍼스 2026년 하반기 업무지원직(식당 단시간근로자) 6차 채용 공고 | 음식서비스 | 신입+경력 | 비정규직 | 지역외: 경남
[MOEF][충남] 국립중앙의료원 | 계약직 연구원-휴직대체(충남응급의료지원센터) 채용 재공고 | 보건.의료 | 신입+경력 | 비정규직 | 지역외: 충남
[MOEF][대구] 경북대학교치과병원 | 2026년 제5차 기간제(구강내과 치과위생사) 채용 공고 | 보건.의료 | 신입 | 비정규직 | 지역외: 대구
[MOEF][전남광주] 한국장애인고용공단 | [한국장애인고용공단 전남지사]2026년 체험형 청년인턴(대체근로자) 채용 | 경영.회계.사무,사회복지.종교 | 신입+경력 | 비정규직,청년인턴(체험형) | 지역외: 전남광주
[MOEF][전남광주] 한전KPS(주) | 한전KPS(주)한빛1사업처 한빛2호기 제28차 O/H공사 단기노무원 채용공고(3차) | 건설,기계 | 신입+경력 | 비정규직 | 지역외: 전남광주
[MOEF][대전,세종] 충남대학교병원 | 2026년 하반기 신규의료진(전임의사) 공개채용 모집공고(상시모집) | 보건.의료 | 신입+경력 | 정규직 | 지역외: 대전,세종
[MOEF][대전] 충남대학교병원 | 2026년 하반기 신규의료진(진료교수) 공개채용 모집공고(상시모집) | 보건.의료 | 신입+경력 | 비정규직 | 지역외: 대전
[MOEF][대전] 충남대학교병원 | 2026년 하반기 신규의료진(임상교수요원) 공개채용 모집공고(상시모집) | 보건.의료 | 신입+경력 | 정규직 | 지역외: 대전
[MOEF][강원] 한전KDN | 한전KDN(주) 강원사업처 AMI분야 비정규직(장애인) 모집공고 | 정보통신 | 신입+경력 | 비정규직 | 지역외: 강원
[MOEF][충남] 한국기술교육대학교 | 한국기술교육대학교 대학혁신지원사업 대우교수 및 연구원 채용 | 사업관리,경영.회계.사무,연구 | 신입+경력 | 비정규직 | 지역외: 충남
[MOEF][대구] 한국환경공단 | 2026년 한국환경공단 대구경북환경본부 수탁폐수 전자인계인수관리시스템 운영사업 기간제근로자 | 환경.에너지.안전 | 신입+경력 | 비정규직 | 지역외: 대구
[MOEF][대구,경북] 한국전력공사 | 2026년 제2차 장애인 체험형 인턴 채용공고 [대구본부] | 경영.회계.사무 | 신입 | 청년인턴(체험형) | 지역외: 대구,경북
[MOEF][서울,부산,인천] 그랜드코리아레저(주) | 2026년 2차 GKL(그랜드코리아레저) 청년인턴 채용 | 이용.숙박.여행.오락.스포츠 | 신입 | 청년인턴(체험형) | 고용형태 제외: 청년인턴(체험형)
[MOEF][세종] 한국보건사회연구원 | 한국보건사회연구원 계약직 채용 공고(보건의료정책분야 및 인사분야) | 사업관리,경영.회계.사무,연구 | 신입 | 비정규직 | 지역외: 세종
[MOEF][울산] 한국에너지공단 | 한국에너지공단 신입직원(채용형 인턴) 채용 공고 | 경영.회계.사무,법률.경찰.소방.교도.국방,건설,기계,전기.전자,정보통신,환경.에너지.안전 | 신입 | 청년인턴(채용형) | 지역외: 울산
[MOEF][충북] 한국교육개발원 | 2026년도 제5차 위촉직 채용 공고 | 사업관리,경영.회계.사무,교육.자연.사회과학,연구 | 신입 | 비정규직 | 지역외: 충북
[MOEF][부산] 동남권원자력의학원 | 2026년 제2차 동남권원자력의학원 직원채용 공고 | 경영.회계.사무,보건.의료,전기.전자,연구 | 신입+경력 | 정규직,무기계약직,비정규직 | 지역외: 부산
[MOEF][강원] 건강보험심사평가원 | 2026년 건강보험심사평가원 촉탁변호사 채용 공고 | 법률.경찰.소방.교도.국방 | 신입+경력 | 비정규직 | 지역외: 강원
[MOEF][부산] 부산대학교병원 | 계약직(연구직,보건직,원무직) 공개채용 모집 공고 | 보건.의료 | 신입+경력 | 비정규직 | 지역외: 부산
[MOEF][세종] 대외경제정책연구원 | 임시직 연구원급(APEC연구컨소시엄사무국) 및 전문원급(홍보팀, 학술정보팀) 채용 공고 | 경영.회계.사무,연구 | 신입+경력 | 비정규직 | 지역외: 세종
[MOEF][울산,충북] 한국에너지공단 | 한국에너지공단 전문경력직 채용 공고 | 경영.회계.사무,금융.보험,건설,기계,전기.전자,정보통신,환경.에너지.안전,연구 | 신입+경력 | 정규직 | 지역외: 울산,충북
[MOEF][서울] 중소벤처기업연구원 | 2026년도 중소벤처기업연구원 체험형 청년인턴(보훈제한경쟁) 공개채용 공고 | 경영.회계.사무 | 신입+경력 | 청년인턴(체험형) | 고용형태 제외: 청년인턴(체험형)
[MOEF][세종] 한국환경연구원 | [한국환경연구원] 임시직(국가기후위기 적응대책 이행강화(총괄 및 적응정책 연구)) 채용공고 | 연구 | 신입+경력 | 비정규직 | 지역외: 세종
[MOEF][세종] 한국환경연구원 | [한국환경연구원] 임시직(국가기후위기 적응대책 이행강화(국가적응대책 수립 및 주류화 지원) | 연구 | 신입+경력 | 비정규직 | 지역외: 세종
[MOEF][전남광주] 전남대학교병원 | 2026년 9월 전남대학교병원 직원(지원직) 공개채용 공고 | 보건.의료 | 신입 | 비정규직 | 지역외: 전남광주
[MOEF][대전] 한국수자원공사 | [한국수자원공사] 건설안전처 특수직(사무관리_회계) 채용 공고 | 경영.회계.사무 | 신입+경력 | 비정규직 | 지역외: 대전
[MOEF][서울,부산,대구] 한국철도공사 | 2026년 하반기 한국철도공사 청년 체험형 인턴사원 채용 공고 | 경영.회계.사무,운전.운송,정보통신 | 신입 | 청년인턴(체험형) | 고용형태 제외: 청년인턴(체험형)
[MOEF][충북] 한국교육과정평가원 | 2026년 제1차 한국교육과정평가원 청사운영직 채용 공고 | 기계 | 신입 | 무기계약직 | 지역외: 충북
[MOEF][경북] 국립공원공단 | [소백산생태탐방원] 2026년 소백산생태탐방원 기간제(한시인력_국립공원지킴이) 채용 공고 | 경비.청소,환경.에너지.안전 | 신입+경력 | 비정규직 | 지역외: 경북
[MOEF][충남] 한국기술교육대학교 | (한국기술교육대학교) 충청남도 지역성장 인재양성체계(앵커) 계약학과 대우교수(산학협력중점) | 교육.자연.사회과학 | 경력 | 비정규직 | 지역외: 충남
[MOEF][경기] 근로복지공단 | [경기요양병원] 의료직(약사) 4급 채용 공고 | 보건.의료 | 신입 | 정규직 | 경력구분 제외: 신입 단독
[MOEF][세종] 한국청소년정책연구원 | [채용공고 2026-11호] 휴직 대체인력 채용 공고 | 경영.회계.사무,정보통신 | 신입 | 비정규직 | 지역외: 세종
[MOEF][강원] 한국전력공사 | 기간제근로자(대체인력)채용공고[강원본부 횡성지사] | 전기.전자 | 신입 | 비정규직 | 지역외: 강원
[MOEF][울산,경기,충북] 한국소방산업기술원 | 2026년 한국소방산업기술원 정규직 채용 | 사업관리,법률.경찰.소방.교도.국방,기계,전기.전자,환경.에너지.안전 | 신입 | 정규직 | 경력구분 제외: 신입 단독
[MOEF][인천] 한국환경공단 | 한국환경공단(본사) 사업장대기처 측정대행관리부 기간제근로자(촉탁 라급) 채용 공고 | 화학,환경.에너지.안전 | 신입 | 비정규직 | 경력구분 제외: 신입 단독
[MOEF][서울,부산,대구] 한국공항공사 | 2026년도 하반기 신입사원 안전직(공항보안 및 보안검색감독) 공개채용 | 운전.운송,경비.청소 | 신입 | 정규직 | 경력구분 제외: 신입 단독
[MOEF][강원] 한국장애인개발원 | [제2026-110호] 2026년도 제8차 강원특별자치도장애아동·발달장애인지원센터 체험형  | 사회복지.종교 | 신입+경력 | 청년인턴(체험형) | 지역외: 강원
[MOEF][서울,부산,대구] 한국공항공사 | 2026년도 하반기 신입사원 보훈(공항보안) 채용 | 경비.청소 | 신입 | 정규직 | 경력구분 제외: 신입 단독
[MOEF][세종] 한국법제연구원 | 2026년도 제2차 정규직(부연구위원) 제한경쟁 채용 공고 | 교육.자연.사회과학,연구 | 신입+경력 | 정규직 | 지역외: 세종
[MOEF][서울,부산,울산] 한국공항공사 | 2026년도 하반기 신입사원 구조소방(소방원 및 응급구조사) 공개채용 | 법률.경찰.소방.교도.국방 | 신입 | 정규직 | 경력구분 제외: 신입 단독
[MOEF][서울,부산,대구] 한국공항공사 | 2026년도 하반기 신입사원(5급갑, 6급갑 고졸수준) 공개채용 | 사업관리,경영.회계.사무,교육.자연.사회과학,법률.경찰.소방.교도.국방,운전.운송,경비.청소,건설,정보통신,환경.에너지.안전 | 신입 | 정규직 | 경력구분 제외: 신입 단독
[MOEF][인천] 대한적십자사 | 경인권역재활병원 정규직 방사선사 채용 공고(2026.10.26.임용) | 보건.의료 | 신입 | 정규직 | 경력구분 제외: 신입 단독
[MOEF][서울,부산,대구] 국민건강보험공단 | 2026년도 하반기 국민건강보험공단 신규직원 채용 공고 | 경영.회계.사무,보건.의료,사회복지.종교,이용.숙박.여행.오락.스포츠,정보통신 | 신입 | 정규직 | 경력구분 제외: 신입 단독
[MOEF][경기] 대한법률구조공단 | 대한법률구조공단 의정부지부 청년인턴 공개경쟁 채용시험 공고 | 경영.회계.사무,법률.경찰.소방.교도.국방 | 신입 | 청년인턴(체험형) | 고용형태 제외: 청년인턴(체험형)
[MOEF][부산] 한국토지주택공사 | 한국토지주택공사 부산울산지역본부 기간제근로자(전세사기 피해자 지원 업무보조) 채용공고 | 경영.회계.사무,영업판매 | 신입+경력 | 비정규직 | 지역외: 부산
[MOEF][경남] 학교법인한국폴리텍 | 2026년 한국폴리텍대학 항공캠퍼스 청년인턴(일반) 2차 채용 공고 | 경영.회계.사무 | 신입+경력 | 청년인턴(체험형) | 지역외: 경남
[MOEF][인천] 한국스포츠레저(주) | 한국스포츠레저(주) 전임직 채용공고 | 이용.숙박.여행.오락.스포츠 | 신입 | 비정규직 | 경력구분 제외: 신입 단독
[MOEF][광주,전남] 전남대학교병원 | 2026년도 전임의사 상시 공개채용 변경 공고 | 보건.의료 | 신입 | 정규직 | 지역외: 광주,전남
[MOEF][강원] 근로복지공단 | [태백병원] 기술기능직(기술_환경관리) 채용 공고 | 보건.의료,환경.에너지.안전 | 신입+경력 | 정규직 | 지역외: 강원
[MOEF][강원] 근로복지공단 | [정선병원] 기술기능직(기술_안전관리) 채용 공고 | 보건.의료,환경.에너지.안전 | 신입+경력 | 정규직 | 지역외: 강원
[MOEF][서울] 한국전력공사 | 2026년 제1차 장애인 체험형 인턴 모집공고[서울본부] | 경영.회계.사무 | 신입 | 청년인턴(체험형) | 고용형태 제외: 청년인턴(체험형)
[MOEF][강원] 한국도로교통공단 | [원주본부] 디지털운영처 전문계약직 채용공고 | 정보통신 | 경력 | 비정규직 | 지역외: 강원
[MOEF][서울,부산,제주] 한국국제교류재단 | 한국국제교류재단 일반직 신규 채용 공고 | 경영.회계.사무,문화.예술.디자인.방송,정보통신 | 신입 | 정규직 | 경력구분 제외: 신입 단독
[MOEF][울산] 기초과학연구원 | 제2026-3회 IBS 융합과학 연구클러스터 연구직군 채용공고 | 연구 | 신입+경력 | 비정규직 | 지역외: 울산
[MOEF][대전] 기초과학연구원 | 2026-9회 의생명 및 화학 연구클러스터(시냅스 뇌질환 연구단) 연구기술직 채용 공고 | 연구 | 신입+경력 | 비정규직 | 지역외: 대전
[MOEF][서울,인천,세종] 한국중부발전(주) | 2026년도 제3차 4직급 신입직원 채용공고 | 경영.회계.사무,건설,화학,전기.전자,정보통신,환경.에너지.안전 | 신입 | 정규직 | 경력구분 제외: 신입 단독
[MOEF][세종] KDI국제정책대학원 | [KDI국제정책대학원] 2026년 제9차 위촉직 채용(교육행정, 연구행정, 기계설비·안전관 | 사업관리,교육.자연.사회과학,기계 | 신입+경력 | 비정규직 | 지역외: 세종
[MOEF][세종] 축산물품질평가원 | 2026년 하반기 신규직원 기간제 근로자(장애) 채용공고 | 사업관리,경영.회계.사무,농림어업 | 신입 | 비정규직 | 지역외: 세종
[MOEF][경기,강원] 축산물품질평가원 | 2026년 하반기 신규직원 운영직(다급) 채용공고 | 사업관리,경영.회계.사무,농림어업 | 신입 | 무기계약직 | 경력구분 제외: 신입 단독
[MOEF][세종,경기,강원] 축산물품질평가원 |  2026년 하반기 신규직원 체험형 청년인턴(장애) 채용공고 | 사업관리,경영.회계.사무,농림어업 | 신입 | 청년인턴(체험형) | 고용형태 제외: 청년인턴(체험형)
[MOEF][세종] 축산물품질평가원 | 2026년 하반기 신규직원 기간제 근로자(공인노무사) 채용공고 | 사업관리,경영.회계.사무,농림어업 | 신입 | 비정규직 | 지역외: 세종
[MOEF][세종] 축산물품질평가원 | 2026년 하반기 신규직원 보훈특별고용(행정직) 채용공고 | 사업관리,경영.회계.사무,농림어업 | 신입 | 청년인턴(채용형) | 지역외: 세종
[MOEF][세종] 축산물품질평가원 | 2026년 하반기 신규직원 채용형 청년인턴(행정직) 채용 | 사업관리,경영.회계.사무,농림어업 | 신입 | 청년인턴(채용형) | 지역외: 세종
[MOEF][부산,대구,인천] 축산물품질평가원 | 2026년 하반기 신규직원 보훈특별고용(축산물품질평가직) 채용 | 농림어업 | 신입 | 청년인턴(채용형) | 고용형태 제외: 청년인턴(채용형)
[MOEF][부산,대구,인천] 축산물품질평가원 | 2026년 하반기 신규직원 채용형 청년인턴(축산물품질평가직) 채용공고 | 농림어업 | 신입 | 청년인턴(채용형) | 고용형태 제외: 청년인턴(채용형)
[MOEF][세종] 중소기업기술정보진흥원 | 2026년 제2차 공무직(보훈, 장애) 채용 공고 | 사업관리,경영.회계.사무 | 신입 | 무기계약직 | 지역외: 세종
[MOEF][서울,부산,대구] 한국토지주택공사 | 2026년 하반기 한국토지주택공사 신입사원(5·6급) 공채 | 사업관리,경영.회계.사무,법률.경찰.소방.교도.국방,사회복지.종교,문화.예술.디자인.방송,영업판매,건설,기계,화학,전기.전자,정보통신,환경.에너지.안전 | 신입 | 청년인턴(채용형) | 고용형태 제외: 청년인턴(채용형)
[MOEF][전남광주] 한국보훈복지의료공단 | [광주보훈병원] 계약직 보건직(치과위생사) 직원 채용 공고 | 보건.의료 | 신입+경력 | 비정규직 | 지역외: 전남광주
[MOEF][경남] 한전KDN | 한전KDN(주) 진주지사 통신분야 비정규직 모집공고 | 전기.전자,정보통신 | 신입+경력 | 비정규직 | 지역외: 경남
[MOEF][서울] 무역안보관리원 | 2026년도 하반기 무역안보관리원 무기계약직 신입직원 채용 공고 | 사업관리,경영.회계.사무 | 신입 | 무기계약직 | 경력구분 제외: 신입 단독
[MOEF][서울] 무역안보관리원 | 2026년도 하반기 무역안보관리원 정규직 신입직원 채용 공고 | 사업관리,경영.회계.사무,전기.전자 | 신입 | 정규직 | 경력구분 제외: 신입 단독
[MOEF][대전] 한국보훈복지의료공단 | [대전보훈병원] 정규직(업무지원직(완화의료)) 및 계약직(간호조무사, 일반기능직(영선))  | 보건.의료 | 신입+경력 | 무기계약직,비정규직 | 지역외: 대전
[MOEF][대전] 한국보훈복지의료공단 | [대전보훈병원] 전문의(외과) 채용 공고 | 보건.의료 | 신입+경력 | 비정규직 | 지역외: 대전
[MOEF][경기] 한국장애인개발원 | [제2026-105호]2026년도 제5차 경기도장애아동·발달장애인지원센터(장애아동지원팀)  | 사회복지.종교 | 신입+경력 | 청년인턴(체험형) | 고용형태 제외: 청년인턴(체험형)
[MOEF][서울,대전] 한국연구재단 | 2026년 제2차 한국연구재단 직원 채용(연구직, 공무직(사무지원직)) | 사업관리,경영.회계.사무 | 신입 | 정규직,무기계약직,청년인턴(채용형) | 경력구분 제외: 신입 단독
[MOEF][세종] 한국환경연구원 | [한국환경연구원] 임시직(일반행정) 채용 공고(인사관리실 대체인력)(0914) | 경영.회계.사무 | 신입+경력 | 비정규직 | 지역외: 세종
[MOEF][전북] 국립공원공단 | [내장산] 2026년 내장산국립공원 가을성수기 국립공원지킴이(한시인력) 채용 공고 | 경비.청소,건설 | 신입+경력 | 비정규직 | 지역외: 전북
[MOEF][전남광주,경북] 국토안전관리원 | 2026년도 국토안전관리원 제2차 직무중심 채용 공고(무기계약직) | 경비.청소,기계,전기.전자 | 신입 | 무기계약직 | 지역외: 전남광주,경북
[MOEF][경북] 국립낙동강생물자원관 | 국립낙동강생물자원관 2026년 제2차 직원 채용 공고 | 문화.예술.디자인.방송,운전.운송,경비.청소,이용.숙박.여행.오락.스포츠,기계 | 신입+경력 | 무기계약직 | 지역외: 경북
[MOEF][강원,충북,전남] 국토안전관리원 | 2026년도 국토안전관리원 제2차 직무중심 채용 공고(일반직·전문직) | 사업관리,경영.회계.사무,교육.자연.사회과학,운전.운송,건설,정보통신 | 신입+경력 | 정규직,청년인턴(채용형) | 지역외: 강원,충북,전남광주,경북,경남
[MOEF][충북] 한국교육과정평가원 | 2026년 제2차 한국교육과정평가원 연구직 채용 공고 | 연구 | 신입 | 정규직 | 지역외: 충북
[MOEF][전남광주] 대한적십자사 | [전남광주혈액원] 비정규직 기간제(한시적) 사무보조원 채용 공고 | 경영.회계.사무 | 신입 | 비정규직 | 지역외: 전남광주
[MOEF][제주] 한전KPS(주) | 한전KPS(주)제주사업소 내연 2호기 정지작업 단기노무원 채용공고 | 기계 | 신입+경력 | 비정규직 | 지역외: 제주
[MOEF][경북] 국립낙동강생물자원관 | 국립낙동강생물자원관 2026년 제3차 기간제근로자 채용 공고 | 경영.회계.사무,문화.예술.디자인.방송,이용.숙박.여행.오락.스포츠 | 신입+경력 | 비정규직 | 지역외: 경북
[MOEF][전북] 태권도진흥재단 | 2026년 3차 기간제근로자(육아휴직 대체) 채용 공고 | 이용.숙박.여행.오락.스포츠 | 신입 | 비정규직 | 지역외: 전북
[MOEF][서울,경남] 한국저작권위원회 | 한국저작권위원회 2026년 제3차 직원 채용 | 사업관리,경영.회계.사무,문화.예술.디자인.방송,정보통신 | 신입 | 정규직,비정규직 | 경력구분 제외: 신입 단독
[MOEF][전남광주] 한국전력공사 | 기간제근로자(대체인력) 채용공고[광주전남본부] | 전기.전자 | 신입 | 비정규직 | 지역외: 전남광주
[MOEF][경남] 근로복지공단 | [창원병원] 기간제 의사(영상의학과) 채용 공고 | 보건.의료 | 신입 | 비정규직 | 지역외: 경남
[MOEF][경남] 근로복지공단 | [창원병원] 기간제 의사(응급실전담의) 채용 공고 | 보건.의료 | 신입 | 비정규직 | 지역외: 경남
[MOEF][경남] 근로복지공단 | [창원병원] 별정직 의사(직업환경의학과) 채용 공고 | 보건.의료 | 신입 | 정규직 | 지역외: 경남
[MOEF][경남] 근로복지공단 | [창원병원] 별정직 의사(정형외과) 채용 공고 | 보건.의료 | 신입 | 정규직 | 지역외: 경남
[MOEF][부산] 한국환경공단 | 한국환경공단 부산울산경남환경본부 수탁폐수전자인계인수관리시스템 운영 기간제근로자(촉탁라급)  | 환경.에너지.안전 | 신입+경력 | 비정규직 | 지역외: 부산
[MOEF][충북] 한국장애인개발원 | [제2026-106호] 2026년도 제6차 충청북도장애아동발달장애인지원센터(장애아동지원팀) | 사회복지.종교 | 신입+경력 | 청년인턴(채용형) | 지역외: 충북
[MOEF][전북] 한국출판문화산업진흥원 | 2026년 하반기 제2차 직원 공개경쟁 및 제한경쟁 채용 공고 | 사업관리,경영.회계.사무,문화.예술.디자인.방송 | 신입+경력 | 무기계약직,비정규직 | 지역외: 전북
[MOEF][전북] 한전KDN | 한전KDN(주) 전북사업처 배전자동화 통신공사 일용근로자 모집공고 | 정보통신 | 신입+경력 | 비정규직 | 지역외: 전북
[MOEF][전남광주] 한국수자원공사 | [한국수자원공사] 완도수도지사 특수직(수탁운영_지방상수도 시설운영) 채용 공고 | 건설,기계,전기.전자,정보통신,환경.에너지.안전 | 신입+경력 | 비정규직 | 지역외: 전남광주
[MOEF][부산] 국립중앙의료원 | 계약직 연구원(부산응급의료지원센터) 채용 공고 | 보건.의료 | 신입+경력 | 비정규직 | 지역외: 부산
[MOEF][서울] (재)한국우편사업진흥원 | 한국우편사업진흥원 2026년 기간제계약직(청년인턴, 사회형평(장애, 보훈)) 채용 | 사업관리,경영.회계.사무,문화.예술.디자인.방송,영업판매,인쇄.목재.가구.공예 | 신입 | 비정규직,청년인턴(체험형) | 경력구분 제외: 신입 단독
[MOEF][서울,대전] (재)한국우편사업진흥원 | 한국우편사업진흥원 2026년 신입직원(일반직, 전문직(사무), 전문직(특수)) 채용 | 사업관리,경영.회계.사무,문화.예술.디자인.방송,영업판매,정보통신,인쇄.목재.가구.공예,환경.에너지.안전 | 신입 | 정규직,무기계약직 | 경력구분 제외: 신입 단독
[MOEF][경북] 한국장애인개발원 | [제2026-109호]2026년도 제7차 경상북도장애아동·발달장애인지원센터 체험형 청년인턴 | 사업관리,경영.회계.사무,사회복지.종교 | 신입+경력 | 청년인턴(체험형) | 지역외: 경북
[MOEF][서울] 한국무역보험공사 | 한국무역보험공사 2026년 하반기 지원직(무기계약직) 채용공고 | 경영.회계.사무,운전.운송 | 신입 | 무기계약직 | 경력구분 제외: 신입 단독
[MOEF][세종] 한국환경연구원 | [한국환경연구원] 임시직(환경영향평가) 채용 공고(환경평가본부 대체인력)(0911) | 연구 | 신입+경력 | 비정규직 | 지역외: 세종
[MOEF][서울,부산,인천] 국민연금공단 | 2026년 하반기 공무직 공개채용 공고 | 경영.회계.사무,보건.의료,정보통신 | 신입 | 무기계약직 | 경력구분 제외: 신입 단독
[MOEF][대전] 한국장애인개발원 | [제2026-107호] 2026년도 제4차 대전광역시장애아동·발달장애인지원센터(장애아동지원 | 사회복지.종교 | 신입+경력 | 청년인턴(체험형) | 지역외: 대전
[MOEF][경남] 한국장애인개발원 | [제2026-108호]2026년도 제5차 경상남도장애아동·발달장애인지원센터(장애아동지원팀) | 사회복지.종교 | 신입+경력 | 청년인턴(체험형) | 지역외: 경남
[MOEF][경기] 한국보훈복지의료공단 | [수원보훈요양원] 계약직 요양보호사(정규직 전환조건부) 채용 공고 | 사회복지.종교 | 신입 | 비정규직 | 경력구분 제외: 신입 단독
[MOEF][세종] 대외경제정책연구원 | 대외경제정책연구원(KIEP) 2026 청년인턴(기획조정팀, 학술정보팀) 채용 공고 | 연구 | 신입 | 청년인턴(체험형) | 지역외: 세종
[MOEF][충북] 한국전력공사 | 기간제근로자 (대체인력)채용 공고[충북본부 진천지사] | 전기.전자 | 신입 | 비정규직 | 지역외: 충북
[MOEF][울산] 한국장애인개발원 | [제2026-104호]2026년도 제5차 울산광역시장애아동·발달장애인지원센터(장애아동지원팀 | 사회복지.종교 | 신입+경력 | 청년인턴(체험형) | 지역외: 울산
[MOEF][대구] 경북대학교병원 | 2026년 대구의료원 파견의사(진료교수) 상시 초빙 공고 | 보건.의료 | 신입 | 비정규직 | 지역외: 대구
[MOEF][서울,부산] 게임물관리위원회 | 게임물관리위원회 2026년 제3차 직원(체험형청년인턴) 채용공고 | 사업관리,경영.회계.사무,문화.예술.디자인.방송 | 신입+경력 | 청년인턴(체험형) | 고용형태 제외: 청년인턴(체험형)
[MOEF][부산] 게임물관리위원회 | 게임물관리위원회 2026년 제3차 직원(기간제근로) 채용공고 | 사업관리,경영.회계.사무,문화.예술.디자인.방송 | 신입+경력 | 비정규직 | 지역외: 부산
[MOEF][부산] 게임물관리위원회 | 게임물관리위원회 2026년 제3차 직원(일반정규직) 채용공고 | 사업관리,경영.회계.사무,문화.예술.디자인.방송 | 신입+경력 | 정규직 | 지역외: 부산
[MOEF][경남] 한전KDN | 한전KDN(주) 경남사업처 통신분야 비정규직 모집공고 | 전기.전자,정보통신 | 경력 | 비정규직 | 지역외: 경남
[MOEF][세종,전남광주,] 한국수목원정원관리원 | 한국수목원정원관리원 2026년 제3차 체험형 청년인턴 및 기간제 근로자 채용 공고 | 경영.회계.사무,교육.자연.사회과학,문화.예술.디자인.방송,이용.숙박.여행.오락.스포츠,기계,전기.전자,환경.에너지.안전,농림어업 | 신입+경력 | 비정규직,청년인턴(체험형) | 지역외: 세종,전남광주,경북
[MOEF][서울] 한국장애인개발원 | [제2026-103호] 2026년도 제5차 서울시장애아동·발달장애인지원센터(장애아동지원팀) | 사업관리,사회복지.종교 | 신입+경력 | 청년인턴(체험형) | 고용형태 제외: 청년인턴(체험형)
[MOEF][서울] (재)우체국시설관리단 | (재)우체국시설관리단 (본사)청년인턴 채용 공고 | 경영.회계.사무,영업판매 | 신입 | 청년인턴(체험형),청년인턴(채용형) | 고용형태 제외: 청년인턴(체험형),청년인턴(채용형)
[MOEF][부산] 한국남부발전(주) | 한국남부발전(주) 2026년 개방형직위(산재예방부장) 채용공고 | 환경.에너지.안전 | 경력 | 비정규직 | 지역외: 부산
[MOEF][부산,인천,세종] 한국남부발전(주) | 한국남부발전(주) 2026년 하반기 신입사원 및 별정직 채용공고 | 경영.회계.사무,음식서비스,건설,기계,화학,전기.전자,정보통신,환경.에너지.안전 | 신입 | 정규직 | 경력구분 제외: 신입 단독
[MOEF][경북] 한전KDN | 한전KDN(주) 구미지사 AMI분야 일용근로자 모집공고 | 전기.전자,정보통신 | 신입+경력 | 비정규직 | 지역외: 경북
[MOEF][경북] 한전KDN | 한전KDN(주) 구미지사 배전분야 일용근로자 모집공고 | 전기.전자,정보통신 | 신입+경력 | 비정규직 | 지역외: 경북
[MOEF][세종,전남광주] 한국해양교통안전공단 | 2026년도 제4차 신규직원(계약직) 채용 | 사업관리,경영.회계.사무,법률.경찰.소방.교도.국방,기계,정보통신,환경.에너지.안전,연구 | 신입+경력 | 비정규직 | 지역외: 세종,전남광주
[나라일터][45000] 전북특별자치도 | 2026년도 제10회 전북특별자치도 일반임기제 공무원 임용시험 계획 재공고(과학기술진흥) | e01 | g02 | 지역외(코드): 45000
[나라일터][12790] 전남광주통합특별시 해남군 | 2026년도 제1회 해남군 시간선택제임기제공무원 경력경쟁채용시험 시행계획 재공고 | e01 | g02 | 지역외(코드): 12790
[나라일터][50110] 제주대학교 | 2026년 제5차 제주대학교 글로컬대학사업 선임연구원 및 연구원 채용 공고 | e04 | g01 | 지역외(코드): 50110
[나라일터][48730] 경상남도 함안군 의회사무과 | 2026년 제1회 함안군의회 임기제공무원(정책지원관) 채용 공고 | e01 | g02 | 지역외(코드): 48730
[나라일터][43113] 한국교원대학교 | 2026년 한국교원대학교 국립대학 육성사업 전담직원(상담심리센터) 채용 공고 | e04 | g01 | 지역외(코드): 43113
[나라일터][48170] 경상남도 진주시 | 2026년 제4회 진주시 임기제공무원 임용시험 계획 재공고 | e01 | g02 | 지역외(코드): 48170
[나라일터][36110] 세종특별자치시 | 2026년 세종특별자치시 청원경찰 임용시험 계획 공고 정정 | e04 | g02 | 지역외(코드): 36110
[나라일터][경기] 의왕도시공사 | 2026년 의왕도시공사 직원 채용 최종합격자 결정 및 임용등록 안내 공고 | e08 | g03 | 고용형태 제외(나라일터): e08
[나라일터][52720] 전북특별자치도 진안군 | 2026년 제2회 진안군 공무직근로자(정수시설관리원) 채용계획 재공고 | e04 | g02 | 지역외(코드): 52720
[나라일터][52190] 전북특별자치도 남원시 | 2026년 제1회 남원시 한시임기제  공무원 임용시험 시행계획 공고(한시임기제 9호) | e01 | g02 | 지역외(코드): 52190
[나라일터][52190] 전북특별자치도 남원시 | 2026년 제4회 남원시 일반임기제 및 시간선택제임기제 공무원 임용시험 시행계획 공고(재난 | e01 | g02 | 지역외(코드): 52190
[나라일터][43720] 충청북도 보은군 | 2026년도 제2회(재공고) 및 제3회 보은군 지방시간선택제임기제공무원 채용시험 공고 | e01 | g02 | 지역외(코드): 43720
[나라일터][서울] 한국남동발전㈜ | 발전공기업 통합실무지원단장 채용공고 | e08 | g03 | 고용형태 제외(나라일터): e08
[나라일터][36000] 과학기술정보통신부 | 과학기술정보통신부 전문임기제 다급(과학기술 인력양성) 경력경쟁채용시험 재공고 취소 공고 | e01 | g01 | 지역외(코드): 36000
[나라일터][인천] (재)인천광역시부평구문화재단 | (재)인천광역시부평구문화재단 대표이사 채용 공고 | e08 | g03 | 고용형태 제외(나라일터): e08
[나라일터][44760] 문화체육관광부 국립중앙박물관 부여박물관 학예연구실 | 2026년 국립부여박물관 공무직 근로자(학예보조) 채용 서류전형 합격자 및 면접시험 공고 | e04 | g01 | 지역외(코드): 44760
[나라일터][52140] 전북특별자치도 익산시 의회사무국 | 2026년도 제5회 익산시의회 지방임기제공무원 채용 공고 | e01 | g02 | 지역외(코드): 52140
[나라일터][44000] 국립공주대학교 | 2026년도 제5회 국립공주대학교 국가공무원 전입·지방공무원 경력경쟁채용 공고 | e07 | g01 | 지역외(코드): 44000
[나라일터][27290] 대구광역시 달서구 | 대구광역시달서구 지방임기제공무원(건축사 분야) 임용시험 최종합격(예정)자 공고 | e01 | g02 | 지역외(코드): 27290
[나라일터][44270] 충청남도 당진시 | 2026년 제6회 당진시 임기제공무원 임용시험 시행계획 공고 | e01 | g02 | 지역외(코드): 44270
[나라일터][51210] 국립공원공단 설악산국립공원사무소 | [설악산] 설악산국립공원 기간제 직원[환경관리(한시인력)] 채용 공고 | e08 | g03 | 지역외(코드): 51210
[나라일터][27200] 대구교육대학교 | 대구교육대학교 국가공무원(사서서기보) 경력경쟁채용 공고 | e01 | g01 | 지역외(코드): 27200
[나라일터][인천] 기후에너지환경부 화학물질안전원 | 2026년 3차 공무직 근로자 채용 서류전형 합격자 및 면접전형 시행공고 | e04 | g01 | 고용형태 제외(나라일터): e04
[나라일터][인천] 인천광역시교육청 인천광역시북부교육지원청 인천부개서초등학교 | 2026학년도 학교폭력 예방교육 및 사안처리 전념을 위한 책임교사 수업시수 경감 계약제교원 | e10 | g04 | 고용형태 제외(나라일터): e10
[나라일터][36110] 세종특별자치시 | 세종특별자치시 전입 희망공무원 모집 공고 | e07 | g02 | 지역외(코드): 36110
[나라일터][43770] 국립소방병원 | 2026년 국립소방병원 약무직 3차 신규직원 채용 공고 | e08 | g03 | 지역외(코드): 43770
[나라일터][30200,36] 국가과학기술연구회 | [국가과학기술연구회-국가과학AI연구센터] 2026년도 NAIS-제3차 정규직(연구직, 연구 | e08 | g03 | 지역외: 30200,36000
[나라일터][45000] 전북대학교 | 2026년 제5차 전북대학교 국가공무원(행정 9급) 전입(경력경쟁채용시험) 희망자 모집 공 | e07 | g01 | 지역외(코드): 45000
[나라일터][서울] 과학기술정보통신부 우정사업본부 서울지방우정청 서울강남우체국 | 2026년 제9회 서울강남우체국 주관 공무직우체국소포원 선발 계획 공고 | e04 | g01 | 고용형태 제외(나라일터): e04
[나라일터][36110] 산업통상부 | 2026년도 산업통상부 임기제 공무원 경력경쟁채용시험 서류전형 합격자 및 면접시험 공고 | e01 | g01 | 지역외(코드): 36110
[나라일터][지역 미상] 서울특별시교육청 서울특별시동부교육지원청 | 2026 동부 교육법률지원단(학교폭력 분야) 변호사 채용 | e10 | g04 | 고용형태 제외(나라일터): e10
[나라일터][36110] 세종특별자치시 | 2026년도 세종특별자치시 청원경찰 임용시험 계획 공고 | e04 | g02 | 지역외(코드): 36110
[나라일터][52750] 전북특별자치도 임실군 의회사무과 | 2026년 제2회 임실군의회 임기제공무원(정책지원관, 한시임기제) 채용시험 계획 재공고 | e01 | g02 | 지역외(코드): 52750
[나라일터][인천] 인천광역시교육청 부개고등학교 | [긴급][인천]부개고등학교 기간제교원(물리·화학·생물·지구과학·공통과학) 또는 시간강사 채 | e10 | g04 | 고용형태 제외(나라일터): e10
[나라일터][인천] 인천광역시교육청 인천중앙여자고등학교 | 2026학년도 인천중앙여자고등학교 학교폭력책임교사 수업경감 시간강사(성공적인 직업생활) 공 | e10 | g04 | 고용형태 제외(나라일터): e10
[나라일터][26170] 경찰청 부산광역시경찰청 부산동부경찰서 | 26년 부산동부경찰서 복지회 영양사(기간제근로자) 서류전형 합격자 발표 | e04 | g01 | 지역외(코드): 26170
[나라일터][12850] 과학기술정보통신부 우정사업본부 전남지방우정청 완도우체국 | 2026년 제4회 완도우체국 상시계약집배원(농어촌소포배달원) 서류전형 합격자 발표 및 실기 | e04 | g01 | 지역외(코드): 12850
[나라일터][51810] 국립공원공단 설악산국립공원사무소 | [설악산] 설악산국립공원 기간제 직원[탐방해설, 탐방시설, 환경관리, 탐방안전] 채용 공고 | e08 | g03 | 지역외(코드): 51810
[나라일터][52750] 전북특별자치도 임실군 의회사무과 | 2026년 제2회 임실군의회 임기제공무원(정책지원관) 채용시험 서류전형 합격자 및 면접시험 | e01 | g02 | 지역외(코드): 52750
[나라일터][26380] 부산광역시교육청 동아고등학교 | 동아고등학교 교육공무직(시설관리실무사) 채용 공고 (기간제근로자) | e10 | g04 | 지역외(코드): 26380
[나라일터][서울] 서울특별시교육청 서울특별시강남서초교육지원청 서울신구초등학교 | 서울신구초등학교 2026년 지방공무원 대체직원(시설관리) 채용 공고 | e10 | g04 | 고용형태 제외(나라일터): e10
[나라일터][44000] 충청남도교육청 | 2026년도 하반기 충청남도교육청 일반임기제공무원 경력경쟁임용시험 시행계획 공고(노무사,  | e10 | g04 | 지역외(코드): 44000
[나라일터][44180] 충청남도교육청 | 2026년도 충청남도교육청 시간선택제임기제공무원(취업지원관) 경력경쟁임용시험 시행계획 재공 | e10 | g04 | 지역외(코드): 44180
[나라일터][서울] 서울특별시교육청 서울특별시서부교육지원청 동명여자중학교 | 2026학년도 시설관리직 (교육공무직,일급제) 채용 공고 | e10 | g04 | 고용형태 제외(나라일터): e10
[나라일터][51810] 국립공원공단 설악산국립공원사무소 | [설악산] 설악산국립공원 기간제 직원[환경관리(한시인력)] 채용 추가접수 공고 | e08 | g03 | 지역외(코드): 51810
[나라일터][서울] 경찰청 서울특별시경찰청 경무부 | 2026년 下 서울경찰청 청사방호직 무기계약근로자 채용 서류전형 합격자 및 면접일정 공고 | e04 | g01 | 고용형태 제외(나라일터): e04
[나라일터][43113] 식품의약품안전처 식품의약품안전평가원 | 2025년 식품의약품안전평가원 사전상담과 심사원 (임상통계 분야) 채용 공고 | e04 | g01 | 지역외(코드): 43113
[나라일터][43113] 식품의약품안전처 식품의약품안전평가원 | 2026년 식품의약품안전평가원 사전상담과 공무직근로자 외국어에디터 나급 채용 공고 | e04 | g01 | 지역외(코드): 43113
[나라일터][43113] 식품의약품안전처 식품의약품안전평가원 | 2026년 식품의약품안전평가원 사전상담과 공무직근로자 정책연구원 (가급)  대체 채용 공고 | e04 | g01 | 지역외(코드): 43113
[나라일터][12240,12] 전남광주통합특별시 의회사무처 | 2026년 제2회 전남광주통합특별시의회 지방임기제공무원 채용시험 계획 공고 | e01 | g02 | 지역외: 12240,12810
[나라일터][26230] 부산광역시 부산진구 | 2026년 제4회 부산진구 임기제공무원(간호사) 채용시험 서류전형 합격자 및 면접시험 일정 | e01 | g02 | 지역외(코드): 26230
[나라일터][서울] 진실화해를위한과거사정리위원회 | 진실화해를위한과거사정리위원회 제7차 기간제근로자 서류전형 합격자 및 면접시험 일정 공고 | e04 | g01 | 고용형태 제외(나라일터): e04
[나라일터][인천] 인천광역시교육청 인천마전고등학교 | 2026학년도 인천마전고등학교 수학, 역사 시간강사 채용 공고(2차) | e10 | g04 | 고용형태 제외(나라일터): e10
[나라일터][43110] 충청북도 청주시 | 2026년 제7회 청주시 임기제공무원 채용시험시행 공고(안전관리자, 단속행정) | e01 | g02 | 지역외(코드): 43110
[나라일터][인천] 인천광역시교육청 인천광역시남부교육지원청 인천송림초등학교 | 학교폭력 책임교사 수업시수 경감을 위한 수업 전담강사 채용 공고 | e10 | g04 | 고용형태 제외(나라일터): e10
[나라일터][43750,12] 한국에너지공단 | 한국에너지공단 공무직(미화, 안내, 시설관리(일반)) 채용 공고 | e08 | g03 | 지역외: 43750,12300
[나라일터][12840] 국립공원공단 내장산국립공원백암사무소 | 내장산국립공원백암사무소 한시인력(국립공원지킴이_녹색순찰대) 채용 공고 | e08 | g03 | 지역외(코드): 12840
[나라일터][47830] 경상북도 고령군 | 2026년도 제4회 고령군 시간선택제임기제공무원 임용시험 시행계획 공고(재난안전상황실 전담 | e01 | g02 | 지역외(코드): 47830
[나라일터][경기] 한국마사회 | 한국마사회 임원(상임이사) 모집 공고 | e08 | g03 | 고용형태 제외(나라일터): e08
[나라일터][인천] 인천광역시교육청 미추홀학교 | 2026학년도 2학기 미추홀학교 시간강사 채용 공고 | e10 | g04 | 고용형태 제외(나라일터): e10
[나라일터][경기] 한국마사회 | 한국마사회 임원(비상임이사) 모집 공고 | e08 | g03 | 고용형태 제외(나라일터): e08
[나라일터][인천] 인천광역시교육청 인천광역시동부교육지원청 능허대중학교 | 2026학년도 능허대중학교 시간강사 미술과 채용 공고 | e10 | g04 | 고용형태 제외(나라일터): e10
[나라일터][서울] 문화체육관광부 국립중앙도서관 | 국립중앙도서관 지식정보서비스과 기간제근로자(휴직 대체) 채용 공고 | e04 | g01 | 고용형태 제외(나라일터): e04
[나라일터][인천] 인천광역시교육청 인천광역시남부교육지원청 인천주안북초등학교 | (인천)주안북초 기간제교원-특수교사(유,초,중등(일반교과) 정교사 -자격확대) 채용 공고( | e10 | g04 | 고용형태 제외(나라일터): e10
[나라일터][52140] 과학기술정보통신부 우정사업본부 전북지방우정청 익산우체국 | 2026년 제4회  익산우체국 상시계약집배원 채용 서류전형 합격자 발표 및 실기 면접시험  | e04 | g01 | 지역외(코드): 52140
[나라일터][서울] 서울대학교 기타기관 | 조리팀 직원 채용 안내 | e04 | g01 | 고용형태 제외(나라일터): e04
[나라일터][27710] 법무부 대구지방교정청 대구교도소 | [대구교도소] 2026년 제3회 대구교도소 공무직근로자(조리원) 공개경쟁채용 재공고 | e04 | g01 | 지역외(코드): 27710
[나라일터][26290] 부산광역시 남구 의회사무국 | 2026년 제2회 부산광역시 남구의회 시간선택제임기제(의회 행정 지원) 임용시험 최종합격자 | e01 | g02 | 지역외(코드): 26290
[나라일터][36110] 한국교통연구원 | 2026년 PAO 인턴 채용 공고 | e08 | g03 | 지역외(코드): 36110
[나라일터][36110] 한국노동연구원 | 한국노동연구원 기간제 행정원(보훈대상자 제한경쟁) 채용 공고(2026-6호) | e08 | g03 | 지역외(코드): 36110
[나라일터][서울] 문화체육관광부 국립중앙박물관 | 2026년도 제2차 국립중앙박물관 시설관리과 공무직 근로자 채용 서류전형 합격자 명단 및  | e04 | g01 | 고용형태 제외(나라일터): e04
[나라일터][인천] 인천광역시여성가족재단 | (재)인천여성가족재단 아이사랑꿈터운영지원단 보육직5급(정규직) 공개경쟁채용 공고 | e08 | g03 | 고용형태 제외(나라일터): e08
[나라일터][경기] 문화체육관광부 국립현대미술관 과천관운영부 | 국립현대미술관 과천 고객지원(안내) 기간제 근로자 채용 공고 | e04 | g01 | 고용형태 제외(나라일터): e04
[나라일터][26260] 부산광역시교육청 부산광역시동래교육지원청 | 부산광역시동래교육지원청 지방임기제공무원(변호사) 임용시험 공고 | e10 | g04 | 지역외(코드): 26260
[나라일터][52000] 전북특별자치도교육청 상산고등학교 | 상산고등학교 계약직원(보건직) 채용 공고 | e10 | g04 | 지역외(코드): 52000
[철도산업정보][지역 미상] 한국철도공사 | 2026년 하반기 한국철도공사 장애인 체험형 인턴사원 채용공고 |  | 제외어: 인턴
[철도산업정보][지역 미상] 한국철도공사 | 2026년 하반기 한국철도공사 청년 체험형 인턴사원 채용공고 |  | 제외어: 인턴
[한국철도공사][서울] 한국철도공사 | 2026년 하반기 한국철도공사 장애인 체험형 인턴사원 채용공고(~10.6. 14:00)새글 |  | 제외어: 인턴
[한국철도공사][서울] 한국철도공사 | 2026년 하반기 한국철도공사 청년 체험형 인턴사원 채용공고(~9.30. 14:00) |  | 제외어: 인턴