=== 2026-09-28 필터 통계 ===
  수집               549건
  중복 제거            2건
  지역 제외            237건
  상태 제외            0건
  고용형태 제외          62건
  경력구분 제외          59건
  제외어              6건
  키워드 미매칭          3건
  링크없음 제외          0건
  트랙A 매칭           0건
  트랙B 매칭           0건
  트랙C 매칭           0건
----------------------------------------
[KRID][서울특별시] 구로구시설관리공단 | 2026년 17차 직원(체험형 인턴) 채용 공고 | 경영·회계·사무 | 인턴 | 모집중 | 제외어: 인턴
[KRID][인천광역시] 인천광역시제물포구시설관리공단 | 2026년도 제3회 체험형 청년인턴 채용공고 | 경영·회계·사무 | 인턴 | 모집중 | 제외어: 청년인턴
[KRID][경기도] 안성시시설관리공단 | 2026년도 제2회 청년 체험형 인턴 채용 재공고 | 경영·회계·사무 | 인턴 | 모집중 | 제외어: 인턴
[MOEF][세종] 충남대학교병원 | [세종] 2026년 9월 비정규직(계약직, 업무지원계약직) 직원 채용공고 | 보건.의료 | 신입+경력 | 비정규직 | 지역외: 세종
[MOEF][대전] 한국연구재단 | 2026년 제2차 한국연구재단 직원 채용(공무직(시설관리직, 미화직)) | 경비.청소,기계,전기.전자,환경.에너지.안전 | 신입 | 정규직 | 지역외: 대전
[MOEF][세종] 충남대학교병원 | [세종] 2026년 9월 업무지원직 직원 채용공고 | 보건.의료 | 신입+경력 | 정규직 | 지역외: 세종
[MOEF][서울,대전,경기] 스포츠윤리센터 | 스포츠윤리센터 2026년 제2차 직원 신규채용 공고 | 사업관리,경영.회계.사무,교육.자연.사회과학,법률.경찰.소방.교도.국방,정보통신 | 신입 | 정규직,비정규직 | 경력구분 제외: 신입 단독
[MOEF][서울,부산,대구] 한국농수산식품유통공사 | 2026년 신입직원 채용공고 | 사업관리,경영.회계.사무,건설,정보통신,환경.에너지.안전,농림어업 | 신입 | 정규직 | 경력구분 제외: 신입 단독
[MOEF][경기] 분당서울대학교병원 | 분당서울대학교병원 단시간일반직(선임급연구원) 채용공고 | 보건.의료 | 신입 | 비정규직 | 경력구분 제외: 신입 단독
[MOEF][광주,전남] 전남대학교병원 | 2026년도 전임의사 상시 공개채용 변경 공고 | 보건.의료 | 신입 | 정규직 | 지역외: 광주,전남
[MOEF][경기] 분당서울대학교병원 | 분당서울대학교병원 단시간업무지원직 채용공고 | 보건.의료 | 신입 | 비정규직 | 경력구분 제외: 신입 단독
[MOEF][경기] 분당서울대학교병원 | 분당서울대학교병원 단시간일반직 채용공고 | 보건.의료 | 신입 | 비정규직 | 경력구분 제외: 신입 단독
[MOEF][서울] 서울대학교병원 | 2026년도 하반기 서울대학교병원 블라인드 장애인 직원채용 (무기계약직) 공고 | 보건.의료 | 신입 | 무기계약직 | 경력구분 제외: 신입 단독
[MOEF][경기] 분당서울대학교병원 | 분당서울대학교병원 직원(계약업무지원직) 채용공고 | 보건.의료 | 신입 | 비정규직 | 경력구분 제외: 신입 단독
[MOEF][전남광주] 국립공원공단 | [다도해해상]2026년 다도해해상 국립공원지킴이[한시인력/녹색순찰대] 직원 채용(5차) | 환경.에너지.안전 | 신입+경력 | 비정규직 | 지역외: 전남광주
[MOEF][경북] 한국수력원자력(주) | 2026년도 제9차 경력사원(고위직) 선발 | 사업관리,경영.회계.사무,기계,전기.전자,환경.에너지.안전 | 경력 | 비정규직 | 지역외: 경북
[MOEF][서울,부산,대구] 한국사학진흥재단 | 한국사학진흥재단 2026년 3차 직원 채용(체험형 청년인턴(단시간), 장애인 제한경쟁) | 경영.회계.사무 | 신입 | 청년인턴(체험형) | 고용형태 제외: 청년인턴(체험형)
[MOEF][전남광주] 국립공원공단 | [다도해해상]2026년 다도해해상 국립공원지킴이[한시인력/녹색순찰대] 직원 채용(4차) 추 | 환경.에너지.안전 | 신입+경력 | 비정규직 | 지역외: 전남광주
[MOEF][서울] (사)남북교류협력지원협회 | 2026년 제2차 남북교류협력지원협회 직원(정규직 및 육아휴직대체) 채용 공고 | 사업관리 | 신입 | 정규직,비정규직 | 경력구분 제외: 신입 단독
[MOEF][강원] 근로복지공단 | [태백병원] 기간제 의사(병동당직의) 채용 공고 | 보건.의료 | 신입 | 비정규직 | 지역외: 강원
[MOEF][서울] 서울대학교병원 | 서울대학교병원 블라인드 직원채용 (무기계약직) 공고 (장애인 특별우대) | 보건.의료 | 신입 | 무기계약직 | 경력구분 제외: 신입 단독
[MOEF][울산] 한국산업안전보건공단 | [안전보건공단] 본부(울산) 기간제 근로자 채용공고 | 사업관리,경영.회계.사무 | 신입 | 비정규직 | 지역외: 울산
[MOEF][해외] 극지연구소 | 2026년 남극과학기지 월동연구대 채용 재공고 (발전 분야) | 전기.전자 | 경력 | 비정규직 | 지역외: 해외
[MOEF][부산] 동남권원자력의학원 | [직원채용] 동남권원자력의학원 박사후 연수연구원(첨단방사선AI융합연구팀) 공개 채용 | 연구 | 신입+경력 | 비정규직 | 지역외: 부산
[MOEF][부산] 동남권원자력의학원 | [직원채용] 정규직 의사직(방사선비상진료센터) 채용 | 보건.의료 | 신입+경력 | 정규직 | 지역외: 부산
[MOEF][부산] 동남권원자력의학원 | [직원채용] 별정직 의사직(산부인과) 채용 | 보건.의료 | 신입+경력 | 비정규직 | 지역외: 부산
[MOEF][부산] 동남권원자력의학원 | [직원채용] 별정직 의사직(감염내과) 채용  | 보건.의료 | 신입+경력 | 비정규직 | 지역외: 부산
[MOEF][부산] 동남권원자력의학원 | [직원채용] 별정직 의사직(호흡기내과) 초빙 | 보건.의료 | 신입+경력 | 비정규직 | 지역외: 부산
[MOEF][부산] 동남권원자력의학원 | [직원채용] 정규직 의사직(마취통증의학과) 공개 채용 | 보건.의료 | 신입+경력 | 정규직 | 지역외: 부산
[MOEF][부산] 동남권원자력의학원 | [직원채용] 별정직 의사직(응급실) 공개채용 | 보건.의료 | 신입+경력 | 비정규직 | 지역외: 부산
[MOEF][부산] 동남권원자력의학원 | [직원채용] 별정직 의사직(병동 당직의) 공개 채용 | 보건.의료 | 신입+경력 | 비정규직 | 지역외: 부산
[MOEF][부산] 동남권원자력의학원 | [직원채용] 별정직 의사직(신경외과 전임의) 공개 채용(재공고) | 보건.의료 | 신입+경력 | 비정규직 | 지역외: 부산
[MOEF][부산] 동남권원자력의학원 | [직원채용] 정규직 의사직(핵의학과) 공개 채용 | 보건.의료 | 신입+경력 | 정규직 | 지역외: 부산
[MOEF][부산] 동남권원자력의학원 | [직원채용] 동남권원자력의학원 박사후 연수연구원(첨단방사선종양연구팀) 공개 채용 | 연구 | 신입+경력 | 비정규직 | 지역외: 부산
[MOEF][울산] 한국산업안전보건공단 | [안전보건공단] 본부(울산) 업무직 채용공고 | 기계,환경.에너지.안전 | 신입 | 무기계약직 | 지역외: 울산
[MOEF][충북] 한국보건복지인재원 | (제2026-10호) 한국보건복지인재원 업무지원직 채용 공고 | 경영.회계.사무,운전.운송,경비.청소 | 신입+경력 | 무기계약직 | 지역외: 충북
[MOEF][충북] 한국보건복지인재원 | (제2026-9호) 한국보건복지인재원 사업기반 계약직 채용 공고 | 사업관리,교육.자연.사회과학,보건.의료,사회복지.종교 | 경력 | 비정규직 | 지역외: 충북
[MOEF][서울,부산,대구] 한국보건복지인재원 | (제2026-8호) 한국보건복지인재원 신규직원(일반공무직_장애) 채용 공고 | 경영.회계.사무,교육.자연.사회과학,보건.의료,사회복지.종교 | 신입 | 무기계약직 | 경력구분 제외: 신입 단독
[MOEF][충북,경북] 국립공원공단 | [속리산] 속리산국립공원사무소 기간제(탐방해설) 직원 채용 재공고 | 이용.숙박.여행.오락.스포츠 | 신입+경력 | 비정규직 | 지역외: 충북,경북
[MOEF][대전] 한국등산·트레킹지원센터 | 2026년도 한국등산트레킹지원센터 기간제근로자(보훈 제한경쟁) 채용 재공고 | 경영.회계.사무 | 신입 | 비정규직 | 지역외: 대전
[MOEF][울산] 한국법무보호복지공단 | 2026년 한국법무보호복지공단 울산지부 심리상담직(육아휴직대체직) 경력경쟁채용시험 공고 | 사회복지.종교 | 경력 | 비정규직 | 지역외: 울산
[MOEF][경남] 한국산업기술시험원 | 2026년 한국산업기술시험원 위촉직(운전기사) 공개모집(재공고) | 운전.운송 | 신입 | 비정규직 | 지역외: 경남
[MOEF][경북] 한국전력공사 | 2026년 제4차 기간제 근로자 채용 공고[경북본부] | 경영.회계.사무,전기.전자 | 신입 | 비정규직 | 지역외: 경북
[MOEF][세종] 산업연구원 | 2026년 제14차 위촉직원 채용공고(휴직대체) | 연구 | 신입+경력 | 비정규직 | 지역외: 세종
[MOEF][강원] 국립공원공단 | [설악산] 설악산국립공원 기간제 직원[환경관리(한시인력)] 채용 공고 | 경비.청소,이용.숙박.여행.오락.스포츠,환경.에너지.안전 | 신입+경력 | 비정규직 | 지역외: 강원
[MOEF][경기] 분당서울대학교병원 | 2027년도 정신건강임상심리사(수련) 채용공고(장애인우대) | 보건.의료 | 신입 | 비정규직 | 경력구분 제외: 신입 단독
[MOEF][경기] 분당서울대학교병원 | 2027년도 임상연수사회복지사 채용공고(장애인우대) | 보건.의료 | 신입 | 비정규직 | 경력구분 제외: 신입 단독
[MOEF][경기] 분당서울대학교병원 | 2027년도 임상연수영양사 채용공고(장애인우대) | 보건.의료 | 신입 | 비정규직 | 경력구분 제외: 신입 단독
[MOEF][경기] 분당서울대학교병원 | 2027년도 전공약사(레지던트약사) 채용공고(장애인우대) | 보건.의료 | 신입 | 비정규직 | 경력구분 제외: 신입 단독
[MOEF][대전] 한국원자력안전기술원 | 한국원자력안전기술원 공모직전문위원 채용 | 경영.회계.사무,연구 | 경력 | 비정규직 | 지역외: 대전
[MOEF][대구] 경북대학교병원 | 2026년 9월 제4차 임시직원 모집 공고(간호, 행정, 응급구조사, 물품판매) | 보건.의료 | 신입 | 비정규직 | 지역외: 대구
[MOEF][강원] 국립공원공단 | [설악산] 설악산국립공원 기간제 직원[탐방해설, 탐방시설, 환경관리, 탐방안전] 채용 공고 | 경비.청소,이용.숙박.여행.오락.스포츠,환경.에너지.안전 | 신입+경력 | 비정규직 | 지역외: 강원
[MOEF][전남광주] 전남대학교병원 | 2026년 진료전담의사 상시 공개채용 공고 | 보건.의료 | 신입 | 비정규직 | 지역외: 전남광주
[MOEF][세종] 건축공간연구원 | 건축공간연구원 위촉직 모집 | 연구 | 신입+경력 | 비정규직 | 지역외: 세종
[MOEF][강원] 국립공원공단 | [설악산] 설악산국립공원 기간제 직원[환경관리(한시인력)] 채용 추가접수 공고 | 경비.청소,이용.숙박.여행.오락.스포츠,환경.에너지.안전 | 신입+경력 | 비정규직 | 지역외: 강원
[MOEF][강원] 한전KPS(주) | 한전KPS(주)강원충북전력지사 단기노무원(기술팀 차량순시) 채용공고(30차) | 건설,전기.전자 | 신입+경력 | 비정규직 | 지역외: 강원
[MOEF][충북,전남광주] 한국에너지공단 | 한국에너지공단 공무직 채용 공고 | 경비.청소,전기.전자 | 신입+경력 | 무기계약직 | 지역외: 충북,전남광주
[MOEF][충북] 한전KPS(주) | 한전KPS(주)강원충북전력지사 단기노무원(신청주지점 송전업무정비보조) 채용 공고(29차) | 전기.전자,환경.에너지.안전 | 신입+경력 | 비정규직 | 지역외: 충북
[MOEF][세종] 한국교통연구원 | 2026년 PAO 인턴 채용공고 | 경영.회계.사무 | 신입 | 청년인턴(체험형) | 지역외: 세종
[MOEF][경남] 경상국립대학교병원 | [창원경상국립대학교병원] 약무직 채용 공고 | 보건.의료 | 신입+경력 | 정규직 | 지역외: 경남
[MOEF][서울,대전,충북] 한국철도공사 | 2026년 하반기 한국철도공사 신입사원(관제분야) 채용 공고	 | 경영.회계.사무,운전.운송 | 신입 | 정규직 | 경력구분 제외: 신입 단독
[MOEF][경남] 경상국립대학교병원 | [창원경상국립대학교병원] 전문직1등급(촉탁의) 채용공고 | 보건.의료 | 신입 | 비정규직 | 지역외: 경남
[MOEF][전남광주] 국립공원공단 | [내장산백암] 내장산국립공원백암사무소 한시인력(국립공원지킴이_녹색순찰대) 채용 공고 | 경비.청소,환경.에너지.안전 | 신입+경력 | 비정규직 | 지역외: 전남광주
[MOEF][경남] 대한적십자사 | 대한적십자사 합천원폭피해자복지회관 직원(조리원) 채용공고 | 사회복지.종교 | 신입+경력 | 무기계약직 | 지역외: 경남
[MOEF][충남] 학교법인한국폴리텍 | 한국폴리텍특성화대학 바이오캠퍼스 업무직(대학운영직_조리원) 채용공 | 음식서비스 | 신입+경력 | 무기계약직 | 지역외: 충남
[MOEF][인천] 인천항만공사 | 2026년 하반기 인천항만공사 채용형 인턴 채용공고 | 경영.회계.사무,건설,기계,전기.전자,환경.에너지.안전 | 신입 | 청년인턴(채용형) | 고용형태 제외: 청년인턴(채용형)
[MOEF][전남광주] 한국수자원공사 | [한국수자원공사] 전남북부권지사 단기계약근로자(사무관리_건설사업) 채용 공고 | 경영.회계.사무 | 신입+경력 | 비정규직 | 지역외: 전남광주
[MOEF][세종] 한국노동연구원 | 한국노동연구원 기간제 행정원(보훈대상자 제한경쟁) 채용 공고 | 경영.회계.사무 | 신입+경력 | 비정규직 | 지역외: 세종
[MOEF][충남] 한전KPS(주) | 한전KPS(주)태안사업처 경상정비공사(기계분야) 단기노무원 채용 | 기계 | 신입+경력 | 비정규직 | 지역외: 충남
[MOEF][서울] 대한무역투자진흥공사 | 2026년 하반기 KOTRA 공무직 채용 공고 | 사업관리,경영.회계.사무,경비.청소 | 신입 | 무기계약직 | 경력구분 제외: 신입 단독
[MOEF][충남] 한전KPS(주) | 한전KPS(주)충남전북전력지사(서산지점) 단기노무원 채용 공고 | 전기.전자 | 신입+경력 | 비정규직 | 지역외: 충남
[MOEF][서울] 한국문화관광연구원 | 한국문화관광연구원 위촉직원 채용 공고[2026-38] | 연구 | 신입 | 비정규직 | 경력구분 제외: 신입 단독
[MOEF][서울,부산,대구] 한국보훈복지의료공단 | 한국보훈복지의료공단 2027년 보훈병원 간호직 통합 공개채용 공고 | 보건.의료 | 신입 | 정규직 | 경력구분 제외: 신입 단독
[MOEF][제주] 한국장애인개발원 | [제2026-111호]2026년도 제6차 제주특별자치도장애아동·발달장애인지원센터 [장애아동 | 사업관리,경영.회계.사무,사회복지.종교 | 신입+경력 | 청년인턴(체험형) | 지역외: 제주
[MOEF][대전] 한국연구재단 | 한국연구재단 PM(기초연구본부장) 초빙 재공고 | 사업관리 | 신입+경력 | 비정규직 | 지역외: 대전
[MOEF][대구] 경북대학교병원 | 칠곡경북대학교병원 2026년 9월 5차 임시직원 채용공고(물리치료사, 간호사, 주차, 조경 | 보건.의료 | 신입+경력 | 비정규직 | 지역외: 대구
[MOEF][대전] 대한적십자사 | [대한적십자사 대전세종지사] 2026년도 2차 육아휴직 대체인력(계약직) 채용 공고 | 경영.회계.사무 | 신입 | 비정규직 | 지역외: 대전
[MOEF][대구] 한국보훈복지의료공단 | [대구보훈병원] 정규직 보건직(임상병리사) 채용 공고 | 보건.의료 | 신입+경력 | 정규직 | 지역외: 대구
[MOEF][서울] 한국수출입은행 | 한국수출입은행 2026년 하반기 KSP/EIPP연구원(별정직원) 채용 | 사업관리 | 신입 | 비정규직 | 경력구분 제외: 신입 단독
[MOEF][전남광주] 국립공원공단 | [다도해해상]2026년 다도해해상 한시인력[탐방로예약제 운영] 직원 채용 추가접수 재공고 | 환경.에너지.안전 | 신입+경력 | 비정규직 | 지역외: 전남광주
[MOEF][전남광주] 국립공원공단 | [다도해해상]2026년 다도해해상 한시인력[환경관리(환경미화)] 직원 채용(3차) 추가접수 | 환경.에너지.안전 | 신입+경력 | 비정규직 | 지역외: 전남광주
[MOEF][세종] 한국환경연구원 | [한국환경연구원] 임시직(일반행정) 채용 공고(경영지원실 대체인력)(0922) | 경영.회계.사무 | 신입+경력 | 비정규직 | 지역외: 세종
[MOEF][세종] 축산물품질평가원 | 2026년 하반기 운영직(사무일반) 채용공고 | 사업관리,경영.회계.사무,농림어업 | 신입 | 무기계약직 | 지역외: 세종
[MOEF][전남광주] 한국농촌경제연구원 | 한국농촌경제연구원 2026년 제8차(재공모) 청년인턴(장애인 제한경쟁) 채용 공고 | 경영.회계.사무 | 신입 | 청년인턴(체험형) | 지역외: 전남광주
[MOEF][서울] 대한적십자사 | 2026년도 제10차 혈액관리본부 소속기관 의무직 신규채용 공고(중앙혈액검사센터) | 보건.의료 | 신입 | 비정규직 | 경력구분 제외: 신입 단독
[MOEF][세종,충북,전북] 한국전력공사 | 2026년도 제2차 4(나)직급 전문인력 채용공고 | 건설,기계,전기.전자,환경.에너지.안전 | 경력 | 정규직 | 지역외: 세종,충북,전북,전남광주
[MOEF][충남] 주택관리공단(주) | 육아휴직 대체직 채용공고(주택관리공단 대전충남지사) | 경영.회계.사무 | 신입+경력 | 비정규직 | 지역외: 충남
[MOEF][경남] 경상국립대학교병원 | 간호직 채용공고 | 보건.의료 | 신입+경력 | 정규직 | 지역외: 경남
[MOEF][대구] 한국교육학술정보원 | 2026년 제6차 직원(청년인턴(장애·보훈 제한경쟁)) 채용 | 경영.회계.사무,교육.자연.사회과학,연구 | 신입 | 비정규직,청년인턴(체험형) | 지역외: 대구
[MOEF][세종] 한국조세재정연구원 | [한국조세재정연구원] 공공기관연구센터 소장 초빙 | 사업관리,연구 | 신입+경력 | 비정규직 | 지역외: 세종
[MOEF][대구] 한국교육학술정보원 | 2026년 제6차 직원(무기계약직-운영직) 채용 | 경비.청소 | 신입 | 무기계약직 | 지역외: 대구
[MOEF][대구] 한국교육학술정보원 | 2026년 제6차 직원(정규직) 채용 | 경영.회계.사무,교육.자연.사회과학,정보통신,연구 | 신입 | 정규직 | 지역외: 대구
[MOEF][충남] 한전KPS(주) | 한전KPS(주)당진사업처 단기노무원 채용(계측제어2부 9,10호기 계측제어설비 경상정비용역 | 전기.전자 | 신입+경력 | 비정규직 | 지역외: 충남
[MOEF][강원] 근로복지공단 | [동해병원] 기간제 의사(응급실전담의) 채용 공고 | 보건.의료 | 신입 | 비정규직 | 지역외: 강원
[MOEF][강원] 근로복지공단 | [동해병원] 기간제 의사(산부인과) 채용 공고 | 보건.의료 | 신입 | 비정규직 | 지역외: 강원
[MOEF][강원] 근로복지공단 | [동해병원] 기간제 의사(재활의학과 전문의) 채용 공고 | 보건.의료 | 신입 | 비정규직 | 지역외: 강원
[MOEF][충남] 한전KPS(주) | 한전KPS(주)당진사업처 단기노무원 채용(기술부 #6OH 계측제어설비 계획예방정비공사) | 기계,전기.전자 | 신입+경력 | 비정규직 | 지역외: 충남
[MOEF][강원] 근로복지공단 | [태백병원] 공무직(전기기계통신기사-기계분야) 채용 공고 | 보건.의료,기계 | 신입 | 무기계약직 | 지역외: 강원
[MOEF][부산] 기술보증기금 | 기술보증기금 사무지원인력 채용공고 (기업구조혁신부) | 금융.보험 | 신입 | 비정규직 | 지역외: 부산
[MOEF][서울] 기술보증기금 | 기술보증기금 사무지원인력 채용공고 (가산지점) | 금융.보험 | 신입 | 비정규직 | 경력구분 제외: 신입 단독
[MOEF][경기] 국민건강보험공단 일산병원 | 2027년도 수련생(정신건강임상심리사 1급-1년차 과정) 모집공고 | 보건.의료 | 신입 | 청년인턴(체험형) | 고용형태 제외: 청년인턴(체험형)
[MOEF][경기] 국민건강보험공단 일산병원 | 2026년도 사무직 수련생(체험형 청년인턴)(장애인·보훈 제한경쟁) 채용 공고 | 보건.의료 | 신입 | 청년인턴(체험형) | 고용형태 제외: 청년인턴(체험형)
[MOEF][서울,부산,대구] 한국전력공사 | 2026년도 하반기 보훈 채용공고 | 경영.회계.사무,전기.전자,정보통신 | 신입 | 정규직 | 경력구분 제외: 신입 단독
[MOEF][강원] 대한석탄공사 | 2026년 한시적계약직 특별채용 재공고(팀장급) | 경영.회계.사무,환경.에너지.안전 | 경력 | 비정규직 | 지역외: 강원
[MOEF][세종] KDI국제정책대학원 | [KDI국제정책대학원] 2026년 제10차 인턴직원 채용(경영기획) | 경영.회계.사무 | 신입+경력 | 청년인턴(체험형) | 지역외: 세종
[MOEF][경기] 국민건강보험공단 일산병원 | 2026년 하반기 정규직(사무직-일반사무) 모집공고 | 경영.회계.사무 | 신입 | 정규직 | 경력구분 제외: 신입 단독
[MOEF][경북] 국립공원공단 | [주왕산] 2026년도 주왕산국립공원 한시인력(탐방해설) 직원 추가 채용 공고 | 이용.숙박.여행.오락.스포츠 | 신입+경력 | 비정규직 | 지역외: 경북
[MOEF][경남] 국립공원공단 | [지리산경남] 지리산국립공원경남사무소 가을성수기 한시인력(수익시설) 채용 공고 | 환경.에너지.안전 | 신입+경력 | 비정규직 | 지역외: 경남
[MOEF][경북] 국립공원공단 | [경주] 2026년 경주국립공원 기간제(분묘조사) 직원 채용 재공고 | 환경.에너지.안전 | 신입+경력 | 비정규직 | 지역외: 경북
[MOEF][경남] 경상국립대학교병원 | 전산직 채용공고 | 보건.의료 | 신입+경력 | 정규직 | 지역외: 경남
[MOEF][경남] 국립공원공단 | [지리산경남] 지리산국립공원경남사무소 가을성수기 한시인력(환경관리) 채용 공고 | 환경.에너지.안전 | 신입+경력 | 비정규직 | 지역외: 경남
[MOEF][경남] 경상국립대학교병원 | 계약직(야간전담당직약사) 채용공고 | 보건.의료 | 신입+경력 | 비정규직 | 지역외: 경남
[MOEF][인천] (주)한국가스기술공사 | '26년도 인천 액화수소설비 관리운영 용역 1차 기간제 계약직 채용공고 | 환경.에너지.안전 | 신입 | 비정규직 | 경력구분 제외: 신입 단독
[MOEF][서울] 한국공정거래조정원 | 한국공정거래조정원 2026년 제4차 기간제 근로자 채용 공고 | 경영.회계.사무,법률.경찰.소방.교도.국방,연구 | 신입 | 비정규직 | 경력구분 제외: 신입 단독
[MOEF][대전,경북] 한전KDN | 한전KDN(주) 원전인프라부 프로젝트계약근로자 채용공고 | 정보통신 | 신입+경력 | 비정규직 | 지역외: 대전,경북
[MOEF][전남광주] 한전KPS(주) | 한전KPS(주)광주전남전력지사 순천지점 단기노무원 채용 | 전기.전자 | 신입+경력 | 비정규직 | 지역외: 전남광주
[MOEF][경기] 한국보훈복지의료공단 | [남양주보훈요양원] 제4차 2026년 요양보호직(정규직 전환 조건) 채용 공고 | 보건.의료 | 신입 | 비정규직 | 경력구분 제외: 신입 단독
[MOEF][세종] 한국직업능력연구원 | [한국직업능력연구원] 2026년도 제6차 기간제 계약직원(휴직자 대체) 채용 공고 | 사업관리,경영.회계.사무 | 신입 | 비정규직 | 지역외: 세종
[MOEF][서울,부산,대구] 중소벤처기업진흥공단 | 2026년 하반기 2차 중소벤처기업진흥공단 체험형 청년인턴(장애인) 채용 공고 | 경영.회계.사무,금융.보험 | 신입 | 청년인턴(체험형) | 고용형태 제외: 청년인턴(체험형)
[MOEF][세종] 중소기업기술정보진흥원 | 2026년 체험형 청년인턴 채용 공고 | 사업관리,경영.회계.사무 | 신입 | 청년인턴(체험형) | 지역외: 세종
[MOEF][세종] 중소기업기술정보진흥원 | 2026년 인공지능혁신추진단장 채용 공고 | 사업관리,경영.회계.사무 | 신입 | 비정규직 | 지역외: 세종
[MOEF][전남광주] 한국보훈복지의료공단 | [광주보훈병원] 계약직 업무지원직(진료지원) 직원 채용 공고 | 보건.의료 | 신입+경력 | 비정규직 | 지역외: 전남광주
[MOEF][전북] 대한적십자사 | [전북혈액원] 비정규직 초단시간 근로자(임상병리사) 채용 공고 | 보건.의료 | 신입 | 비정규직 | 지역외: 전북
[MOEF][세종] 한국보건사회연구원 | 한국보건사회연구원 정규직 신규채용(6차) 연구원 | 사업관리,연구 | 신입 | 정규직 | 지역외: 세종
[MOEF][세종] 한국보건사회연구원 | 한국보건사회연구원 정규직 신규채용(5차) 부연구위원 | 연구 | 신입 | 정규직 | 지역외: 세종
[MOEF][경북] 대한법률구조공단 | 대한법률구조공단 서무직 4급(운전원) 제한경쟁채용 시험 공고 | 경영.회계.사무,법률.경찰.소방.교도.국방,운전.운송 | 신입 | 정규직 | 지역외: 경북
[MOEF][전남광주] 한국인터넷진흥원 | 2026년 한국인터넷진흥원 공무직 2차 채용 공고 - 미화(보훈특별고용) | 경비.청소 | 신입+경력 | 무기계약직 | 지역외: 전남광주
[MOEF][전남광주] 한국인터넷진흥원 | 2026년 한국인터넷진흥원 공무직 2차 채용 공고 - 비서(운전), 미화, 시설관리 등 | 법률.경찰.소방.교도.국방,보건.의료,운전.운송,경비.청소,기계,전기.전자 | 신입+경력 | 무기계약직 | 지역외: 전남광주
[MOEF][서울,전남광주] 한국인터넷진흥원 | 2026년 하반기 한국인터넷진흥원 일반직, 일반계약직 채용 공고 | 사업관리,경영.회계.사무,정보통신 | 신입 | 정규직,무기계약직 | 경력구분 제외: 신입 단독
[MOEF][충북,경북] 국립공원공단 | [속리산] 속리산국립공원사무소 한시인력(탐방안내, 환경관리) 직원 채용 | 경비.청소,이용.숙박.여행.오락.스포츠 | 신입+경력 | 비정규직 | 지역외: 충북,경북
[MOEF][서울,부산,대구] 대한법률구조공단 | 2026년 대한법률구조공단 일반직 7급 직원 채용 공고 | 경영.회계.사무,법률.경찰.소방.교도.국방 | 신입 | 정규직 | 경력구분 제외: 신입 단독
[MOEF][서울,부산,대구] (주)한국가스기술공사 | 2026년 하반기 신입직원 공개채용 | 건설,기계,전기.전자 | 신입 | 정규직 | 경력구분 제외: 신입 단독
[MOEF][충북] 한국환경공단 | 2026년 한국환경공단 충청권환경본부 재활용품 비축사업 기간제근로자(촉탁) 채용공고 | 환경.에너지.안전 | 신입+경력 | 비정규직 | 지역외: 충북
[MOEF][인천] 한국도로교통공단 | [인천운전면허시험장] 실무계약직(환경관리) 채용 공고 | 경비.청소 | 신입 | 비정규직 | 경력구분 제외: 신입 단독
[MOEF][경남] 한전KDN | 한전KDN(주) 진주지사 AMI 분야 비정규직(장애인) 모집공고 | 전기.전자,정보통신 | 신입+경력 | 비정규직 | 지역외: 경남
[MOEF][대구] 대한적십자사 | 대구경북혈액원 비정규직(육아휴직 대체인력) 임상병리사 채용공고 (11.01. 임용) | 보건.의료 | 신입 | 비정규직 | 지역외: 대구
[MOEF][서울] 한국문화관광연구원 | 한국문화관광연구원 위촉직원 채용 공고 [2026-37] | 연구 | 신입 | 비정규직 | 경력구분 제외: 신입 단독
[MOEF][경남] 한국토지주택공사 | 한국토지주택공사 개방형 직위 공모 | 경영.회계.사무 | 경력 | 비정규직 | 지역외: 경남
[MOEF][서울,부산,대구] 한국철도공사 | 2026년 하반기 한국철도공사 장애인 체험형 인턴사원 채용 공고			 | 경영.회계.사무,운전.운송 | 신입 | 청년인턴(체험형) | 고용형태 제외: 청년인턴(체험형)
[MOEF][전남광주] 한전KDN | 2026년 하반기 한전KDN 별정직 채용공고 | 경비.청소,건설 | 신입 | 무기계약직 | 지역외: 전남광주
[MOEF][서울,부산,대구] 한국무역보험공사 | 한국무역보험공사 2026년 하반기 체험형 청년인턴 채용공고 | 경영.회계.사무,금융.보험 | 신입 | 청년인턴(체험형) | 고용형태 제외: 청년인턴(체험형)
[MOEF][경기] 근로복지공단 | [안산병원] 기간제(사회복지사) 채용 공고 | 보건.의료 | 신입 | 비정규직 | 경력구분 제외: 신입 단독
[MOEF][경기] 근로복지공단 | [안산병원] 기간제(간호조무사) 채용 공고 | 보건.의료 | 신입 | 비정규직 | 경력구분 제외: 신입 단독
[MOEF][경기] 근로복지공단 | [안산병원] 기간제(물리치료사) 채용 공고 | 보건.의료 | 신입 | 비정규직 | 경력구분 제외: 신입 단독
[MOEF][강원] 강원대학교병원 | 2026-45(대체근로자) 채용 공고 | 보건.의료 | 신입 | 비정규직 | 지역외: 강원
[MOEF][강원] 강원대학교병원 | 2026-44(업무협력직) 채용 공고 | 보건.의료 | 신입 | 정규직 | 지역외: 강원
[MOEF][강원] 강원대학교병원 | 2026-43(일반직·원무직) 채용 공고 | 보건.의료 | 신입+경력 | 정규직 | 지역외: 강원
[MOEF][강원] 강원대학교병원 | 2026-42(일반직_간호직 경력) 채용 공고 | 보건.의료 | 경력 | 정규직 | 지역외: 강원
[MOEF][강원] 강원대학교병원 | 2026-41(약무직) 채용 공고 | 보건.의료 | 경력 | 정규직 | 지역외: 강원
[MOEF][경기,충북] 한국소방산업기술원 | 2026년 제3차 기간제 근로자 채용 | 기계,화학,섬유.의복,전기.전자,환경.에너지.안전 | 신입 | 비정규직 | 경력구분 제외: 신입 단독
[MOEF][전북] 국립공원공단 | [변산반도생태탐방원] 2026년 4차 변산반도생태탐방원 기간제[한시인력(수익시설)] 직원  | 환경.에너지.안전 | 신입+경력 | 비정규직 | 지역외: 전북
[MOEF][전남광주] 한전KDN | 한전KDN(주) 목포지사 AMI분야 비정규직 모집공고(재공고) | 정보통신 | 신입+경력 | 비정규직 | 지역외: 전남광주
[MOEF][세종] 한국조세재정연구원 | [한국조세재정연구원] 공무직(경비) 신규인력채용_보훈제한경쟁 | 경비.청소 | 신입+경력 | 무기계약직 | 지역외: 세종
[MOEF][부산,대구,대전] 가축위생방역지원본부 | [가축위생방역지원본부 제2026-41호] 2026년 제3차 정규직 채용 공고 | 경영.회계.사무,보건.의료,농림어업 | 신입 | 무기계약직 | 경력구분 제외: 신입 단독
[MOEF][세종] 한국개발연구원 |  2026년 3분기 3차 KDI 위촉직원(대체인력) 채용 공고(행정직) | 경영.회계.사무 | 신입 | 비정규직 | 지역외: 세종
[MOEF][세종] 한국개발연구원 | 2026년 3분기 3차 KDI 위촉직원(대체인력) 채용 공고(연구직) | 사업관리,연구 | 신입 | 비정규직 | 지역외: 세종
[MOEF][대전] 한국토지주택공사 | 한국토지주택공사 대전충남지역본부 기간제근로자 채용공고 | 경영.회계.사무,사회복지.종교,영업판매 | 신입+경력 | 비정규직 | 지역외: 대전
[MOEF][서울] 예금보험공사 | 예금보험공사 업무지원직원(무기계약직·무기계약직(보훈) 및 육아휴직대체) 채용 안내 | 경영.회계.사무 | 신입 | 무기계약직,비정규직 | 경력구분 제외: 신입 단독
[MOEF][인천] 극지연구소 | 2026년 하반기 극지연구소 연수생 채용 공고 | 연구 | 신입 | 비정규직 | 경력구분 제외: 신입 단독
[MOEF][인천] 극지연구소 | 2026년 하반기 연수연구원(박사후 및 석사후) 채용 공고문 | 연구 | 신입 | 비정규직 | 경력구분 제외: 신입 단독
[MOEF][강원] 한국보훈복지의료공단 | [원주보훈요양원] 2026년 제2차 체험형 청년인턴(장애인)(재공고) 채용 | 사회복지.종교 | 신입 | 청년인턴(체험형) | 지역외: 강원
[MOEF][서울,대전,충남] 한국조폐공사 | 2027년도 한국조폐공사 신입직원(채용형인턴) 채용공고 | 사업관리,경영.회계.사무,문화.예술.디자인.방송,영업판매,기계,화학,전기.전자,정보통신,인쇄.목재.가구.공예,환경.에너지.안전,농림어업,연구 | 신입 | 청년인턴(채용형) | 고용형태 제외: 청년인턴(채용형)
[MOEF][전북] 한국식품산업클러스터진흥원 | 한국식품산업클러스터진흥원 2026년 제4차 직원(정규직, 계약직) 채용 공고 | 사업관리,경영.회계.사무,교육.자연.사회과학,운전.운송,건설,기계,화학,식품가공,환경.에너지.안전 | 신입+경력 | 정규직,무기계약직,비정규직 | 지역외: 전북
[MOEF][세종] 한국항로표지기술원 | 한국항로표지기술원 기간제 계약직(연구원) 채용 공고 | 사업관리,정보통신 | 신입 | 비정규직 | 지역외: 세종
[MOEF][대구,인천,대전] 근로복지공단 | [근로복지공단 소속병원] 의료직 채용 공고 | 보건.의료 | 신입 | 정규직 | 경력구분 제외: 신입 단독
[MOEF][인천] 근로복지공단 | [인천병원] 별정직 의사(내과 또는 가정의학과) 채용 공고 | 보건.의료 | 신입 | 정규직 | 경력구분 제외: 신입 단독
[MOEF][대전,세종,충남] 한전KDN | 한전KDN(주) 대전충남본부 AMI분야 작업원(장애인) 추가 모집공고 | 전기.전자,정보통신 | 신입+경력 | 비정규직 | 지역외: 대전,세종,충남
[MOEF][강원] 근로복지공단 | [태백병원] 기간제 의사(응급실전담의) 채용 공고 | 보건.의료 | 신입 | 비정규직 | 지역외: 강원
[MOEF][강원] 근로복지공단 | [태백병원] 공무직(시설미화원) 채용 공고 | 보건.의료,경비.청소 | 신입 | 무기계약직 | 지역외: 강원
[MOEF][울산] 근로복지공단 | [울산병원] 의료직(약사) 3급 채용 공고 | 보건.의료 | 경력 | 정규직 | 지역외: 울산
[MOEF][울산] 근로복지공단 | [울산병원] 의료직(약사) 2급 채용 공고 | 보건.의료 | 경력 | 정규직 | 지역외: 울산
[MOEF][충남] 국립생태원 | 2026년 제7차 국립생태원 기간제근로자(수탁과제) 채용 공고 | 환경.에너지.안전 | 신입+경력 | 비정규직 | 지역외: 충남
[MOEF][대구] 한국사학진흥재단 | 한국사학진흥재단 2026년 1차 직원 채용 (제한경쟁채용 및 상시채용) | 경영.회계.사무 | 경력 | 무기계약직 | 지역외: 대구
[MOEF][대구] 한국부동산원 | 한국부동산원 전문계약직(정규직 전환형) 채용 공고 | 경영.회계.사무,영업판매,건설,정보통신 | 경력 | 비정규직 | 지역외: 대구
[MOEF][전남광주] (재)우체국금융개발원 | 우체국금융개발원 2026년 8차(보훈특별고용) 공개채용 공고 | 금융.보험 | 신입 | 정규직 | 지역외: 전남광주
[MOEF][대전] 기초과학연구원 | 2026-11회 생명과학 연구클러스터 연구직 채용 공고 | 연구 | 신입+경력 | 비정규직 | 지역외: 대전
[MOEF][전남광주] 국립호남권생물자원관 | 국립호남권생물자원관 기간제ㆍ단시간 근로자(급식종사자) 채용 재공고 | 경영.회계.사무,보건.의료,음식서비스 | 경력 | 비정규직 | 지역외: 전남광주
[MOEF][해외] 한전KDN | 한전KDN 국외 마이크로인버터 사업 업무지원 분야 기간제근로자 채용공고 | 환경.에너지.안전 | 신입+경력 | 비정규직 | 지역외: 해외
[MOEF][서울,부산,대구] 한국국토정보공사 | 2026년 한국국토정보공사 신입사원 채용 공고 | 경영.회계.사무,건설 | 신입 | 청년인턴(채용형) | 고용형태 제외: 청년인턴(채용형)
[MOEF][대구] 한국부동산원 | 한국부동산원 부동산연구원장 채용 공고 | 사업관리,경영.회계.사무,연구 | 경력 | 무기계약직 | 지역외: 대구
[MOEF][전남광주] 한전KDN | 한전KDN 국내 태양광발전소 구축 업무지원 분야 기간제근로자 채용공고 | 환경.에너지.안전 | 신입+경력 | 비정규직 | 지역외: 전남광주
[MOEF][서울] (주)강원랜드 | (주)강원랜드 2026년 하이원 글로벌 아카데미 체험형인턴 모집 공고 | 이용.숙박.여행.오락.스포츠 | 신입 | 청년인턴(체험형) | 고용형태 제외: 청년인턴(체험형)
[MOEF][부산,대전,강원] (주)강원랜드 | (주)강원랜드 2026년 동계 1차 기간제 근로자 모집 공고 | 경영.회계.사무,보건.의료,경비.청소,이용.숙박.여행.오락.스포츠,음식서비스,농림어업 | 신입 | 비정규직 | 지역외: 부산,대전,강원
[MOEF][서울,부산,대구] 공무원연금공단 | 사회형평적 체험형 청년인턴 채용 공고 | 사업관리,경영.회계.사무 | 신입 | 청년인턴(체험형) | 고용형태 제외: 청년인턴(체험형)
[MOEF][충북] 한국식품안전관리인증원 | 2026년 제13차 계약직직원 채용 | 경영.회계.사무 | 신입+경력 | 비정규직 | 지역외: 충북
[MOEF][서울,부산,대구] 대한무역투자진흥공사 | 2026년 KOTRA 통상직 신입사원 채용 공고 | 경영.회계.사무 | 신입 | 정규직 | 경력구분 제외: 신입 단독
[MOEF][대구,경북] 한전KDN | 한전KDN(주) 대구본부 포항지사 AMI분야 작업원 모집공고 | 전기.전자,정보통신 | 신입+경력 | 비정규직 | 지역외: 대구,경북
[MOEF][충남] 국립중앙의료원 | 계약직 연구원-휴직대체(충남응급의료지원센터) 채용 재공고 | 보건.의료 | 신입+경력 | 비정규직 | 지역외: 충남
[MOEF][대구] 경북대학교치과병원 | 2026년 제5차 기간제(구강내과 치과위생사) 채용 공고 | 보건.의료 | 신입 | 비정규직 | 지역외: 대구
[MOEF][전남광주] 한전KPS(주) | 한전KPS(주)한빛1사업처 한빛2호기 제28차 O/H공사 단기노무원 채용공고(3차) | 건설,기계 | 신입+경력 | 비정규직 | 지역외: 전남광주
[MOEF][대전,세종] 충남대학교병원 | 2026년 하반기 신규의료진(전임의사) 공개채용 모집공고(상시모집) | 보건.의료 | 신입+경력 | 정규직 | 지역외: 대전,세종
[MOEF][대전] 충남대학교병원 | 2026년 하반기 신규의료진(진료교수) 공개채용 모집공고(상시모집) | 보건.의료 | 신입+경력 | 비정규직 | 지역외: 대전
[MOEF][대전] 충남대학교병원 | 2026년 하반기 신규의료진(임상교수요원) 공개채용 모집공고(상시모집) | 보건.의료 | 신입+경력 | 정규직 | 지역외: 대전
[MOEF][강원] 한전KDN | 한전KDN(주) 강원사업처 AMI분야 비정규직(장애인) 모집공고 | 정보통신 | 신입+경력 | 비정규직 | 지역외: 강원
[MOEF][충남] 한국기술교육대학교 | 한국기술교육대학교 대학혁신지원사업 대우교수 및 연구원 채용 | 사업관리,경영.회계.사무,연구 | 신입+경력 | 비정규직 | 지역외: 충남
[MOEF][대구] 한국환경공단 | 2026년 한국환경공단 대구경북환경본부 수탁폐수 전자인계인수관리시스템 운영사업 기간제근로자 | 환경.에너지.안전 | 신입+경력 | 비정규직 | 지역외: 대구
[MOEF][대구,경북] 한국전력공사 | 2026년 제2차 장애인 체험형 인턴 채용공고 [대구본부] | 경영.회계.사무 | 신입 | 청년인턴(체험형) | 지역외: 대구,경북
[MOEF][서울,부산,인천] 그랜드코리아레저(주) | 2026년 2차 GKL(그랜드코리아레저) 청년인턴 채용 | 이용.숙박.여행.오락.스포츠 | 신입 | 청년인턴(체험형) | 고용형태 제외: 청년인턴(체험형)
[MOEF][세종] 한국보건사회연구원 | 한국보건사회연구원 계약직 채용 공고(보건의료정책분야 및 인사분야) | 사업관리,경영.회계.사무,연구 | 신입 | 비정규직 | 지역외: 세종
[MOEF][울산] 한국에너지공단 | 한국에너지공단 신입직원(채용형 인턴) 채용 공고 | 경영.회계.사무,법률.경찰.소방.교도.국방,건설,기계,전기.전자,정보통신,환경.에너지.안전 | 신입 | 청년인턴(채용형) | 지역외: 울산
[MOEF][충북] 한국교육개발원 | 2026년도 제5차 위촉직 채용 공고 | 사업관리,경영.회계.사무,교육.자연.사회과학,연구 | 신입 | 비정규직 | 지역외: 충북
[MOEF][부산] 동남권원자력의학원 | 2026년 제2차 동남권원자력의학원 직원채용 공고 | 경영.회계.사무,보건.의료,전기.전자,연구 | 신입+경력 | 정규직,무기계약직,비정규직 | 지역외: 부산
[MOEF][강원] 건강보험심사평가원 | 2026년 건강보험심사평가원 촉탁변호사 채용 공고 | 법률.경찰.소방.교도.국방 | 신입+경력 | 비정규직 | 지역외: 강원
[MOEF][부산] 부산대학교병원 | 계약직(연구직,보건직,원무직) 공개채용 모집 공고 | 보건.의료 | 신입+경력 | 비정규직 | 지역외: 부산
[MOEF][세종] 대외경제정책연구원 | 임시직 연구원급(APEC연구컨소시엄사무국) 및 전문원급(홍보팀, 학술정보팀) 채용 공고 | 경영.회계.사무,연구 | 신입+경력 | 비정규직 | 지역외: 세종
[MOEF][울산,충북] 한국에너지공단 | 한국에너지공단 전문경력직 채용 공고 | 경영.회계.사무,금융.보험,건설,기계,전기.전자,정보통신,환경.에너지.안전,연구 | 신입+경력 | 정규직 | 지역외: 울산,충북
[MOEF][서울] 중소벤처기업연구원 | 2026년도 중소벤처기업연구원 체험형 청년인턴(보훈제한경쟁) 공개채용 공고 | 경영.회계.사무 | 신입+경력 | 청년인턴(체험형) | 고용형태 제외: 청년인턴(체험형)
[MOEF][세종] 한국환경연구원 | [한국환경연구원] 임시직(국가기후위기 적응대책 이행강화(총괄 및 적응정책 연구)) 채용공고 | 연구 | 신입+경력 | 비정규직 | 지역외: 세종
[MOEF][세종] 한국환경연구원 | [한국환경연구원] 임시직(국가기후위기 적응대책 이행강화(국가적응대책 수립 및 주류화 지원) | 연구 | 신입+경력 | 비정규직 | 지역외: 세종
[MOEF][전남광주] 전남대학교병원 | 2026년 9월 전남대학교병원 직원(지원직) 공개채용 공고 | 보건.의료 | 신입 | 비정규직 | 지역외: 전남광주
[MOEF][대전] 한국수자원공사 | [한국수자원공사] 건설안전처 특수직(사무관리_회계) 채용 공고 | 경영.회계.사무 | 신입+경력 | 비정규직 | 지역외: 대전
[MOEF][서울,부산,대구] 한국철도공사 | 2026년 하반기 한국철도공사 청년 체험형 인턴사원 채용 공고 | 경영.회계.사무,운전.운송,정보통신 | 신입 | 청년인턴(체험형) | 고용형태 제외: 청년인턴(체험형)
[MOEF][충북] 한국교육과정평가원 | 2026년 제1차 한국교육과정평가원 청사운영직 채용 공고 | 기계 | 신입 | 무기계약직 | 지역외: 충북
[MOEF][경북] 국립공원공단 | [소백산생태탐방원] 2026년 소백산생태탐방원 기간제(한시인력_국립공원지킴이) 채용 공고 | 경비.청소,환경.에너지.안전 | 신입+경력 | 비정규직 | 지역외: 경북
[MOEF][충남] 한국기술교육대학교 | (한국기술교육대학교) 충청남도 지역성장 인재양성체계(앵커) 계약학과 대우교수(산학협력중점) | 교육.자연.사회과학 | 경력 | 비정규직 | 지역외: 충남
[MOEF][경기] 근로복지공단 | [경기요양병원] 의료직(약사) 4급 채용 공고 | 보건.의료 | 신입 | 정규직 | 경력구분 제외: 신입 단독
[MOEF][세종] 한국청소년정책연구원 | [채용공고 2026-11호] 휴직 대체인력 채용 공고 | 경영.회계.사무,정보통신 | 신입 | 비정규직 | 지역외: 세종
[MOEF][강원] 한국전력공사 | 기간제근로자(대체인력)채용공고[강원본부 횡성지사] | 전기.전자 | 신입 | 비정규직 | 지역외: 강원
[MOEF][울산,경기,충북] 한국소방산업기술원 | 2026년 한국소방산업기술원 정규직 채용 | 사업관리,법률.경찰.소방.교도.국방,기계,전기.전자,환경.에너지.안전 | 신입 | 정규직 | 경력구분 제외: 신입 단독
[MOEF][인천] 한국환경공단 | 한국환경공단(본사) 사업장대기처 측정대행관리부 기간제근로자(촉탁 라급) 채용 공고 | 화학,환경.에너지.안전 | 신입 | 비정규직 | 경력구분 제외: 신입 단독
[MOEF][서울,부산,대구] 한국공항공사 | 2026년도 하반기 신입사원 안전직(공항보안 및 보안검색감독) 공개채용 | 운전.운송,경비.청소 | 신입 | 정규직 | 경력구분 제외: 신입 단독
[MOEF][강원] 한국장애인개발원 | [제2026-110호] 2026년도 제8차 강원특별자치도장애아동·발달장애인지원센터 체험형  | 사회복지.종교 | 신입+경력 | 청년인턴(체험형) | 지역외: 강원
[MOEF][서울,부산,대구] 한국공항공사 | 2026년도 하반기 신입사원 보훈(공항보안) 채용 | 경비.청소 | 신입 | 정규직 | 경력구분 제외: 신입 단독
[MOEF][세종] 한국법제연구원 | 2026년도 제2차 정규직(부연구위원) 제한경쟁 채용 공고 | 교육.자연.사회과학,연구 | 신입+경력 | 정규직 | 지역외: 세종
[MOEF][서울,부산,울산] 한국공항공사 | 2026년도 하반기 신입사원 구조소방(소방원 및 응급구조사) 공개채용 | 법률.경찰.소방.교도.국방 | 신입 | 정규직 | 경력구분 제외: 신입 단독
[MOEF][서울,부산,대구] 한국공항공사 | 2026년도 하반기 신입사원(5급갑, 6급갑 고졸수준) 공개채용 | 사업관리,경영.회계.사무,교육.자연.사회과학,법률.경찰.소방.교도.국방,운전.운송,경비.청소,건설,정보통신,환경.에너지.안전 | 신입 | 정규직 | 경력구분 제외: 신입 단독
[MOEF][인천] 대한적십자사 | 경인권역재활병원 정규직 방사선사 채용 공고(2026.10.26.임용) | 보건.의료 | 신입 | 정규직 | 경력구분 제외: 신입 단독
[MOEF][서울,부산,대구] 국민건강보험공단 | 2026년도 하반기 국민건강보험공단 신규직원 채용 공고 | 경영.회계.사무,보건.의료,사회복지.종교,이용.숙박.여행.오락.스포츠,정보통신 | 신입 | 정규직 | 경력구분 제외: 신입 단독
[MOEF][경기] 대한법률구조공단 | 대한법률구조공단 의정부지부 청년인턴 공개경쟁 채용시험 공고 | 경영.회계.사무,법률.경찰.소방.교도.국방 | 신입 | 청년인턴(체험형) | 고용형태 제외: 청년인턴(체험형)
[MOEF][부산] 한국토지주택공사 | 한국토지주택공사 부산울산지역본부 기간제근로자(전세사기 피해자 지원 업무보조) 채용공고 | 경영.회계.사무,영업판매 | 신입+경력 | 비정규직 | 지역외: 부산
[MOEF][경남] 학교법인한국폴리텍 | 2026년 한국폴리텍대학 항공캠퍼스 청년인턴(일반) 2차 채용 공고 | 경영.회계.사무 | 신입+경력 | 청년인턴(체험형) | 지역외: 경남
[MOEF][인천] 한국스포츠레저(주) | 한국스포츠레저(주) 전임직 채용공고 | 이용.숙박.여행.오락.스포츠 | 신입 | 비정규직 | 경력구분 제외: 신입 단독
[MOEF][강원] 근로복지공단 | [태백병원] 기술기능직(기술_환경관리) 채용 공고 | 보건.의료,환경.에너지.안전 | 신입+경력 | 정규직 | 지역외: 강원
[MOEF][강원] 근로복지공단 | [정선병원] 기술기능직(기술_안전관리) 채용 공고 | 보건.의료,환경.에너지.안전 | 신입+경력 | 정규직 | 지역외: 강원
[MOEF][서울] 한국전력공사 | 2026년 제1차 장애인 체험형 인턴 모집공고[서울본부] | 경영.회계.사무 | 신입 | 청년인턴(체험형) | 고용형태 제외: 청년인턴(체험형)
[MOEF][강원] 한국도로교통공단 | [원주본부] 디지털운영처 전문계약직 채용공고 | 정보통신 | 경력 | 비정규직 | 지역외: 강원
[MOEF][서울,부산,제주] 한국국제교류재단 | 한국국제교류재단 일반직 신규 채용 공고 | 경영.회계.사무,문화.예술.디자인.방송,정보통신 | 신입 | 정규직 | 경력구분 제외: 신입 단독
[MOEF][울산] 기초과학연구원 | 제2026-3회 IBS 융합과학 연구클러스터 연구직군 채용공고 | 연구 | 신입+경력 | 비정규직 | 지역외: 울산
[MOEF][대전] 기초과학연구원 | 2026-9회 의생명 및 화학 연구클러스터(시냅스 뇌질환 연구단) 연구기술직 채용 공고 | 연구 | 신입+경력 | 비정규직 | 지역외: 대전
[MOEF][서울,인천,세종] 한국중부발전(주) | 2026년도 제3차 4직급 신입직원 채용공고 | 경영.회계.사무,건설,화학,전기.전자,정보통신,환경.에너지.안전 | 신입 | 정규직 | 경력구분 제외: 신입 단독
[MOEF][세종] KDI국제정책대학원 | [KDI국제정책대학원] 2026년 제9차 위촉직 채용(교육행정, 연구행정, 기계설비·안전관 | 사업관리,교육.자연.사회과학,기계 | 신입+경력 | 비정규직 | 지역외: 세종
[MOEF][세종] 축산물품질평가원 | 2026년 하반기 신규직원 기간제 근로자(장애) 채용공고 | 사업관리,경영.회계.사무,농림어업 | 신입 | 비정규직 | 지역외: 세종
[MOEF][경기,강원] 축산물품질평가원 | 2026년 하반기 신규직원 운영직(다급) 채용공고 | 사업관리,경영.회계.사무,농림어업 | 신입 | 무기계약직 | 경력구분 제외: 신입 단독
[MOEF][세종,경기,강원] 축산물품질평가원 |  2026년 하반기 신규직원 체험형 청년인턴(장애) 채용공고 | 사업관리,경영.회계.사무,농림어업 | 신입 | 청년인턴(체험형) | 고용형태 제외: 청년인턴(체험형)
[MOEF][세종] 축산물품질평가원 | 2026년 하반기 신규직원 기간제 근로자(공인노무사) 채용공고 | 사업관리,경영.회계.사무,농림어업 | 신입 | 비정규직 | 지역외: 세종
[MOEF][세종] 축산물품질평가원 | 2026년 하반기 신규직원 보훈특별고용(행정직) 채용공고 | 사업관리,경영.회계.사무,농림어업 | 신입 | 청년인턴(채용형) | 지역외: 세종
[MOEF][세종] 축산물품질평가원 | 2026년 하반기 신규직원 채용형 청년인턴(행정직) 채용 | 사업관리,경영.회계.사무,농림어업 | 신입 | 청년인턴(채용형) | 지역외: 세종
[MOEF][부산,대구,인천] 축산물품질평가원 | 2026년 하반기 신규직원 보훈특별고용(축산물품질평가직) 채용 | 농림어업 | 신입 | 청년인턴(채용형) | 고용형태 제외: 청년인턴(채용형)
[MOEF][부산,대구,인천] 축산물품질평가원 | 2026년 하반기 신규직원 채용형 청년인턴(축산물품질평가직) 채용공고 | 농림어업 | 신입 | 청년인턴(채용형) | 고용형태 제외: 청년인턴(채용형)
[MOEF][세종] 중소기업기술정보진흥원 | 2026년 제2차 공무직(보훈, 장애) 채용 공고 | 사업관리,경영.회계.사무 | 신입 | 무기계약직 | 지역외: 세종
[MOEF][서울,부산,대구] 한국토지주택공사 | 2026년 하반기 한국토지주택공사 신입사원(5·6급) 공채 | 사업관리,경영.회계.사무,법률.경찰.소방.교도.국방,사회복지.종교,문화.예술.디자인.방송,영업판매,건설,기계,화학,전기.전자,정보통신,환경.에너지.안전 | 신입 | 청년인턴(채용형) | 고용형태 제외: 청년인턴(채용형)
[MOEF][전남광주] 한국보훈복지의료공단 | [광주보훈병원] 계약직 보건직(치과위생사) 직원 채용 공고 | 보건.의료 | 신입+경력 | 비정규직 | 지역외: 전남광주
[MOEF][경남] 한전KDN | 한전KDN(주) 진주지사 통신분야 비정규직 모집공고 | 전기.전자,정보통신 | 신입+경력 | 비정규직 | 지역외: 경남
[MOEF][서울] 무역안보관리원 | 2026년도 하반기 무역안보관리원 무기계약직 신입직원 채용 공고 | 사업관리,경영.회계.사무 | 신입 | 무기계약직 | 경력구분 제외: 신입 단독
[MOEF][서울] 무역안보관리원 | 2026년도 하반기 무역안보관리원 정규직 신입직원 채용 공고 | 사업관리,경영.회계.사무,전기.전자 | 신입 | 정규직 | 경력구분 제외: 신입 단독
[MOEF][대전] 한국보훈복지의료공단 | [대전보훈병원] 정규직(업무지원직(완화의료)) 및 계약직(간호조무사, 일반기능직(영선))  | 보건.의료 | 신입+경력 | 무기계약직,비정규직 | 지역외: 대전
[MOEF][대전] 한국보훈복지의료공단 | [대전보훈병원] 전문의(외과) 채용 공고 | 보건.의료 | 신입+경력 | 비정규직 | 지역외: 대전
[MOEF][경기] 한국장애인개발원 | [제2026-105호]2026년도 제5차 경기도장애아동·발달장애인지원센터(장애아동지원팀)  | 사회복지.종교 | 신입+경력 | 청년인턴(체험형) | 고용형태 제외: 청년인턴(체험형)
[MOEF][서울,대전] 한국연구재단 | 2026년 제2차 한국연구재단 직원 채용(연구직, 공무직(사무지원직)) | 사업관리,경영.회계.사무 | 신입 | 정규직,무기계약직,청년인턴(채용형) | 경력구분 제외: 신입 단독
[MOEF][세종] 한국환경연구원 | [한국환경연구원] 임시직(일반행정) 채용 공고(인사관리실 대체인력)(0914) | 경영.회계.사무 | 신입+경력 | 비정규직 | 지역외: 세종
[MOEF][전북] 국립공원공단 | [내장산] 2026년 내장산국립공원 가을성수기 국립공원지킴이(한시인력) 채용 공고 | 경비.청소,건설 | 신입+경력 | 비정규직 | 지역외: 전북
[MOEF][전남광주,경북] 국토안전관리원 | 2026년도 국토안전관리원 제2차 직무중심 채용 공고(무기계약직) | 경비.청소,기계,전기.전자 | 신입 | 무기계약직 | 지역외: 전남광주,경북
[MOEF][경북] 국립낙동강생물자원관 | 국립낙동강생물자원관 2026년 제2차 직원 채용 공고 | 문화.예술.디자인.방송,운전.운송,경비.청소,이용.숙박.여행.오락.스포츠,기계 | 신입+경력 | 무기계약직 | 지역외: 경북
[MOEF][강원,충북,전남] 국토안전관리원 | 2026년도 국토안전관리원 제2차 직무중심 채용 공고(일반직·전문직) | 사업관리,경영.회계.사무,교육.자연.사회과학,운전.운송,건설,정보통신 | 신입+경력 | 정규직,청년인턴(채용형) | 지역외: 강원,충북,전남광주,경북,경남
[MOEF][충북] 한국교육과정평가원 | 2026년 제2차 한국교육과정평가원 연구직 채용 공고 | 연구 | 신입 | 정규직 | 지역외: 충북
[MOEF][전남광주] 대한적십자사 | [전남광주혈액원] 비정규직 기간제(한시적) 사무보조원 채용 공고 | 경영.회계.사무 | 신입 | 비정규직 | 지역외: 전남광주
[MOEF][제주] 한전KPS(주) | 한전KPS(주)제주사업소 내연 2호기 정지작업 단기노무원 채용공고 | 기계 | 신입+경력 | 비정규직 | 지역외: 제주
[MOEF][경북] 국립낙동강생물자원관 | 국립낙동강생물자원관 2026년 제3차 기간제근로자 채용 공고 | 경영.회계.사무,문화.예술.디자인.방송,이용.숙박.여행.오락.스포츠 | 신입+경력 | 비정규직 | 지역외: 경북
[MOEF][전북] 태권도진흥재단 | 2026년 3차 기간제근로자(육아휴직 대체) 채용 공고 | 이용.숙박.여행.오락.스포츠 | 신입 | 비정규직 | 지역외: 전북
[MOEF][서울,경남] 한국저작권위원회 | 한국저작권위원회 2026년 제3차 직원 채용 | 사업관리,경영.회계.사무,문화.예술.디자인.방송,정보통신 | 신입 | 정규직,비정규직 | 경력구분 제외: 신입 단독
[MOEF][전남광주] 한국전력공사 | 기간제근로자(대체인력) 채용공고[광주전남본부] | 전기.전자 | 신입 | 비정규직 | 지역외: 전남광주
[MOEF][경남] 근로복지공단 | [창원병원] 기간제 의사(영상의학과) 채용 공고 | 보건.의료 | 신입 | 비정규직 | 지역외: 경남
[MOEF][경남] 근로복지공단 | [창원병원] 기간제 의사(응급실전담의) 채용 공고 | 보건.의료 | 신입 | 비정규직 | 지역외: 경남
[MOEF][경남] 근로복지공단 | [창원병원] 별정직 의사(직업환경의학과) 채용 공고 | 보건.의료 | 신입 | 정규직 | 지역외: 경남
[MOEF][경남] 근로복지공단 | [창원병원] 별정직 의사(정형외과) 채용 공고 | 보건.의료 | 신입 | 정규직 | 지역외: 경남
[MOEF][부산] 한국환경공단 | 한국환경공단 부산울산경남환경본부 수탁폐수전자인계인수관리시스템 운영 기간제근로자(촉탁라급)  | 환경.에너지.안전 | 신입+경력 | 비정규직 | 지역외: 부산
[MOEF][충북] 한국장애인개발원 | [제2026-106호] 2026년도 제6차 충청북도장애아동발달장애인지원센터(장애아동지원팀) | 사회복지.종교 | 신입+경력 | 청년인턴(채용형) | 지역외: 충북
[MOEF][전북] 한국출판문화산업진흥원 | 2026년 하반기 제2차 직원 공개경쟁 및 제한경쟁 채용 공고 | 사업관리,경영.회계.사무,문화.예술.디자인.방송 | 신입+경력 | 무기계약직,비정규직 | 지역외: 전북
[MOEF][전북] 한전KDN | 한전KDN(주) 전북사업처 배전자동화 통신공사 일용근로자 모집공고 | 정보통신 | 신입+경력 | 비정규직 | 지역외: 전북
[MOEF][전남광주] 한국수자원공사 | [한국수자원공사] 완도수도지사 특수직(수탁운영_지방상수도 시설운영) 채용 공고 | 건설,기계,전기.전자,정보통신,환경.에너지.안전 | 신입+경력 | 비정규직 | 지역외: 전남광주
[MOEF][부산] 국립중앙의료원 | 계약직 연구원(부산응급의료지원센터) 채용 공고 | 보건.의료 | 신입+경력 | 비정규직 | 지역외: 부산
[나라일터][30200] 대전광역시 유성구 | 2026년도 제8회 대전광역시 유성구 임기제공무원 경력경쟁임용시험 공고 | e01 | g02 | 지역외(코드): 30200
[나라일터][51110] 재단법인강원역사문화연구원 | (재)강원역사문화연구원 2026년 정규직 채용 공고 | e08 | g03 | 지역외(코드): 51110
[나라일터][12000,11] 전남광주통합특별시 | 2026년도 제7회 전남광주통합특별시 지방임기제공무원 임용시험 계획 공고(문화행정, 대외협 | e01 | g02 | 지역외: 12000,11000
[나라일터][43730] 충청북도 옥천군 | 2026년 제8회 옥천군 시간선택제임기제공무원 임용시험 계획 공고(비서) | e01 | g02 | 지역외(코드): 43730
[나라일터][52111] 전주교육대학교 | 2026년 산학협력단 기간제 행정원 채용 공고 | e04 | g01 | 지역외(코드): 52111
[나라일터][51110] 강원특별자치도 춘천시 | 2026년 제11회 춘천시 임기제공무원 채용 공고 (목공체험장 운영, 통합민원서비스) | e01 | g02 | 지역외(코드): 51110
[나라일터][26290] 부산광역시 남구 | 부산광역시 남구 시간선택제임기제공무원(대외협력지원관) 임용시험 재공고 | e01 | g02 | 지역외(코드): 26290
[나라일터][26710] 기장군도시관리공단 | 기장군도시관리공단 2026년도 체험형 청년인턴 채용 공고 | e08 | g03 | 지역외(코드): 26710
[나라일터][경기] 대검찰청 서울고등검찰청 의정부지방검찰청 | 2026년도 제2회 기간제근로자(환경관리사) 최종합격자 공고 | e04 | g01 | 고용형태 제외(나라일터): e04
[나라일터][경기] 경기도 평택시 고덕동 | 평택시 고덕1동 기간제근로자 채용 재공고(구내식당 조리원) | e04 | g02 | 고용형태 제외(나라일터): e04
[나라일터][30200] 한국연구재단 | 2026년 제2차 한국연구재단 공무직(시설관리직, 미화직) 공개 채용 알림 | e08 | g03 | 지역외(코드): 30200
[나라일터][서울] 서울특별시교육청 성덕고등학교 | 성덕고등학교 2026학년도 시설관리 교육공무직원 채용 공고 | e10 | g04 | 고용형태 제외(나라일터): e10
[나라일터][인천] 인천광역시교육청 선인고등학교 | 2026학년도 선인고등학교 시간강사(지리) 채용 공고 | e10 | g04 | 고용형태 제외(나라일터): e10
[나라일터][12300] 전남대학교 교육혁신본부 | 2026년도 제1회 전남대학교 교육혁신본부 계약직원 채용 공고(패키지지원대학사업) | e04 | g01 | 지역외(코드): 12300
[나라일터][지역 미상] 한국사학진흥재단 | [한국사학진흥재단] 2026년 3차 직원 채용 공고 (청년인턴(단시간), 장애인제한경쟁) | e08 | g03 | 고용형태 제외(나라일터): e08
[나라일터][경기] 과학기술정보통신부 우정사업본부 경인지방우정청 경기광주우체국 | 2026년 제13회 경기광주우체국 공무직 상시계약집배원 채용 공고 | e04 | g01 | 고용형태 제외(나라일터): e04
[나라일터][지역 미상] 한국농수산식품유통공사 | 2026년 신입직원 채용공고(5급 57명, 6급 9명) | e08 | g03 | 고용형태 제외(나라일터): e08
[나라일터][지역 미상] 한국장애인개발원 | 한국장애인개발원 2026년도 제3차 직원 정기채용 공고(정규직, 무기직, 개방형 등) | e08 | g03 | 고용형태 제외(나라일터): e08
[나라일터][서울] 재단법인스포츠윤리센터 | 스포츠윤리센터 2026년 제2차 직원 신규채용(정규직 일반6급, 기간제 육아휴직 대체) | e08 | g03 | 고용형태 제외(나라일터): e08
[나라일터][26350] 부산광역시교육청 부산광역시교육청학교행정지원본부 학교채용지원팀 | (긴급)2026년 해강고등학교 당직전담사 채용 공고(장애인우선채용) | e10 | g04 | 지역외(코드): 26350
[나라일터][26470] 국세청 부산지방국세청 | 부산지방국세청 일반임기제공무원(징세분야, 변호사, 6급) 경력경쟁채용 본공고 | e01 | g01 | 지역외(코드): 26470
[나라일터][30170] 행정안전부 정부청사관리본부 대전청사관리소 | 2026년도 하반기 대전청사관리소 청원경찰 공개경쟁채용시험 공고 | e04 | g01 | 지역외(코드): 30170
[나라일터][인천] 인천광역시교육청 석정여자고등학교 | 2026학년도 석정여고 시간강사 채용 공고(체육) | e10 | g04 | 고용형태 제외(나라일터): e10
[나라일터][서울] 병무청 서울지방병무청 | 서울지방병무청 공무직근로자(복무지도관) 채용 공고 | e04 | g01 | 고용형태 제외(나라일터): e04
[나라일터][52790] 경찰청 전북특별자치도경찰청 고창경찰서 | 2026년도 고창경찰서 청사방호 근로자(무기계약직) 채용 공고 | e04 | g01 | 지역외(코드): 52790
[나라일터][경기] 경기도교육청 경기도수원교육지원청 명인중학교 | 2026학년도 명인중학교 기간제 교원(과학) 채용 공고 | e10 | g04 | 고용형태 제외(나라일터): e10
[나라일터][경기] 경기도교육청 경기도고양교육지원청 지축유치원 | 2026학년도 지축유치원 특수운영직군(시설미화원) 대체 인력 채용 공고 | e10 | g04 | 고용형태 제외(나라일터): e10
[나라일터][서울] 한국과학기술연구원 | 한국과학기술연구원 연수직(박사후연구원, 석사후연구원, 연구인턴) 추천선발 안내 | e08 | g03 | 고용형태 제외(나라일터): e08
[나라일터][26000] 부산광역시교육청 부산광역시교육청학교행정지원본부 학교채용지원팀 | 2026학년도 교리초등학교 영양 기간제교사 채용 공고 | e10 | g04 | 지역외(코드): 26000
[나라일터][경기] 과학기술정보통신부 우정사업본부 경인지방우정청 화성동탄우체국 | 2026년도 제7회 화성동탄우체국 기간제 상시집배원 채용시험 서류전형 결과 및 실기/면접시 | e04 | g01 | 고용형태 제외(나라일터): e04
[나라일터][인천] 법무부 출입국ㆍ외국인지원센터 | 2026년 제5회 공무직근로자(운전원)채용 공고 | e04 | g01 | 고용형태 제외(나라일터): e04
[나라일터][서울] 문화체육관광부 국립중앙박물관 | 2026년 국립중앙박물관 고객지원팀 공무직 채용 공고(중국어 전시해설사) | e04 | g01 | 고용형태 제외(나라일터): e04
[나라일터][12150] 국립순천대학교 | [국립순천대학교] 국립대학육성사업 기간제 근로자 채용공고 | e04 | g01 | 지역외(코드): 12150
[나라일터][44250,30] 국방부 국군조직 육군 육군본부 | 육군 정책연구위원(양성평등) 및 BCTP 예비역 장성관찰관(군단, 사단선임, 사단작전지속지 | e04 | g01 | 지역외: 44250,30200
[나라일터][서울] 외교부 | 외교부 문화교류협력과 공무직(사무 나급) 서류전형 합격자 및 면접전형 일정 공고 | e04 | g01 | 고용형태 제외(나라일터): e04
[나라일터][51000] 과학기술정보통신부 우정사업본부 강원지방우정청 평창우체국 | 2026년 제2회 평창우체국 농어촌소포배달원(공무직) 채용 공고 | e04 | g01 | 지역외(코드): 51000
[나라일터][36110] 산업통상부 | 산업통상부 임기제 공무원 경력경쟁채용시험 공고(법무, 노무) | e01 | g01 | 지역외(코드): 36110
[나라일터][경기] 경기도교육청 함현고등학교 | 2026학년도 함현고등학교 기간제교원 채용 공고(역사) | e10 | g04 | 고용형태 제외(나라일터): e10
[나라일터][12000] 전남광주통합특별시 | 2026년도 제4회 전남광주통합특별시 지방임기제공무원 임용시험 계획 재공고(지방시간선택제임 | e01 | g02 | 지역외(코드): 12000
[나라일터][인천] 인천광역시교육청 인천중산고등학교 | 2026학년도 인천중산고 기간제교사(특수) 채용 공고 | e10 | g04 | 고용형태 제외(나라일터): e10
[나라일터][인천] 인천광역시교육청 인천광역시북부교육지원청 인천부현초등학교 | 2026학년도 인천부현초등학교 기간제교사 채용 3차 공고 | e10 | g04 | 고용형태 제외(나라일터): e10
[나라일터][서울] 서울특별시교육청 서울특별시강남서초교육지원청 서울원명초등학교 | 서울원명초등학교 2026학년도 교육공무직원 대체직원(조리실무사) 채용공고 | e10 | g04 | 고용형태 제외(나라일터): e10
[나라일터][12740,12] 국립공원공단 다도해해상국립공원사무소 | [다도해해상]2026년 다도해해상 국립공원지킴이[한시인력/녹색순찰대] 직원 채용(5차) | e08 | g03 | 지역외: 12740,12850
[나라일터][51000] 병무청 강원지방병무청 강원영동병무지청 | 2026년 1차 강원영동병무지청 청년인턴 채용시험 추가합격자 공고 | e04 | g01 | 지역외(코드): 51000
[나라일터][47930] 과학기술정보통신부 우정사업본부 경북지방우정청 울진우체국 | 2026년 제3회 울진우체국 농어촌소포배달원(공무직) 채용 공고 | e04 | g01 | 지역외(코드): 47930
[나라일터][인천] 인천광역시교육청 인천광역시동부교육지원청 인천중앙초등학교 | 2026 인천중앙초등학교 계약제(학교폭력 책임교사 수업시수 경감 시간강사) 교원 채용 공고 | e10 | g04 | 고용형태 제외(나라일터): e10
[나라일터][경기] 경기도교육청 정현고등학교 | 정현고 시간강사 채용 공고(일본어, 수학, 생명과학, 국어) | e10 | g04 | 고용형태 제외(나라일터): e10
[나라일터][12740,12] 국립공원공단 다도해해상국립공원사무소 | [다도해해상]2026년 다도해해상 국립공원지킴이[한시인력/녹색순찰대] 직원 채용(4차) 추 | e08 | g03 | 지역외: 12740,12130,12850
[나라일터][지역 미상] 국방부 국군복지단 | [국군복지단] 26년 17차(11월) 공무직근로자 등 채용 공고 | e04 | g01 | 고용형태 제외(나라일터): e04
[나라일터][43113] 질병관리청 | 2026년 제3차 질병관리청 연구원(공무직) 채용 | e04 | g01 | 지역외(코드): 43113
[나라일터][인천] 인천광역시교육청 인천광역시남부교육지원청 인천주안북초등학교 | (인천주안북초)기간제특수교사(유,초,중등(일반교과) 정교사가능-자격확대) 채용 공고(4차) | e10 | g04 | 고용형태 제외(나라일터): e10
[나라일터][인천] 인천광역시교육청 인천청인학교 | (공고)_2026.10.7.자 인천청인학교 기간제교사 채용(2차)공고(초등특수, 중등특수) | e10 | g04 | 고용형태 제외(나라일터): e10
[나라일터][경기] 경기도교육청 소하고등학교 | 2026학년도 2학기 체육 시간강사(2명) 채용 공고 | e10 | g04 | 고용형태 제외(나라일터): e10
[나라일터][인천] 인천광역시교육청 인천광역시서부교육지원청 인천루원중학교 | 2026학년도 인천루원중학교 계약제교원(중국어_시간강사) 채용 공고 | e10 | g04 | 고용형태 제외(나라일터): e10
[나라일터][43730] 경찰청 충청북도경찰청 옥천경찰서 | 2026년 충북 옥천경찰서 공무직근로자(무기직 시설관리) 채용 공고 | e04 | g01 | 지역외(코드): 43730
[나라일터][51110] 보건복지부 국립춘천병원 | 2026년도 국립춘천병원 공무직근로자 (영양사) 채용 공고(수정) | e04 | g01 | 지역외(코드): 51110
[나라일터][51110] 강원대학교 | 강원대학교 국가직공무원 경력경쟁채용 공고(사서) | e01 | g01 | 지역외(코드): 51110
[나라일터][서울] 법무부 서울남부출입국.외국인사무소 | [서울남부출입국·외국인사무소] 2026년 제2회 근로자(보호경비) 채용 공고 | e04 | g01 | 고용형태 제외(나라일터): e04
[나라일터][인천] 인천광역시교육청 인천광역시서부교육지원청 인천봉화초등학교 | 2026.11.9.자 시간강사(특수교사) 채용 공고 | e10 | g04 | 고용형태 제외(나라일터): e10
[나라일터][경기] 경찰청 경기도남부경찰청 평택경찰서 | 2026년 평택경찰서 청사방호 근로자(무기계약) 채용 공고 | e04 | g01 | 고용형태 제외(나라일터): e04
[나라일터][인천] 인천광역시교육청 부평공업고등학교 | 부평공업고등학교 기간제교원(기계) 선발  공고 | e10 | g04 | 고용형태 제외(나라일터): e10
[나라일터][36110] 과학기술정보통신부 네트워크정책실 통신정책관 | 과학기술정보통신부 기간제 근로자(통신회계 검증업무 등) 채용 공고 | e04 | g01 | 지역외(코드): 36110
[나라일터][27260] 대구광역시 수성구 의회 | 2026년도 대구광역시 수성구의회 기간제근로자(속기사) 채용 공고 | e04 | g02 | 지역외(코드): 27260
[나라일터][52111] 국가보훈부 광주지방보훈청 전북동부보훈지청 | 전북동부보훈지청 공무직근로자(직업상담사) 서류전형 합격자 및 면접시험 계획 공고 | e04 | g01 | 지역외(코드): 52111
[나라일터][인천] 인천광역시교육청 인천광역시남부교육지원청 인천학익초등학교 | 2026학년도 계약제교원 채용 공고(학교폭력 책임교사 수업시수 경감 대체강사) | e10 | g04 | 고용형태 제외(나라일터): e10
[나라일터][31140] 울산광역시 | 2026년 울산광역시 직원식당 기간제근로자(조리원) 채용시험 계획 공고 | e04 | g02 | 지역외(코드): 31140
[나라일터][31110] 울산광역시 중구 의회사무국 | 2026년 제2차 정례회 대비 속기보조 기간제근로자 채용 공고 | e04 | g02 | 지역외(코드): 31110
[나라일터][44760,52] 국가유산청 국립문화유산연구원 국립부여문화유산연구소 학예연구실 | 국립부여문화유산연구소 기간제근로자(선임연구원/연구원, 고고학) 신규 채용 공고 | e04 | g01 | 지역외: 44760,52140
[나라일터][경기] 법무부 서울지방교정청 의정부교도소 | [의정부교도소] 2026년 제2회 의정부교도소 공무직근로자 장애인 제한경쟁 채용시험 최종합 | e04 | g01 | 고용형태 제외(나라일터): e04
[나라일터][인천] 인천광역시교육청 인천광역시남부교육지원청 인천남중학교 | 2026학년도 인천남중학교 시간강사(기술가정) 채용 공고 | e10 | g04 | 고용형태 제외(나라일터): e10
[나라일터][51110] 강원대학교 | 강원대학교 사무국 재무과 계약직원 채용 공고 | e04 | g01 | 지역외(코드): 51110
[나라일터][44130,44] 국립공주대학교 | 국립공주대학교 국립대학육성사업 사업수행직(사무원) 채용 공고 | e04 | g01 | 지역외: 44130,44150
[나라일터][인천] 인천광역시교육청 한국주얼리고등학교 | 한국주얼리고등학교 시간강사(체육) 채용 공고 | e10 | g04 | 고용형태 제외(나라일터): e10
[나라일터][서울] 대한무역투자진흥공사 | KOTRA 비상임이사 모집 공고 | e08 | g03 | 고용형태 제외(나라일터): e08
[나라일터][서울] 문화체육관광부 한국예술종합학교 | 한국예술종합학교 공무직근로자(경비) 채용 공고 | e04 | g01 | 고용형태 제외(나라일터): e04
[나라일터][31110] 한국산업안전보건공단 | [안전보건공단] 2026년 제4차 업무직 및 기간제 근로자 채용 공고 | e08 | g03 | 지역외(코드): 31110
[나라일터][52130] 국립군산대학교 지원시설 학생생활관 | 2026년 제8회 국립군산대학교 학생생활관 대학회계직원(조리원, 시설관리원) 채용 공고 | e04 | g01 | 지역외(코드): 52130
[나라일터][43770] 한국가스안전공사 | 한국가스안전공사 비상임이사 모집공고 | e08 | g03 | 지역외(코드): 43770
[나라일터][서울] 한국방송통신대학교 | 한국방송통신대학교 국제협력단 기간제계약직(한국학운영) 채용 공고 | e04 | g01 | 고용형태 제외(나라일터): e04
[나라일터][지역 미상] 공무원연금공단 | 공무원연금공단 비상임이사 모집 공고 (26.09.28.~10.08.) | e08 | g03 | 고용형태 제외(나라일터): e08
[철도산업정보][지역 미상] 국가철도공단 | 2026년 제2차 국가철도공단 신입직원 및 체험형 청년인턴 채용 공고 |  | 제외어: 청년인턴
[한국철도공사][서울] 한국철도공사 | 2026년 하반기 한국철도공사 장애인 체험형 인턴사원 채용공고(~10.6. 14:00) |  | 제외어: 인턴
[한국철도공사][서울] 한국철도공사 | 2026년 하반기 한국철도공사 청년 체험형 인턴사원 채용공고(~9.30. 14:00) |  | 제외어: 인턴
[MOEF][서울] 농업정책보험금융원 | 농업정책보험금융원 신규직원 채용 공고 | 경영.회계.사무,금융.보험,정보통신 | 신입+경력 | 정규직,비정규직,청년인턴(체험형) | 키워드 미매칭
[나라일터][서울] 서울특별시 영등포구 | 영등포구 지방시간선택제임기제다급 공무원(교통전문) 채용 공고 | e01 | g02 | 키워드 미매칭
[나라일터][경기] 경기도 군포시 | 2026년 제3회 군포시 지방임기제공무원 임용시험 공고(건강운동관리사, 수질환경, 홍보영상 | e01 | g02 | 키워드 미매칭