=== 2026-09-21 필터 통계 ===
  수집               519건
  중복 제거            6건
  지역 제외            255건
  상태 제외            0건
  고용형태 제외          59건
  경력구분 제외          46건
  제외어              4건
  키워드 미매칭          10건
  링크없음 제외          0건
  트랙A 매칭           0건
  트랙B 매칭           1건
  트랙C 매칭           0건
----------------------------------------
[KRID][서울특별시] 구로구시설관리공단 | 2026년 17차 직원(체험형 인턴) 채용 공고 | 경영·회계·사무 | 인턴 | 모집중 | 제외어: 인턴
[KRID][인천광역시] 인천광역시제물포구시설관리공단 | 2026년도 제3회 체험형 청년인턴 채용공고 | 경영·회계·사무 | 인턴 | 모집중 | 제외어: 청년인턴
[MOEF][충북,경북] 국립공원공단 | [속리산] 속리산국립공원사무소 한시인력(탐방안내, 환경관리) 직원 채용 | 경비.청소,이용.숙박.여행.오락.스포츠 | 신입+경력 | 비정규직 | 지역외: 충북,경북
[MOEF][대전] 한국토지주택공사 | 한국토지주택공사 대전충남지역본부 기간제근로자 채용공고 | 경영.회계.사무,사회복지.종교,영업판매 | 신입+경력 | 비정규직 | 지역외: 대전
[MOEF][서울] 예금보험공사 | 예금보험공사 업무지원직원(무기계약직·무기계약직(보훈) 및 육아휴직대체) 채용 안내 | 경영.회계.사무 | 신입 | 무기계약직,비정규직 | 경력구분 제외: 신입 단독
[MOEF][인천] 극지연구소 | 2026년 하반기 극지연구소 연수생 채용 공고 | 연구 | 신입 | 비정규직 | 경력구분 제외: 신입 단독
[MOEF][인천] 극지연구소 | 2026년 하반기 연수연구원(박사후 및 석사후) 채용 공고문 | 연구 | 신입 | 비정규직 | 경력구분 제외: 신입 단독
[MOEF][강원] 한국보훈복지의료공단 | [원주보훈요양원] 2026년 제2차 체험형 청년인턴(장애인)(재공고) 채용 | 사회복지.종교 | 신입 | 청년인턴(체험형) | 지역외: 강원
[MOEF][서울,대전,충남] 한국조폐공사 | 2027년도 한국조폐공사 신입직원(채용형인턴) 채용공고 | 사업관리,경영.회계.사무,문화.예술.디자인.방송,영업판매,기계,화학,전기.전자,정보통신,인쇄.목재.가구.공예,환경.에너지.안전,농림어업,연구 | 신입 | 청년인턴(채용형) | 고용형태 제외: 청년인턴(채용형)
[MOEF][전북] 한국식품산업클러스터진흥원 | 한국식품산업클러스터진흥원 2026년 제4차 직원(정규직, 계약직) 채용 공고 | 사업관리,경영.회계.사무,교육.자연.사회과학,운전.운송,건설,기계,화학,식품가공,환경.에너지.안전 | 신입+경력 | 정규직,무기계약직,비정규직 | 지역외: 전북
[MOEF][세종] 한국항로표지기술원 | 한국항로표지기술원 기간제 계약직(연구원) 채용 공고 | 사업관리,정보통신 | 신입 | 비정규직 | 지역외: 세종
[MOEF][대구,인천,대전] 근로복지공단 | [근로복지공단 소속병원] 의료직 채용 공고 | 보건.의료 | 신입 | 정규직 | 경력구분 제외: 신입 단독
[MOEF][인천] 근로복지공단 | [인천병원] 별정직 의사(내과 또는 가정의학과) 채용 공고 | 보건.의료 | 신입 | 정규직 | 경력구분 제외: 신입 단독
[MOEF][대전,세종,충남] 한전KDN | 한전KDN(주) 대전충남본부 AMI분야 작업원(장애인) 추가 모집공고 | 전기.전자,정보통신 | 신입+경력 | 비정규직 | 지역외: 대전,세종,충남
[MOEF][강원] 근로복지공단 | [태백병원] 기간제 의사(응급실전담의) 채용 공고 | 보건.의료 | 신입 | 비정규직 | 지역외: 강원
[MOEF][강원] 근로복지공단 | [태백병원] 공무직(시설미화원) 채용 공고 | 보건.의료,경비.청소 | 신입 | 무기계약직 | 지역외: 강원
[MOEF][울산] 근로복지공단 | [울산병원] 의료직(약사) 3급 채용 공고 | 보건.의료 | 경력 | 정규직 | 지역외: 울산
[MOEF][울산] 근로복지공단 | [울산병원] 의료직(약사) 2급 채용 공고 | 보건.의료 | 경력 | 정규직 | 지역외: 울산
[MOEF][대구] 한국사학진흥재단 | 한국사학진흥재단 2026년 1차 직원 채용 (제한경쟁채용 및 상시채용) | 경영.회계.사무 | 경력 | 무기계약직 | 지역외: 대구
[MOEF][대전] 기초과학연구원 | 2026-11회 생명과학 연구클러스터 연구직 채용 공고 | 연구 | 신입+경력 | 비정규직 | 지역외: 대전
[MOEF][전남광주] 국립호남권생물자원관 | 국립호남권생물자원관 기간제ㆍ단시간 근로자(급식종사자) 채용 재공고 | 경영.회계.사무,보건.의료,음식서비스 | 경력 | 비정규직 | 지역외: 전남광주
[MOEF][경북] 국립공원공단 | [경주] 2026년 경주국립공원 기간제(분묘조사) 직원 채용 | 환경.에너지.안전 | 신입+경력 | 비정규직 | 지역외: 경북
[MOEF][해외] 한전KDN | 한전KDN 국외 마이크로인버터 사업 업무지원 분야 기간제근로자 채용공고 | 환경.에너지.안전 | 신입+경력 | 비정규직 | 지역외: 해외
[MOEF][서울,부산,대구] 한국국토정보공사 | 2026년 한국국토정보공사 신입사원 채용 공고 | 경영.회계.사무,건설 | 신입 | 청년인턴(채용형) | 고용형태 제외: 청년인턴(채용형)
[MOEF][전남광주] 한전KDN | 한전KDN 국내 태양광발전소 구축 업무지원 분야 기간제근로자 채용공고 | 환경.에너지.안전 | 신입+경력 | 비정규직 | 지역외: 전남광주
[MOEF][서울] (주)강원랜드 | (주)강원랜드 2026년 하이원 글로벌 아카데미 체험형인턴 모집 공고 | 이용.숙박.여행.오락.스포츠 | 신입 | 청년인턴(체험형) | 고용형태 제외: 청년인턴(체험형)
[MOEF][부산,대전,강원] (주)강원랜드 | (주)강원랜드 2026년 동계 1차 기간제 근로자 모집 공고 | 경영.회계.사무,보건.의료,경비.청소,이용.숙박.여행.오락.스포츠,음식서비스,농림어업 | 신입 | 비정규직 | 지역외: 부산,대전,강원
[MOEF][서울,부산,대구] 공무원연금공단 | 사회형평적 체험형 청년인턴 채용 공고 | 사업관리,경영.회계.사무 | 신입 | 청년인턴(체험형) | 고용형태 제외: 청년인턴(체험형)
[MOEF][충북] 한국식품안전관리인증원 | 2026년 제13차 계약직직원 채용 | 경영.회계.사무 | 신입+경력 | 비정규직 | 지역외: 충북
[MOEF][서울,부산,대구] 대한무역투자진흥공사 | 2026년 KOTRA 통상직 신입사원 채용 공고 | 경영.회계.사무 | 신입 | 정규직 | 경력구분 제외: 신입 단독
[MOEF][대구,경북] 한전KDN | 한전KDN(주) 대구본부 포항지사 AMI분야 작업원 모집공고 | 전기.전자,정보통신 | 신입+경력 | 비정규직 | 지역외: 대구,경북
[MOEF][경남] 학교법인한국폴리텍 | 한국폴리텍대학 창원캠퍼스 무기계약직원(조리원) 채용 공고 | 음식서비스 | 신입+경력 | 무기계약직 | 지역외: 경남
[MOEF][경남] 학교법인한국폴리텍 | 한국폴리텍대학 창원캠퍼스 행정지원직(사무직원 휴직 대체인력) 채용 공고 | 경영.회계.사무 | 신입+경력 | 비정규직 | 지역외: 경남
[MOEF][경남] 학교법인한국폴리텍 | 한국폴리텍대학 창원캠퍼스 2026년 하반기 업무지원직(식당 단시간근로자) 6차 채용 공고 | 음식서비스 | 신입+경력 | 비정규직 | 지역외: 경남
[MOEF][충남] 국립중앙의료원 | 계약직 연구원-휴직대체(충남응급의료지원센터) 채용 재공고 | 보건.의료 | 신입+경력 | 비정규직 | 지역외: 충남
[MOEF][강원] 국립공원공단 | [설악산] 설악산국립공원 기간제 직원[환경관리(한시인력), 탐방로예약제(한시인력)] 채용  | 경비.청소,이용.숙박.여행.오락.스포츠,환경.에너지.안전 | 신입+경력 | 비정규직 | 지역외: 강원
[MOEF][전북] 국립공원공단 | [덕유산] 덕유산국립공원 가을성수기 한시인력(환경관리) 직원 채용 공고 | 경비.청소,환경.에너지.안전 | 신입+경력 | 비정규직 | 지역외: 전북
[MOEF][대구] 경북대학교병원 | 2026년 9월 제3차 임시직원 모집 공고(원무지원(기계설비), 의공직, 행정, 간호조무, | 보건.의료 | 신입 | 비정규직 | 지역외: 대구
[MOEF][대구] 경북대학교치과병원 | 2026년 제5차 기간제(구강내과 치과위생사) 채용 공고 | 보건.의료 | 신입 | 비정규직 | 지역외: 대구
[MOEF][전남광주] 한국장애인고용공단 | [한국장애인고용공단 전남지사]2026년 체험형 청년인턴(대체근로자) 채용 | 경영.회계.사무,사회복지.종교 | 신입+경력 | 비정규직,청년인턴(체험형) | 지역외: 전남광주
[MOEF][전북] 국립공원공단 | [새만금환경생태단지관리단] 2026년 4차 한시인력(환경관리) 직원 채용 | 경비.청소 | 신입+경력 | 비정규직 | 지역외: 전북
[MOEF][부산] 한전KPS(주) | 한전KPS(주) 부산사업소 '26년 5차 단기노무원 모집 | 경영.회계.사무,경비.청소 | 신입+경력 | 비정규직 | 지역외: 부산
[MOEF][전남광주] 한전KPS(주) | 한전KPS(주)한빛1사업처 한빛2호기 제28차 O/H공사 단기노무원 채용공고(3차) | 건설,기계 | 신입+경력 | 비정규직 | 지역외: 전남광주
[MOEF][대전,세종] 충남대학교병원 | 2026년 하반기 신규의료진(전임의사) 공개채용 모집공고(상시모집) | 보건.의료 | 신입+경력 | 정규직 | 지역외: 대전,세종
[MOEF][대전] 충남대학교병원 | 2026년 하반기 신규의료진(진료교수) 공개채용 모집공고(상시모집) | 보건.의료 | 신입+경력 | 비정규직 | 지역외: 대전
[MOEF][대전] 충남대학교병원 | 2026년 하반기 신규의료진(임상교수요원) 공개채용 모집공고(상시모집) | 보건.의료 | 신입+경력 | 정규직 | 지역외: 대전
[MOEF][경남] 한전KPS(주) | 한전KPS(주) 삼천포사업처 단기노무원(기계 단순보조) 채용(제51차) | 기계 | 신입+경력 | 비정규직 | 지역외: 경남
[MOEF][전북] 국립공원공단 | [지리산전북] 지리산국립공원전북사무소 한시인력(수익시설, 환경관리) 채용 | 경비.청소,환경.에너지.안전 | 신입+경력 | 비정규직 | 지역외: 전북
[MOEF][강원] 한전KPS(주) | 한전KPS(주)동해사업소 동해1호기 계획예방정비공사(간이) 단기노무원 채용공고 | 기계,전기.전자,환경.에너지.안전 | 신입+경력 | 비정규직 | 지역외: 강원
[MOEF][강원] 한전KDN | 한전KDN(주) 강원사업처 AMI분야 비정규직(장애인) 모집공고 | 정보통신 | 신입+경력 | 비정규직 | 지역외: 강원
[MOEF][충남] 한국기술교육대학교 | 한국기술교육대학교 대학혁신지원사업 대우교수 및 연구원 채용 | 사업관리,경영.회계.사무,연구 | 신입+경력 | 비정규직 | 지역외: 충남
[MOEF][대구] 한국환경공단 | 2026년 한국환경공단 대구경북환경본부 수탁폐수 전자인계인수관리시스템 운영사업 기간제근로자 | 환경.에너지.안전 | 신입+경력 | 비정규직 | 지역외: 대구
[MOEF][대구,경북] 한국전력공사 | 2026년 제2차 장애인 체험형 인턴 채용공고 [대구본부] | 경영.회계.사무 | 신입 | 청년인턴(체험형) | 지역외: 대구,경북
[MOEF][서울,부산,인천] 그랜드코리아레저(주) | 2026년 2차 GKL(그랜드코리아레저) 청년인턴 채용 | 이용.숙박.여행.오락.스포츠 | 신입 | 청년인턴(체험형) | 고용형태 제외: 청년인턴(체험형)
[MOEF][세종] 한국보건사회연구원 | 한국보건사회연구원 계약직 채용 공고(보건의료정책분야 및 인사분야) | 사업관리,경영.회계.사무,연구 | 신입 | 비정규직 | 지역외: 세종
[MOEF][울산] 한국에너지공단 | 한국에너지공단 신입직원(채용형 인턴) 채용 공고 | 경영.회계.사무,법률.경찰.소방.교도.국방,건설,기계,전기.전자,정보통신,환경.에너지.안전 | 신입 | 청년인턴(채용형) | 지역외: 울산
[MOEF][충북] 한국교육개발원 | 2026년도 제5차 위촉직 채용 공고 | 사업관리,경영.회계.사무,교육.자연.사회과학,연구 | 신입 | 비정규직 | 지역외: 충북
[MOEF][강원] 국립공원공단 | [국립공원연구원] 국립공원연구원 기간제(한시인력, 사무행정) 직원 채용 | 경영.회계.사무 | 신입+경력 | 비정규직 | 지역외: 강원
[MOEF][부산] 동남권원자력의학원 | 2026년 제2차 동남권원자력의학원 직원채용 공고 | 경영.회계.사무,보건.의료,전기.전자,연구 | 신입+경력 | 정규직,무기계약직,비정규직 | 지역외: 부산
[MOEF][강원] 건강보험심사평가원 | 2026년 건강보험심사평가원 촉탁변호사 채용 공고 | 법률.경찰.소방.교도.국방 | 신입+경력 | 비정규직 | 지역외: 강원
[MOEF][부산] 부산대학교병원 | 계약직(연구직,보건직,원무직) 공개채용 모집 공고 | 보건.의료 | 신입+경력 | 비정규직 | 지역외: 부산
[MOEF][부산,경남] 국립공원공단 | [금정산] 2026년 한시인력(환경관리) 채용 공고 | 경비.청소 | 신입+경력 | 비정규직 | 지역외: 부산,경남
[MOEF][경남] 국립공원공단 | [한려해상] 2026년 한려해상사무소 한시인력(수익시설) 직원 채용 공고 | 이용.숙박.여행.오락.스포츠 | 신입+경력 | 비정규직 | 지역외: 경남
[MOEF][세종] 대외경제정책연구원 | 임시직 연구원급(APEC연구컨소시엄사무국) 및 전문원급(홍보팀, 학술정보팀) 채용 공고 | 경영.회계.사무,연구 | 신입+경력 | 비정규직 | 지역외: 세종
[MOEF][울산,충북] 한국에너지공단 | 한국에너지공단 전문경력직 채용 공고 | 경영.회계.사무,금융.보험,건설,기계,전기.전자,정보통신,환경.에너지.안전,연구 | 신입+경력 | 정규직 | 지역외: 울산,충북
[MOEF][서울] 중소벤처기업연구원 | 2026년도 중소벤처기업연구원 체험형 청년인턴(보훈제한경쟁) 공개채용 공고 | 경영.회계.사무 | 신입+경력 | 청년인턴(체험형) | 고용형태 제외: 청년인턴(체험형)
[MOEF][세종] 한국환경연구원 | [한국환경연구원] 임시직(국가기후위기 적응대책 이행강화(총괄 및 적응정책 연구)) 채용공고 | 연구 | 신입+경력 | 비정규직 | 지역외: 세종
[MOEF][세종] 한국환경연구원 | [한국환경연구원] 임시직(국가기후위기 적응대책 이행강화(국가적응대책 수립 및 주류화 지원) | 연구 | 신입+경력 | 비정규직 | 지역외: 세종
[MOEF][전남광주] 전남대학교병원 | 2026년 9월 전남대학교병원 직원(지원직) 공개채용 공고 | 보건.의료 | 신입 | 비정규직 | 지역외: 전남광주
[MOEF][대전] 한국수자원공사 | [한국수자원공사] 건설안전처 특수직(사무관리_회계) 채용 공고 | 경영.회계.사무 | 신입+경력 | 비정규직 | 지역외: 대전
[MOEF][경기] 근로복지공단 | [안산병원] 공무직(물리작업치료사) 채용 공고 | 보건.의료 | 신입 | 무기계약직 | 경력구분 제외: 신입 단독
[MOEF][서울,부산,대구] 한국철도공사 | 2026년 하반기 한국철도공사 청년 체험형 인턴사원 채용 공고 | 경영.회계.사무,운전.운송,정보통신 | 신입 | 청년인턴(체험형) | 고용형태 제외: 청년인턴(체험형)
[MOEF][경기] 근로복지공단 | [안산병원] 공무직(간호조무사) 채용 공고 | 보건.의료 | 신입 | 무기계약직 | 경력구분 제외: 신입 단독
[MOEF][충북] 한국교육과정평가원 | 2026년 제1차 한국교육과정평가원 청사운영직 채용 공고 | 기계 | 신입 | 무기계약직 | 지역외: 충북
[MOEF][경북] 국립공원공단 | [소백산생태탐방원] 2026년 소백산생태탐방원 기간제(한시인력_국립공원지킴이) 채용 공고 | 경비.청소,환경.에너지.안전 | 신입+경력 | 비정규직 | 지역외: 경북
[MOEF][충남] 한국기술교육대학교 | (한국기술교육대학교) 충청남도 지역성장 인재양성체계(앵커) 계약학과 대우교수(산학협력중점) | 교육.자연.사회과학 | 경력 | 비정규직 | 지역외: 충남
[MOEF][경기] 근로복지공단 | [경기요양병원] 의료직(약사) 4급 채용 공고 | 보건.의료 | 신입 | 정규직 | 경력구분 제외: 신입 단독
[MOEF][강원] 근로복지공단 | [정선병원] 공무직(야간접수수납원) 채용 공고 | 보건.의료 | 신입 | 무기계약직 | 지역외: 강원
[MOEF][강원] 근로복지공단 | [정선병원] 공무직(임상병리사) 채용 공고 | 보건.의료 | 신입 | 무기계약직 | 지역외: 강원
[MOEF][경남] 근로복지공단 | [창원병원] 기간제(산업위생사) 채용 공고 | 보건.의료 | 신입 | 비정규직 | 지역외: 경남
[MOEF][세종] 한국청소년정책연구원 | [채용공고 2026-11호] 휴직 대체인력 채용 공고 | 경영.회계.사무,정보통신 | 신입 | 비정규직 | 지역외: 세종
[MOEF][부산,경남] 근로복지공단 | [창원병원] 기간제(작업치료사) 채용 공고 | 보건.의료 | 신입 | 비정규직 | 지역외: 부산,경남
[MOEF][경남] 근로복지공단 | [창원병원] 공무직(방사선사) 채용 공고 | 보건.의료 | 신입 | 무기계약직 | 지역외: 경남
[MOEF][경남] 근로복지공단 | [창원병원] 공무직(임상병리사) 채용 공고 | 보건.의료 | 신입 | 무기계약직 | 지역외: 경남
[MOEF][충남] 국립공원공단 | [태안] 2026년 태안해안 기간제[한시인력(환경관리)] 직원 채용 | 환경.에너지.안전 | 신입+경력 | 비정규직 | 지역외: 충남
[MOEF][강원] 한국전력공사 | 기간제근로자(대체인력)채용공고[강원본부 횡성지사] | 전기.전자 | 신입 | 비정규직 | 지역외: 강원
[MOEF][울산,경기,충북] 한국소방산업기술원 | 2026년 한국소방산업기술원 정규직 채용 | 사업관리,법률.경찰.소방.교도.국방,기계,전기.전자,환경.에너지.안전 | 신입 | 정규직 | 경력구분 제외: 신입 단독
[MOEF][강원] 한전KPS(주) | 한전KPS(주)강원충북전력지사 단기노무원(동해지점 차량순시) 채용공고(28차) | 건설,전기.전자 | 신입+경력 | 비정규직 | 지역외: 강원
[MOEF][강원,경북] 한전KPS(주) | 한전KPS(주)강원충북전력지사 단기노무원(태백지점 송전업무정비보조,차량순시) 채용공고(27 | 건설,전기.전자,환경.에너지.안전 | 신입+경력 | 비정규직 | 지역외: 강원,경북
[MOEF][전남광주] 근로복지공단 | [순천병원] 공무직(간호조무사) 채용 공고 | 보건.의료 | 신입 | 무기계약직 | 지역외: 전남광주
[MOEF][충남] 한전KPS(주) | 한전KPS(주) 신보령사업소 '26년도 경상정비공사 구매보조 단기노무원 모집 | 경영.회계.사무 | 신입+경력 | 비정규직 | 지역외: 충남
[MOEF][인천] 한국환경공단 | 한국환경공단(본사) 사업장대기처 측정대행관리부 기간제근로자(촉탁 라급) 채용 공고 | 화학,환경.에너지.안전 | 신입 | 비정규직 | 경력구분 제외: 신입 단독
[MOEF][서울,부산,대구] 한국공항공사 | 2026년도 하반기 신입사원 안전직(공항보안 및 보안검색감독) 공개채용 | 운전.운송,경비.청소 | 신입 | 정규직 | 경력구분 제외: 신입 단독
[MOEF][강원] 한국장애인개발원 | [제2026-110호] 2026년도 제8차 강원특별자치도장애아동·발달장애인지원센터 체험형  | 사회복지.종교 | 신입+경력 | 청년인턴(체험형) | 지역외: 강원
[MOEF][서울,부산,대구] 한국공항공사 | 2026년도 하반기 신입사원 보훈(공항보안) 채용 | 경비.청소 | 신입 | 정규직 | 경력구분 제외: 신입 단독
[MOEF][세종] 한국법제연구원 | 2026년도 제2차 정규직(부연구위원) 제한경쟁 채용 공고 | 교육.자연.사회과학,연구 | 신입+경력 | 정규직 | 지역외: 세종
[MOEF][서울,부산,울산] 한국공항공사 | 2026년도 하반기 신입사원 구조소방(소방원 및 응급구조사) 공개채용 | 법률.경찰.소방.교도.국방 | 신입 | 정규직 | 경력구분 제외: 신입 단독
[MOEF][서울,부산,대구] 한국공항공사 | 2026년도 하반기 신입사원(5급갑, 6급갑 고졸수준) 공개채용 | 사업관리,경영.회계.사무,교육.자연.사회과학,법률.경찰.소방.교도.국방,운전.운송,경비.청소,건설,정보통신,환경.에너지.안전 | 신입 | 정규직 | 경력구분 제외: 신입 단독
[MOEF][인천] 대한적십자사 | 경인권역재활병원 정규직 방사선사 채용 공고(2026.10.26.임용) | 보건.의료 | 신입 | 정규직 | 경력구분 제외: 신입 단독
[MOEF][강원] 국립공원공단 | [설악산] 2026년 국립공원지킴이(녹색순찰대) 모집 추가접수 공고 | 경비.청소,이용.숙박.여행.오락.스포츠,환경.에너지.안전 | 신입+경력 | 비정규직 | 지역외: 강원
[MOEF][서울,부산,대구] 국민건강보험공단 | 2026년도 하반기 국민건강보험공단 신규직원 채용 공고 | 경영.회계.사무,보건.의료,사회복지.종교,이용.숙박.여행.오락.스포츠,정보통신 | 신입 | 정규직 | 경력구분 제외: 신입 단독
[MOEF][강원] 주택관리공단(주) | 채용형 인턴 채용공고(주택관리공단 강원지사) | 경영.회계.사무 | 신입+경력 | 청년인턴(채용형) | 지역외: 강원
[MOEF][경기] 대한법률구조공단 | 대한법률구조공단 의정부지부 청년인턴 공개경쟁 채용시험 공고 | 경영.회계.사무,법률.경찰.소방.교도.국방 | 신입 | 청년인턴(체험형) | 고용형태 제외: 청년인턴(체험형)
[MOEF][부산] 한국토지주택공사 | 한국토지주택공사 부산울산지역본부 기간제근로자(전세사기 피해자 지원 업무보조) 채용공고 | 경영.회계.사무,영업판매 | 신입+경력 | 비정규직 | 지역외: 부산
[MOEF][경남] 학교법인한국폴리텍 | 2026년 한국폴리텍대학 항공캠퍼스 청년인턴(일반) 2차 채용 공고 | 경영.회계.사무 | 신입+경력 | 청년인턴(체험형) | 지역외: 경남
[MOEF][인천] 한국스포츠레저(주) | 한국스포츠레저(주) 전임직 채용공고 | 이용.숙박.여행.오락.스포츠 | 신입 | 비정규직 | 경력구분 제외: 신입 단독
[MOEF][충북] 한국식품안전관리인증원 | 2026년 제12차 계약직직원 채용 | 경영.회계.사무,보건.의료 | 신입+경력 | 비정규직 | 지역외: 충북
[MOEF][광주,전남] 전남대학교병원 | 2026년도 전임의사 상시 공개채용 변경 공고 | 보건.의료 | 신입 | 정규직 | 지역외: 광주,전남
[MOEF][전남광주] 국립공원공단 | [다도해서부] 다도해해상국립공원서부사무소 기간제[한시인력_환경관리(해양)] 직원 채용  | 환경.에너지.안전 | 신입+경력 | 비정규직 | 지역외: 전남광주
[MOEF][강원] 근로복지공단 | [태백병원] 기술기능직(기술_환경관리) 채용 공고 | 보건.의료,환경.에너지.안전 | 신입+경력 | 정규직 | 지역외: 강원
[MOEF][경북] 국립공원공단 | [주왕산] 2026년도 주왕산국립공원 한시인력(수익시설) 직원 2차 추가 채용 | 경비.청소 | 신입+경력 | 비정규직 | 지역외: 경북
[MOEF][강원] 근로복지공단 | [정선병원] 기술기능직(기술_안전관리) 채용 공고 | 보건.의료,환경.에너지.안전 | 신입+경력 | 정규직 | 지역외: 강원
[MOEF][서울] 한국전력공사 | 2026년 제1차 장애인 체험형 인턴 모집공고[서울본부] | 경영.회계.사무 | 신입 | 청년인턴(체험형) | 고용형태 제외: 청년인턴(체험형)
[MOEF][강원] 한국도로교통공단 | [원주본부] 디지털운영처 전문계약직 채용공고 | 정보통신 | 경력 | 비정규직 | 지역외: 강원
[MOEF][서울,부산,제주] 한국국제교류재단 | 한국국제교류재단 일반직 신규 채용 공고 | 경영.회계.사무,문화.예술.디자인.방송,정보통신 | 신입 | 정규직 | 경력구분 제외: 신입 단독
[MOEF][경남] 국민연금공단 | [국민연금공단 부산지역본부] 부산지역본부 양산지사 공무직(환경관리직(가), 보안직(가))  | 경비.청소 | 신입 | 무기계약직 | 지역외: 경남
[MOEF][전남광주] 국립공원공단 | [다도해해상]2026년 다도해해상 한시인력[탐방로예약제 운영] 직원 채용 | 환경.에너지.안전 | 신입+경력 | 비정규직 | 지역외: 전남광주
[MOEF][울산] 기초과학연구원 | 제2026-3회 IBS 융합과학 연구클러스터 연구직군 채용공고 | 연구 | 신입+경력 | 비정규직 | 지역외: 울산
[MOEF][전남광주] 국립공원공단 | [다도해해상]2026년 다도해해상 한시인력[환경관리(환경미화)] 직원 채용(3차) | 환경.에너지.안전 | 신입+경력 | 비정규직 | 지역외: 전남광주
[MOEF][대전] 기초과학연구원 | 2026-9회 의생명 및 화학 연구클러스터(시냅스 뇌질환 연구단) 연구기술직 채용 공고 | 연구 | 신입+경력 | 비정규직 | 지역외: 대전
[MOEF][전북] (재)우체국물류지원단 | 우체국물류지원단 광주지사 기간제(소포직, 육아휴직대체) 채용 공고 | 경영.회계.사무,운전.운송 | 신입+경력 | 비정규직 | 지역외: 전북
[MOEF][서울,인천,세종] 한국중부발전(주) | 2026년도 제3차 4직급 신입직원 채용공고 | 경영.회계.사무,건설,화학,전기.전자,정보통신,환경.에너지.안전 | 신입 | 정규직 | 경력구분 제외: 신입 단독
[MOEF][대구] 경북대학교병원 | 칠곡경북대학교병원 2026년 9월 4차 임시직원 채용공고(약사, 간호사, 업무보조, 작업치 | 보건.의료 | 신입+경력 | 비정규직 | 지역외: 대구
[MOEF][세종] KDI국제정책대학원 | [KDI국제정책대학원] 2026년 제9차 위촉직 채용(교육행정, 연구행정, 기계설비·안전관 | 사업관리,교육.자연.사회과학,기계 | 신입+경력 | 비정규직 | 지역외: 세종
[MOEF][세종] 축산물품질평가원 | 2026년 하반기 신규직원 기간제 근로자(장애) 채용공고 | 사업관리,경영.회계.사무,농림어업 | 신입 | 비정규직 | 지역외: 세종
[MOEF][경기,강원] 축산물품질평가원 | 2026년 하반기 신규직원 운영직(다급) 채용공고 | 사업관리,경영.회계.사무,농림어업 | 신입 | 무기계약직 | 경력구분 제외: 신입 단독
[MOEF][세종,경기,강원] 축산물품질평가원 |  2026년 하반기 신규직원 체험형 청년인턴(장애) 채용공고 | 사업관리,경영.회계.사무,농림어업 | 신입 | 청년인턴(체험형) | 고용형태 제외: 청년인턴(체험형)
[MOEF][세종] 축산물품질평가원 | 2026년 하반기 신규직원 기간제 근로자(공인노무사) 채용공고 | 사업관리,경영.회계.사무,농림어업 | 신입 | 비정규직 | 지역외: 세종
[MOEF][세종] 축산물품질평가원 | 2026년 하반기 신규직원 보훈특별고용(행정직) 채용공고 | 사업관리,경영.회계.사무,농림어업 | 신입 | 청년인턴(채용형) | 지역외: 세종
[MOEF][세종] 축산물품질평가원 | 2026년 하반기 신규직원 채용형 청년인턴(행정직) 채용 | 사업관리,경영.회계.사무,농림어업 | 신입 | 청년인턴(채용형) | 지역외: 세종
[MOEF][부산,대구,인천] 축산물품질평가원 | 2026년 하반기 신규직원 보훈특별고용(축산물품질평가직) 채용 | 농림어업 | 신입 | 청년인턴(채용형) | 고용형태 제외: 청년인턴(채용형)
[MOEF][부산,대구,인천] 축산물품질평가원 | 2026년 하반기 신규직원 채용형 청년인턴(축산물품질평가직) 채용공고 | 농림어업 | 신입 | 청년인턴(채용형) | 고용형태 제외: 청년인턴(채용형)
[MOEF][세종] 중소기업기술정보진흥원 | 2026년 제2차 공무직(보훈, 장애) 채용 공고 | 사업관리,경영.회계.사무 | 신입 | 무기계약직 | 지역외: 세종
[MOEF][서울,부산,대구] 한국토지주택공사 | 2026년 하반기 한국토지주택공사 신입사원(5·6급) 공채 | 사업관리,경영.회계.사무,법률.경찰.소방.교도.국방,사회복지.종교,문화.예술.디자인.방송,영업판매,건설,기계,화학,전기.전자,정보통신,환경.에너지.안전 | 신입 | 청년인턴(채용형) | 고용형태 제외: 청년인턴(채용형)
[MOEF][전남광주] 한국보훈복지의료공단 | [광주보훈병원] 계약직 보건직(치과위생사) 직원 채용 공고 | 보건.의료 | 신입+경력 | 비정규직 | 지역외: 전남광주
[MOEF][경남] 한전KDN | 한전KDN(주) 진주지사 통신분야 비정규직 모집공고 | 전기.전자,정보통신 | 신입+경력 | 비정규직 | 지역외: 경남
[MOEF][서울] 무역안보관리원 | 2026년도 하반기 무역안보관리원 무기계약직 신입직원 채용 공고 | 사업관리,경영.회계.사무 | 신입 | 무기계약직 | 경력구분 제외: 신입 단독
[MOEF][서울] 무역안보관리원 | 2026년도 하반기 무역안보관리원 정규직 신입직원 채용 공고 | 사업관리,경영.회계.사무,전기.전자 | 신입 | 정규직 | 경력구분 제외: 신입 단독
[MOEF][대전] 한국보훈복지의료공단 | [대전보훈병원] 정규직(업무지원직(완화의료)) 및 계약직(간호조무사, 일반기능직(영선))  | 보건.의료 | 신입+경력 | 무기계약직,비정규직 | 지역외: 대전
[MOEF][대전] 한국보훈복지의료공단 | [대전보훈병원] 전문의(외과) 채용 공고 | 보건.의료 | 신입+경력 | 비정규직 | 지역외: 대전
[MOEF][경기] 한국장애인개발원 | [제2026-105호]2026년도 제5차 경기도장애아동·발달장애인지원센터(장애아동지원팀)  | 사회복지.종교 | 신입+경력 | 청년인턴(체험형) | 고용형태 제외: 청년인턴(체험형)
[MOEF][서울,대전] 한국연구재단 | 2026년 제2차 한국연구재단 직원 채용(연구직, 공무직(사무지원직)) | 사업관리,경영.회계.사무 | 신입 | 정규직,무기계약직,청년인턴(채용형) | 경력구분 제외: 신입 단독
[MOEF][전북] 국립공원공단 | [내장산] 2026년 내장산국립공원 기간제(수익시설) 직원 채용 공고 | 이용.숙박.여행.오락.스포츠,환경.에너지.안전 | 신입+경력 | 비정규직 | 지역외: 전북
[MOEF][세종] 한국환경연구원 | [한국환경연구원] 임시직(일반행정) 채용 공고(인사관리실 대체인력)(0914) | 경영.회계.사무 | 신입+경력 | 비정규직 | 지역외: 세종
[MOEF][충북] 주택관리공단(주) | 채용형 인턴 채용공고(주택관리공단 충북지사) | 건설,기계,전기.전자,환경.에너지.안전 | 신입+경력 | 청년인턴(채용형) | 지역외: 충북
[MOEF][울산] 한국전력국제원자력대학원대학교 | [한국전력국제원자력대학원대학교] 체험형 청년인턴 채용 | 경영.회계.사무 | 신입 | 청년인턴(체험형) | 지역외: 울산
[MOEF][전북] 국립공원공단 | [내장산] 2026년 내장산국립공원 가을성수기 국립공원지킴이(한시인력) 채용 공고 | 경비.청소,건설 | 신입+경력 | 비정규직 | 지역외: 전북
[MOEF][서울] 근로복지공단 | [서울서부지사] 공무직(시설방호원) 채용 공고 | 경비.청소 | 신입 | 무기계약직 | 경력구분 제외: 신입 단독
[MOEF][전남광주,경북] 국토안전관리원 | 2026년도 국토안전관리원 제2차 직무중심 채용 공고(무기계약직) | 경비.청소,기계,전기.전자 | 신입 | 무기계약직 | 지역외: 전남광주,경북
[MOEF][경북] 국립낙동강생물자원관 | 국립낙동강생물자원관 2026년 제2차 직원 채용 공고 | 문화.예술.디자인.방송,운전.운송,경비.청소,이용.숙박.여행.오락.스포츠,기계 | 신입+경력 | 무기계약직 | 지역외: 경북
[MOEF][강원,충북,전남] 국토안전관리원 | 2026년도 국토안전관리원 제2차 직무중심 채용 공고(일반직·전문직) | 사업관리,경영.회계.사무,교육.자연.사회과학,운전.운송,건설,정보통신 | 신입+경력 | 정규직,청년인턴(채용형) | 지역외: 강원,충북,전남광주,경북,경남
[MOEF][전남광주,경북] 국립공원공단 | [보전원] 국립공원야생생물보전원 국립공원지킴이(한시인력) 2차 채용 | 경비.청소,건설 | 신입+경력 | 비정규직 | 지역외: 전남광주,경북
[MOEF][충북] 한국교육과정평가원 | 2026년 제2차 한국교육과정평가원 연구직 채용 공고 | 연구 | 신입 | 정규직 | 지역외: 충북
[MOEF][전남광주] 대한적십자사 | [전남광주혈액원] 비정규직 기간제(한시적) 사무보조원 채용 공고 | 경영.회계.사무 | 신입 | 비정규직 | 지역외: 전남광주
[MOEF][제주] 한전KPS(주) | 한전KPS(주)제주사업소 내연 2호기 정지작업 단기노무원 채용공고 | 기계 | 신입+경력 | 비정규직 | 지역외: 제주
[MOEF][경북] 국립낙동강생물자원관 | 국립낙동강생물자원관 2026년 제3차 기간제근로자 채용 공고 | 경영.회계.사무,문화.예술.디자인.방송,이용.숙박.여행.오락.스포츠 | 신입+경력 | 비정규직 | 지역외: 경북
[MOEF][전북] 태권도진흥재단 | 2026년 3차 기간제근로자(육아휴직 대체) 채용 공고 | 이용.숙박.여행.오락.스포츠 | 신입 | 비정규직 | 지역외: 전북
[MOEF][강원] 근로복지공단 | [정선병원] 기간제(물리치료사) 채용 공고 | 보건.의료 | 신입 | 비정규직 | 지역외: 강원
[MOEF][서울,경남] 한국저작권위원회 | 한국저작권위원회 2026년 제3차 직원 채용 | 사업관리,경영.회계.사무,문화.예술.디자인.방송,정보통신 | 신입 | 정규직,비정규직 | 경력구분 제외: 신입 단독
[MOEF][전남광주] 한국전력공사 | 기간제근로자(대체인력) 채용공고[광주전남본부] | 전기.전자 | 신입 | 비정규직 | 지역외: 전남광주
[MOEF][대구] 한국보훈복지의료공단 | [대구보훈병원] 의사직(호흡기내과, 순환기내과, 핵의학과, 응급의학과, 외과, 비뇨의학과, | 보건.의료 | 신입+경력 | 비정규직 | 지역외: 대구
[MOEF][경남] 근로복지공단 | [창원병원] 기간제 의사(영상의학과) 채용 공고 | 보건.의료 | 신입 | 비정규직 | 지역외: 경남
[MOEF][경남] 근로복지공단 | [창원병원] 기간제 의사(응급실전담의) 채용 공고 | 보건.의료 | 신입 | 비정규직 | 지역외: 경남
[MOEF][경남] 근로복지공단 | [창원병원] 별정직 의사(직업환경의학과) 채용 공고 | 보건.의료 | 신입 | 정규직 | 지역외: 경남
[MOEF][경남] 근로복지공단 | [창원병원] 별정직 의사(정형외과) 채용 공고 | 보건.의료 | 신입 | 정규직 | 지역외: 경남
[MOEF][울산] 근로복지공단 | [근로복지공단] 공단본부 장애인 청년(체험형)인턴 채용 공고 | 경영.회계.사무 | 신입 | 청년인턴(체험형) | 지역외: 울산
[MOEF][부산] 한국환경공단 | 한국환경공단 부산울산경남환경본부 수탁폐수전자인계인수관리시스템 운영 기간제근로자(촉탁라급)  | 환경.에너지.안전 | 신입+경력 | 비정규직 | 지역외: 부산
[MOEF][충북] 한국장애인개발원 | [제2026-106호] 2026년도 제6차 충청북도장애아동발달장애인지원센터(장애아동지원팀) | 사회복지.종교 | 신입+경력 | 청년인턴(채용형) | 지역외: 충북
[MOEF][전북] 한국출판문화산업진흥원 | 2026년 하반기 제2차 직원 공개경쟁 및 제한경쟁 채용 공고 | 사업관리,경영.회계.사무,문화.예술.디자인.방송 | 신입+경력 | 무기계약직,비정규직 | 지역외: 전북
[MOEF][경기] 분당서울대학교병원 | 분당서울대학교병원 신입(업무지원직) 직원 채용 공고 | 보건.의료 | 신입 | 정규직 | 경력구분 제외: 신입 단독
[MOEF][경기] 분당서울대학교병원 | 분당서울대학교병원 신입(업무지원직_미화) 직원 채용 공고 | 보건.의료 | 신입 | 정규직 | 경력구분 제외: 신입 단독
[MOEF][경기] 분당서울대학교병원 | 분당서울대학교병원 신입(사무직) 직원 장애인·상이군경 제한경쟁 채용 공고 | 보건.의료 | 신입 | 정규직 | 경력구분 제외: 신입 단독
[MOEF][전북] 한전KDN | 한전KDN(주) 전북사업처 배전자동화 통신공사 일용근로자 모집공고 | 정보통신 | 신입+경력 | 비정규직 | 지역외: 전북
[MOEF][전남광주] 한국수자원공사 | [한국수자원공사] 완도수도지사 특수직(수탁운영_지방상수도 시설운영) 채용 공고 | 건설,기계,전기.전자,정보통신,환경.에너지.안전 | 신입+경력 | 비정규직 | 지역외: 전남광주
[MOEF][부산] 국립중앙의료원 | 계약직 연구원(부산응급의료지원센터) 채용 공고 | 보건.의료 | 신입+경력 | 비정규직 | 지역외: 부산
[MOEF][서울] (재)한국우편사업진흥원 | 한국우편사업진흥원 2026년 기간제계약직(청년인턴, 사회형평(장애, 보훈)) 채용 | 사업관리,경영.회계.사무,문화.예술.디자인.방송,영업판매,인쇄.목재.가구.공예 | 신입 | 비정규직,청년인턴(체험형) | 경력구분 제외: 신입 단독
[MOEF][전남광주] 국립공원공단 | [월출산] 월출산국립공원사무소 한시인력(국립공원지킴이) 모집 공고 | 환경.에너지.안전 | 신입+경력 | 비정규직 | 지역외: 전남광주
[MOEF][서울,대전] (재)한국우편사업진흥원 | 한국우편사업진흥원 2026년 신입직원(일반직, 전문직(사무), 전문직(특수)) 채용 | 사업관리,경영.회계.사무,문화.예술.디자인.방송,영업판매,정보통신,인쇄.목재.가구.공예,환경.에너지.안전 | 신입 | 정규직,무기계약직 | 경력구분 제외: 신입 단독
[MOEF][경북] 한국장애인개발원 | [제2026-109호]2026년도 제7차 경상북도장애아동·발달장애인지원센터 체험형 청년인턴 | 사업관리,경영.회계.사무,사회복지.종교 | 신입+경력 | 청년인턴(체험형) | 지역외: 경북
[MOEF][서울] 한국무역보험공사 | 한국무역보험공사 2026년 하반기 지원직(무기계약직) 채용공고 | 경영.회계.사무,운전.운송 | 신입 | 무기계약직 | 경력구분 제외: 신입 단독
[MOEF][세종] 한국환경연구원 | [한국환경연구원] 임시직(환경영향평가) 채용 공고(환경평가본부 대체인력)(0911) | 연구 | 신입+경력 | 비정규직 | 지역외: 세종
[MOEF][서울,부산,인천] 국민연금공단 | 2026년 하반기 공무직 공개채용 공고 | 경영.회계.사무,보건.의료,정보통신 | 신입 | 무기계약직 | 경력구분 제외: 신입 단독
[MOEF][대전] 한국장애인개발원 | [제2026-107호] 2026년도 제4차 대전광역시장애아동·발달장애인지원센터(장애아동지원 | 사회복지.종교 | 신입+경력 | 청년인턴(체험형) | 지역외: 대전
[MOEF][경남] 한국장애인개발원 | [제2026-108호]2026년도 제5차 경상남도장애아동·발달장애인지원센터(장애아동지원팀) | 사회복지.종교 | 신입+경력 | 청년인턴(체험형) | 지역외: 경남
[MOEF][경기] 한국보훈복지의료공단 | [수원보훈요양원] 계약직 요양보호사(정규직 전환조건부) 채용 공고 | 사회복지.종교 | 신입 | 비정규직 | 경력구분 제외: 신입 단독
[MOEF][경남] 경상국립대학교병원 | [창원경상국립대학교병원] 전문직1등급(촉탁의) 채용공고 | 보건.의료 | 신입 | 비정규직 | 지역외: 경남
[MOEF][강원] 근로복지공단 | [태백병원] 기간제 의사(병동당직의) 채용 공고 | 보건.의료 | 신입+경력 | 비정규직 | 지역외: 강원
[MOEF][울산] 근로복지공단 | [울산병원] 별정직 의사(이비인후과) 채용 공고 | 보건.의료 | 신입 | 정규직 | 지역외: 울산
[MOEF][울산] 근로복지공단 | [울산병원] 별정직 의사(마취통증의학과) 채용 공고 | 보건.의료 | 신입 | 정규직 | 지역외: 울산
[MOEF][울산] 근로복지공단 | [울산병원] 별정직 의사(응급의학과) 채용 공고 | 보건.의료 | 신입 | 정규직 | 지역외: 울산
[MOEF][울산] 근로복지공단 | [울산병원] 별정직 의사(영상의학과) 채용 공고 | 보건.의료 | 신입 | 정규직 | 지역외: 울산
[MOEF][울산] 근로복지공단 | [울산병원] 별정직 의사(병동당직의) 채용 공고 | 보건.의료 | 신입 | 정규직 | 지역외: 울산
[MOEF][세종] 대외경제정책연구원 | 대외경제정책연구원(KIEP) 2026 청년인턴(기획조정팀, 학술정보팀) 채용 공고 | 연구 | 신입 | 청년인턴(체험형) | 지역외: 세종
[MOEF][충북] 한국전력공사 | 기간제근로자 (대체인력)채용 공고[충북본부 진천지사] | 전기.전자 | 신입 | 비정규직 | 지역외: 충북
[MOEF][충북] 정보통신정책연구원 | 2026년 계약직연구원 공개채용 재공고(인공지능 서비스 이용자보호 정책 연구) | 사업관리 | 신입+경력 | 비정규직 | 지역외: 충북
[MOEF][전남광주] 한국농촌경제연구원 | 한국농촌경제연구원 2026년 제7차(재공모) 청년인턴(장애인 제한경쟁) 채용 공고 | 경영.회계.사무 | 신입 | 청년인턴(체험형) | 지역외: 전남광주
[MOEF][울산] 한국장애인개발원 | [제2026-104호]2026년도 제5차 울산광역시장애아동·발달장애인지원센터(장애아동지원팀 | 사회복지.종교 | 신입+경력 | 청년인턴(체험형) | 지역외: 울산
[MOEF][부산] 동남권원자력의학원 | [직원채용] 동남권원자력의학원 박사후 연수연구원(첨단방사선종양연구팀) 공개 채용 | 연구 | 신입+경력 | 비정규직 | 지역외: 부산
[MOEF][대구] 경북대학교병원 | 2026년 대구의료원 파견의사(진료교수) 상시 초빙 공고 | 보건.의료 | 신입 | 비정규직 | 지역외: 대구
[MOEF][서울,부산] 게임물관리위원회 | 게임물관리위원회 2026년 제3차 직원(체험형청년인턴) 채용공고 | 사업관리,경영.회계.사무,문화.예술.디자인.방송 | 신입+경력 | 청년인턴(체험형) | 고용형태 제외: 청년인턴(체험형)
[MOEF][부산] 게임물관리위원회 | 게임물관리위원회 2026년 제3차 직원(기간제근로) 채용공고 | 사업관리,경영.회계.사무,문화.예술.디자인.방송 | 신입+경력 | 비정규직 | 지역외: 부산
[MOEF][부산] 게임물관리위원회 | 게임물관리위원회 2026년 제3차 직원(일반정규직) 채용공고 | 사업관리,경영.회계.사무,문화.예술.디자인.방송 | 신입+경력 | 정규직 | 지역외: 부산
[MOEF][경남] 한전KDN | 한전KDN(주) 경남사업처 통신분야 비정규직 모집공고 | 전기.전자,정보통신 | 경력 | 비정규직 | 지역외: 경남
[MOEF][세종,전남광주,] 한국수목원정원관리원 | 한국수목원정원관리원 2026년 제3차 체험형 청년인턴 및 기간제 근로자 채용 공고 | 경영.회계.사무,교육.자연.사회과학,문화.예술.디자인.방송,이용.숙박.여행.오락.스포츠,기계,전기.전자,환경.에너지.안전,농림어업 | 신입+경력 | 비정규직,청년인턴(체험형) | 지역외: 세종,전남광주,경북
[MOEF][제주] 한전KDN | 한전KDN(주) 제주사업처 AMI분야 비정규직 모집공고 | 전기.전자,정보통신 | 신입+경력 | 비정규직 | 지역외: 제주
[MOEF][서울] 한국장애인개발원 | [제2026-103호] 2026년도 제5차 서울시장애아동·발달장애인지원센터(장애아동지원팀) | 사업관리,사회복지.종교 | 신입+경력 | 청년인턴(체험형) | 고용형태 제외: 청년인턴(체험형)
[MOEF][서울] (재)우체국시설관리단 | (재)우체국시설관리단 (본사)청년인턴 채용 공고 | 경영.회계.사무,영업판매 | 신입 | 청년인턴(체험형),청년인턴(채용형) | 고용형태 제외: 청년인턴(체험형),청년인턴(채용형)
[MOEF][부산] 한국남부발전(주) | 한국남부발전(주) 2026년 개방형직위(산재예방부장) 채용공고 | 환경.에너지.안전 | 경력 | 비정규직 | 지역외: 부산
[MOEF][전남광주] 국립공원공단 | [무등산동부] 2026년 무등산동부 한시인력(국립공원지킴이_녹색순찰대) 채용 공고 | 경비.청소,환경.에너지.안전 | 신입+경력 | 비정규직 | 지역외: 전남광주
[MOEF][강원] 국립공원공단 | [오대산] 2026년 오대산사무소 기간제(한시인력_국립공원지킴이) 직원 채용(5차) | 경비.청소,환경.에너지.안전 | 신입+경력 | 비정규직 | 지역외: 강원
[MOEF][부산,인천,세종] 한국남부발전(주) | 한국남부발전(주) 2026년 하반기 신입사원 및 별정직 채용공고 | 경영.회계.사무,음식서비스,건설,기계,화학,전기.전자,정보통신,환경.에너지.안전 | 신입 | 정규직 | 경력구분 제외: 신입 단독
[MOEF][경북] 한전KDN | 한전KDN(주) 구미지사 AMI분야 일용근로자 모집공고 | 전기.전자,정보통신 | 신입+경력 | 비정규직 | 지역외: 경북
[MOEF][부산] 동남권원자력의학원 | [직원채용] 별정직 약무직(약제팀 약사) 공개 채용 | 보건.의료 | 신입+경력 | 비정규직 | 지역외: 부산
[MOEF][대구] 대구경북첨단의료산업진흥재단 | [연장공고] 2026 제2차 대구경북첨단의료산업진흥재단 직원 채용 연장공고(연구직) | 사업관리,교육.자연.사회과학,보건.의료,화학,연구 | 경력 | 정규직 | 지역외: 대구
[MOEF][경북] 한전KDN | 한전KDN(주) 구미지사 배전분야 일용근로자 모집공고 | 전기.전자,정보통신 | 신입+경력 | 비정규직 | 지역외: 경북
[MOEF][세종,전남광주] 한국해양교통안전공단 | 2026년도 제4차 신규직원(계약직) 채용 | 사업관리,경영.회계.사무,법률.경찰.소방.교도.국방,기계,정보통신,환경.에너지.안전,연구 | 신입+경력 | 비정규직 | 지역외: 세종,전남광주
[MOEF][울산] 대한법률구조공단 | 대한법률구조공단 울산지부 청년인턴 공개경쟁 채용시험 공고 | 경영.회계.사무,법률.경찰.소방.교도.국방 | 신입 | 청년인턴(체험형) | 지역외: 울산
[MOEF][대전] 기초과학연구원 | 제2026-3회 트랩이온 양자과학 연구단  연구직 및 박사후연구원 채용 공고 | 연구 | 신입+경력 | 비정규직 | 지역외: 대전
[MOEF][대전] 기초과학연구원 | 제2026-1회 이산수학 그룹 연구직 채용 공고 | 연구 | 신입+경력 | 비정규직 | 지역외: 대전
[MOEF][부산] 동남권원자력의학원 | [직원채용] 동남권원자력의학원 박사후 연수연구원(첨단방사선AI융합연구팀) 공개 채용 | 연구 | 신입+경력 | 비정규직 | 지역외: 부산
[MOEF][부산] 동남권원자력의학원 | [직원채용] 정규직 의사직(방사선비상진료센터) 채용 | 보건.의료 | 신입+경력 | 정규직 | 지역외: 부산
[MOEF][대전] 기초과학연구원 | 2026-1 Recruitment Announcement for Postdoctoral R | 연구 | 신입+경력 | 비정규직 | 지역외: 대전
[MOEF][부산] 동남권원자력의학원 | [직원채용] 별정직 의사직(산부인과) 채용 | 보건.의료 | 신입+경력 | 비정규직 | 지역외: 부산
[MOEF][부산] 동남권원자력의학원 | [직원채용] 별정직 의사직(감염내과) 채용  | 보건.의료 | 신입+경력 | 비정규직 | 지역외: 부산
[MOEF][부산] 동남권원자력의학원 | [직원채용] 별정직 의사직(호흡기내과) 초빙 | 보건.의료 | 신입+경력 | 비정규직 | 지역외: 부산
[MOEF][부산] 동남권원자력의학원 | [직원채용] 정규직 의사직(마취통증의학과) 공개 채용 | 보건.의료 | 신입+경력 | 정규직 | 지역외: 부산
[MOEF][부산] 동남권원자력의학원 | [직원채용] 별정직 의사직(응급실) 공개채용 | 보건.의료 | 신입+경력 | 비정규직 | 지역외: 부산
[MOEF][부산] 동남권원자력의학원 | [직원채용] 별정직 의사직(병동 당직의) 공개 채용 | 보건.의료 | 신입+경력 | 비정규직 | 지역외: 부산
[MOEF][부산] 동남권원자력의학원 | [직원채용] 별정직 의사직(신경외과 전임의) 공개 채용(재공고) | 보건.의료 | 신입+경력 | 비정규직 | 지역외: 부산
[MOEF][부산] 동남권원자력의학원 | [직원채용] 정규직 의사직(핵의학과) 공개 채용 | 보건.의료 | 신입+경력 | 정규직 | 지역외: 부산
[MOEF][서울,부산,대구] 한국가스안전공사 | 2026년 하반기 한국가스안전공사 정규직(채용형인턴) 채용 공고 | 사업관리,경영.회계.사무,법률.경찰.소방.교도.국방,기계,재료,화학,전기.전자,환경.에너지.안전,연구 | 신입 | 정규직,청년인턴(채용형) | 경력구분 제외: 신입 단독
[MOEF][전북] 한국장애인개발원 | [제2026-100호] 2026년 제6차 전북특별자치도장애아동·발달장애인지원센터[체험형 청 | 사회복지.종교 | 신입 | 청년인턴(체험형) | 지역외: 전북
[MOEF][인천] 대한적십자사 | 인천혈액원 비정규직 초단시간 임상병리사 모집 공고 | 보건.의료 | 신입 | 비정규직 | 경력구분 제외: 신입 단독
[MOEF][인천] 대한적십자사 | 인천혈액원 비정규직 한시적근로자 사무보조원 모집 공고 | 경영.회계.사무 | 신입 | 비정규직 | 경력구분 제외: 신입 단독
[MOEF][대구] 경북대학교치과병원 | 2026년도 제5차 신규직원(행정직) 채용 공고 | 보건.의료 | 신입 | 정규직 | 지역외: 대구
[MOEF][충북] 국립공원공단 | [속리산] 속리산국립공원사무소 기간제(탐방해설) 직원 채용 공고 | 이용.숙박.여행.오락.스포츠 | 신입+경력 | 비정규직 | 지역외: 충북
[MOEF][강원] 국립공원공단 | [국립공원연구원] 국립공원연구원 기간제(연구복원) 직원 채용 | 환경.에너지.안전 | 신입+경력 | 비정규직 | 지역외: 강원
[MOEF][부산] 한국장애인개발원 | [제2026-102호] 2026년도 제5차 부산광역시장애아동·발달장애인지원센터(장애아동지원 | 사회복지.종교 | 신입 | 청년인턴(체험형) | 지역외: 부산
[MOEF][대구] 경북대학교치과병원 | 제6차 대구-이노덴탈 규제자유특구사업 연구원(계약직) 채용 | 사업관리,보건.의료 | 신입 | 비정규직 | 지역외: 대구
[MOEF][대전] 한국수자원공사 |  [한국수자원공사] 설계처 단기계약근로자(기술관리_전문기술) 채용 공고(육아휴직 대체인력) | 건설,기계,전기.전자,정보통신 | 신입+경력 | 비정규직 | 지역외: 대전
[MOEF][경기] 한국문화진흥주식회사 | 한국문화진흥(주) 뉴서울컨트리클럽 기간제(경기진행) 채용 공고 | 이용.숙박.여행.오락.스포츠 | 신입 | 비정규직 | 경력구분 제외: 신입 단독
[MOEF][전북] 한국국토정보공사 | 2026년 한국국토정보공사 장애인 맞춤훈련 채용(사무지원) 공고 | 경영.회계.사무 | 신입 | 무기계약직 | 지역외: 전북
[MOEF][전남광주] 한국장애인개발원 | [제2026-101호] 2026년도 제4차 전남광주통합특별시광주장애아동·발달장애인지원센터  | 사회복지.종교 | 신입 | 청년인턴(체험형) | 지역외: 전남광주
[MOEF][서울] 대한적십자사 | [대한적십자사 서울지사] 서부봉사관 사무보조원(육아휴직 대체인력) 채용공 | 경영.회계.사무 | 신입 | 비정규직 | 경력구분 제외: 신입 단독
[MOEF][충남,경북] 국립생태원 | 2026년 제6차 국립생태원 기간제근로자(수탁과제) 채용 공고 | 환경.에너지.안전 | 신입+경력 | 비정규직 | 지역외: 충남,경북
[MOEF][경남] 대한적십자사 | (거창적십자병원) 정규직 간호직 간호사 2차 채용 | 보건.의료 | 신입 | 정규직 | 지역외: 경남
[MOEF][충북] 대한적십자사 | 2026년도 혈장분획센터 육아휴직대체 사무보조원 채용 공고 | 경영.회계.사무,보건.의료 | 신입 | 비정규직 | 지역외: 충북
[MOEF][부산] 한국전력공사 | 2026년 부산울산본부 장애인 체육선수 인턴 채용공고 | 이용.숙박.여행.오락.스포츠 | 신입 | 청년인턴(체험형) | 지역외: 부산
[MOEF][부산,울산,경남] 한국전력공사 | 기간제근로자(대체인력) 채용공고[부산울산본부] | 경영.회계.사무,전기.전자 | 신입 | 비정규직 | 지역외: 부산,울산,경남
[MOEF][서울,부산,대구] 대한무역투자진흥공사 | 2026년 4기 체험형 청년인턴 모집 | 경영.회계.사무 | 신입 | 청년인턴(체험형) | 고용형태 제외: 청년인턴(체험형)
[MOEF][서울] (재)한국우편사업진흥원 | 한국우편사업진흥원 기간제 근로자 채용 | 인쇄.목재.가구.공예 | 신입 | 비정규직 | 경력구분 제외: 신입 단독
[MOEF][세종] 산업연구원 | 2026년 제6차 청년인턴 채용공고(장애인 제한경쟁) | 경영.회계.사무 | 신입+경력 | 청년인턴(체험형) | 지역외: 세종
[MOEF][서울] 서울대학교병원 | 서울대학교병원 블라인드 직원채용 (대체근로자) 공고 (장애인 특별우대) | 보건.의료 | 신입 | 비정규직 | 경력구분 제외: 신입 단독
[MOEF][전남광주] 한국토지주택공사 | 한국토지주택공사 광주전남지역본부 기간제근로자(사업관리) 채용공고(2026.09) | 경영.회계.사무,사회복지.종교 | 신입 | 비정규직 | 지역외: 전남광주
[MOEF][서울,부산,인천] 한국전기안전공사 | 2026년 하반기 공무직원 채용 | 경영.회계.사무,법률.경찰.소방.교도.국방,경비.청소,음식서비스,건설,기계,전기.전자,환경.에너지.안전 | 신입 | 무기계약직 | 경력구분 제외: 신입 단독
[MOEF][전북] 한국전기안전공사 | 2026년 하반기 경력직원 채용 | 건설,기계,정보통신,환경.에너지.안전 | 경력 | 정규직 | 지역외: 전북
[MOEF][서울,부산,인천] 한국전기안전공사 | 2026년 하반기 채용형 인턴 채용 | 사업관리,경영.회계.사무,전기.전자,환경.에너지.안전 | 신입 | 청년인턴(채용형) | 고용형태 제외: 청년인턴(채용형)
[MOEF][대구,인천,대전] 한국도로공사 | 2026년 하반기 한국도로공사 일반직 신입(인턴)사원 채용 공고 | 경영.회계.사무,건설,기계,전기.전자,정보통신 | 신입 | 청년인턴(채용형) | 고용형태 제외: 청년인턴(채용형)
[MOEF][전남광주] 한국장애인개발원 | [제2026-98호]2026년도 제4차 전남광주통합특별시전남장애아동·발달장애인지원센터 청년 | 사회복지.종교 | 신입 | 청년인턴(체험형) | 지역외: 전남광주
[MOEF][서울,부산,대구] 한국전력공사 | 2026년도 하반기 전기원 채용공고 | 전기.전자 | 신입 | 정규직 | 경력구분 제외: 신입 단독
[MOEF][대전] 기초과학연구원 | 2026-10회 생명과학 연구클러스터 별정직 채용 공고 | 연구 | 신입 | 청년인턴(체험형) | 지역외: 대전
[MOEF][세종,충북,전남] 한국전력공사 | 2026년도 하반기 기간제 근로자 채용공고[중부건설본부] | 경영.회계.사무,건설,전기.전자 | 경력 | 비정규직 | 지역외: 세종,충북,전남광주
[MOEF][인천] 한국보훈복지의료공단 | [인천보훈병원] 2026-14차 직원 제한경쟁채용(장애인 청년인턴) 공고 | 보건.의료 | 신입+경력 | 청년인턴(체험형) | 고용형태 제외: 청년인턴(체험형)
[MOEF][충남] 한국장애인개발원 | [제2026-99호] 2026년도 제5차 충청남도장애아동·발달장애인지원센터 장애아동 운영지 | 사회복지.종교 | 신입+경력 | 비정규직,청년인턴(체험형) | 지역외: 충남
[MOEF][울산] 근로복지공단 | [울산병원] 별정직 의사 채용 공고 | 보건.의료 | 신입 | 정규직 | 지역외: 울산
[MOEF][서울] 한국장애인개발원 | [제2026-96호] 2026년도 제2차 정책지원부(정책지원팀) 청년인턴 채용 공고 | 사회복지.종교 | 신입 | 청년인턴(체험형) | 고용형태 제외: 청년인턴(체험형)
[MOEF][인천] 근로복지공단 | [직업환경연구원] 연구직(연구위원) 채용 공고 | 보건.의료,연구 | 신입 | 정규직 | 경력구분 제외: 신입 단독
[MOEF][대구] 한국장애인개발원 | [제2026-97호] 2026년도 제6차 대구광역시장애아동·발달장애인지원센터 청년인턴(장애 | 사회복지.종교 | 신입 | 청년인턴(체험형) | 지역외: 대구
[MOEF][서울,부산] 해양환경공단 | 2026년 하반기 해양환경공단 체험형 청년인턴(장애인 제한) 채용 공고 | 경영.회계.사무,환경.에너지.안전 | 신입 | 청년인턴(체험형) | 고용형태 제외: 청년인턴(체험형)
[MOEF][서울,대전,세종] 창업진흥원 | 2026년 창업진흥원 제5차 체험형 청년인턴(일반) 채용 공고 | 사업관리 | 신입 | 청년인턴(체험형) | 고용형태 제외: 청년인턴(체험형)
[MOEF][서울,대전,세종] 창업진흥원 | 2026년 창업진흥원 제5차 체험형 청년인턴(장애) 채용 공고 | 사업관리,경영.회계.사무 | 신입 | 청년인턴(체험형) | 고용형태 제외: 청년인턴(체험형)
[MOEF][경북] 기초과학연구원 | 제2026-2회 기초과학연구원 양자물질 극한물성 연구단 연구직 채용 공고 | 연구 | 신입+경력 | 비정규직 | 지역외: 경북
[MOEF][경남] 한전KDN | 한전KDN(주) 진주지사 배전분야 비정규직 모집공고 | 전기.전자,정보통신 | 신입+경력 | 비정규직 | 지역외: 경남
[MOEF][강원] 건강보험심사평가원 | 건강보험심사평가원 정책소통전문가 채용 공고 | 경영.회계.사무 | 경력 | 비정규직 | 지역외: 강원
[MOEF][경북] 한국전력기술주식회사 | 2026년도 하반기 정규직(신입사원) 채용공고 | 사업관리,경영.회계.사무,문화.예술.디자인.방송,건설,기계,전기.전자,정보통신,환경.에너지.안전 | 신입 | 정규직 | 지역외: 경북
[MOEF][전남광주] 한전KDN | 한전KDN(주) 광주전남본부 전력통신분야 비정규직 모집공고(재공고) | 정보통신 | 신입+경력 | 비정규직 | 지역외: 전남광주
[MOEF][전남광주] 한전KDN | 한전KDN(주) 순천지사 AMI분야 비정규직(장애인) 모집공고 | 정보통신 | 신입+경력 | 비정규직 | 지역외: 전남광주
[MOEF][세종,강원,전남] 한국수목원정원관리원 | 한국수목원정원관리원 2026년 제3차 신규직원 채용 공고 | 사업관리,경영.회계.사무,교육.자연.사회과학,문화.예술.디자인.방송,이용.숙박.여행.오락.스포츠,전기.전자,정보통신,환경.에너지.안전,농림어업 | 신입+경력 | 정규직,무기계약직 | 지역외: 세종,강원,전남광주,경북
[MOEF][서울] 한국발명진흥회 | 2026년 제3차 한국발명진흥회 체험형 인턴 채용(장애인 제한경쟁 및 일반) | 사업관리,경영.회계.사무 | 신입 | 청년인턴(체험형) | 고용형태 제외: 청년인턴(체험형)
[MOEF][부산] 한국발명진흥회 | 2026년 제2차 한국발명진흥회 공무직 채용 | 사업관리,경영.회계.사무 | 신입+경력 | 무기계약직,청년인턴(채용형) | 지역외: 부산
[MOEF][부산] 자동차손해배상진흥원 | 자동차손해배상진흥원 청년인턴(체험형) 채용공고 | 사업관리 | 신입 | 청년인턴(체험형) | 지역외: 부산
[MOEF][세종] 한국개발연구원 | KDI 초빙연구위원 채용 공고 | 연구 | 경력 | 비정규직 | 지역외: 세종
[MOEF][세종] 경제인문사회연구회 | 2026년도 제9차 직원채용 공고(정규직 부전문위원) | 경영.회계.사무 | 신입+경력 | 정규직 | 지역외: 세종
[MOEF][서울,부산,대구] 한국산업은행 | 한국산업은행 2026년 3차 청년인턴 채용공고 | 금융.보험 | 신입 | 청년인턴(체험형) | 고용형태 제외: 청년인턴(체험형)
[MOEF][전북] 국립공원공단 | [새만금환경생태단지관리단] 2026년 새만금환경생태단지관리단 기간제 직원 채용 | 환경.에너지.안전 | 신입+경력 | 비정규직 | 지역외: 전북
[MOEF][울산] 근로복지공단 | [근로복지공단] 기술기능직(기술) 5급 채용 공고 | 건설,기계 | 경력 | 정규직 | 지역외: 울산
[MOEF][서울] 한국여성과학기술인육성재단 | 2026년도 제5차 하반기 체험형 청년인턴 채용 공고 | 경영.회계.사무 | 신입 | 청년인턴(체험형) | 고용형태 제외: 청년인턴(체험형)
[MOEF][부산] 한전KDN | 한전KDN(주) 부산본부 전력통신팀 정보통신설비 작업원(현장보조원) 모집공고 | 정보통신 | 신입+경력 | 비정규직 | 지역외: 부산
[MOEF][경남] 한전KDN | 한전KDN(주) 경남사업처 AMI 분야 비정규직 모집공고 | 전기.전자,정보통신 | 신입+경력 | 비정규직 | 지역외: 경남
[MOEF][충북] 정보통신정책연구원 | 2026년 계약직연구원 공개채용(국제개발협력) | 사업관리 | 신입+경력 | 비정규직 | 지역외: 충북
[MOEF][울산] 한전KDN | 한전KDN(주) 울산지사 26년 AMI 통신망 보강공사 일용근로자 모집공고 | 정보통신 | 신입+경력 | 비정규직 | 지역외: 울산
[MOEF][울산] 에너지경제연구원 | [에너지경제연구원] 공공기관 청년인턴(장애인제한경쟁) 채용 공고(운영지원팀) | 경영.회계.사무 | 신입+경력 | 청년인턴(체험형) | 지역외: 울산
[MOEF][세종] 과학기술정책연구원 | 과학기술정책연구원 4차 연구직/전문연구직/행정직(계약직)(재공고) 채용 | 경영.회계.사무,연구 | 신입+경력 | 비정규직 | 지역외: 세종
[MOEF][인천,충북] 한국고용정보원 | 2026년도 한국고용정보원 2차 직원 채용 공고 | 사업관리,경영.회계.사무,정보통신,연구 | 신입 | 정규직,무기계약직 | 경력구분 제외: 신입 단독
[MOEF][부산] 동남권원자력의학원 | [직원채용] 정규직 약무직(방사성의약품연구팀) 공개 채용(재공고) | 보건.의료 | 신입+경력 | 정규직 | 지역외: 부산
[MOEF][충북] 한국수력원자력(주) | 2026년도 영동양수건설소 기간제근로자(영양사) 채용 | 음식서비스 | 신입+경력 | 비정규직 | 지역외: 충북
[MOEF][서울] 대한적십자사 | 2026년도 하반기 대한적십자사 KOICA 영프로페셔널(YP) 청년인턴 공개모집 | 사업관리,경영.회계.사무 | 신입 | 청년인턴(체험형) | 고용형태 제외: 청년인턴(체험형)
[MOEF][경북] 한국교통안전공단 | 2026년 제4차 한국교통안전공단 기간제근로자(자동차정보처 사무보조_장애) 채용 | 경영.회계.사무 | 신입 | 청년인턴(체험형) | 지역외: 경북
[나라일터][인천] 인천광역시교육청 인천광역시남부교육지원청 인천주안북초등학교 | (인천주안북초) 2026 기간제특수교사(유,초,중등 특수교사 자격 가능) 채용 공고(2차) | e10 | g04 | 고용형태 제외(나라일터): e10
[나라일터][인천] 인천광역시교육청 인천광역시남부교육지원청 인천송림초등학교 | 인천송림초등학교 기간제 교사 (5,6학년 영어전담교사)채용 공고(3차 자격확대) | e10 | g04 | 고용형태 제외(나라일터): e10
[나라일터][인천] 인천광역시교육청 인천광역시서부교육지원청 인천봉수초등학교 | 봉수초 계약제교원(시간강사) 채용 공고(9.28.-5학년담임, 9.30.-3학년담임) | e10 | g04 | 고용형태 제외(나라일터): e10
[나라일터][26290] 부경대학교 | 2026년 제2회 국립부경대학교 국가공무원 경력경쟁채용(해양수산9급) 공고 | e01 | g01 | 지역외(코드): 26290
[나라일터][26290] 부경대학교 | 2026년 제7회 국립부경대학교 국가공무원 전입·지방공무원 경력경쟁채용(행정9급) 희망자  | e07 | g01 | 지역외(코드): 26290
[나라일터][경기] 경기도 과천시 | 2026년도 제2회 과천시 공무직 채용시험 공고(조리사,청소원,CCTV관제원(교통)) | e04 | g02 | 고용형태 제외(나라일터): e04
[나라일터][경기] 의왕도시공사 | 2026년 제7차 기간제근로자 채용 최종합격자 결정 및 임용등록 안내 공고 | e08 | g03 | 고용형태 제외(나라일터): e08
[나라일터][52110] 전북특별자치도 전주시 | 2026년 제10회 전주시 지방임기제공무원 임용계획 공고(인권옹호팀장, 문화유산관리, 한옥 | e01 | g02 | 지역외(코드): 52110
[나라일터][인천] 농림축산식품부 국립농산물품질관리원 경기지원 인천사무소 | 2026년 농지조사원 기간제근로자 추가 채용 공고 | e04 | g01 | 고용형태 제외(나라일터): e04
[나라일터][52180] 전북특별자치도 정읍시 | 2026년 정읍시 보건소장(개방형직위) 임용시험 시행계획 재공고 | e01 | g02 | 지역외(코드): 52180
[나라일터][12330] 전남광주통합특별시 광산구 | 2026년 제9회 광산구 임기제공무원 경력경쟁임용시험 시행 계획 공고 | e01 | g02 | 지역외(코드): 12330
[나라일터][30170] 조달청 | 조달청 기간제근로자 채용 공고(총사업비 검토 업무, 토목1명) | e04 | g01 | 지역외(코드): 30170
[나라일터][27260] 법무부 대구지방교정청 대구구치소 | 대구구치소 한시임기제공무원 8호(공업[기계]) 경력경쟁채용 공고 | e01 | g01 | 지역외(코드): 27260
[나라일터][26170] 해양수산부 | 해양수산부 운영지원과 공무직 근로자(사무원, 조리원) 채용 공고 | e04 | g01 | 지역외(코드): 26170
[나라일터][36110] 문화체육관광부 | 문화체육관광부 공무원(전문경력관 나군 일반임기제) 경력경쟁채용시험 공고 | e01 | g01 | 지역외(코드): 36110
[나라일터][43113] 식품의약품안전처 식품의약품안전평가원 의료기기심사부 | 2026년 식품의약품안전평가원 첨단의료기기과 공무직근로자(정책연구원 나급, 휴직대체인력)  | e04 | g01 | 지역외(코드): 43113
[나라일터][43110] (재)충북문화재단 | 2026년 (재)충북문화재단 제5차 직원(가급, 마급, 기간제) 공개채용 공고 | e08 | g03 | 지역외(코드): 43110
[나라일터][인천] 인천광역시교육청 인천마전고등학교 | 2026학년도 인천마전고등학교 계약제 교원(수학, 역사 시간강사) 채용 공고 | e10 | g04 | 고용형태 제외(나라일터): e10
[나라일터][12110] 국립호남권생물자원관 | 국립호남권생물자원관 기간제·단시간근로자(급식종사자) 채용 재공고 | e08 | g03 | 지역외(코드): 12110
[나라일터][36110] 행정안전부 | 행정안전부 전문임기제 공무원(사회연대경제 활성화 지원) 경력경쟁채용시험 최종합격자 공고 | e01 | g01 | 지역외(코드): 36110
[나라일터][36110] 과학기술정보통신부 우정사업본부 | 우정사업본부 공무원(법무분야) 행정주사 경력경쟁채용시험 최종합격자 공고(합격자 없음) | e01 | g01 | 지역외(코드): 36110
[나라일터][인천] 인천광역시교육청 계산공업고등학교 | 2026학년도 2학기 시간강사(과학) 채용 | e10 | g04 | 고용형태 제외(나라일터): e10
[나라일터][26410] 부산대학교 산학협력단 | 부산대학교 산학협력단(국립대학육성사업) 사업직원 채용 공고 | e04 | g01 | 지역외(코드): 26410
[나라일터][12800] 산업통상부 대불자유무역지역관리원 | 2026년 대불자유무역지역관리원 공무직(조경) 근로자 채용 공고 | e04 | g01 | 지역외(코드): 12800
[나라일터][인천] 인천광역시교육청 인천광역시북부교육지원청 인천부현초등학교 | 2026학년도 인천부현초등학교 기간제교사 채용 2차 공고 | e10 | g04 | 고용형태 제외(나라일터): e10
[나라일터][26410] 부산대학교 산학협력단 | 부산대학교 산학협력단(창업중심대학) 사업직원 채용 공고 | e04 | g01 | 지역외(코드): 26410
[나라일터][인천] 인천광역시교육청 인천광역시서부교육지원청 인천당하중학교 | 인천당하중학교 기술가정과 시간강사 채용 공고 | e10 | g04 | 고용형태 제외(나라일터): e10
[나라일터][인천] 인천광역시교육청 인천광역시동부교육지원청 인천송명초등학교 | 2026학년도 계약제교원(기간제교사)채용 공고 | e10 | g04 | 고용형태 제외(나라일터): e10
[나라일터][52000] 법무부 전주출입국.외국인사무소 | [전주출입국.외국인사무소 군산출장소] 2026년 청년인턴 채용 재공고 | e04 | g01 | 지역외(코드): 52000
[나라일터][경기] 경찰청 경기도남부경찰청 | 경기도남부경찰청 용인체력단련장 공무직근로자(무기계약직 시설관리원) 채용 공고 | e04 | g01 | 고용형태 제외(나라일터): e04
[나라일터][30170] 대전광역시 서구 | 대전광역시 서구 지방임기제공무원 채용시험 시행계획 재공고(주택관리사, 아동보호 전담요원) | e01 | g02 | 지역외(코드): 30170
[나라일터][인천] 인천광역시교육청 인천광역시북부교육지원청 인천작전초등학교 | 인천작전초등학교 영양(교)사 단기 채용 공고 [종일제강사 / 10. 19.(월)~28.(수 | e10 | g04 | 고용형태 제외(나라일터): e10
[나라일터][서울] 공무원연금공단 | 공무원연금공단 자금운용 전문계약직(해외투자팀장) 채용 공고 | e08 | g03 | 고용형태 제외(나라일터): e08
[나라일터][30140] 병무청 대전충남지방병무청 | 대전충남지방병무청 2차 청년인턴 최종합격자 공고 | e04 | g01 | 지역외(코드): 30140
[나라일터][서울] 서울특별시교육청 서울특별시북부교육지원청 | 2026년도 9월 북부교육지원청 관내 학교(중계초, 창경초) 기간제교원 채용지원 채용계획  | e10 | g04 | 고용형태 제외(나라일터): e10
[나라일터][경기] 한국국제협력단 | 한국국제협력단 임원(이사장) 공모 | e08 | g03 | 고용형태 제외(나라일터): e08
[나라일터][48125] 질병관리청 국립마산병원 | 2026년 국립마산병원 한시임기제공무원(간호직) 경력경쟁채용시험 공고 | e01 | g01 | 지역외(코드): 48125
[나라일터][경기] 병무청 경인지방병무청 | 경인지방병무청 공무직근로자(미화) 채용시험 공고 | e04 | g01 | 고용형태 제외(나라일터): e04
[나라일터][47110] 포항시시설관리공단 | 2026년 학산공원국민체육센터 GX 프로그램 강사 위촉 공고 | e08 | g03 | 지역외(코드): 47110
[나라일터][경기] 법무부 화성외국인보호소 | [화성외국인보호소]2026년도 제12회 공무직근로자(조리원)채용 서류전형 합격자 발표 및  | e04 | g01 | 고용형태 제외(나라일터): e04
[나라일터][서울] 서울특별시교육청 용문고등학교 | 2026-2학기 용문고등학교 물리 시간강사 채용 공고(유사과목: 생명과학, 지구과학, 화학 | e10 | g04 | 고용형태 제외(나라일터): e10
[나라일터][43113] 보건복지부 오송생명과학단지지원센터 | 오송생명과학단지지원센터 8급(공업,시설) 지방공무원 전입(경력경쟁채용)시험 공고 | e07 | g01 | 지역외(코드): 43113
[나라일터][경기] 경기도교육청 대지고등학교 | 기간제교사 채용 공고(통합사회) | e10 | g04 | 고용형태 제외(나라일터): e10
[나라일터][51230] 강원대학교 | 강원대학교 경력경쟁채용 최종합격자 공고(운전) | e01 | g01 | 지역외(코드): 51230
[나라일터][지역 미상] 중소벤처기업연구원 | 중소벤처기업연구원(KOSI) 비상임 이사 초빙 공고 | e08 | g03 | 고용형태 제외(나라일터): e08
[나라일터][경기] 경찰청 경기도북부경찰청 남양주남부경찰서 | 남양주남부경찰서 구내식당 조리사 채용 공고 | e04 | g01 | 고용형태 제외(나라일터): e04
[나라일터][인천] 인천광역시교육청 인천광역시동부교육지원청 인천정각중학교 | 2026학년도 인천정각중학교 기간제교원(음악) 채용 공고 | e10 | g04 | 고용형태 제외(나라일터): e10
[나라일터][인천] 인천광역시청소년활동진흥센터 | 인천광역시청소년활동진흥센터 직원(정규직, 계약직) 채용 | e08 | g03 | 고용형태 제외(나라일터): e08
[나라일터][인천] 기후에너지환경부 화학물질안전원 | 2026년 3차 화학물질안전원 시설관리원 수시 채용 공고 | e04 | g01 | 고용형태 제외(나라일터): e04
[나라일터][서울] 서울에너지공사 | [서울에너지공사] 2026년 개방형 직위 공개모집 공고(모집분야: 기술실장, 법무·홍보·전 | e08 | g03 | 고용형태 제외(나라일터): e08
[나라일터][36110] 국토교통부 | 국토교통부 홍보분야 전문임기제공무원 경력경쟁채용시험 공고 | e01 | g01 | 지역외(코드): 36110
[나라일터][경기] 경기도교육청 여주고등학교 | 2026학년도 여주고등학교 계약제교원 채용 공고(영어) | e10 | g04 | 고용형태 제외(나라일터): e10
[나라일터][경기] 경기도교육청 안산공업고등학교 | 2026학년도 기간제교사(통합사회) 채용공고(2차) | e10 | g04 | 고용형태 제외(나라일터): e10
[나라일터][27290] 과학기술정보통신부 우정사업본부 경북지방우정청 | [경북지방우정청] 보건관리 전문인력(간호서기) 경력경쟁채용시험 최종합격자 공고 | e01 | g01 | 지역외(코드): 27290
[나라일터][지역 미상] 한국남동발전㈜ | 한국남동발전(주) 비상임이사 모집공고 | e08 | g03 | 고용형태 제외(나라일터): e08
[나라일터][48120] 경상남도 의회사무처 | 제1회 경상남도의회 전입희망 공무원 모집 공고 | e07 | g02 | 지역외(코드): 48120
[나라일터][47110] 포항시시설관리공단 | 포항시시설관리공단 평생교육프로그램 강사 서류전형 합격자 발표 및 면접시험 공고 | e08 | g03 | 지역외(코드): 47110
[나라일터][43112] 충청북도교육청 | [합격자발표] 충청북도교육청 일반임기제공무원(안전관리, 7급 상당) 경력경쟁임용시험 서류전 | e10 | g04 | 지역외(코드): 43112
[나라일터][27140] 한국사학진흥재단 | 한국사학진흥재단 제12대 사무총장 공개모집 안내 | e08 | g03 | 지역외(코드): 27140
[나라일터][36110] 산업통상부 | 2026년도 산업통상부 공무직 근로자(영문에디터) 채용시험 최종합격자 공고 | e01 | g01 | 지역외(코드): 36110
[나라일터][51000] 병무청 강원지방병무청 강원영동병무지청 | 강원영동병무지청 청년인턴 채용 최종합격자 공고 | e01 | g01 | 지역외(코드): 51000
[나라일터][48123,31] 기후에너지환경부 낙동강유역환경청 | 2026년 제2차 기후에너지환경부 (낙동강유역환경청) 청년인턴 면접시험 결과 및 최종합격자 | e04 | g01 | 지역외: 48123,31710
[나라일터][경기] 법무부 서울지방교정청 의정부교도소 | [의정부교도소] 2026년 제2회 의정부교도소 공무직근로자 장애인 제한경쟁 채용시험 서류전 | e04 | g01 | 고용형태 제외(나라일터): e04
[나라일터][44760] 국가유산청 국립문화유산연구원 국립부여문화유산연구소 | 국립부여문화유산연구소 기간제근로자(연구원, 고고학분야) 서류전형 합격자 및 면접전형 공고 | e04 | g01 | 지역외(코드): 44760
[철도산업정보][지역 미상] 한국철도공사 | 2026년 하반기 한국철도공사 청년 체험형 인턴사원 채용공고 |  | 제외어: 인턴
[한국철도공사][서울] 한국철도공사 | 2026년 하반기 한국철도공사 청년 체험형 인턴사원 채용공고(~9.30. 14:00)새글 |  | 제외어: 인턴
[MOEF][인천] 극지연구소 | 2026년 하반기(2차) 육아휴직대체인력(행정·기술) 공개채용 공고 | 경영.회계.사무,건설 | 신입+경력 | 비정규직 | 키워드 미매칭
[MOEF][부산,인천,경남] 극지연구소 | 2026년 하반기 극지연구소 기간제계약직 채용 공고 | 기계,화학,전기.전자,정보통신,환경.에너지.안전,연구 | 신입+경력 | 비정규직 | 키워드 미매칭
[MOEF][인천] 극지연구소 | 2026년 하반기 극지연구소 무기계약직(행정직) 채용 공고 | 경영.회계.사무 | 신입+경력 | 무기계약직 | 키워드 미매칭
[MOEF][경기] 한전KPS(주) | 한전KPS(주) 서울경기전력지사 성남지점 상주감시자 모집 | 전기.전자 | 신입+경력 | 비정규직 | 키워드 미매칭
[철도산업정보][지역 미상] 대전교통공사 | 2026년도 하반기 신규직원(일반직, 공무직) 채용 변경 공고 |  | 키워드 미매칭
[철도산업정보][지역 미상] 김포골드라인(주) | 김포골드라인에스알에스(주) 직원 공개 모집 |  | 키워드 미매칭
[철도산업정보][지역 미상] 국토교통부 | 2026년 서울지방국토관리청 공업서기보(운전직류) 경력경쟁채용시험 공고 |  | 키워드 미매칭
[철도산업정보][지역 미상] 국토교통부 | 2026년 국토교통부 대전지방국토관리청 공업서기보(운전직류) 경력경쟁채용시... |  | 키워드 미매칭
[철도산업정보][지역 미상] 국토교통부 | 2026년 익산지방국토관리청 공업서기보(운전직류) 경력경쟁채용시험 공고 |  | 키워드 미매칭
[철도산업정보][지역 미상] 국토교통부 | 2026년 원주지방국토관리청 공업서기보(운전직류) 경력경쟁채용시험 시행계획... |  | 키워드 미매칭