=== 2026-10-08 필터 통계 ===
  수집               471건
  중복 제거            3건
  지역 제외            250건
  상태 제외            0건
  고용형태 제외          45건
  경력구분 제외          35건
  제외어              5건
  키워드 미매칭          3건
  링크없음 제외          0건
  트랙A 매칭           0건
  트랙B 매칭           0건
  트랙C 매칭           0건
----------------------------------------
[KRID][서울특별시] 금천구시설관리공단 | [2026년 제7회] 기간제근로자(시설관리지원) 및 체험형 청년인턴 채용 | 이용·숙박·여행·오락·스포츠 | 인턴 | 모집중 | 제외어: 청년인턴
[KRID][경기도] 고양도시관리공사 | 고양도시관리공사 청년 체험형 인턴 채용공고 | 경영·회계·사무 | 인턴 | 모집중 | 제외어: 인턴
[MOEF][경기] 한국전력공사 | 기간제근로자(대체인력) 채용공고 [경기본부] | 경영.회계.사무,전기.전자 | 신입 | 비정규직 | 경력구분 제외: 신입 단독
[MOEF][경북] 한국전력공사 | 기간제근로자(대체인력) 채용공고[대구본부] | 전기.전자 | 신입 | 비정규직 | 지역외: 경북
[MOEF][대구] 경북대학교병원 | 칠곡경북대학교병원 2026년 10월 2차 임시직원 채용공고(약사, 방사선사, 청소, 소방) | 보건.의료 | 신입+경력 | 비정규직 | 지역외: 대구
[MOEF][대전] 선박해양플랜트연구소 | 2026년 체험형 청년인턴(인턴행정원) 공개채용 | 경영.회계.사무 | 신입+경력 | 청년인턴(체험형) | 지역외: 대전
[MOEF][대전] 선박해양플랜트연구소 | 2026년 2차 육아휴직 대체인력(계약직행정원) 공개채용 | 사업관리,경영.회계.사무 | 신입+경력 | 비정규직 | 지역외: 대전
[MOEF][경남] 한전KDN | 한전KDN(주) 진주지사 AMI 분야 비정규직(장애인) 모집공고{재공고} | 전기.전자,정보통신 | 신입+경력 | 비정규직 | 지역외: 경남
[MOEF][경남] 한전KDN | 한전KDN(주) 진주지사 AMI 통신망 보강공사 비정규직 모집공고 | 전기.전자,정보통신 | 신입+경력 | 비정규직 | 지역외: 경남
[MOEF][경남] 한전KDN | 한전KDN(주) 진주지사 AMI 일괄위탁 유지보수 비정규직 모집공고 | 전기.전자,정보통신 | 신입+경력 | 비정규직 | 지역외: 경남
[MOEF][대전] 한국철도공사 | 2026년 제2차 한국철도공사 국가 R&D 위촉연구원 채용공고 | 연구 | 신입+경력 | 비정규직 | 지역외: 대전
[MOEF][세종] 충남대학교병원 | [세종] 2026년 하반기 세종충남대학교병원 정규직(행정직, 보건직, 간호조무직) 공개채용 | 보건.의료 | 신입+경력 | 정규직 | 지역외: 세종
[MOEF][대전] 충남대학교병원 | [대전] 2026년 하반기 충남대학교병원 정규직(행정직, 보건직, 전산직, 간호조무직, 원 | 보건.의료 | 신입 | 정규직 | 지역외: 대전
[MOEF][충남] 한국기술교육대학교 | 2027학년도 상반기 전임교원 채용공고 | 교육.자연.사회과학 | 신입 | 정규직 | 지역외: 충남
[MOEF][인천] 한국토지주택공사 | 한국토지주택공사 인천지역본부 기간제근로자(전세사기 최소보장 지원 업무보조 외) 채용공고 | 경영.회계.사무,사회복지.종교 | 신입 | 비정규직 | 경력구분 제외: 신입 단독
[MOEF][경북] 국립공원공단 | [팔공산서부] 2026년 팔공산국립공원서부사무소 가을철 한시인력(산불감시) 직원 채용 | 경비.청소 | 신입+경력 | 비정규직 | 지역외: 경북
[MOEF][대전] 근로복지공단 | [대전병원] 기간제(산업위생사) 채용 공고 | 보건.의료 | 신입 | 비정규직 | 지역외: 대전
[MOEF][충남] 국립공원공단 | [태안] 2026년 태안해안 기간제(한시인력_탐방로보수) 직원 채용 | 환경.에너지.안전 | 신입+경력 | 비정규직 | 지역외: 충남
[MOEF][대전,충남] 한전KPS(주) | 한전KPS(주)충남전북전력지사(대전지점) 단기노무원 채용 공고 | 전기.전자 | 신입+경력 | 비정규직 | 지역외: 대전,충남
[MOEF][강원] 한전KPS(주) | 한전KPS(주)강원충북전력지사 단기노무원(기술팀 차량순시) 채용공고(33차) | 건설,전기.전자 | 신입+경력 | 비정규직 | 지역외: 강원
[MOEF][전남광주] 국립공원공단 | [무등산] 2026년 무등산국립공원 한시인력(국립공원지킴이) 5차 채용공고 | 환경.에너지.안전 | 신입+경력 | 비정규직 | 지역외: 전남광주
[MOEF][충남] 국립공원공단 | [태안] 2026년 태안해안 기간제(한시인력) 국립공원지킴이 모집 공고 | 환경.에너지.안전 | 신입+경력 | 비정규직 | 지역외: 충남
[MOEF][충남] 국립공원공단 | [태안] 2026년 태안해안 기간제(한시인력_수익시설) 직원 채용 | 환경.에너지.안전 | 신입+경력 | 비정규직 | 지역외: 충남
[MOEF][충남] 국립공원공단 | [태안] 2026년 태안해안 기간제(한시인력_환경관리) 직원 채용 | 환경.에너지.안전 | 신입+경력 | 비정규직 | 지역외: 충남
[MOEF][충남] 국립공원공단 | [태안] 2026년 태안해안 기간제(한시인력_산불감시) 직원 채용 | 환경.에너지.안전 | 신입+경력 | 비정규직 | 지역외: 충남
[MOEF][울산] 근로복지공단 | [근로복지공단] 기간제(퇴직연금운영요원) 채용 공고  | 경영.회계.사무 | 신입 | 비정규직 | 지역외: 울산
[MOEF][울산] 근로복지공단 | [근로복지공단] 공무직(시설경비원) 채용 공고 | 경비.청소 | 신입 | 무기계약직 | 지역외: 울산
[MOEF][전북] 국립공원공단 | [내장산] 2026년 내장산국립공원 가을 성수기 기간제(환경관리) 채용 공고 | 경비.청소,환경.에너지.안전 | 신입+경력 | 비정규직 | 지역외: 전북
[MOEF][전북] 국립공원공단 | [내장산] 2026년 내장산국립공원 가을 성수기 기간제(수익시설) 채용 공고 | 이용.숙박.여행.오락.스포츠,환경.에너지.안전 | 신입+경력 | 비정규직 | 지역외: 전북
[MOEF][경북] 국립공원공단 | [소백산생태탐방원] 2026년 소백산생태탐방원 기간제(한시인력_국립공원지킴이) 채용(2차) | 환경.에너지.안전 | 신입+경력 | 비정규직 | 지역외: 경북
[MOEF][강원] 국립공원공단 | [치악산] 치악산국립공원사무소 기간제(수익시설) 직원 채용 | 이용.숙박.여행.오락.스포츠 | 신입+경력 | 비정규직 | 지역외: 강원
[MOEF][경북] 한국수자원공사 | [한국수자원공사] 경북지역협력단 영덕2현대화사업팀 특수직(기술관리_건설사업) 채용 공고 | 사업관리,건설,기계,전기.전자,정보통신,환경.에너지.안전 | 신입+경력 | 비정규직 | 지역외: 경북
[MOEF][전북] 한국청소년활동진흥원 | 2026년 제3차 한국청소년활동진흥원 개방형 직위 채용 공고 | 경영.회계.사무,사회복지.종교 | 경력 | 비정규직 | 지역외: 전북
[MOEF][전북] 한전KDN | 한전KDN(주) 전북사업처 배전자동화 통신공사 일용근로자 모집공고 | 정보통신 | 신입+경력 | 비정규직 | 지역외: 전북
[MOEF][부산] 한전KPS(주) | 한전KPS(주) 고리2사업처 ‘26년도 단기노무원 통합 3차 채용 공고 | 환경.에너지.안전 | 신입+경력 | 비정규직 | 지역외: 부산
[MOEF][대전] 기초과학연구원 | 제2026-4회 중이온가속기연구소 별정직 직원 채용 공고(육아휴직 대체인력) | 경영.회계.사무 | 신입+경력 | 비정규직 | 지역외: 대전
[MOEF][경기] 한국토지주택공사 | 한국토지주택공사 기간제근로자(전세사기 최소보장 지원) 채용공고 | 경영.회계.사무 | 신입 | 비정규직 | 경력구분 제외: 신입 단독
[MOEF][부산] 아시아·태평양경제협력체 기후센터 | 아시아·태평양경제협력체 기후센터 행정원 채용 공고(2026-03) | 경영.회계.사무,연구 | 경력 | 비정규직 | 지역외: 부산
[MOEF][충남] 한전KDN | 한전KDN(주) 보안관제 프로젝트 계약근로자 채용공고 | 정보통신 | 신입+경력 | 비정규직 | 지역외: 충남
[MOEF][경기] 한국고용노동교육원 | 2026년도 4차 계약직(휴직대체) 채용공고_한국고용노동교육원 | 경영.회계.사무,교육.자연.사회과학 | 신입 | 비정규직 | 경력구분 제외: 신입 단독
[MOEF][서울] 한국영유아보육·교육진흥원 | [한국영유아보육·교육진흥원] 2026년 제4차 직원(장애 제한) 채용 공고 | 사업관리,경영.회계.사무 | 신입 | 비정규직 | 경력구분 제외: 신입 단독
[MOEF][대구] 경북대학교병원 | 칠곡경북대학교병원 2026년 10월 1차 임시직원 채용공고(행정, 간호사, 사회복지사, 업 | 보건.의료 | 신입+경력 | 비정규직 | 지역외: 대구
[MOEF][경북] 한국법무보호복지공단 | 2026년 한국법무보호복지공단 개방형직위(미래전략부장) 경력경쟁채용 공고 | 사업관리,경영.회계.사무,법률.경찰.소방.교도.국방,사회복지.종교 | 경력 | 비정규직 | 지역외: 경북
[MOEF][대구] 한국보훈복지의료공단 | [대구보훈병원] 의사직(핵의학과) 채용 공고 | 보건.의료 | 신입+경력 | 비정규직 | 지역외: 대구
[MOEF][부산] 부산항만공사 | 부산항만공사 체험형 청년인턴 채용 공고 | 경영.회계.사무,영업판매,건설,환경.에너지.안전 | 신입 | 청년인턴(체험형) | 지역외: 부산
[MOEF][대전] 정보통신기획평가원 | 2026년 정보통신기획평가원 직원채용(위촉직, 전문위원(변호사)) 공고 | 사업관리,법률.경찰.소방.교도.국방 | 신입+경력 | 비정규직 | 지역외: 대전
[MOEF][전북] 국립공원공단 | [내장산] 2026년 내장산국립공원 가을성수기 국립공원지킴이(한시인력) 2차 채용 공고 | 경비.청소,건설 | 신입+경력 | 비정규직 | 지역외: 전북
[MOEF][강원] 근로복지공단 | [강원지역관내] 공무직(보험가입조사원) 채용 공고 | 경영.회계.사무 | 신입 | 무기계약직 | 지역외: 강원
[MOEF][울산] 한전KDN | 한전KDN(주) 울산지사 배전분야 일용원 모집공고 | 정보통신 | 신입+경력 | 비정규직 | 지역외: 울산
[MOEF][서울] 한국언론진흥재단 | 한국언론진흥재단 2026년 2차 정규직 신입사원 채용 공고 | 사업관리,경영.회계.사무,교육.자연.사회과학,문화.예술.디자인.방송,정보통신 | 신입 | 정규직 | 경력구분 제외: 신입 단독
[MOEF][전남광주] 한국보훈복지의료공단 | [광주보훈병원] 체험형 청년인턴(고객 및 행정지원) 채용 공고 | 보건.의료 | 신입+경력 | 청년인턴(체험형) | 지역외: 전남광주
[MOEF][전남광주] 한국보훈복지의료공단 | [광주보훈병원] 정규직-무기계약직 업무지원직(고객지원, 급식) 직원 채용 공고 | 보건.의료 | 신입+경력 | 무기계약직 | 지역외: 전남광주
[MOEF][경기] 주택관리공단(주) | 채용형 인턴 채용공고(주택관리공단 경기남부지사) | 건설,기계,전기.전자,환경.에너지.안전 | 신입+경력 | 청년인턴(채용형) | 고용형태 제외: 청년인턴(채용형)
[MOEF][인천,울산,경기] 한전MCS(주) | 한전MCS '26년 도서발전 계약직 신규채용 공고 | 기계,전기.전자 | 신입 | 비정규직 | 경력구분 제외: 신입 단독
[MOEF][부산] 한국해양수산연수원 | 한국해양수산연수원 2026년도 개방형계약직(감사실장)채용 재공고 | 사업관리,경영.회계.사무,법률.경찰.소방.교도.국방 | 경력 | 비정규직 | 지역외: 부산
[MOEF][서울,인천,경기] 한국전력공사 | 한국전력 럭비단 기간제 운동선수 채용공고 | 이용.숙박.여행.오락.스포츠 | 신입 | 비정규직 | 경력구분 제외: 신입 단독
[MOEF][경기] 한국전력공사 | 한국전력 육상단 기간제 운동선수 채용공고 | 이용.숙박.여행.오락.스포츠 | 신입 | 비정규직 | 경력구분 제외: 신입 단독
[MOEF][강원] 대한석탄공사 | 2026년 한시적계약직 특별채용 2차 재공고(팀장급) | 경영.회계.사무,환경.에너지.안전 | 경력 | 비정규직 | 지역외: 강원
[MOEF][세종] 한국조세재정연구원 | [한국조세재정연구원] 연구위원급(Research Fellow) 정기채용 | 연구 | 신입+경력 | 정규직 | 지역외: 세종
[MOEF][서울,부산,대전] 한국수력원자력(주) | 2026년도 제2차 체험형 청년인턴 선발 | 경영.회계.사무,건설,기계,화학,전기.전자,정보통신,환경.에너지.안전 | 신입 | 청년인턴(체험형) | 고용형태 제외: 청년인턴(체험형)
[MOEF][제주] 제주대학교병원 | 제주대학교병원 계약직(행정, 방사선사, 간호사 또는 응급구조사 또는 보건의료정보관리사) 모 | 보건.의료 | 신입+경력 | 무기계약직 | 지역외: 제주
[MOEF][제주] 제주대학교병원 | 제주대학교병원 사업인력 계약직(권역정신응급의료센터_보안인력, 지역장애인보건의료센터_사회복지 | 보건.의료 | 신입+경력 | 비정규직 | 지역외: 제주
[MOEF][인천] 대한적십자사 | 경인권역재활병원 비정규직(대체인력) 물리치료사 채용 공고(2026.11.2.임용)(1) | 보건.의료 | 신입 | 비정규직 | 경력구분 제외: 신입 단독
[MOEF][경남] 부산대학교치과병원 | 부산대학교치과병원 정규직(행정직_사회복지사) 직원 모집 공고 | 보건.의료 | 신입+경력 | 정규직 | 지역외: 경남
[MOEF][대구] 학교법인한국폴리텍 | 한국폴리텍대학 남대구캠퍼스 체험형 청년인턴(일반) 채용 공고 | 경영.회계.사무 | 신입+경력 | 청년인턴(체험형) | 지역외: 대구
[MOEF][경북] 대한적십자사 | [영주적십자병원] 정규직 조리사, 계약직(간호조무사(상근직), 보조원(장애)), 육아휴직대 | 보건.의료 | 신입 | 정규직,비정규직 | 지역외: 경북
[MOEF][전남광주] 한국보훈복지의료공단 | [광주보훈병원] 청년인턴(체험형) 채용 공고 | 보건.의료 | 신입+경력 | 청년인턴(체험형) | 지역외: 전남광주
[MOEF][서울,부산,대구] 한국자산관리공사 | 2026년도 한국자산관리공사 체험형 인턴(2차) 채용공고 | 경영.회계.사무,금융.보험,영업판매,건설 | 신입 | 청년인턴(체험형) | 고용형태 제외: 청년인턴(체험형)
[MOEF][충북] 한국교육과정평가원 | 2026년 11월 한국교육과정평가원 비정규직원 모집 공고 | 연구 | 신입 | 비정규직 | 지역외: 충북
[MOEF][대전] 한국수자원공사 | [한국수자원공사] 안전본부 특수직(사무관리_서무보조) 채용 공고 | 경영.회계.사무 | 신입+경력 | 비정규직 | 지역외: 대전
[MOEF][세종] 한국환경연구원 | [한국환경연구원] 임시직(기후변화적응 및 국제협력) 채용공고(1002) | 연구 | 신입+경력 | 비정규직 | 지역외: 세종
[MOEF][전남광주] 전남대학교병원 | 2026년 10월 전남대학교병원 직원(대체근로자) 공개채용 공고 | 보건.의료 | 신입 | 비정규직 | 지역외: 전남광주
[MOEF][부산] 동남권원자력의학원 | [직원채용] 별정직 의사직(마취통증의학과) 상시 모집 공고 | 보건.의료 | 신입+경력 | 비정규직 | 지역외: 부산
[MOEF][대구] 한국보훈복지의료공단 | [대구보훈병원] 계약직 간호직(야간전담간호사) 긴급 채용 공고 | 보건.의료 | 신입+경력 | 비정규직 | 지역외: 대구
[MOEF][세종] 건축공간연구원 | 건축공간연구원 위촉직 모집 | 연구 | 신입+경력 | 비정규직 | 지역외: 세종
[MOEF][대전] 한국보훈복지의료공단 | [대전보훈병원] 전문의(심장내과, 외과, 진단검사의학과) 채용 공고 | 보건.의료 | 신입+경력 | 비정규직 | 지역외: 대전
[MOEF][강원] 한국보훈복지의료공단 | [원주보훈요양원] 2026년 제3차 체험형 청년인턴(장애인) 채용  | 사회복지.종교 | 신입 | 비정규직 | 지역외: 강원
[MOEF][강원] 한국보훈복지의료공단 | [원주보훈요양원] 2026년 제6차 요양보호직 공개채용  | 사회복지.종교 | 신입+경력 | 정규직 | 지역외: 강원
[MOEF][서울] 한국수출입은행 | 한국수출입은행 2026년 하반기 전문직행원(신입) 채용 | 사업관리,경영.회계.사무,금융.보험,정보통신 | 신입 | 정규직 | 경력구분 제외: 신입 단독
[MOEF][인천] 근로복지공단 | [직업환경연구원] 연구직(연구위원) 채용 공고 | 보건.의료,연구 | 신입 | 정규직 | 경력구분 제외: 신입 단독
[MOEF][대전] 한국보훈복지의료공단 | [대전보훈병원] 정규직(업무지원직(완화의료, 청소)) 및 계약직(일반기능직(영선)) 채용  | 보건.의료 | 신입+경력 | 무기계약직,비정규직 | 지역외: 대전
[MOEF][울산] 근로복지공단 | [울산병원] 별정직 의사(영상의학과) 채용 공고 | 보건.의료 | 신입 | 정규직 | 지역외: 울산
[MOEF][전남광주] 한전KPS(주) | 한전KPS(주)여수사업처 단기노무원 모집 | 기계 | 신입+경력 | 비정규직 | 지역외: 전남광주
[MOEF][강원] 근로복지공단 | [태백병원] 공무직(전기기계통신기사-기계분야) 채용 공고 | 보건.의료 | 신입 | 무기계약직 | 지역외: 강원
[MOEF][강원] 근로복지공단 | [태백병원] 기간제 의사(응급실전담의) 채용 공고 | 보건.의료 | 신입 | 비정규직 | 지역외: 강원
[MOEF][대구] 한국보훈복지의료공단 | [대구보훈요양원] 2026년 제7차 정규직 요양보호직 공개채용 공고 | 사회복지.종교 | 신입+경력 | 정규직 | 지역외: 대구
[MOEF][전남광주] 한국장애인개발원 | [제2026-114호]2026년도 제5차 전남광주통합특별시전남장애아동·발달장애인지원센터 체 | 사회복지.종교 | 신입 | 청년인턴(체험형) | 지역외: 전남광주
[MOEF][충북] 한국토지주택공사 | 한국토지주택공사 충북지역본부 기간제근로자(보상일반역, 보상전문역) 채용공고 | 경영.회계.사무,영업판매 | 신입+경력 | 비정규직 | 지역외: 충북
[MOEF][부산] 대한적십자사 | 부산혈액원 비정규직 초단시간 임상병리사 채용 공고(3차) | 보건.의료 | 신입 | 비정규직 | 지역외: 부산
[MOEF][부산] 한국보훈복지의료공단 | [부산보훈병원] 청년인턴(체험형-일반, 장애) 긴급채용공고 | 보건.의료 | 신입+경력 | 청년인턴(체험형) | 지역외: 부산
[MOEF][대구] 한국보훈복지의료공단 | [대구보훈병원] 청년인턴(장애) 긴급 채용 공고 | 보건.의료 | 신입+경력 | 청년인턴(체험형) | 지역외: 대구
[MOEF][울산] 한전KDN | 한전KDN(주) 울산지사 26년 AMI 통신망 보강공사 일용근로자 모집공고 | 정보통신 | 신입+경력 | 비정규직 | 지역외: 울산
[MOEF][부산] 한국보훈복지의료공단 | [부산보훈병원] 계약직(간호조무사, 간병지원, 행정) 긴급채용공고 | 보건.의료 | 신입+경력 | 비정규직 | 지역외: 부산
[MOEF][충북] 충북대학교병원 | 2026년 10월 2차 충북대학교병원 기간제근무자 모집 공고 | 보건.의료 | 신입+경력 | 비정규직 | 지역외: 충북
[MOEF][부산] 한국보훈복지의료공단 | [부산보훈병원] 전문의(영상의학과) 긴급채용공고 | 보건.의료 | 신입+경력 | 비정규직 | 지역외: 부산
[MOEF][충북] 한국토지주택공사 | 한국토지주택공사 충북지역본부 기간제근로자 (대체채용, 전세사기 피해자 지원 등) 채용공고 | 경영.회계.사무,사회복지.종교 | 신입+경력 | 비정규직 | 지역외: 충북
[MOEF][서울] 한국콘텐츠진흥원 | 2026년 4분기 한국콘텐츠진흥원 공무직원(환경미화(보훈)) 채용 재공고 | 경비.청소 | 신입 | 무기계약직 | 경력구분 제외: 신입 단독
[MOEF][대구] 경북대학교치과병원 | 2026년 제15차 청년인턴(진료지원-치과위생사/치과보존과) 채용 공고 | 보건.의료 | 신입 | 청년인턴(체험형) | 지역외: 대구
[MOEF][부산] 학교법인한국폴리텍 | 한국폴리텍대학 부산캠퍼스 2026년 청년인턴(일반) 2차 채용 | 경영.회계.사무 | 신입+경력 | 청년인턴(체험형) | 지역외: 부산
[MOEF][부산] 학교법인한국폴리텍 | 한국폴리텍대학 부산캠퍼스 2026년 행정지원직(휴직대체_냉난방원) 채용 | 건설,기계 | 신입+경력 | 비정규직 | 지역외: 부산
[MOEF][경기,충북,충남] 한국도로공사 | 2026년 한국도로공사 순찰직(안전순찰원) 채용 공고 [일반전형] | 운전.운송 | 신입 | 무기계약직 | 경력구분 제외: 신입 단독
[MOEF][경기,충남,전남] 한국도로공사 | 2026년 한국도로공사 실무직(상황관리원) 채용 공고 [일반전형] | 환경.에너지.안전 | 신입 | 무기계약직 | 경력구분 제외: 신입 단독
[MOEF][전북] 한국도로공사 | 2026년 한국도로공사 실무직(사무원) 채용 공고 [취업지원대상자 보훈전형] | 경영.회계.사무 | 신입 | 무기계약직 | 지역외: 전북
[MOEF][대구,울산,경기] 한국도로공사 | 2026년 한국도로공사 실무직(도로관리원) 채용 공고 [일반전형] | 경비.청소 | 신입 | 무기계약직 | 경력구분 제외: 신입 단독
[MOEF][경기,충남,전북] 한국도로공사 | 2026년 한국도로공사 정비직(8급) 채용 공고 [일반전형] | 기계 | 신입 | 정규직 | 경력구분 제외: 신입 단독
[MOEF][전남광주] 한국토지주택공사 | 한국토지주택공사 광주전남지역본부 기간제근로자(보상일반역, 보상전문역) 채용공고 | 경영.회계.사무,영업판매 | 신입+경력 | 비정규직 | 지역외: 전남광주
[MOEF][세종] 한국토지주택공사 | 한국토지주택공사 세종특별본부 기간제근로자(보상일반역, 보상전문역) 채용공고 | 경영.회계.사무,영업판매 | 신입+경력 | 비정규직 | 지역외: 세종
[MOEF][충북] 대한적십자사 | 대한적십자사 충북지사 비정규직(육아휴직 대체인력, 11.1자) 채용공고 | 경영.회계.사무 | 신입 | 비정규직 | 지역외: 충북
[MOEF][대전] 충남대학교병원 | [대전] 충남대학교병원 2026년 10월 보조금직원 채용공고 | 보건.의료 | 신입+경력 | 비정규직 | 지역외: 대전
[MOEF][부산,경남] 근로복지공단 | [창원병원] 2026년도 하반기 청년(체험형)인턴 일반전형 채용 공고 | 경영.회계.사무,보건.의료 | 신입 | 청년인턴(체험형) | 지역외: 부산,경남
[MOEF][경남] 근로복지공단 | [창원병원] 2026년도 하반기 청년(체험형)인턴 장애전형 채용 공고 | 보건.의료 | 신입 | 청년인턴(체험형) | 지역외: 경남
[MOEF][인천] 근로복지공단 | [재활공학연구소] 2026년도 하반기 청년(체험형)인턴 장애전형 채용 공고 | 경영.회계.사무 | 신입 | 청년인턴(체험형) | 고용형태 제외: 청년인턴(체험형)
[MOEF][대구,경북] 한전KDN | 한전KDN(주) 대구본부 포항지사 전력통신설비 유지보수 및 단순정비 작업원 모집공고 | 전기.전자,정보통신 | 신입+경력 | 비정규직 | 지역외: 대구,경북
[MOEF][대구,경북] 근로복지공단 | [대구병원] 2026년도 하반기 청년(체험형)인턴 일반전형 채용 공고 | 보건.의료 | 신입 | 청년인턴(체험형) | 지역외: 대구,경북
[MOEF][부산] 한국토지주택공사 | 한국토지주택공사 부산울산지역본부 기간제근로자(보상일반역, 보상전문역) 채용공고 | 경영.회계.사무,영업판매 | 신입+경력 | 비정규직 | 지역외: 부산
[MOEF][대전] 충남대학교병원 | [대전] 충남대학교병원 2026년 10월 업무지원계약직 직원 채용공고 | 보건.의료 | 신입 | 비정규직 | 지역외: 대전
[MOEF][대전] 한국토지주택공사 | 한국토지주택공사 대전충남지역본부 기간제근로자(보상일반역, 보상전문역) 채용공고 | 경영.회계.사무,영업판매 | 신입+경력 | 비정규직 | 지역외: 대전
[MOEF][대구] 근로복지공단 | [대구병원] 2026년도 하반기 청년(체험형)인턴 장애전형 채용 공고 | 보건.의료 | 신입 | 청년인턴(체험형) | 지역외: 대구
[MOEF][대전] 충남대학교병원 | [대전] 충남대학교병원 2026년 10월 계약직 직원 채용공고 | 보건.의료 | 신입 | 비정규직 | 지역외: 대전
[MOEF][대구,경북] 근로복지공단 | [대구병원] 기간제(사무원) 채용 공고 | 경영.회계.사무,보건.의료 | 신입 | 비정규직 | 지역외: 대구,경북
[MOEF][강원] 근로복지공단 | [태백병원] 2026년도 하반기 청년(체험형)인턴 일반전형 채용 공고 | 보건.의료 | 신입 | 청년인턴(체험형) | 지역외: 강원
[MOEF][대전] 충남대학교병원 | [대전] 충남대학교병원 2026년 10월 공무직 직원 채용공고 | 보건.의료 | 신입 | 무기계약직 | 지역외: 대전
[MOEF][강원] 근로복지공단 | [태백병원] 2026년도 하반기 청년(체험형)인턴 장애전형 채용 공고 | 보건.의료 | 신입 | 청년인턴(체험형) | 지역외: 강원
[MOEF][강원] 근로복지공단 | [태백요양병원] 2026년도 하반기 청년(체험형)인턴 장애전형 채용 공고 | 보건.의료 | 신입 | 청년인턴(체험형) | 지역외: 강원
[MOEF][강원] 근로복지공단 | [정선병원] 2026년도 하반기 청년(체험형)인턴 장애전형 채용 공고 | 경영.회계.사무 | 신입 | 청년인턴(체험형) | 지역외: 강원
[MOEF][강원] 근로복지공단 | [정선병원] 2026년도 하반기 청년(체험형)인턴 일반전형 채용 공고 | 경영.회계.사무,보건.의료 | 신입 | 청년인턴(체험형) | 지역외: 강원
[MOEF][해외] 정보통신산업진흥원 | 정보통신산업진흥원 KIC실리콘밸리센터장 채용 공고 | 정보통신 | 경력 | 비정규직 | 지역외: 해외
[MOEF][경기] 근로복지공단 | [경기요양병원] 공무직(물리치료사) 채용 공고 | 보건.의료 | 신입 | 무기계약직 | 경력구분 제외: 신입 단독
[MOEF][경기] 근로복지공단 | [경기요양병원] 2026년도 하반기 청년(체험형)인턴 일반전형 채용 공고 | 경영.회계.사무,보건.의료 | 신입 | 청년인턴(체험형) | 고용형태 제외: 청년인턴(체험형)
[MOEF][경기] 근로복지공단 | [경기요양병원] 2026년도 하반기 청년(체험형)인턴 장애전형 채용 공고 | 경영.회계.사무 | 신입 | 청년인턴(체험형) | 고용형태 제외: 청년인턴(체험형)
[MOEF][경기] 근로복지공단 | [안산병원] 2026년도 하반기 청년(체험형)인턴 일반전형 채용 공고 | 보건.의료 | 신입 | 청년인턴(체험형) | 고용형태 제외: 청년인턴(체험형)
[MOEF][경기] 근로복지공단 | [안산병원] 2026년도 하반기 청년(체험형)인턴 장애전형 채용 공고 | 보건.의료 | 신입 | 청년인턴(체험형) | 고용형태 제외: 청년인턴(체험형)
[MOEF][대전] 근로복지공단 | [대전병원] 2026년도 하반기 청년(체험형)인턴 일반전형 채용 공고 | 보건.의료 | 신입 | 청년인턴(체험형) | 지역외: 대전
[MOEF][대전] 근로복지공단 | [대전병원] 2026년도 하반기 청년(체험형)인턴 장애전형 채용 공고 | 보건.의료 | 신입 | 청년인턴(체험형) | 지역외: 대전
[MOEF][대전] 근로복지공단 | [대전병원] 별정직 의사(직업환경의학과) 채용 공고 | 보건.의료 | 신입 | 정규직 | 지역외: 대전
[MOEF][전북] 국립공원공단 | [변산반도]2026년 변산반도국립공원 기간제(수익시설_한시인력) 직원 채용 공고 | 환경.에너지.안전 | 신입+경력 | 비정규직 | 지역외: 전북
[MOEF][대전] 근로복지공단 | [대전병원] 기간제(방사선사) 채용 공고 | 보건.의료 | 신입 | 비정규직 | 지역외: 대전
[MOEF][부산] (재)우체국물류지원단 | 우체국물류지원단 부산지사 부산사업소 기간제(운전직, 대체인력) 채용 공고 | 운전.운송 | 신입+경력 | 비정규직 | 지역외: 부산
[MOEF][대전] 근로복지공단 | [대전병원] 기간제(물리치료사) 채용 공고 | 보건.의료 | 신입 | 비정규직 | 지역외: 대전
[MOEF][대전] 근로복지공단 | [대전병원] 기간제(조리사) 채용 공고 | 보건.의료 | 신입 | 비정규직 | 지역외: 대전
[MOEF][강원] 한국보훈복지의료공단 | [본사] 계약직 직원(간호직, 복지기능직) 채용 공고 | 경영.회계.사무,보건.의료,환경.에너지.안전 | 신입 | 비정규직 | 지역외: 강원
[MOEF][강원] 근로복지공단 | [동해병원] 기간제 의사(재활의학과 전문의) 채용 공고 | 보건.의료 | 신입 | 비정규직 | 지역외: 강원
[MOEF][대구] 주택관리공단(주) | 채용형 인턴 채용공고(주택관리공단 대구경북지사) | 건설,기계,전기.전자,환경.에너지.안전 | 신입+경력 | 청년인턴(채용형) | 지역외: 대구
[MOEF][강원] 근로복지공단 | [동해병원] 기간제 의사(산부인과) 채용 공고 | 보건.의료 | 신입 | 비정규직 | 지역외: 강원
[MOEF][대구,경북] 주택관리공단(주) | 육아휴직 대체직 채용공고(주택관리공단 대구경북지사) | 건설,기계,전기.전자,환경.에너지.안전 | 신입+경력 | 비정규직 | 지역외: 대구,경북
[MOEF][부산] 주택관리공단(주) | 채용형 인턴 채용공고(주택관리공단 부산울산지사) | 건설,기계,전기.전자,환경.에너지.안전 | 신입+경력 | 청년인턴(채용형) | 지역외: 부산
[MOEF][경기] 한국도로공사서비스(주) | 한국도로공사서비스(주) 수도권동부권역본부 기간제근로자 채용 공고 | 경비.청소 | 신입 | 비정규직 | 경력구분 제외: 신입 단독
[MOEF][강원] 근로복지공단 | [동해병원] 2026년도 하반기 청년(체험형)인턴 일반전형 채용 공고 | 보건.의료 | 신입 | 청년인턴(체험형) | 지역외: 강원
[MOEF][대전] 한국도로공사서비스(주) | 한국도로공사서비스(주) 대전충남권역본부 기간제근로자 채용 공고 | 운전.운송 | 신입 | 비정규직 | 지역외: 대전
[MOEF][강원] 근로복지공단 | [동해병원] 2026년도 하반기 청년(체험형)인턴 장애전형 채용 공고 | 보건.의료 | 신입 | 청년인턴(체험형) | 지역외: 강원
[MOEF][인천] 근로복지공단 | [인천병원] 2026년도 하반기 청년(체험형)인턴 일반전형 채용 공고 | 보건.의료 | 신입 | 청년인턴(체험형) | 고용형태 제외: 청년인턴(체험형)
[MOEF][인천] 근로복지공단 | [인천병원] 2026년도 하반기 청년(체험형)인턴 장애전형 채용 공고 | 보건.의료 | 신입 | 청년인턴(체험형) | 고용형태 제외: 청년인턴(체험형)
[MOEF][세종] 한국청소년정책연구원 | [채용공고 2026-12호] 공무직 채용 공고 | 연구 | 신입 | 무기계약직 | 지역외: 세종
[MOEF][전남광주] 근로복지공단 | [순천병원] 2026년도 하반기 청년(체험형)인턴 일반전형 채용 공고 | 보건.의료 | 신입 | 청년인턴(체험형) | 지역외: 전남광주
[MOEF][전남광주] 근로복지공단 | [순천병원] 2026년도 하반기 청년(체험형)인턴 장애전형 채용 공고 | 보건.의료 | 신입 | 청년인턴(체험형) | 지역외: 전남광주
[MOEF][전남광주] 근로복지공단 | [순천병원] 의료직(산업위생사 4급) 채용 공고 | 보건.의료 | 신입 | 정규직 | 지역외: 전남광주
[MOEF][전남광주] 근로복지공단 | [순천병원] 공무직(영선·조경기사) 채용 공고 | 보건.의료 | 신입 | 무기계약직 | 지역외: 전남광주
[MOEF][강원] 한전KDN | 한전KDN(주) 강원사업처 강릉지사 AMI분야 비정규직 모집공고 | 정보통신 | 신입+경력 | 비정규직 | 지역외: 강원
[MOEF][세종] 충남대학교병원 | [세종] 2026년 약무직 직원 모집공고 | 보건.의료 | 신입+경력 | 정규직 | 지역외: 세종
[MOEF][경남] 국립공원공단 | [한려동부] 2026년 한려해상국립공원동부사무소 한시인력(국립공원지킴이) 직원 2차 채용 | 경비.청소 | 신입+경력 | 비정규직 | 지역외: 경남
[MOEF][부산] 한전KDN | 한전KDN(주) 부산본부 전력통신팀 업무보조원 일용근로자 모집공고 | 정보통신 | 신입+경력 | 비정규직 | 지역외: 부산
[MOEF][충북] 충북대학교병원 | 2026년 10월 충북대학교병원 기간제근무자 모집 공고 | 보건.의료 | 신입+경력 | 비정규직 | 지역외: 충북
[MOEF][충북] 충북대학교병원 | 2026년 3차 충북대학교병원 장애인 근로자(기간제근무자) 모집 공고 | 보건.의료 | 신입+경력 | 비정규직 | 지역외: 충북
[MOEF][인천] 대한적십자사 | 경인권역재활병원 비정규직(대체인력) 물리치료사 채용 공고(2026.11.2.임용)(2) | 보건.의료 | 신입 | 비정규직 | 경력구분 제외: 신입 단독
[MOEF][인천] 대한적십자사 | 경인권역재활병원 비정규직(대체인력) 작업치료사 채용 공고(2026.11.2.임용) | 보건.의료 | 신입 | 비정규직 | 경력구분 제외: 신입 단독
[MOEF][인천] 대한적십자사 | 경인권역재활병원 정규직 간호사 채용 공고(2026.11.1.임용) | 보건.의료 | 신입 | 정규직 | 경력구분 제외: 신입 단독
[MOEF][대전] 한국벤처투자 | 2026년 3차 한국벤처투자 채용 공고(일반 전문계약직) | 사업관리,경영.회계.사무,금융.보험 | 경력 | 비정규직 | 지역외: 대전
[MOEF][경북] 한전KDN | 한전KDN(주) 경북사업처 AMI분야 일용근로자 모집공고 | 전기.전자,정보통신 | 신입+경력 | 비정규직 | 지역외: 경북
[MOEF][대전] 한전원자력연료주식회사 | 2026년도 하반기 한전원자력연료 체험형 청년인턴 채용 공고 | 사업관리,경영.회계.사무,건설,기계,재료,화학,전기.전자,정보통신,환경.에너지.안전,연구 | 신입 | 청년인턴(체험형) | 지역외: 대전
[MOEF][충남] 한국서부발전(주) | 2026년도 하반기 별정직 신입사원 모집 공고 | 보건.의료,화학,환경.에너지.안전 | 신입 | 정규직 | 지역외: 충남
[MOEF][서울,인천] 서민금융진흥원 | 2026년 서민금융진흥원 제3차 기간제(육아휴직대체) 직원 채용공고 | 경영.회계.사무,금융.보험 | 신입 | 비정규직 | 경력구분 제외: 신입 단독
[MOEF][인천,경기,충남] 한국서부발전(주) | 2026년도 하반기 4직급 고졸 신입사원 모집 공고 | 기계,전기.전자 | 신입 | 정규직 | 경력구분 제외: 신입 단독
[MOEF][인천,경기,충남] 한국서부발전(주) | 2026년도 하반기 4직급 대졸 신입사원 모집 공고 | 경영.회계.사무,건설,기계,화학,전기.전자,정보통신 | 신입 | 정규직 | 경력구분 제외: 신입 단독
[MOEF][전북] 한국탄소산업진흥원 | 2026-04호 채용공고 | 사업관리,경영.회계.사무,교육.자연.사회과학,기계,재료,화학,섬유.의복,환경.에너지.안전,연구 | 신입+경력 | 비정규직 | 지역외: 전북
[MOEF][전북] 태권도진흥재단 | 2026년 태권도원 체험관[얍] 운영 기간제근로자(보조인력) 채용 | 이용.숙박.여행.오락.스포츠 | 신입 | 비정규직 | 지역외: 전북
[MOEF][서울,부산,대구] 한국승강기안전공단 | 한국승강기안전공단 2026년 하반기 채용형 청년인턴 채용 공고 | 사업관리,기계,전기.전자 | 신입 | 청년인턴(채용형) | 고용형태 제외: 청년인턴(채용형)
[MOEF][대구,인천,대전] 한국농어촌공사 | 2026년도 직무중심 신입사원(5급, 6급) 채용 공고 | 경영.회계.사무,건설,전기.전자,정보통신,환경.에너지.안전,농림어업 | 신입 | 정규직 | 경력구분 제외: 신입 단독
[MOEF][서울,부산,대구] 건강보험심사평가원 | 2026년 하반기 건강보험심사평가원 체험형 청년인턴 채용 공고 | 경영.회계.사무,보건.의료,정보통신,연구 | 신입 | 청년인턴(체험형) | 고용형태 제외: 청년인턴(체험형)
[MOEF][강원] 국립공원공단 | 국립공원공단 기간제(사무행정) 직원 채용 | 경영.회계.사무,문화.예술.디자인.방송 | 신입+경력 | 비정규직 | 지역외: 강원
[MOEF][전북] 국립중앙의료원 | 계약직 행정(전북응급의료지원센터) 채용 재공고 | 보건.의료 | 신입+경력 | 비정규직 | 지역외: 전북
[MOEF][전남광주] 국립공원공단 | [지리산전북] 지리산국립공원전북사무소 한시인력(국립공원지킴이) 모집 | 환경.에너지.안전 | 신입+경력 | 비정규직 | 지역외: 전남광주
[MOEF][서울,충북,전남] 한국마약퇴치운동본부 | 한국마약퇴치운동본부 2026년 제4차 채용공고 | 사업관리,경영.회계.사무,교육.자연.사회과학,사회복지.종교 | 신입 | 정규직,비정규직 | 경력구분 제외: 신입 단독
[MOEF][부산] 부산대학교병원 | 영상의학과 전문의 모집 공고 | 보건.의료 | 경력 | 비정규직 | 지역외: 부산
[MOEF][충북] 한국전력공사 | 기간제근로자 (대체인력)채용 공고[충북본부 진천지사] | 전기.전자 | 신입 | 비정규직 | 지역외: 충북
[MOEF][세종] 국토연구원 | 국토연구원 2026년 제10차 위촉직(기간제) 공개채용 | 연구 | 신입+경력 | 비정규직 | 지역외: 세종
[MOEF][전남광주] 농림식품기술기획평가원 | 2026년도 2차 정규직 채용 공고 | 사업관리,경비.청소,정보통신 | 신입 | 정규직 | 지역외: 전남광주
[MOEF][대구] 경북대학교병원 | 2026년 대구의료원 파견의사(진료교수) 상시 초빙 공고 | 보건.의료 | 신입 | 비정규직 | 지역외: 대구
[MOEF][전북] 국립공원공단 | [내장산생태탐방원] 2026년 내장산생태탐방원 한시인력(국립공원지킴이) 채용 공고 | 환경.에너지.안전 | 신입+경력 | 비정규직 | 지역외: 전북
[MOEF][서울,경기] 한국체육산업개발(주) | 2026년도 NCS기반 신규직원 블라인드 채용 공고 | 경영.회계.사무,건설,기계,전기.전자 | 신입 | 정규직 | 경력구분 제외: 신입 단독
[MOEF][경남] 대한적십자사 | 2026년 대한적십자사 경상남도지사 비정규직 (대체인력) 채용 공고 | 경영.회계.사무 | 신입 | 비정규직 | 지역외: 경남
[MOEF][대전] 기초과학연구원 | 2026-10회 의생명 및 화학 연구클러스터(시냅스 뇌질환 연구단) 연구직 채용 공고 | 연구 | 신입+경력 | 비정규직 | 지역외: 대전
[MOEF][전남광주] 대한적십자사 | 대한적십자사 전남광주혈액원 비정규직 기간제(장애인) 채용 공고 | 보건.의료 | 신입 | 비정규직 | 지역외: 전남광주
[MOEF][대전] 대한적십자사 | 대전세종충남혈액원 비정규직 육아휴직 대체 사무보조원 채용 공고 | 경영.회계.사무 | 신입 | 비정규직 | 지역외: 대전
[MOEF][서울] 육아정책연구소 | [제2026-16호] 육아정책연구소 청년인턴(행정인턴) 단시간 장애인 제한경쟁 채용 | 경영.회계.사무 | 신입+경력 | 청년인턴(체험형) | 고용형태 제외: 청년인턴(체험형)
[MOEF][대전] 충남대학교병원 | [대전] 2026년 하반기 충남대학교병원 보건직(의학물리사) 공개채용 | 보건.의료 | 경력 | 정규직 | 지역외: 대전
[MOEF][전남광주] 국립공원공단 | [국립공원해양생태보전원] 국립공원해양생태보전원 기간제[국립공원지킴이(한시인력)] 채용 공고 | 환경.에너지.안전 | 신입+경력 | 비정규직 | 지역외: 전남광주
[MOEF][충북] 한국수자원공사 | [한국수자원공사] 금강유역협력단 괴산현대화사업팀 특수직(사무관리_건설사업) 채용 공고 | 경영.회계.사무 | 신입+경력 | 비정규직 | 지역외: 충북
[MOEF][충남] 한국수자원공사 | [한국수자원공사] 금강유역협력단 부여2차현대화사업팀 특수직(사무관리_건설사업) 채용 공고 | 경영.회계.사무 | 신입+경력 | 비정규직 | 지역외: 충남
[MOEF][충남] 한국수자원공사 | [한국수자원공사] 금강유역협력단 부여현대화사업팀 특수직(기술관리_건설사업) 채용 공고 | 사업관리,건설,기계,전기.전자,정보통신,환경.에너지.안전 | 신입+경력 | 비정규직 | 지역외: 충남
[MOEF][충남] 한국수자원공사 | [한국수자원공사] 금강유역협력단 공주2차현대화사업팀 특수직(기술관리_건설사업) 채용 공고 | 사업관리,건설,기계,전기.전자,정보통신,환경.에너지.안전 | 신입+경력 | 비정규직 | 지역외: 충남
[MOEF][충남] 한국수자원공사 | [한국수자원공사] 금강유역협력단 공주2차현대화사업팀 특수직(사무관리_건설사업) 채용 공고 | 경영.회계.사무 | 신입+경력 | 비정규직 | 지역외: 충남
[MOEF][대구,경북] 한국토지주택공사 | 한국토지주택공사 대구경북지역본부 기간제근로자(대체채용) 채용 공고(2026-07) | 경영.회계.사무,사회복지.종교 | 신입+경력 | 비정규직 | 지역외: 대구,경북
[MOEF][충북] 오송첨단의료산업진흥재단 | 오송첨단의료산업진흥재단 2026년도 제6차 체험형 청년인턴 채용 공고 | 사업관리,경영.회계.사무,환경.에너지.안전 | 신입 | 청년인턴(체험형) | 지역외: 충북
[MOEF][서울] 해양수산과학기술진흥원 | 2026년도 제3차 신규직원(체험형 인턴) 채용 공고 | 경영.회계.사무 | 신입 | 비정규직 | 경력구분 제외: 신입 단독
[MOEF][전남광주] 한국토지주택공사 | 한국토지주택공사 광주전남지역본부 기간제근로자(사업관리 외) 채용공고(2026.10) | 경영.회계.사무,사회복지.종교 | 신입 | 비정규직 | 지역외: 전남광주
[MOEF][세종] 충남대학교병원 | [세종] 2026년 9월 비정규직(계약직, 업무지원계약직) 직원 채용공고 | 보건.의료 | 신입+경력 | 비정규직 | 지역외: 세종
[MOEF][대전] 한국연구재단 | 2026년 제2차 한국연구재단 직원 채용(공무직(시설관리직, 미화직)) | 경비.청소,기계,전기.전자,환경.에너지.안전 | 신입 | 정규직 | 지역외: 대전
[MOEF][세종] 충남대학교병원 | [세종] 2026년 9월 업무지원직 직원 채용공고 | 보건.의료 | 신입+경력 | 정규직 | 지역외: 세종
[MOEF][서울,대전,경기] 스포츠윤리센터 | 스포츠윤리센터 2026년 제2차 직원 신규채용 공고 | 사업관리,경영.회계.사무,교육.자연.사회과학,법률.경찰.소방.교도.국방,정보통신 | 신입 | 정규직,비정규직 | 경력구분 제외: 신입 단독
[MOEF][서울,부산,대구] 한국농수산식품유통공사 | 2026년 신입직원 채용공고 | 사업관리,경영.회계.사무,건설,정보통신,환경.에너지.안전,농림어업 | 신입 | 정규직 | 경력구분 제외: 신입 단독
[MOEF][광주,전남] 전남대학교병원 | 2026년도 전임의사 상시 공개채용 변경 공고 | 보건.의료 | 신입 | 정규직 | 지역외: 광주,전남
[MOEF][서울] 서울대학교병원 | 2026년도 하반기 서울대학교병원 블라인드 장애인 직원채용 (무기계약직) 공고 | 보건.의료 | 신입 | 무기계약직 | 경력구분 제외: 신입 단독
[MOEF][전남광주] 국립공원공단 | [다도해해상]2026년 다도해해상 국립공원지킴이[한시인력/녹색순찰대] 직원 채용(5차) | 환경.에너지.안전 | 신입+경력 | 비정규직 | 지역외: 전남광주
[MOEF][경북] 한국수력원자력(주) | 2026년도 제9차 경력사원(고위직) 선발 | 사업관리,경영.회계.사무,기계,전기.전자,환경.에너지.안전 | 경력 | 비정규직 | 지역외: 경북
[MOEF][서울,부산,대구] 한국사학진흥재단 | 한국사학진흥재단 2026년 3차 직원 채용(체험형 청년인턴(단시간), 장애인 제한경쟁) | 경영.회계.사무 | 신입 | 청년인턴(체험형) | 고용형태 제외: 청년인턴(체험형)
[MOEF][서울] (사)남북교류협력지원협회 | 2026년 제2차 남북교류협력지원협회 직원(정규직 및 육아휴직대체) 채용 공고 | 사업관리 | 신입 | 정규직,비정규직 | 경력구분 제외: 신입 단독
[MOEF][서울] 서울대학교병원 | 서울대학교병원 블라인드 직원채용 (무기계약직) 공고 (장애인 특별우대) | 보건.의료 | 신입 | 무기계약직 | 경력구분 제외: 신입 단독
[MOEF][울산] 한국산업안전보건공단 | [안전보건공단] 본부(울산) 기간제 근로자 채용공고 | 사업관리,경영.회계.사무 | 신입 | 비정규직 | 지역외: 울산
[MOEF][해외] 극지연구소 | 2026년 남극과학기지 월동연구대 채용 재공고 (발전 분야) | 전기.전자 | 경력 | 비정규직 | 지역외: 해외
[MOEF][부산] 동남권원자력의학원 | [직원채용] 동남권원자력의학원 박사후 연수연구원(첨단방사선AI융합연구팀) 공개 채용 | 연구 | 신입+경력 | 비정규직 | 지역외: 부산
[MOEF][부산] 동남권원자력의학원 | [직원채용] 정규직 의사직(방사선비상진료센터) 채용 | 보건.의료 | 신입+경력 | 정규직 | 지역외: 부산
[MOEF][부산] 동남권원자력의학원 | [직원채용] 별정직 의사직(산부인과) 채용 | 보건.의료 | 신입+경력 | 비정규직 | 지역외: 부산
[MOEF][부산] 동남권원자력의학원 | [직원채용] 별정직 의사직(감염내과) 채용  | 보건.의료 | 신입+경력 | 비정규직 | 지역외: 부산
[MOEF][부산] 동남권원자력의학원 | [직원채용] 별정직 의사직(호흡기내과) 초빙 | 보건.의료 | 신입+경력 | 비정규직 | 지역외: 부산
[MOEF][부산] 동남권원자력의학원 | [직원채용] 정규직 의사직(마취통증의학과) 공개 채용 | 보건.의료 | 신입+경력 | 정규직 | 지역외: 부산
[MOEF][부산] 동남권원자력의학원 | [직원채용] 별정직 의사직(응급실) 공개채용 | 보건.의료 | 신입+경력 | 비정규직 | 지역외: 부산
[MOEF][부산] 동남권원자력의학원 | [직원채용] 별정직 의사직(병동 당직의) 공개 채용 | 보건.의료 | 신입+경력 | 비정규직 | 지역외: 부산
[MOEF][부산] 동남권원자력의학원 | [직원채용] 별정직 의사직(신경외과 전임의) 공개 채용(재공고) | 보건.의료 | 신입+경력 | 비정규직 | 지역외: 부산
[MOEF][부산] 동남권원자력의학원 | [직원채용] 정규직 의사직(핵의학과) 공개 채용 | 보건.의료 | 신입+경력 | 정규직 | 지역외: 부산
[MOEF][부산] 동남권원자력의학원 | [직원채용] 동남권원자력의학원 박사후 연수연구원(첨단방사선종양연구팀) 공개 채용 | 연구 | 신입+경력 | 비정규직 | 지역외: 부산
[MOEF][울산] 한국산업안전보건공단 | [안전보건공단] 본부(울산) 업무직 채용공고 | 기계,환경.에너지.안전 | 신입 | 무기계약직 | 지역외: 울산
[MOEF][충북] 한국보건복지인재원 | (제2026-10호) 한국보건복지인재원 업무지원직 채용 공고 | 경영.회계.사무,운전.운송,경비.청소 | 신입+경력 | 무기계약직 | 지역외: 충북
[MOEF][충북] 한국보건복지인재원 | (제2026-9호) 한국보건복지인재원 사업기반 계약직 채용 공고 | 사업관리,교육.자연.사회과학,보건.의료,사회복지.종교 | 경력 | 비정규직 | 지역외: 충북
[MOEF][서울,부산,대구] 한국보건복지인재원 | (제2026-8호) 한국보건복지인재원 신규직원(일반공무직_장애) 채용 공고 | 경영.회계.사무,교육.자연.사회과학,보건.의료,사회복지.종교 | 신입 | 무기계약직 | 경력구분 제외: 신입 단독
[MOEF][충북] 한국보건복지인재원 | (제2026-7호) 한국보건복지인재원 교수직 채용 공고 | 교육.자연.사회과학,보건.의료,사회복지.종교 | 경력 | 정규직 | 지역외: 충북
[MOEF][충북,경북] 국립공원공단 | [속리산] 속리산국립공원사무소 기간제(탐방해설) 직원 채용 재공고 | 이용.숙박.여행.오락.스포츠 | 신입+경력 | 비정규직 | 지역외: 충북,경북
[MOEF][울산] 한국법무보호복지공단 | 2026년 한국법무보호복지공단 울산지부 심리상담직(육아휴직대체직) 경력경쟁채용시험 공고 | 사회복지.종교 | 경력 | 비정규직 | 지역외: 울산
[MOEF][세종] 산업연구원 | 2026년 제14차 위촉직원 채용공고(휴직대체) | 연구 | 신입+경력 | 비정규직 | 지역외: 세종
[MOEF][대전] 한국원자력안전기술원 | 한국원자력안전기술원 공모직전문위원 채용 | 경영.회계.사무,연구 | 경력 | 비정규직 | 지역외: 대전
[MOEF][전남광주] 전남대학교병원 | 2026년 진료전담의사 상시 공개채용 공고 | 보건.의료 | 신입 | 비정규직 | 지역외: 전남광주
[나라일터][서울] 서울특별시교육청 서울특별시강동송파교육지원청 보인중학교 | 2026학년도 보인중학교 시간강사 채용공고(도덕) | e10 | g04 | 고용형태 제외(나라일터): e10
[나라일터][인천] 인천광역시교육청 인천광역시서부교육지원청 인천당하중학교 | 인천당하중학교 과학과 시간강사 채용 공고 | e10 | g04 | 고용형태 제외(나라일터): e10
[나라일터][서울] 서울특별시교육청 서울특별시남부교육지원청 서울영원초등학교 | 서울영원초등학교 조리실무사 대체직원 채용계획 공고 | e10 | g04 | 고용형태 제외(나라일터): e10
[나라일터][서울] 서울특별시교육청 서울특별시남부교육지원청 서울두산초등학교 | 서울두산초등학교 조리실무사 대체직원 채용계획 공고 | e10 | g04 | 고용형태 제외(나라일터): e10
[나라일터][51750] 국세청 중부지방국세청 영월세무서 | 영월세무서 공무직(환경미화) 제한경쟁 채용 공고 | e04 | g01 | 지역외(코드): 51750
[나라일터][27260] 공소청 대구광역공소청 대구지방공소청 | (합격자발표) 2026년도 청년인턴 추가 채용 합격자 명단 공고 | e04 | g01 | 지역외(코드): 27260
[나라일터][서울] 서울특별시교육청 해성국제컨벤션고등학교 | 2026학년도 해성국제컨벤션고 기간제교원(정보.컴퓨터) 채용 공고 | e10 | g04 | 고용형태 제외(나라일터): e10
[나라일터][52110] 과학기술정보통신부 우정사업본부 전북지방우정청 동전주우체국 | 2026년 제2회 동전주우체국 상시계약집배원(공무직)채용 공고 | e04 | g01 | 지역외(코드): 52110
[나라일터][서울] 서울특별시교육청 서울특별시동작관악교육지원청 서울은천초등학교병설유치원 | (서울은천초병설유) 교육공무직원 대체직원(유치원에듀케어강사) 채용 공고 | e10 | g04 | 고용형태 제외(나라일터): e10
[나라일터][서울] 서울특별시교육청 서울특별시동작관악교육지원청 서울남성초등학교 | (서울남성초) 지방공무원(교육행정) 대체직원 채용 공고 | e10 | g04 | 고용형태 제외(나라일터): e10
[나라일터][서울] 한국법무보호복지공단 | [서울지부] 2026년 한국법무보호복지공단 서울지부 취업지원직(육아휴직대체직) 경력경쟁채용 | e08 | g03 | 고용형태 제외(나라일터): e08
[나라일터][인천] 인천광역시교육청 인천산업정보학교 | 2026학년도 인천산업정보학교 시간강사(디자인(과목확대:미술)교과) 채용 공고 | e10 | g04 | 고용형태 제외(나라일터): e10
[나라일터][51110] 강원대학교 | 강원대학교 정보화본부 계약직 직원 채용 공고 | e01 | g01 | 지역외(코드): 51110
[나라일터][48000] 경상남도 | 2026년 제9회 경상남도 임기제공무원 임용시험(재공고) 공고 | e01 | g02 | 지역외(코드): 48000
[나라일터][서울] 한국장애인개발원 | 2026년도 제2차 한국장애인개발원 직업재활부(사업평가팀) 사회형평적(고졸)  청년인턴 채 | e08 | g03 | 고용형태 제외(나라일터): e08
[나라일터][서울] 보건복지부 | 의료혁신추진단 기간제 근로자 채용 공고 | e04 | g01 | 고용형태 제외(나라일터): e04
[나라일터][경기] 경기도교육청 한국문화영상고등학교 | 2026학년도 한국문화영상고등학교 기간제교사(국어) 2차 채용 공고 | e10 | g04 | 고용형태 제외(나라일터): e10
[나라일터][인천] 기후에너지환경부 국립생물자원관 생물다양성연구부 | 2026년 기후환경생물연구과 공무직근로자 채용계획 공고 | e04 | g01 | 고용형태 제외(나라일터): e04
[나라일터][48840] 국립창원대학교 | 2026년 국립창원대학교 남해캠퍼스 글로컬대학사업센터 기간제근로자(사무원) 채용 공고 | e04 | g01 | 지역외(코드): 48840
[나라일터][경기] 대법원 수원지방법원 성남지원 | 수원지방법원 성남지원 공무직 근로자(환경관리) 채용시험 최종합격자 발표 및 제출서류 공고 | e04 | g01 | 고용형태 제외(나라일터): e04
[나라일터][44000] 충청남도 | 2026년도 제5·6회 충청남도 임기제공무원(3개 분야) 경력경쟁임용시험 시행계획 재공고 | e01 | g02 | 지역외(코드): 44000
[나라일터][51110] 법무부 춘천소년원 | [춘천소년원] 유급강사(애견미용) 위촉 최종합격자 발표 및 계약서류 제출 안내 | e04 | g01 | 지역외(코드): 51110
[나라일터][12130] 해양경찰청 해양경찰교육원 | 2026년 제5차 해양경찰교육원 공무직 근로자(환경미화직) 채용 공고 | e04 | g01 | 지역외(코드): 12130
[나라일터][경기] 경찰청 경기도남부경찰청 분당경찰서 | 분당경찰서 26년 공무직 근로자(무기직, 시설관리분야) 채용 서류전형 합격자 및 면접시험  | e04 | g01 | 고용형태 제외(나라일터): e04
[나라일터][51130] 경찰청 강원특별자치도경찰청 원주경찰서 | 원주경찰서 무기계약 근로자(방호업무) 채용 공고 | e04 | g01 | 지역외(코드): 51130
[나라일터][43110] 충청북도 | 2026년도 제10회 충청북도 지방임기제공무원 임용시험 시행계획 재공고(통상수출) | e01 | g02 | 지역외(코드): 43110
[나라일터][36110] 법제처 | [법제처 공고 제2026-151호] 법제처 일반임기제 5급(법령심사) 공무원 경력경쟁채용시 | e01 | g01 | 지역외(코드): 36110
[나라일터][인천] 기후에너지환경부 국립야생동물질병관리원 | 국립야생동물질병관리원 시설관리원(공무직근로자) 채용 면접전형 최종 합격자 공고 | e04 | g01 | 고용형태 제외(나라일터): e04
[나라일터][48127] 법무부 대구지방교정청 창원교도소 | 2026년 제2회 창원교도소 공무직근로자(조리원) 채용 공고 | e04 | g01 | 지역외(코드): 48127
[나라일터][서울] 한국보건의료연구원 | 한국보건의료연구원장 초빙 공고 | e08 | g03 | 고용형태 제외(나라일터): e08
[나라일터][43110] 국방부 국군조직 공군 공군제17전투비행단 | [공군 제17전비] &apos;26-8차 공무직근로자 등 채용공고(청소관리원) | e04 | g01 | 지역외(코드): 43110
[나라일터][43113] 식품의약품안전처 식품의약품안전평가원 | 2026년 식품의약품안전평가원 바이오시밀러심사과 심사원 채용 공고 | e04 | g01 | 지역외(코드): 43113
[나라일터][27710] 대구광역시교육청 | 대구광역시교육청 지방임기제공무원(변호사-학교폭력) 임용시험 재공고 | e10 | g04 | 지역외(코드): 27710
[나라일터][36110] 국민권익위원회 | (제2026-102호) 국민권익위원회 일반임기제 6급 공무원(노무행정) 경력경쟁채용시험 공 | e01 | g01 | 지역외(코드): 36110
[나라일터][26710] 해양수산부 해양수산인재개발원 | 2026년 해양수산인재개발원 청년인턴 채용 | e04 | g01 | 지역외(코드): 26710
[나라일터][인천] 인천광역시교육청 인천마전고등학교 | 2026학년도 인천마전고등학교 일반사회 시간강사 채용 공고 | e10 | g04 | 고용형태 제외(나라일터): e10
[나라일터][서울] 기상청 | 2026년 기상청 운영지원과 공무직 근로자 채용 최종합격자 공고 | e04 | g01 | 고용형태 제외(나라일터): e04
[나라일터][30200] 한국해양과학기술원부설선박해양플랜트연구소 | 2026년 체험형 청년인턴(인턴행정원) 공개채용 | e08 | g03 | 지역외(코드): 30200
[나라일터][서울] 서울특별시여성가족재단 | 서울특별시 여성가족재단 제4회 직원 채용 공고 | e08 | g03 | 고용형태 제외(나라일터): e08
[나라일터][30200] 한국해양과학기술원부설선박해양플랜트연구소 | [선박해양플랜트연구소] 2026년 2차 육아휴직 대체인력(계약직행정원) 공개채용 | e08 | g03 | 지역외(코드): 30200
[나라일터][26000] 부산신용보증재단 | (2026-7) 부산신용보증재단 제4차 기간제 계약직원 채용공고 | e08 | g03 | 지역외(코드): 26000
[나라일터][12330] 전남광주통합특별시 광산구 | 2026년 제9회 광산구 임기제공무원 경력경쟁임용시험 시행 계획 재공고 | e01 | g02 | 지역외(코드): 12330
[나라일터][30000] 대전관광공사 | 대전관광공사 2026년 하반기 통합채용 공고(일반직, 공무직) | e08 | g03 | 지역외(코드): 30000
[나라일터][48123] 대법원 창원지방법원 | 창원지방법원 공무직 근로자(시설관리원) 채용 공고 | e04 | g01 | 지역외(코드): 48123
[나라일터][44230] 국방부 국군조직 육군 육군본부 | 육군 황산대체력단련장 공무직근로자(F/W담당) 채용 공고 | e04 | g01 | 지역외(코드): 44230
[나라일터][44200] 충청남도 아산시 | 2026년 제10회 아산시 지방임기제공무원 임용시험 시행계획 공고 | e01 | g02 | 지역외(코드): 44200
[나라일터][44200] 충청남도 아산시 | 아산시 미래전략과장 개방형직위 임용시험 시행계획 공고 | e05 | g02 | 지역외(코드): 44200
[나라일터][44200] 충청남도 아산시 | 아산시 감사위원장 개방형직위 임용시험 시행계획 공고 | e05 | g02 | 지역외(코드): 44200
[나라일터][44200] 충청남도 아산시 | 아산시 보건소장 개방형직위 임용시험 시행계획 공고 | e05 | g02 | 지역외(코드): 44200
[나라일터][27290] 대구광역시 달서구 | 대구광역시달서구 지방임기제공무원(재난안전상황실 운영전담 분야) 임용시험 공고 | e01 | g02 | 지역외(코드): 27290
[나라일터][27290] 대구광역시 달서구 | 대구광역시달서구 청렴감사실장(개방형직위) 임용시험 공고 | e05 | g02 | 지역외(코드): 27290
[나라일터][44825] 국립공원공단 태안해안국립공원사무소 | [태안] 2026년 태안해안 기간제(한시인력_탐방로보수) 직원 채용 | e08 | g03 | 지역외(코드): 44825
[나라일터][43110] 과학기술정보통신부 우정사업본부 충청지방우정청 서청주우체국 | 2026년 제6회 서청주우체국 공무직 상시계약집배원(농어촌소포배달원) 채용 공고 | e04 | g01 | 지역외(코드): 43110
[나라일터][경기] 과학기술정보통신부 우정사업본부 경인지방우정청 화성동탄우체국 | 2026년 제1회 화성동탄우체국 공무직 우정실무원 채용시험 공고(총괄국) | e04 | g01 | 고용형태 제외(나라일터): e04
[나라일터][43110] 과학기술정보통신부 우정사업본부 충청지방우정청 서청주우체국 | 2026년 제6회 서청주우체국 공무직 상시계약집배원 채용 공고 | e04 | g01 | 지역외(코드): 43110
[나라일터][44825] 국립공원공단 태안해안국립공원사무소 | [태안] 2026년 태안해안 기간제(한시인력) 국립공원지킴이 모집 공고 | e08 | g03 | 지역외(코드): 44825
[나라일터][44825] 국립공원공단 태안해안국립공원사무소 | [태안] 2026년 태안해안 기간제(한시인력_수익시설) 직원 채용 | e08 | g03 | 지역외(코드): 44825
[나라일터][27230] 경북대학교 기획처 | 2026년 제6회 기획처 글로컬대학사업 전담직원(글로컬중점교수) 채용 공고 | e04 | g01 | 지역외(코드): 27230
[나라일터][44825] 국립공원공단 태안해안국립공원사무소 | [태안] 2026년 태안해안 기간제(한시인력_환경관리) 직원 채용 | e08 | g03 | 지역외(코드): 44825
[나라일터][44825] 국립공원공단 태안해안국립공원사무소 | [태안] 2026년 태안해안 기간제(한시인력_산불감시) 직원 채용 | e08 | g03 | 지역외(코드): 44825
[나라일터][52130] 국립군산대학교 부속시설 창업지원단 | 국립군산대학교 창업지원단 전담인력 채용 공고 | e04 | g01 | 지역외(코드): 52130
[나라일터][51000] 강원연구원 | 강원연구원 육아휴직 대체인력 공개채용 공고 | e08 | g03 | 지역외(코드): 51000
[나라일터][51110] 강원연구원 | 강원연구원 단기근로자(일용직) 공개채용 공고 | e08 | g03 | 지역외(코드): 51110
[나라일터][51110] 강원연구원 | 강원연구원 제8차 프로젝트 계약직 연구원 공개채용 공고 | e08 | g03 | 지역외(코드): 51110
[나라일터][51110] 강원연구원 | 강원연구원 제8차 부설센터 연구원 공개채용 공고 | e08 | g03 | 지역외(코드): 51110
[나라일터][51110] 강원연구원 | 강원연구원 제6차 장기연구지원 연구원 공개채용 공고 | e08 | g03 | 지역외(코드): 51110
[나라일터][51110] 강원연구원 | 강원연구원 제6차 프로젝트 계약직 연구원 공개채용 2차 재공고 | e08 | g03 | 지역외(코드): 51110
[나라일터][51110] 강원연구원 | 강원연구원 제4차 장기 연구지원 연구원 공개채용 2차 재공고 | e08 | g03 | 지역외(코드): 51110
[나라일터][31000] 국가데이터처 동남지방데이터청 | (동남청_울산) 공무직 근로자 장애인 제한 공개경쟁 채용 공고 | e04 | g01 | 지역외(코드): 31000
[나라일터][인천] 과학기술정보통신부 우정사업본부 경인지방우정청 서인천우체국 | 2026년 제5회 서인천우체국 주관 공무직 우정실무원 채용 공고 | e04 | g01 | 고용형태 제외(나라일터): e04
[나라일터][지역 미상] 인천광역시교육청 인천광역시동부교육지원청 인천인수초등학교 | 2026학년도 인천인수초등학교 계약제교원(초등특수학급 담임_시간강사) 2차 채용 | e10 | g04 | 고용형태 제외(나라일터): e10
[나라일터][52130] 전북특별자치도 군산시 | 2026년 제7회 군산시 지방임기제공무원 채용 계획 재공고(상수도시설물운영관리) | e01 | g02 | 지역외(코드): 52130
[나라일터][30200,43] 한국생명공학연구원 | 2026-3차 연수직(석사후연구원) 채용 공고 | e08 | g03 | 지역외: 30200,43110,52180
[나라일터][30200,43] 한국생명공학연구원 | 2026-3차 연수직(박사후연구원, 인턴연구원) 채용 공고 | e08 | g03 | 지역외: 30200,43110,52180
[나라일터][12240] 기후에너지환경부 영산강유역환경청 환경관리국 | 영산강유역환경청 공무직 근로자(시험연구원) 서류전형 합격자 발표 및 면접시험 공고 | e04 | g01 | 지역외(코드): 12240
[나라일터][51130] 강원대학교 | 강원대학교 원주캠퍼스 조교(대학회계직) 공개채용 | e04 | g01 | 지역외(코드): 51130
[나라일터][서울] 서울특별시교육청 서울특별시성북강북교육지원청 | 2026년 인수초등학교 기간제교원(영어(음악)) 채용 공고 | e10 | g04 | 고용형태 제외(나라일터): e10
[나라일터][서울] 서울특별시교육청 서울특별시성북강북교육지원청 | 2026년 숭덕초등학교 기간제교원(5학년 담임) 채용 공고 | e10 | g04 | 고용형태 제외(나라일터): e10
[나라일터][47150] 농림축산식품부 국립농산물품질관리원 시험연구소 | 국립농산물품질관리원 시험연구소 기간제근로자(장애인) 채용 계획 공고 | e04 | g01 | 지역외(코드): 47150
[나라일터][인천] 인천광역시교육청 부개고등학교 | [인천] 부개고등학교 시간강사(수학) 채용 공고 | e10 | g04 | 고용형태 제외(나라일터): e10
[나라일터][26470] 부산광역시 연제구 | 2026년 제5회 부산광역시 연제구 임기제공무원(사서, 의사, 방문건강관리 간호사) 임용시 | e01 | g02 | 지역외(코드): 26470
[나라일터][44230] 충청남도 논산시 | 2026년 제6회 논산시 지방시간선택제임기제공무원 임용시험 서류전형 결과 및 면접시험 일정 | e01 | g02 | 지역외(코드): 44230
[나라일터][47190] 경상북도 구미시 의회사무국 | 2026년 제3회 구미시의회 임기제공무원 임용시험 시행계획 공고(사진촬영분야) | e01 | g02 | 지역외(코드): 47190
[나라일터][경기] 경기도교육청 효성고등학교 | 2026학년도 학교법인 대연학원 효성고등학교  2학기 영양 기간제교사 초빙 3차 공고 | e10 | g04 | 고용형태 제외(나라일터): e10
[나라일터][47850,47] 국립공원공단 팔공산국립공원서부사무소 | [팔공산서부] 2026년 팔공산국립공원서부사무소 가을철 한시인력(산불감시) 직원 채용 | e08 | g03 | 지역외: 47850,47290
[나라일터][36110] 문화체육관광부 한국예술종합학교 | 한국예술영재교육원 기간제(육아휴직 대체) 근로자 채용 최종 합격자 공고 및 채용후보자 등록 | e04 | g01 | 지역외(코드): 36110
[나라일터][36110] 보건복지부 | 보건복지부 재정운용담당관 기간제 근로자(육아휴직 대체) 채용 공고 | e04 | g01 | 지역외(코드): 36110
[나라일터][서울] 서울특별시교육청 명지고등학교 | [명지고등학교] 2026학년도 통합과학 대체 기간제교원 채용 2차 공고 | e10 | g04 | 고용형태 제외(나라일터): e10
[나라일터][경기] 경기도 의왕시 복지문화국 | 2026년 의왕하늘쉼터 추모공원 기간제근로자 채용 공고 | e04 | g02 | 고용형태 제외(나라일터): e04
[나라일터][경기] 과학기술정보통신부 우정사업본부 경인지방우정청 안산우체국 | 2026년도 제4회 안산우체국 공무직 상시집배원 채용계획 공고 | e04 | g01 | 고용형태 제외(나라일터): e04
[나라일터][30170] 국가데이터처 | 사회지표 및 사회조사 기간제근로자(업무보조원) 채용 공고 | e04 | g01 | 지역외(코드): 30170
[나라일터][지역 미상] 기술보증기금 | 기술보증기금 상임이사 모집 공고 | e08 | g03 | 고용형태 제외(나라일터): e08
[철도산업정보][지역 미상] 한국철도공사 | 코레일테크(주) 2026년 제2차 일반직사원(경력직 및 채용형인턴) 채용 공고 |  | 제외어: 인턴
[한국철도공사][서울] 한국철도공사 | 2026년 하반기 한국철도공사 장애인 체험형 인턴사원 채용공고(~10.6. 14:00) |  | 제외어: 인턴
[한국철도공사][서울] 한국철도공사 | 2026년 하반기 한국철도공사 청년 체험형 인턴사원 채용공고(~9.30. 14:00) |  | 제외어: 인턴
[MOEF][서울] 한국장애인고용공단 | [한국장애인고용공단 서울지역본부] 서울지역본부·서울남부지사·서울동부지사 기간제근로자 통합채 | 경영.회계.사무,교육.자연.사회과학,사회복지.종교 | 신입+경력 | 비정규직,청년인턴(체험형) | 키워드 미매칭
[나라일터][경기] 경기도 구리시 의회사무과 | 2026년 구리시의회 지방한시임기제9호(일반행정) 채용시험 시행계획 재공고 | e01 | g02 | 키워드 미매칭
[철도산업정보][지역 미상] 한국철도공사 | 2026년 제2차 국가 R&D 위촉연구원 채용공고 |  | 키워드 미매칭