=== 2026-09-23 필터 통계 ===
  수집               522건
  중복 제거            3건
  지역 제외            268건
  상태 제외            0건
  고용형태 제외          51건
  경력구분 제외          55건
  제외어              6건
  키워드 미매칭          1건
  링크없음 제외          0건
  트랙A 매칭           0건
  트랙B 매칭           0건
  트랙C 매칭           0건
----------------------------------------
[KRID][서울특별시] 구로구시설관리공단 | 2026년 17차 직원(체험형 인턴) 채용 공고 | 경영·회계·사무 | 인턴 | 모집중 | 제외어: 인턴
[KRID][인천광역시] 인천광역시제물포구시설관리공단 | 2026년도 제3회 체험형 청년인턴 채용공고 | 경영·회계·사무 | 인턴 | 모집중 | 제외어: 청년인턴
[MOEF][대전] 한국연구재단 | 한국연구재단 PM(기초연구본부장) 초빙 재공고 | 사업관리 | 신입+경력 | 비정규직 | 지역외: 대전
[MOEF][대구] 경북대학교병원 | 칠곡경북대학교병원 2026년 9월 5차 임시직원 채용공고(물리치료사, 간호사, 주차, 조경 | 보건.의료 | 신입+경력 | 비정규직 | 지역외: 대구
[MOEF][대전] 대한적십자사 | [대한적십자사 대전세종지사] 2026년도 2차 육아휴직 대체인력(계약직) 채용 공고 | 경영.회계.사무 | 신입 | 비정규직 | 지역외: 대전
[MOEF][대구] 한국보훈복지의료공단 | [대구보훈병원] 정규직 보건직(임상병리사) 채용 공고 | 보건.의료 | 신입+경력 | 정규직 | 지역외: 대구
[MOEF][서울] 한국수출입은행 | 한국수출입은행 2026년 하반기 KSP/EIPP연구원(별정직원) 채용 | 사업관리 | 신입 | 비정규직 | 경력구분 제외: 신입 단독
[MOEF][전남광주] 국립공원공단 | [다도해해상]2026년 다도해해상 한시인력[탐방로예약제 운영] 직원 채용 추가접수 재공고 | 환경.에너지.안전 | 신입+경력 | 비정규직 | 지역외: 전남광주
[MOEF][전남광주] 국립공원공단 | [다도해해상]2026년 다도해해상 한시인력[환경관리(환경미화)] 직원 채용(3차) 추가접수 | 환경.에너지.안전 | 신입+경력 | 비정규직 | 지역외: 전남광주
[MOEF][세종] 한국환경연구원 | [한국환경연구원] 임시직(일반행정) 채용 공고(경영지원실 대체인력)(0922) | 경영.회계.사무 | 신입+경력 | 비정규직 | 지역외: 세종
[MOEF][세종] 축산물품질평가원 | 2026년 하반기 운영직(사무일반) 채용공고 | 사업관리,경영.회계.사무,농림어업 | 신입 | 무기계약직 | 지역외: 세종
[MOEF][전남광주] 한국농촌경제연구원 | 한국농촌경제연구원 2026년 제8차(재공모) 청년인턴(장애인 제한경쟁) 채용 공고 | 경영.회계.사무 | 신입 | 청년인턴(체험형) | 지역외: 전남광주
[MOEF][서울] 대한적십자사 | 2026년도 제10차 혈액관리본부 소속기관 의무직 신규채용 공고(중앙혈액검사센터) | 보건.의료 | 신입 | 비정규직 | 경력구분 제외: 신입 단독
[MOEF][세종,충북,전북] 한국전력공사 | 2026년도 제2차 4(나)직급 전문인력 채용공고 | 건설,기계,전기.전자,환경.에너지.안전 | 경력 | 정규직 | 지역외: 세종,충북,전북,전남광주
[MOEF][충남] 주택관리공단(주) | 육아휴직 대체직 채용공고(주택관리공단 대전충남지사) | 경영.회계.사무 | 신입+경력 | 비정규직 | 지역외: 충남
[MOEF][경남] 경상국립대학교병원 | 간호직 채용공고 | 보건.의료 | 신입+경력 | 정규직 | 지역외: 경남
[MOEF][대구] 한국교육학술정보원 | 2026년 제6차 직원(청년인턴(장애·보훈 제한경쟁)) 채용 | 경영.회계.사무,교육.자연.사회과학,연구 | 신입 | 비정규직,청년인턴(체험형) | 지역외: 대구
[MOEF][세종] 한국조세재정연구원 | [한국조세재정연구원] 공공기관연구센터 소장 초빙 | 사업관리,연구 | 신입+경력 | 비정규직 | 지역외: 세종
[MOEF][대구] 한국교육학술정보원 | 2026년 제6차 직원(무기계약직-운영직) 채용 | 경비.청소 | 신입 | 무기계약직 | 지역외: 대구
[MOEF][대구] 한국교육학술정보원 | 2026년 제6차 직원(정규직) 채용 | 경영.회계.사무,교육.자연.사회과학,정보통신,연구 | 신입 | 정규직 | 지역외: 대구
[MOEF][충남] 한전KPS(주) | 한전KPS(주)당진사업처 단기노무원 채용(계측제어2부 9,10호기 계측제어설비 경상정비용역 | 전기.전자 | 신입+경력 | 비정규직 | 지역외: 충남
[MOEF][강원] 근로복지공단 | [동해병원] 기간제 의사(응급실전담의) 채용 공고 | 보건.의료 | 신입 | 비정규직 | 지역외: 강원
[MOEF][강원] 근로복지공단 | [동해병원] 기간제 의사(산부인과) 채용 공고 | 보건.의료 | 신입 | 비정규직 | 지역외: 강원
[MOEF][강원] 근로복지공단 | [동해병원] 기간제 의사(재활의학과 전문의) 채용 공고 | 보건.의료 | 신입 | 비정규직 | 지역외: 강원
[MOEF][충남] 한전KPS(주) | 한전KPS(주)당진사업처 단기노무원 채용(기술부 #6OH 계측제어설비 계획예방정비공사) | 기계,전기.전자 | 신입+경력 | 비정규직 | 지역외: 충남
[MOEF][강원] 근로복지공단 | [태백병원] 공무직(전기기계통신기사-기계분야) 채용 공고 | 보건.의료,기계 | 신입 | 무기계약직 | 지역외: 강원
[MOEF][부산] 기술보증기금 | 기술보증기금 사무지원인력 채용공고 (기업구조혁신부) | 금융.보험 | 신입 | 비정규직 | 지역외: 부산
[MOEF][서울] 기술보증기금 | 기술보증기금 사무지원인력 채용공고 (가산지점) | 금융.보험 | 신입 | 비정규직 | 경력구분 제외: 신입 단독
[MOEF][서울,부산,대구] 한국전력공사 | 2026년도 하반기 보훈 채용공고 | 경영.회계.사무,전기.전자,정보통신 | 신입 | 정규직 | 경력구분 제외: 신입 단독
[MOEF][강원] 대한석탄공사 | 2026년 한시적계약직 특별채용 재공고(팀장급) | 경영.회계.사무,환경.에너지.안전 | 경력 | 비정규직 | 지역외: 강원
[MOEF][세종] KDI국제정책대학원 | [KDI국제정책대학원] 2026년 제10차 인턴직원 채용(경영기획) | 경영.회계.사무 | 신입+경력 | 청년인턴(체험형) | 지역외: 세종
[MOEF][경북] 국립공원공단 | [주왕산] 2026년도 주왕산국립공원 한시인력(탐방해설) 직원 추가 채용 공고 | 이용.숙박.여행.오락.스포츠 | 신입+경력 | 비정규직 | 지역외: 경북
[MOEF][경남] 국립공원공단 | [지리산경남] 지리산국립공원경남사무소 가을성수기 한시인력(수익시설) 채용 공고 | 환경.에너지.안전 | 신입+경력 | 비정규직 | 지역외: 경남
[MOEF][경북] 국립공원공단 | [경주] 2026년 경주국립공원 기간제(분묘조사) 직원 채용 재공고 | 환경.에너지.안전 | 신입+경력 | 비정규직 | 지역외: 경북
[MOEF][경남] 경상국립대학교병원 | 전산직 채용공고 | 보건.의료 | 신입+경력 | 정규직 | 지역외: 경남
[MOEF][경남] 국립공원공단 | [지리산경남] 지리산국립공원경남사무소 가을성수기 한시인력(환경관리) 채용 공고 | 환경.에너지.안전 | 신입+경력 | 비정규직 | 지역외: 경남
[MOEF][경남] 경상국립대학교병원 | 계약직(야간전담당직약사) 채용공고 | 보건.의료 | 신입+경력 | 비정규직 | 지역외: 경남
[MOEF][인천] (주)한국가스기술공사 | '26년도 인천 액화수소설비 관리운영 용역 1차 기간제 계약직 채용공고 | 환경.에너지.안전 | 신입 | 비정규직 | 경력구분 제외: 신입 단독
[MOEF][대전,경북] 한전KDN | 한전KDN(주) 원전인프라부 프로젝트계약근로자 채용공고 | 정보통신 | 신입+경력 | 비정규직 | 지역외: 대전,경북
[MOEF][전남광주] 한전KPS(주) | 한전KPS(주)광주전남전력지사 순천지점 단기노무원 채용 | 전기.전자 | 신입+경력 | 비정규직 | 지역외: 전남광주
[MOEF][경기] 한국보훈복지의료공단 | [남양주보훈요양원] 제4차 2026년 요양보호직(정규직 전환 조건) 채용 공고 | 보건.의료 | 신입 | 비정규직 | 경력구분 제외: 신입 단독
[MOEF][세종] 한국직업능력연구원 | [한국직업능력연구원] 2026년도 제6차 기간제 계약직원(휴직자 대체) 채용 공고 | 사업관리,경영.회계.사무 | 신입 | 비정규직 | 지역외: 세종
[MOEF][서울,부산,대구] 중소벤처기업진흥공단 | 2026년 하반기 2차 중소벤처기업진흥공단 체험형 청년인턴(장애인) 채용 공고 | 경영.회계.사무,금융.보험 | 신입 | 청년인턴(체험형) | 고용형태 제외: 청년인턴(체험형)
[MOEF][세종] 중소기업기술정보진흥원 | 2026년 체험형 청년인턴 채용 공고 | 사업관리,경영.회계.사무 | 신입 | 청년인턴(체험형) | 지역외: 세종
[MOEF][세종] 중소기업기술정보진흥원 | 2026년 인공지능혁신추진단장 채용 공고 | 사업관리,경영.회계.사무 | 신입 | 비정규직 | 지역외: 세종
[MOEF][전남광주] 한국보훈복지의료공단 | [광주보훈병원] 계약직 업무지원직(진료지원) 직원 채용 공고 | 보건.의료 | 신입+경력 | 비정규직 | 지역외: 전남광주
[MOEF][전북] 대한적십자사 | [전북혈액원] 비정규직 초단시간 근로자(임상병리사) 채용 공고 | 보건.의료 | 신입 | 비정규직 | 지역외: 전북
[MOEF][세종] 한국보건사회연구원 | 한국보건사회연구원 정규직 신규채용(6차) 연구원 | 사업관리,연구 | 신입 | 정규직 | 지역외: 세종
[MOEF][세종] 한국보건사회연구원 | 한국보건사회연구원 정규직 신규채용(5차) 부연구위원 | 연구 | 신입 | 정규직 | 지역외: 세종
[MOEF][경북] 대한법률구조공단 | 대한법률구조공단 서무직 4급(운전원) 제한경쟁채용 시험 공고 | 경영.회계.사무,법률.경찰.소방.교도.국방,운전.운송 | 신입 | 정규직 | 지역외: 경북
[MOEF][전남광주] 한국인터넷진흥원 | 2026년 한국인터넷진흥원 공무직 2차 채용 공고 - 미화(보훈특별고용) | 경비.청소 | 신입+경력 | 무기계약직 | 지역외: 전남광주
[MOEF][전남광주] 한국인터넷진흥원 | 2026년 한국인터넷진흥원 공무직 2차 채용 공고 - 비서(운전), 미화, 시설관리 등 | 법률.경찰.소방.교도.국방,보건.의료,운전.운송,경비.청소,기계,전기.전자 | 신입+경력 | 무기계약직 | 지역외: 전남광주
[MOEF][서울,전남광주] 한국인터넷진흥원 | 2026년 하반기 한국인터넷진흥원 일반직, 일반계약직 채용 공고 | 사업관리,경영.회계.사무,정보통신 | 신입 | 정규직,무기계약직 | 경력구분 제외: 신입 단독
[MOEF][충북,경북] 국립공원공단 | [속리산] 속리산국립공원사무소 한시인력(탐방안내, 환경관리) 직원 채용 | 경비.청소,이용.숙박.여행.오락.스포츠 | 신입+경력 | 비정규직 | 지역외: 충북,경북
[MOEF][서울,부산,대구] 대한법률구조공단 | 2026년 대한법률구조공단 일반직 7급 직원 채용 공고 | 경영.회계.사무,법률.경찰.소방.교도.국방 | 신입 | 정규직 | 경력구분 제외: 신입 단독
[MOEF][서울,부산,대구] (주)한국가스기술공사 | 2026년 하반기 신입직원 공개채용 | 건설,기계,전기.전자 | 신입 | 정규직 | 경력구분 제외: 신입 단독
[MOEF][충북] 한국환경공단 | 2026년 한국환경공단 충청권환경본부 재활용품 비축사업 기간제근로자(촉탁) 채용공고 | 환경.에너지.안전 | 신입+경력 | 비정규직 | 지역외: 충북
[MOEF][인천] 한국도로교통공단 | [인천운전면허시험장] 실무계약직(환경관리) 채용 공고 | 경비.청소 | 신입 | 비정규직 | 경력구분 제외: 신입 단독
[MOEF][경남] 한전KDN | 한전KDN(주) 진주지사 AMI 분야 비정규직(장애인) 모집공고 | 전기.전자,정보통신 | 신입+경력 | 비정규직 | 지역외: 경남
[MOEF][대구] 대한적십자사 | 대구경북혈액원 비정규직(육아휴직 대체인력) 임상병리사 채용공고 (11.01. 임용) | 보건.의료 | 신입 | 비정규직 | 지역외: 대구
[MOEF][서울] 한국문화관광연구원 | 한국문화관광연구원 위촉직원 채용 공고 [2026-37] | 연구 | 신입 | 비정규직 | 경력구분 제외: 신입 단독
[MOEF][경남] 한국토지주택공사 | 한국토지주택공사 개방형 직위 공모 | 경영.회계.사무 | 경력 | 비정규직 | 지역외: 경남
[MOEF][서울,부산,대구] 한국철도공사 | 2026년 하반기 한국철도공사 장애인 체험형 인턴사원 채용 공고			 | 경영.회계.사무,운전.운송 | 신입 | 청년인턴(체험형) | 고용형태 제외: 청년인턴(체험형)
[MOEF][전남광주] 한전KDN | 2026년 하반기 한전KDN 별정직 채용공고 | 경비.청소,건설 | 신입 | 무기계약직 | 지역외: 전남광주
[MOEF][서울,부산,대구] 한국무역보험공사 | 한국무역보험공사 2026년 하반기 체험형 청년인턴 채용공고 | 경영.회계.사무,금융.보험 | 신입 | 청년인턴(체험형) | 고용형태 제외: 청년인턴(체험형)
[MOEF][경기] 근로복지공단 | [안산병원] 기간제(사회복지사) 채용 공고 | 보건.의료 | 신입 | 비정규직 | 경력구분 제외: 신입 단독
[MOEF][경기] 근로복지공단 | [안산병원] 기간제(간호조무사) 채용 공고 | 보건.의료 | 신입 | 비정규직 | 경력구분 제외: 신입 단독
[MOEF][경기] 근로복지공단 | [안산병원] 기간제(물리치료사) 채용 공고 | 보건.의료 | 신입 | 비정규직 | 경력구분 제외: 신입 단독
[MOEF][강원] 강원대학교병원 | 2026-45(대체근로자) 채용 공고 | 보건.의료 | 신입 | 비정규직 | 지역외: 강원
[MOEF][강원] 강원대학교병원 | 2026-44(업무협력직) 채용 공고 | 보건.의료 | 신입 | 정규직 | 지역외: 강원
[MOEF][강원] 강원대학교병원 | 2026-43(일반직·원무직) 채용 공고 | 보건.의료 | 신입+경력 | 정규직 | 지역외: 강원
[MOEF][강원] 강원대학교병원 | 2026-42(일반직_간호직 경력) 채용 공고 | 보건.의료 | 경력 | 정규직 | 지역외: 강원
[MOEF][강원] 강원대학교병원 | 2026-41(약무직) 채용 공고 | 보건.의료 | 경력 | 정규직 | 지역외: 강원
[MOEF][경기,충북] 한국소방산업기술원 | 2026년 제3차 기간제 근로자 채용 | 기계,화학,섬유.의복,전기.전자,환경.에너지.안전 | 신입 | 비정규직 | 경력구분 제외: 신입 단독
[MOEF][경북] 한전KPS(주) | 한전KPS(주) 한울1사업처 한울1호기 제27차 계획예방정비공사 단기노무원 채용 공고(3차 | 건설,기계 | 신입+경력 | 비정규직 | 지역외: 경북
[MOEF][전북] 국립공원공단 | [변산반도생태탐방원] 2026년 4차 변산반도생태탐방원 기간제[한시인력(수익시설)] 직원  | 환경.에너지.안전 | 신입+경력 | 비정규직 | 지역외: 전북
[MOEF][전남광주] 한전KDN | 한전KDN(주) 목포지사 AMI분야 비정규직 모집공고(재공고) | 정보통신 | 신입+경력 | 비정규직 | 지역외: 전남광주
[MOEF][세종] 한국조세재정연구원 | [한국조세재정연구원] 공무직(경비) 신규인력채용_보훈제한경쟁 | 경비.청소 | 신입+경력 | 무기계약직 | 지역외: 세종
[MOEF][부산,대구,대전] 가축위생방역지원본부 | [가축위생방역지원본부 제2026-41호] 2026년 제3차 정규직 채용 공고 | 경영.회계.사무,보건.의료,농림어업 | 신입 | 무기계약직 | 경력구분 제외: 신입 단독
[MOEF][세종] 한국개발연구원 |  2026년 3분기 3차 KDI 위촉직원(대체인력) 채용 공고(행정직) | 경영.회계.사무 | 신입 | 비정규직 | 지역외: 세종
[MOEF][세종] 한국개발연구원 | 2026년 3분기 3차 KDI 위촉직원(대체인력) 채용 공고(연구직) | 사업관리,연구 | 신입 | 비정규직 | 지역외: 세종
[MOEF][대전] 한국토지주택공사 | 한국토지주택공사 대전충남지역본부 기간제근로자 채용공고 | 경영.회계.사무,사회복지.종교,영업판매 | 신입+경력 | 비정규직 | 지역외: 대전
[MOEF][서울] 예금보험공사 | 예금보험공사 업무지원직원(무기계약직·무기계약직(보훈) 및 육아휴직대체) 채용 안내 | 경영.회계.사무 | 신입 | 무기계약직,비정규직 | 경력구분 제외: 신입 단독
[MOEF][인천] 극지연구소 | 2026년 하반기 극지연구소 연수생 채용 공고 | 연구 | 신입 | 비정규직 | 경력구분 제외: 신입 단독
[MOEF][인천] 극지연구소 | 2026년 하반기 연수연구원(박사후 및 석사후) 채용 공고문 | 연구 | 신입 | 비정규직 | 경력구분 제외: 신입 단독
[MOEF][강원] 한국보훈복지의료공단 | [원주보훈요양원] 2026년 제2차 체험형 청년인턴(장애인)(재공고) 채용 | 사회복지.종교 | 신입 | 청년인턴(체험형) | 지역외: 강원
[MOEF][서울,대전,충남] 한국조폐공사 | 2027년도 한국조폐공사 신입직원(채용형인턴) 채용공고 | 사업관리,경영.회계.사무,문화.예술.디자인.방송,영업판매,기계,화학,전기.전자,정보통신,인쇄.목재.가구.공예,환경.에너지.안전,농림어업,연구 | 신입 | 청년인턴(채용형) | 고용형태 제외: 청년인턴(채용형)
[MOEF][전북] 한국식품산업클러스터진흥원 | 한국식품산업클러스터진흥원 2026년 제4차 직원(정규직, 계약직) 채용 공고 | 사업관리,경영.회계.사무,교육.자연.사회과학,운전.운송,건설,기계,화학,식품가공,환경.에너지.안전 | 신입+경력 | 정규직,무기계약직,비정규직 | 지역외: 전북
[MOEF][세종] 한국항로표지기술원 | 한국항로표지기술원 기간제 계약직(연구원) 채용 공고 | 사업관리,정보통신 | 신입 | 비정규직 | 지역외: 세종
[MOEF][대구,인천,대전] 근로복지공단 | [근로복지공단 소속병원] 의료직 채용 공고 | 보건.의료 | 신입 | 정규직 | 경력구분 제외: 신입 단독
[MOEF][인천] 근로복지공단 | [인천병원] 별정직 의사(내과 또는 가정의학과) 채용 공고 | 보건.의료 | 신입 | 정규직 | 경력구분 제외: 신입 단독
[MOEF][대전,세종,충남] 한전KDN | 한전KDN(주) 대전충남본부 AMI분야 작업원(장애인) 추가 모집공고 | 전기.전자,정보통신 | 신입+경력 | 비정규직 | 지역외: 대전,세종,충남
[MOEF][강원] 근로복지공단 | [태백병원] 기간제 의사(응급실전담의) 채용 공고 | 보건.의료 | 신입 | 비정규직 | 지역외: 강원
[MOEF][강원] 근로복지공단 | [태백병원] 공무직(시설미화원) 채용 공고 | 보건.의료,경비.청소 | 신입 | 무기계약직 | 지역외: 강원
[MOEF][울산] 근로복지공단 | [울산병원] 의료직(약사) 3급 채용 공고 | 보건.의료 | 경력 | 정규직 | 지역외: 울산
[MOEF][울산] 근로복지공단 | [울산병원] 의료직(약사) 2급 채용 공고 | 보건.의료 | 경력 | 정규직 | 지역외: 울산
[MOEF][충남] 국립생태원 | 2026년 제7차 국립생태원 기간제근로자(수탁과제) 채용 공고 | 환경.에너지.안전 | 신입+경력 | 비정규직 | 지역외: 충남
[MOEF][대구] 한국사학진흥재단 | 한국사학진흥재단 2026년 1차 직원 채용 (제한경쟁채용 및 상시채용) | 경영.회계.사무 | 경력 | 무기계약직 | 지역외: 대구
[MOEF][대구] 한국부동산원 | 한국부동산원 전문계약직(정규직 전환형) 채용 공고 | 경영.회계.사무,영업판매,건설,정보통신 | 경력 | 비정규직 | 지역외: 대구
[MOEF][전남광주] (재)우체국금융개발원 | 우체국금융개발원 2026년 8차(보훈특별고용) 공개채용 공고 | 금융.보험 | 신입 | 정규직 | 지역외: 전남광주
[MOEF][대전] 기초과학연구원 | 2026-11회 생명과학 연구클러스터 연구직 채용 공고 | 연구 | 신입+경력 | 비정규직 | 지역외: 대전
[MOEF][전남광주] 국립호남권생물자원관 | 국립호남권생물자원관 기간제ㆍ단시간 근로자(급식종사자) 채용 재공고 | 경영.회계.사무,보건.의료,음식서비스 | 경력 | 비정규직 | 지역외: 전남광주
[MOEF][해외] 한전KDN | 한전KDN 국외 마이크로인버터 사업 업무지원 분야 기간제근로자 채용공고 | 환경.에너지.안전 | 신입+경력 | 비정규직 | 지역외: 해외
[MOEF][서울,부산,대구] 한국국토정보공사 | 2026년 한국국토정보공사 신입사원 채용 공고 | 경영.회계.사무,건설 | 신입 | 청년인턴(채용형) | 고용형태 제외: 청년인턴(채용형)
[MOEF][대구] 한국부동산원 | 한국부동산원 부동산연구원장 채용 공고 | 사업관리,경영.회계.사무,연구 | 경력 | 무기계약직 | 지역외: 대구
[MOEF][전남광주] 한전KDN | 한전KDN 국내 태양광발전소 구축 업무지원 분야 기간제근로자 채용공고 | 환경.에너지.안전 | 신입+경력 | 비정규직 | 지역외: 전남광주
[MOEF][서울] (주)강원랜드 | (주)강원랜드 2026년 하이원 글로벌 아카데미 체험형인턴 모집 공고 | 이용.숙박.여행.오락.스포츠 | 신입 | 청년인턴(체험형) | 고용형태 제외: 청년인턴(체험형)
[MOEF][부산,대전,강원] (주)강원랜드 | (주)강원랜드 2026년 동계 1차 기간제 근로자 모집 공고 | 경영.회계.사무,보건.의료,경비.청소,이용.숙박.여행.오락.스포츠,음식서비스,농림어업 | 신입 | 비정규직 | 지역외: 부산,대전,강원
[MOEF][서울,부산,대구] 공무원연금공단 | 사회형평적 체험형 청년인턴 채용 공고 | 사업관리,경영.회계.사무 | 신입 | 청년인턴(체험형) | 고용형태 제외: 청년인턴(체험형)
[MOEF][충북] 한국식품안전관리인증원 | 2026년 제13차 계약직직원 채용 | 경영.회계.사무 | 신입+경력 | 비정규직 | 지역외: 충북
[MOEF][서울,부산,대구] 대한무역투자진흥공사 | 2026년 KOTRA 통상직 신입사원 채용 공고 | 경영.회계.사무 | 신입 | 정규직 | 경력구분 제외: 신입 단독
[MOEF][대구,경북] 한전KDN | 한전KDN(주) 대구본부 포항지사 AMI분야 작업원 모집공고 | 전기.전자,정보통신 | 신입+경력 | 비정규직 | 지역외: 대구,경북
[MOEF][경남] 학교법인한국폴리텍 | 한국폴리텍대학 창원캠퍼스 무기계약직원(조리원) 채용 공고 | 음식서비스 | 신입+경력 | 무기계약직 | 지역외: 경남
[MOEF][경남] 학교법인한국폴리텍 | 한국폴리텍대학 창원캠퍼스 행정지원직(사무직원 휴직 대체인력) 채용 공고 | 경영.회계.사무 | 신입+경력 | 비정규직 | 지역외: 경남
[MOEF][경남] 학교법인한국폴리텍 | 한국폴리텍대학 창원캠퍼스 2026년 하반기 업무지원직(식당 단시간근로자) 6차 채용 공고 | 음식서비스 | 신입+경력 | 비정규직 | 지역외: 경남
[MOEF][충남] 국립중앙의료원 | 계약직 연구원-휴직대체(충남응급의료지원센터) 채용 재공고 | 보건.의료 | 신입+경력 | 비정규직 | 지역외: 충남
[MOEF][전남광주] 한전KPS(주) | 한전KPS 원자력정비기술센터 단기노무원(안전관리, 보건관리)모집(영광 근무) | 보건.의료,환경.에너지.안전 | 신입+경력 | 비정규직 | 지역외: 전남광주
[MOEF][대구] 경북대학교치과병원 | 2026년 제5차 기간제(구강내과 치과위생사) 채용 공고 | 보건.의료 | 신입 | 비정규직 | 지역외: 대구
[MOEF][전남광주] 한국장애인고용공단 | [한국장애인고용공단 전남지사]2026년 체험형 청년인턴(대체근로자) 채용 | 경영.회계.사무,사회복지.종교 | 신입+경력 | 비정규직,청년인턴(체험형) | 지역외: 전남광주
[MOEF][전남광주] 한전KPS(주) | 한전KPS(주)한빛1사업처 한빛2호기 제28차 O/H공사 단기노무원 채용공고(3차) | 건설,기계 | 신입+경력 | 비정규직 | 지역외: 전남광주
[MOEF][대전,세종] 충남대학교병원 | 2026년 하반기 신규의료진(전임의사) 공개채용 모집공고(상시모집) | 보건.의료 | 신입+경력 | 정규직 | 지역외: 대전,세종
[MOEF][대전] 충남대학교병원 | 2026년 하반기 신규의료진(진료교수) 공개채용 모집공고(상시모집) | 보건.의료 | 신입+경력 | 비정규직 | 지역외: 대전
[MOEF][대전] 충남대학교병원 | 2026년 하반기 신규의료진(임상교수요원) 공개채용 모집공고(상시모집) | 보건.의료 | 신입+경력 | 정규직 | 지역외: 대전
[MOEF][강원] 한전KDN | 한전KDN(주) 강원사업처 AMI분야 비정규직(장애인) 모집공고 | 정보통신 | 신입+경력 | 비정규직 | 지역외: 강원
[MOEF][충남] 한국기술교육대학교 | 한국기술교육대학교 대학혁신지원사업 대우교수 및 연구원 채용 | 사업관리,경영.회계.사무,연구 | 신입+경력 | 비정규직 | 지역외: 충남
[MOEF][대구] 한국환경공단 | 2026년 한국환경공단 대구경북환경본부 수탁폐수 전자인계인수관리시스템 운영사업 기간제근로자 | 환경.에너지.안전 | 신입+경력 | 비정규직 | 지역외: 대구
[MOEF][대구,경북] 한국전력공사 | 2026년 제2차 장애인 체험형 인턴 채용공고 [대구본부] | 경영.회계.사무 | 신입 | 청년인턴(체험형) | 지역외: 대구,경북
[MOEF][서울,부산,인천] 그랜드코리아레저(주) | 2026년 2차 GKL(그랜드코리아레저) 청년인턴 채용 | 이용.숙박.여행.오락.스포츠 | 신입 | 청년인턴(체험형) | 고용형태 제외: 청년인턴(체험형)
[MOEF][세종] 한국보건사회연구원 | 한국보건사회연구원 계약직 채용 공고(보건의료정책분야 및 인사분야) | 사업관리,경영.회계.사무,연구 | 신입 | 비정규직 | 지역외: 세종
[MOEF][울산] 한국에너지공단 | 한국에너지공단 신입직원(채용형 인턴) 채용 공고 | 경영.회계.사무,법률.경찰.소방.교도.국방,건설,기계,전기.전자,정보통신,환경.에너지.안전 | 신입 | 청년인턴(채용형) | 지역외: 울산
[MOEF][충북] 한국교육개발원 | 2026년도 제5차 위촉직 채용 공고 | 사업관리,경영.회계.사무,교육.자연.사회과학,연구 | 신입 | 비정규직 | 지역외: 충북
[MOEF][강원] 국립공원공단 | [국립공원연구원] 국립공원연구원 기간제(한시인력, 사무행정) 직원 채용 | 경영.회계.사무 | 신입+경력 | 비정규직 | 지역외: 강원
[MOEF][부산] 동남권원자력의학원 | 2026년 제2차 동남권원자력의학원 직원채용 공고 | 경영.회계.사무,보건.의료,전기.전자,연구 | 신입+경력 | 정규직,무기계약직,비정규직 | 지역외: 부산
[MOEF][강원] 건강보험심사평가원 | 2026년 건강보험심사평가원 촉탁변호사 채용 공고 | 법률.경찰.소방.교도.국방 | 신입+경력 | 비정규직 | 지역외: 강원
[MOEF][부산] 부산대학교병원 | 계약직(연구직,보건직,원무직) 공개채용 모집 공고 | 보건.의료 | 신입+경력 | 비정규직 | 지역외: 부산
[MOEF][세종] 대외경제정책연구원 | 임시직 연구원급(APEC연구컨소시엄사무국) 및 전문원급(홍보팀, 학술정보팀) 채용 공고 | 경영.회계.사무,연구 | 신입+경력 | 비정규직 | 지역외: 세종
[MOEF][울산,충북] 한국에너지공단 | 한국에너지공단 전문경력직 채용 공고 | 경영.회계.사무,금융.보험,건설,기계,전기.전자,정보통신,환경.에너지.안전,연구 | 신입+경력 | 정규직 | 지역외: 울산,충북
[MOEF][서울] 중소벤처기업연구원 | 2026년도 중소벤처기업연구원 체험형 청년인턴(보훈제한경쟁) 공개채용 공고 | 경영.회계.사무 | 신입+경력 | 청년인턴(체험형) | 고용형태 제외: 청년인턴(체험형)
[MOEF][세종] 한국환경연구원 | [한국환경연구원] 임시직(국가기후위기 적응대책 이행강화(총괄 및 적응정책 연구)) 채용공고 | 연구 | 신입+경력 | 비정규직 | 지역외: 세종
[MOEF][세종] 한국환경연구원 | [한국환경연구원] 임시직(국가기후위기 적응대책 이행강화(국가적응대책 수립 및 주류화 지원) | 연구 | 신입+경력 | 비정규직 | 지역외: 세종
[MOEF][전남광주] 전남대학교병원 | 2026년 9월 전남대학교병원 직원(지원직) 공개채용 공고 | 보건.의료 | 신입 | 비정규직 | 지역외: 전남광주
[MOEF][대전] 한국수자원공사 | [한국수자원공사] 건설안전처 특수직(사무관리_회계) 채용 공고 | 경영.회계.사무 | 신입+경력 | 비정규직 | 지역외: 대전
[MOEF][경기] 근로복지공단 | [안산병원] 공무직(물리작업치료사) 채용 공고 | 보건.의료 | 신입 | 무기계약직 | 경력구분 제외: 신입 단독
[MOEF][서울,부산,대구] 한국철도공사 | 2026년 하반기 한국철도공사 청년 체험형 인턴사원 채용 공고 | 경영.회계.사무,운전.운송,정보통신 | 신입 | 청년인턴(체험형) | 고용형태 제외: 청년인턴(체험형)
[MOEF][경기] 근로복지공단 | [안산병원] 공무직(간호조무사) 채용 공고 | 보건.의료 | 신입 | 무기계약직 | 경력구분 제외: 신입 단독
[MOEF][충북] 한국교육과정평가원 | 2026년 제1차 한국교육과정평가원 청사운영직 채용 공고 | 기계 | 신입 | 무기계약직 | 지역외: 충북
[MOEF][경북] 국립공원공단 | [소백산생태탐방원] 2026년 소백산생태탐방원 기간제(한시인력_국립공원지킴이) 채용 공고 | 경비.청소,환경.에너지.안전 | 신입+경력 | 비정규직 | 지역외: 경북
[MOEF][충남] 한국기술교육대학교 | (한국기술교육대학교) 충청남도 지역성장 인재양성체계(앵커) 계약학과 대우교수(산학협력중점) | 교육.자연.사회과학 | 경력 | 비정규직 | 지역외: 충남
[MOEF][경기] 근로복지공단 | [경기요양병원] 의료직(약사) 4급 채용 공고 | 보건.의료 | 신입 | 정규직 | 경력구분 제외: 신입 단독
[MOEF][강원] 근로복지공단 | [정선병원] 공무직(야간접수수납원) 채용 공고 | 보건.의료 | 신입 | 무기계약직 | 지역외: 강원
[MOEF][강원] 근로복지공단 | [정선병원] 공무직(임상병리사) 채용 공고 | 보건.의료 | 신입 | 무기계약직 | 지역외: 강원
[MOEF][경남] 근로복지공단 | [창원병원] 기간제(산업위생사) 채용 공고 | 보건.의료 | 신입 | 비정규직 | 지역외: 경남
[MOEF][세종] 한국청소년정책연구원 | [채용공고 2026-11호] 휴직 대체인력 채용 공고 | 경영.회계.사무,정보통신 | 신입 | 비정규직 | 지역외: 세종
[MOEF][부산,경남] 근로복지공단 | [창원병원] 기간제(작업치료사) 채용 공고 | 보건.의료 | 신입 | 비정규직 | 지역외: 부산,경남
[MOEF][경남] 근로복지공단 | [창원병원] 공무직(방사선사) 채용 공고 | 보건.의료 | 신입 | 무기계약직 | 지역외: 경남
[MOEF][경남] 근로복지공단 | [창원병원] 공무직(임상병리사) 채용 공고 | 보건.의료 | 신입 | 무기계약직 | 지역외: 경남
[MOEF][충남] 국립공원공단 | [태안] 2026년 태안해안 기간제[한시인력(환경관리)] 직원 채용 | 환경.에너지.안전 | 신입+경력 | 비정규직 | 지역외: 충남
[MOEF][강원] 한국전력공사 | 기간제근로자(대체인력)채용공고[강원본부 횡성지사] | 전기.전자 | 신입 | 비정규직 | 지역외: 강원
[MOEF][울산,경기,충북] 한국소방산업기술원 | 2026년 한국소방산업기술원 정규직 채용 | 사업관리,법률.경찰.소방.교도.국방,기계,전기.전자,환경.에너지.안전 | 신입 | 정규직 | 경력구분 제외: 신입 단독
[MOEF][강원] 한전KPS(주) | 한전KPS(주)강원충북전력지사 단기노무원(동해지점 차량순시) 채용공고(28차) | 건설,전기.전자 | 신입+경력 | 비정규직 | 지역외: 강원
[MOEF][전남광주] 근로복지공단 | [순천병원] 공무직(간호조무사) 채용 공고 | 보건.의료 | 신입 | 무기계약직 | 지역외: 전남광주
[MOEF][인천] 한국환경공단 | 한국환경공단(본사) 사업장대기처 측정대행관리부 기간제근로자(촉탁 라급) 채용 공고 | 화학,환경.에너지.안전 | 신입 | 비정규직 | 경력구분 제외: 신입 단독
[MOEF][서울,부산,대구] 한국공항공사 | 2026년도 하반기 신입사원 안전직(공항보안 및 보안검색감독) 공개채용 | 운전.운송,경비.청소 | 신입 | 정규직 | 경력구분 제외: 신입 단독
[MOEF][강원] 한국장애인개발원 | [제2026-110호] 2026년도 제8차 강원특별자치도장애아동·발달장애인지원센터 체험형  | 사회복지.종교 | 신입+경력 | 청년인턴(체험형) | 지역외: 강원
[MOEF][서울,부산,대구] 한국공항공사 | 2026년도 하반기 신입사원 보훈(공항보안) 채용 | 경비.청소 | 신입 | 정규직 | 경력구분 제외: 신입 단독
[MOEF][세종] 한국법제연구원 | 2026년도 제2차 정규직(부연구위원) 제한경쟁 채용 공고 | 교육.자연.사회과학,연구 | 신입+경력 | 정규직 | 지역외: 세종
[MOEF][서울,부산,울산] 한국공항공사 | 2026년도 하반기 신입사원 구조소방(소방원 및 응급구조사) 공개채용 | 법률.경찰.소방.교도.국방 | 신입 | 정규직 | 경력구분 제외: 신입 단독
[MOEF][서울,부산,대구] 한국공항공사 | 2026년도 하반기 신입사원(5급갑, 6급갑 고졸수준) 공개채용 | 사업관리,경영.회계.사무,교육.자연.사회과학,법률.경찰.소방.교도.국방,운전.운송,경비.청소,건설,정보통신,환경.에너지.안전 | 신입 | 정규직 | 경력구분 제외: 신입 단독
[MOEF][인천] 대한적십자사 | 경인권역재활병원 정규직 방사선사 채용 공고(2026.10.26.임용) | 보건.의료 | 신입 | 정규직 | 경력구분 제외: 신입 단독
[MOEF][서울,부산,대구] 국민건강보험공단 | 2026년도 하반기 국민건강보험공단 신규직원 채용 공고 | 경영.회계.사무,보건.의료,사회복지.종교,이용.숙박.여행.오락.스포츠,정보통신 | 신입 | 정규직 | 경력구분 제외: 신입 단독
[MOEF][경기] 대한법률구조공단 | 대한법률구조공단 의정부지부 청년인턴 공개경쟁 채용시험 공고 | 경영.회계.사무,법률.경찰.소방.교도.국방 | 신입 | 청년인턴(체험형) | 고용형태 제외: 청년인턴(체험형)
[MOEF][부산] 한국토지주택공사 | 한국토지주택공사 부산울산지역본부 기간제근로자(전세사기 피해자 지원 업무보조) 채용공고 | 경영.회계.사무,영업판매 | 신입+경력 | 비정규직 | 지역외: 부산
[MOEF][경남] 학교법인한국폴리텍 | 2026년 한국폴리텍대학 항공캠퍼스 청년인턴(일반) 2차 채용 공고 | 경영.회계.사무 | 신입+경력 | 청년인턴(체험형) | 지역외: 경남
[MOEF][인천] 한국스포츠레저(주) | 한국스포츠레저(주) 전임직 채용공고 | 이용.숙박.여행.오락.스포츠 | 신입 | 비정규직 | 경력구분 제외: 신입 단독
[MOEF][충북] 한국식품안전관리인증원 | 2026년 제12차 계약직직원 채용 | 경영.회계.사무,보건.의료 | 신입+경력 | 비정규직 | 지역외: 충북
[MOEF][광주,전남] 전남대학교병원 | 2026년도 전임의사 상시 공개채용 변경 공고 | 보건.의료 | 신입 | 정규직 | 지역외: 광주,전남
[MOEF][강원] 근로복지공단 | [태백병원] 기술기능직(기술_환경관리) 채용 공고 | 보건.의료,환경.에너지.안전 | 신입+경력 | 정규직 | 지역외: 강원
[MOEF][강원] 근로복지공단 | [정선병원] 기술기능직(기술_안전관리) 채용 공고 | 보건.의료,환경.에너지.안전 | 신입+경력 | 정규직 | 지역외: 강원
[MOEF][서울] 한국전력공사 | 2026년 제1차 장애인 체험형 인턴 모집공고[서울본부] | 경영.회계.사무 | 신입 | 청년인턴(체험형) | 고용형태 제외: 청년인턴(체험형)
[MOEF][강원] 한국도로교통공단 | [원주본부] 디지털운영처 전문계약직 채용공고 | 정보통신 | 경력 | 비정규직 | 지역외: 강원
[MOEF][서울,부산,제주] 한국국제교류재단 | 한국국제교류재단 일반직 신규 채용 공고 | 경영.회계.사무,문화.예술.디자인.방송,정보통신 | 신입 | 정규직 | 경력구분 제외: 신입 단독
[MOEF][울산] 기초과학연구원 | 제2026-3회 IBS 융합과학 연구클러스터 연구직군 채용공고 | 연구 | 신입+경력 | 비정규직 | 지역외: 울산
[MOEF][대전] 기초과학연구원 | 2026-9회 의생명 및 화학 연구클러스터(시냅스 뇌질환 연구단) 연구기술직 채용 공고 | 연구 | 신입+경력 | 비정규직 | 지역외: 대전
[MOEF][서울,인천,세종] 한국중부발전(주) | 2026년도 제3차 4직급 신입직원 채용공고 | 경영.회계.사무,건설,화학,전기.전자,정보통신,환경.에너지.안전 | 신입 | 정규직 | 경력구분 제외: 신입 단독
[MOEF][세종] KDI국제정책대학원 | [KDI국제정책대학원] 2026년 제9차 위촉직 채용(교육행정, 연구행정, 기계설비·안전관 | 사업관리,교육.자연.사회과학,기계 | 신입+경력 | 비정규직 | 지역외: 세종
[MOEF][세종] 축산물품질평가원 | 2026년 하반기 신규직원 기간제 근로자(장애) 채용공고 | 사업관리,경영.회계.사무,농림어업 | 신입 | 비정규직 | 지역외: 세종
[MOEF][경기,강원] 축산물품질평가원 | 2026년 하반기 신규직원 운영직(다급) 채용공고 | 사업관리,경영.회계.사무,농림어업 | 신입 | 무기계약직 | 경력구분 제외: 신입 단독
[MOEF][세종,경기,강원] 축산물품질평가원 |  2026년 하반기 신규직원 체험형 청년인턴(장애) 채용공고 | 사업관리,경영.회계.사무,농림어업 | 신입 | 청년인턴(체험형) | 고용형태 제외: 청년인턴(체험형)
[MOEF][세종] 축산물품질평가원 | 2026년 하반기 신규직원 기간제 근로자(공인노무사) 채용공고 | 사업관리,경영.회계.사무,농림어업 | 신입 | 비정규직 | 지역외: 세종
[MOEF][세종] 축산물품질평가원 | 2026년 하반기 신규직원 보훈특별고용(행정직) 채용공고 | 사업관리,경영.회계.사무,농림어업 | 신입 | 청년인턴(채용형) | 지역외: 세종
[MOEF][세종] 축산물품질평가원 | 2026년 하반기 신규직원 채용형 청년인턴(행정직) 채용 | 사업관리,경영.회계.사무,농림어업 | 신입 | 청년인턴(채용형) | 지역외: 세종
[MOEF][부산,대구,인천] 축산물품질평가원 | 2026년 하반기 신규직원 보훈특별고용(축산물품질평가직) 채용 | 농림어업 | 신입 | 청년인턴(채용형) | 고용형태 제외: 청년인턴(채용형)
[MOEF][부산,대구,인천] 축산물품질평가원 | 2026년 하반기 신규직원 채용형 청년인턴(축산물품질평가직) 채용공고 | 농림어업 | 신입 | 청년인턴(채용형) | 고용형태 제외: 청년인턴(채용형)
[MOEF][세종] 중소기업기술정보진흥원 | 2026년 제2차 공무직(보훈, 장애) 채용 공고 | 사업관리,경영.회계.사무 | 신입 | 무기계약직 | 지역외: 세종
[MOEF][서울,부산,대구] 한국토지주택공사 | 2026년 하반기 한국토지주택공사 신입사원(5·6급) 공채 | 사업관리,경영.회계.사무,법률.경찰.소방.교도.국방,사회복지.종교,문화.예술.디자인.방송,영업판매,건설,기계,화학,전기.전자,정보통신,환경.에너지.안전 | 신입 | 청년인턴(채용형) | 고용형태 제외: 청년인턴(채용형)
[MOEF][전남광주] 한국보훈복지의료공단 | [광주보훈병원] 계약직 보건직(치과위생사) 직원 채용 공고 | 보건.의료 | 신입+경력 | 비정규직 | 지역외: 전남광주
[MOEF][경남] 한전KDN | 한전KDN(주) 진주지사 통신분야 비정규직 모집공고 | 전기.전자,정보통신 | 신입+경력 | 비정규직 | 지역외: 경남
[MOEF][서울] 무역안보관리원 | 2026년도 하반기 무역안보관리원 무기계약직 신입직원 채용 공고 | 사업관리,경영.회계.사무 | 신입 | 무기계약직 | 경력구분 제외: 신입 단독
[MOEF][서울] 무역안보관리원 | 2026년도 하반기 무역안보관리원 정규직 신입직원 채용 공고 | 사업관리,경영.회계.사무,전기.전자 | 신입 | 정규직 | 경력구분 제외: 신입 단독
[MOEF][대전] 한국보훈복지의료공단 | [대전보훈병원] 정규직(업무지원직(완화의료)) 및 계약직(간호조무사, 일반기능직(영선))  | 보건.의료 | 신입+경력 | 무기계약직,비정규직 | 지역외: 대전
[MOEF][대전] 한국보훈복지의료공단 | [대전보훈병원] 전문의(외과) 채용 공고 | 보건.의료 | 신입+경력 | 비정규직 | 지역외: 대전
[MOEF][경기] 한국장애인개발원 | [제2026-105호]2026년도 제5차 경기도장애아동·발달장애인지원센터(장애아동지원팀)  | 사회복지.종교 | 신입+경력 | 청년인턴(체험형) | 고용형태 제외: 청년인턴(체험형)
[MOEF][서울,대전] 한국연구재단 | 2026년 제2차 한국연구재단 직원 채용(연구직, 공무직(사무지원직)) | 사업관리,경영.회계.사무 | 신입 | 정규직,무기계약직,청년인턴(채용형) | 경력구분 제외: 신입 단독
[MOEF][세종] 한국환경연구원 | [한국환경연구원] 임시직(일반행정) 채용 공고(인사관리실 대체인력)(0914) | 경영.회계.사무 | 신입+경력 | 비정규직 | 지역외: 세종
[MOEF][전북] 국립공원공단 | [내장산] 2026년 내장산국립공원 가을성수기 국립공원지킴이(한시인력) 채용 공고 | 경비.청소,건설 | 신입+경력 | 비정규직 | 지역외: 전북
[MOEF][전남광주,경북] 국토안전관리원 | 2026년도 국토안전관리원 제2차 직무중심 채용 공고(무기계약직) | 경비.청소,기계,전기.전자 | 신입 | 무기계약직 | 지역외: 전남광주,경북
[MOEF][경북] 국립낙동강생물자원관 | 국립낙동강생물자원관 2026년 제2차 직원 채용 공고 | 문화.예술.디자인.방송,운전.운송,경비.청소,이용.숙박.여행.오락.스포츠,기계 | 신입+경력 | 무기계약직 | 지역외: 경북
[MOEF][강원,충북,전남] 국토안전관리원 | 2026년도 국토안전관리원 제2차 직무중심 채용 공고(일반직·전문직) | 사업관리,경영.회계.사무,교육.자연.사회과학,운전.운송,건설,정보통신 | 신입+경력 | 정규직,청년인턴(채용형) | 지역외: 강원,충북,전남광주,경북,경남
[MOEF][전남광주,경북] 국립공원공단 | [보전원] 국립공원야생생물보전원 국립공원지킴이(한시인력) 2차 채용 | 경비.청소,건설 | 신입+경력 | 비정규직 | 지역외: 전남광주,경북
[MOEF][충북] 한국교육과정평가원 | 2026년 제2차 한국교육과정평가원 연구직 채용 공고 | 연구 | 신입 | 정규직 | 지역외: 충북
[MOEF][전남광주] 대한적십자사 | [전남광주혈액원] 비정규직 기간제(한시적) 사무보조원 채용 공고 | 경영.회계.사무 | 신입 | 비정규직 | 지역외: 전남광주
[MOEF][제주] 한전KPS(주) | 한전KPS(주)제주사업소 내연 2호기 정지작업 단기노무원 채용공고 | 기계 | 신입+경력 | 비정규직 | 지역외: 제주
[MOEF][경북] 국립낙동강생물자원관 | 국립낙동강생물자원관 2026년 제3차 기간제근로자 채용 공고 | 경영.회계.사무,문화.예술.디자인.방송,이용.숙박.여행.오락.스포츠 | 신입+경력 | 비정규직 | 지역외: 경북
[MOEF][전북] 태권도진흥재단 | 2026년 3차 기간제근로자(육아휴직 대체) 채용 공고 | 이용.숙박.여행.오락.스포츠 | 신입 | 비정규직 | 지역외: 전북
[MOEF][서울,경남] 한국저작권위원회 | 한국저작권위원회 2026년 제3차 직원 채용 | 사업관리,경영.회계.사무,문화.예술.디자인.방송,정보통신 | 신입 | 정규직,비정규직 | 경력구분 제외: 신입 단독
[MOEF][전남광주] 한국전력공사 | 기간제근로자(대체인력) 채용공고[광주전남본부] | 전기.전자 | 신입 | 비정규직 | 지역외: 전남광주
[MOEF][대구] 한국보훈복지의료공단 | [대구보훈병원] 의사직(호흡기내과, 순환기내과, 핵의학과, 응급의학과, 외과, 비뇨의학과, | 보건.의료 | 신입+경력 | 비정규직 | 지역외: 대구
[MOEF][경남] 근로복지공단 | [창원병원] 기간제 의사(영상의학과) 채용 공고 | 보건.의료 | 신입 | 비정규직 | 지역외: 경남
[MOEF][경남] 근로복지공단 | [창원병원] 기간제 의사(응급실전담의) 채용 공고 | 보건.의료 | 신입 | 비정규직 | 지역외: 경남
[MOEF][경남] 근로복지공단 | [창원병원] 별정직 의사(직업환경의학과) 채용 공고 | 보건.의료 | 신입 | 정규직 | 지역외: 경남
[MOEF][경남] 근로복지공단 | [창원병원] 별정직 의사(정형외과) 채용 공고 | 보건.의료 | 신입 | 정규직 | 지역외: 경남
[MOEF][부산] 한국환경공단 | 한국환경공단 부산울산경남환경본부 수탁폐수전자인계인수관리시스템 운영 기간제근로자(촉탁라급)  | 환경.에너지.안전 | 신입+경력 | 비정규직 | 지역외: 부산
[MOEF][충북] 한국장애인개발원 | [제2026-106호] 2026년도 제6차 충청북도장애아동발달장애인지원센터(장애아동지원팀) | 사회복지.종교 | 신입+경력 | 청년인턴(채용형) | 지역외: 충북
[MOEF][전북] 한국출판문화산업진흥원 | 2026년 하반기 제2차 직원 공개경쟁 및 제한경쟁 채용 공고 | 사업관리,경영.회계.사무,문화.예술.디자인.방송 | 신입+경력 | 무기계약직,비정규직 | 지역외: 전북
[MOEF][경기] 분당서울대학교병원 | 분당서울대학교병원 신입(업무지원직) 직원 채용 공고 | 보건.의료 | 신입 | 정규직 | 경력구분 제외: 신입 단독
[MOEF][경기] 분당서울대학교병원 | 분당서울대학교병원 신입(업무지원직_미화) 직원 채용 공고 | 보건.의료 | 신입 | 정규직 | 경력구분 제외: 신입 단독
[MOEF][경기] 분당서울대학교병원 | 분당서울대학교병원 신입(사무직) 직원 장애인·상이군경 제한경쟁 채용 공고 | 보건.의료 | 신입 | 정규직 | 경력구분 제외: 신입 단독
[MOEF][전북] 한전KDN | 한전KDN(주) 전북사업처 배전자동화 통신공사 일용근로자 모집공고 | 정보통신 | 신입+경력 | 비정규직 | 지역외: 전북
[MOEF][전남광주] 한국수자원공사 | [한국수자원공사] 완도수도지사 특수직(수탁운영_지방상수도 시설운영) 채용 공고 | 건설,기계,전기.전자,정보통신,환경.에너지.안전 | 신입+경력 | 비정규직 | 지역외: 전남광주
[MOEF][부산] 국립중앙의료원 | 계약직 연구원(부산응급의료지원센터) 채용 공고 | 보건.의료 | 신입+경력 | 비정규직 | 지역외: 부산
[MOEF][서울] (재)한국우편사업진흥원 | 한국우편사업진흥원 2026년 기간제계약직(청년인턴, 사회형평(장애, 보훈)) 채용 | 사업관리,경영.회계.사무,문화.예술.디자인.방송,영업판매,인쇄.목재.가구.공예 | 신입 | 비정규직,청년인턴(체험형) | 경력구분 제외: 신입 단독
[MOEF][서울,대전] (재)한국우편사업진흥원 | 한국우편사업진흥원 2026년 신입직원(일반직, 전문직(사무), 전문직(특수)) 채용 | 사업관리,경영.회계.사무,문화.예술.디자인.방송,영업판매,정보통신,인쇄.목재.가구.공예,환경.에너지.안전 | 신입 | 정규직,무기계약직 | 경력구분 제외: 신입 단독
[MOEF][경북] 한국장애인개발원 | [제2026-109호]2026년도 제7차 경상북도장애아동·발달장애인지원센터 체험형 청년인턴 | 사업관리,경영.회계.사무,사회복지.종교 | 신입+경력 | 청년인턴(체험형) | 지역외: 경북
[MOEF][서울] 한국무역보험공사 | 한국무역보험공사 2026년 하반기 지원직(무기계약직) 채용공고 | 경영.회계.사무,운전.운송 | 신입 | 무기계약직 | 경력구분 제외: 신입 단독
[MOEF][세종] 한국환경연구원 | [한국환경연구원] 임시직(환경영향평가) 채용 공고(환경평가본부 대체인력)(0911) | 연구 | 신입+경력 | 비정규직 | 지역외: 세종
[MOEF][서울,부산,인천] 국민연금공단 | 2026년 하반기 공무직 공개채용 공고 | 경영.회계.사무,보건.의료,정보통신 | 신입 | 무기계약직 | 경력구분 제외: 신입 단독
[MOEF][대전] 한국장애인개발원 | [제2026-107호] 2026년도 제4차 대전광역시장애아동·발달장애인지원센터(장애아동지원 | 사회복지.종교 | 신입+경력 | 청년인턴(체험형) | 지역외: 대전
[MOEF][경남] 한국장애인개발원 | [제2026-108호]2026년도 제5차 경상남도장애아동·발달장애인지원센터(장애아동지원팀) | 사회복지.종교 | 신입+경력 | 청년인턴(체험형) | 지역외: 경남
[MOEF][경기] 한국보훈복지의료공단 | [수원보훈요양원] 계약직 요양보호사(정규직 전환조건부) 채용 공고 | 사회복지.종교 | 신입 | 비정규직 | 경력구분 제외: 신입 단독
[MOEF][경남] 경상국립대학교병원 | [창원경상국립대학교병원] 전문직1등급(촉탁의) 채용공고 | 보건.의료 | 신입 | 비정규직 | 지역외: 경남
[MOEF][세종] 대외경제정책연구원 | 대외경제정책연구원(KIEP) 2026 청년인턴(기획조정팀, 학술정보팀) 채용 공고 | 연구 | 신입 | 청년인턴(체험형) | 지역외: 세종
[MOEF][충북] 한국전력공사 | 기간제근로자 (대체인력)채용 공고[충북본부 진천지사] | 전기.전자 | 신입 | 비정규직 | 지역외: 충북
[MOEF][울산] 한국장애인개발원 | [제2026-104호]2026년도 제5차 울산광역시장애아동·발달장애인지원센터(장애아동지원팀 | 사회복지.종교 | 신입+경력 | 청년인턴(체험형) | 지역외: 울산
[MOEF][부산] 동남권원자력의학원 | [직원채용] 동남권원자력의학원 박사후 연수연구원(첨단방사선종양연구팀) 공개 채용 | 연구 | 신입+경력 | 비정규직 | 지역외: 부산
[MOEF][대구] 경북대학교병원 | 2026년 대구의료원 파견의사(진료교수) 상시 초빙 공고 | 보건.의료 | 신입 | 비정규직 | 지역외: 대구
[MOEF][서울,부산] 게임물관리위원회 | 게임물관리위원회 2026년 제3차 직원(체험형청년인턴) 채용공고 | 사업관리,경영.회계.사무,문화.예술.디자인.방송 | 신입+경력 | 청년인턴(체험형) | 고용형태 제외: 청년인턴(체험형)
[MOEF][부산] 게임물관리위원회 | 게임물관리위원회 2026년 제3차 직원(기간제근로) 채용공고 | 사업관리,경영.회계.사무,문화.예술.디자인.방송 | 신입+경력 | 비정규직 | 지역외: 부산
[MOEF][부산] 게임물관리위원회 | 게임물관리위원회 2026년 제3차 직원(일반정규직) 채용공고 | 사업관리,경영.회계.사무,문화.예술.디자인.방송 | 신입+경력 | 정규직 | 지역외: 부산
[MOEF][경남] 한전KDN | 한전KDN(주) 경남사업처 통신분야 비정규직 모집공고 | 전기.전자,정보통신 | 경력 | 비정규직 | 지역외: 경남
[MOEF][세종,전남광주,] 한국수목원정원관리원 | 한국수목원정원관리원 2026년 제3차 체험형 청년인턴 및 기간제 근로자 채용 공고 | 경영.회계.사무,교육.자연.사회과학,문화.예술.디자인.방송,이용.숙박.여행.오락.스포츠,기계,전기.전자,환경.에너지.안전,농림어업 | 신입+경력 | 비정규직,청년인턴(체험형) | 지역외: 세종,전남광주,경북
[MOEF][제주] 한전KDN | 한전KDN(주) 제주사업처 AMI분야 비정규직 모집공고 | 전기.전자,정보통신 | 신입+경력 | 비정규직 | 지역외: 제주
[MOEF][서울] 한국장애인개발원 | [제2026-103호] 2026년도 제5차 서울시장애아동·발달장애인지원센터(장애아동지원팀) | 사업관리,사회복지.종교 | 신입+경력 | 청년인턴(체험형) | 고용형태 제외: 청년인턴(체험형)
[MOEF][서울] (재)우체국시설관리단 | (재)우체국시설관리단 (본사)청년인턴 채용 공고 | 경영.회계.사무,영업판매 | 신입 | 청년인턴(체험형),청년인턴(채용형) | 고용형태 제외: 청년인턴(체험형),청년인턴(채용형)
[MOEF][부산] 한국남부발전(주) | 한국남부발전(주) 2026년 개방형직위(산재예방부장) 채용공고 | 환경.에너지.안전 | 경력 | 비정규직 | 지역외: 부산
[MOEF][부산,인천,세종] 한국남부발전(주) | 한국남부발전(주) 2026년 하반기 신입사원 및 별정직 채용공고 | 경영.회계.사무,음식서비스,건설,기계,화학,전기.전자,정보통신,환경.에너지.안전 | 신입 | 정규직 | 경력구분 제외: 신입 단독
[MOEF][경북] 한전KDN | 한전KDN(주) 구미지사 AMI분야 일용근로자 모집공고 | 전기.전자,정보통신 | 신입+경력 | 비정규직 | 지역외: 경북
[MOEF][부산] 동남권원자력의학원 | [직원채용] 별정직 약무직(약제팀 약사) 공개 채용 | 보건.의료 | 신입+경력 | 비정규직 | 지역외: 부산
[MOEF][경북] 한전KDN | 한전KDN(주) 구미지사 배전분야 일용근로자 모집공고 | 전기.전자,정보통신 | 신입+경력 | 비정규직 | 지역외: 경북
[MOEF][세종,전남광주] 한국해양교통안전공단 | 2026년도 제4차 신규직원(계약직) 채용 | 사업관리,경영.회계.사무,법률.경찰.소방.교도.국방,기계,정보통신,환경.에너지.안전,연구 | 신입+경력 | 비정규직 | 지역외: 세종,전남광주
[MOEF][울산] 대한법률구조공단 | 대한법률구조공단 울산지부 청년인턴 공개경쟁 채용시험 공고 | 경영.회계.사무,법률.경찰.소방.교도.국방 | 신입 | 청년인턴(체험형) | 지역외: 울산
[MOEF][대전] 기초과학연구원 | 제2026-3회 트랩이온 양자과학 연구단  연구직 및 박사후연구원 채용 공고 | 연구 | 신입+경력 | 비정규직 | 지역외: 대전
[MOEF][대전] 기초과학연구원 | 제2026-1회 이산수학 그룹 연구직 채용 공고 | 연구 | 신입+경력 | 비정규직 | 지역외: 대전
[MOEF][부산] 동남권원자력의학원 | [직원채용] 동남권원자력의학원 박사후 연수연구원(첨단방사선AI융합연구팀) 공개 채용 | 연구 | 신입+경력 | 비정규직 | 지역외: 부산
[MOEF][부산] 동남권원자력의학원 | [직원채용] 정규직 의사직(방사선비상진료센터) 채용 | 보건.의료 | 신입+경력 | 정규직 | 지역외: 부산
[MOEF][대전] 기초과학연구원 | 2026-1 Recruitment Announcement for Postdoctoral R | 연구 | 신입+경력 | 비정규직 | 지역외: 대전
[MOEF][부산] 동남권원자력의학원 | [직원채용] 별정직 의사직(산부인과) 채용 | 보건.의료 | 신입+경력 | 비정규직 | 지역외: 부산
[MOEF][부산] 동남권원자력의학원 | [직원채용] 별정직 의사직(감염내과) 채용  | 보건.의료 | 신입+경력 | 비정규직 | 지역외: 부산
[MOEF][부산] 동남권원자력의학원 | [직원채용] 별정직 의사직(호흡기내과) 초빙 | 보건.의료 | 신입+경력 | 비정규직 | 지역외: 부산
[MOEF][부산] 동남권원자력의학원 | [직원채용] 정규직 의사직(마취통증의학과) 공개 채용 | 보건.의료 | 신입+경력 | 정규직 | 지역외: 부산
[MOEF][부산] 동남권원자력의학원 | [직원채용] 별정직 의사직(응급실) 공개채용 | 보건.의료 | 신입+경력 | 비정규직 | 지역외: 부산
[MOEF][부산] 동남권원자력의학원 | [직원채용] 별정직 의사직(병동 당직의) 공개 채용 | 보건.의료 | 신입+경력 | 비정규직 | 지역외: 부산
[MOEF][부산] 동남권원자력의학원 | [직원채용] 별정직 의사직(신경외과 전임의) 공개 채용(재공고) | 보건.의료 | 신입+경력 | 비정규직 | 지역외: 부산
[MOEF][부산] 동남권원자력의학원 | [직원채용] 정규직 의사직(핵의학과) 공개 채용 | 보건.의료 | 신입+경력 | 정규직 | 지역외: 부산
[MOEF][서울,부산,대구] 한국가스안전공사 | 2026년 하반기 한국가스안전공사 정규직(채용형인턴) 채용 공고 | 사업관리,경영.회계.사무,법률.경찰.소방.교도.국방,기계,재료,화학,전기.전자,환경.에너지.안전,연구 | 신입 | 정규직,청년인턴(채용형) | 경력구분 제외: 신입 단독
[MOEF][전북] 한국장애인개발원 | [제2026-100호] 2026년 제6차 전북특별자치도장애아동·발달장애인지원센터[체험형 청 | 사회복지.종교 | 신입 | 청년인턴(체험형) | 지역외: 전북
[MOEF][인천] 대한적십자사 | 인천혈액원 비정규직 초단시간 임상병리사 모집 공고 | 보건.의료 | 신입 | 비정규직 | 경력구분 제외: 신입 단독
[MOEF][인천] 대한적십자사 | 인천혈액원 비정규직 한시적근로자 사무보조원 모집 공고 | 경영.회계.사무 | 신입 | 비정규직 | 경력구분 제외: 신입 단독
[MOEF][대구] 경북대학교치과병원 | 2026년도 제5차 신규직원(행정직) 채용 공고 | 보건.의료 | 신입 | 정규직 | 지역외: 대구
[MOEF][충북] 국립공원공단 | [속리산] 속리산국립공원사무소 기간제(탐방해설) 직원 채용 공고 | 이용.숙박.여행.오락.스포츠 | 신입+경력 | 비정규직 | 지역외: 충북
[MOEF][강원] 국립공원공단 | [국립공원연구원] 국립공원연구원 기간제(연구복원) 직원 채용 | 환경.에너지.안전 | 신입+경력 | 비정규직 | 지역외: 강원
[MOEF][부산] 한국장애인개발원 | [제2026-102호] 2026년도 제5차 부산광역시장애아동·발달장애인지원센터(장애아동지원 | 사회복지.종교 | 신입 | 청년인턴(체험형) | 지역외: 부산
[MOEF][대구] 경북대학교치과병원 | 제6차 대구-이노덴탈 규제자유특구사업 연구원(계약직) 채용 | 사업관리,보건.의료 | 신입 | 비정규직 | 지역외: 대구
[MOEF][대전] 한국수자원공사 |  [한국수자원공사] 설계처 단기계약근로자(기술관리_전문기술) 채용 공고(육아휴직 대체인력) | 건설,기계,전기.전자,정보통신 | 신입+경력 | 비정규직 | 지역외: 대전
[MOEF][경기] 한국문화진흥주식회사 | 한국문화진흥(주) 뉴서울컨트리클럽 기간제(경기진행) 채용 공고 | 이용.숙박.여행.오락.스포츠 | 신입 | 비정규직 | 경력구분 제외: 신입 단독
[MOEF][전북] 한국국토정보공사 | 2026년 한국국토정보공사 장애인 맞춤훈련 채용(사무지원) 공고 | 경영.회계.사무 | 신입 | 무기계약직 | 지역외: 전북
[MOEF][전남광주] 한국장애인개발원 | [제2026-101호] 2026년도 제4차 전남광주통합특별시광주장애아동·발달장애인지원센터  | 사회복지.종교 | 신입 | 청년인턴(체험형) | 지역외: 전남광주
[MOEF][서울] 대한적십자사 | [대한적십자사 서울지사] 서부봉사관 사무보조원(육아휴직 대체인력) 채용공 | 경영.회계.사무 | 신입 | 비정규직 | 경력구분 제외: 신입 단독
[MOEF][충남,경북] 국립생태원 | 2026년 제6차 국립생태원 기간제근로자(수탁과제) 채용 공고 | 환경.에너지.안전 | 신입+경력 | 비정규직 | 지역외: 충남,경북
[MOEF][경남] 대한적십자사 | (거창적십자병원) 정규직 간호직 간호사 2차 채용 | 보건.의료 | 신입 | 정규직 | 지역외: 경남
[MOEF][충북] 대한적십자사 | 2026년도 혈장분획센터 육아휴직대체 사무보조원 채용 공고 | 경영.회계.사무,보건.의료 | 신입 | 비정규직 | 지역외: 충북
[MOEF][부산] 한국전력공사 | 2026년 부산울산본부 장애인 체육선수 인턴 채용공고 | 이용.숙박.여행.오락.스포츠 | 신입 | 청년인턴(체험형) | 지역외: 부산
[MOEF][부산,울산,경남] 한국전력공사 | 기간제근로자(대체인력) 채용공고[부산울산본부] | 경영.회계.사무,전기.전자 | 신입 | 비정규직 | 지역외: 부산,울산,경남
[MOEF][서울,부산,대구] 대한무역투자진흥공사 | 2026년 4기 체험형 청년인턴 모집 | 경영.회계.사무 | 신입 | 청년인턴(체험형) | 고용형태 제외: 청년인턴(체험형)
[MOEF][세종] 산업연구원 | 2026년 제6차 청년인턴 채용공고(장애인 제한경쟁) | 경영.회계.사무 | 신입+경력 | 청년인턴(체험형) | 지역외: 세종
[MOEF][전남광주] 한국토지주택공사 | 한국토지주택공사 광주전남지역본부 기간제근로자(사업관리) 채용공고(2026.09) | 경영.회계.사무,사회복지.종교 | 신입 | 비정규직 | 지역외: 전남광주
[MOEF][대전] 기초과학연구원 | 2026-10회 생명과학 연구클러스터 별정직 채용 공고 | 연구 | 신입 | 청년인턴(체험형) | 지역외: 대전
[나라일터][서울] 한국환경보전원 | 한국환경보전원(KECI) 원장 모집 공고 | e08 | g03 | 고용형태 제외(나라일터): e08
[나라일터][43770] 산업통상부 | (모집공고) 2026년 산업통상부 국가기술표준원  청년인턴 채용 재공고 | e04 | g01 | 지역외(코드): 43770
[나라일터][서울] 서울특별시교육청 영동일고등학교 | 2026년도 학교법인 효송학원(영동일고등학교) 사무직원(시설관리) 공개경쟁임용 공고 | e10 | g04 | 고용형태 제외(나라일터): e10
[나라일터][36110] 공정거래위원회 | 공정거래위원회 일반임기제 6급(공정거래 정책) 서류전형 합격자 및 면접시험 공고 | e01 | g01 | 지역외(코드): 36110
[나라일터][12330,28] 기후에너지환경부 국립야생동물질병관리원 | 국가공무원(연구직) 경력경쟁채용 최종합격자 발표 및 채용후보자 등록 안내 공고 | e01 | g01 | 지역외: 12330,28155
[나라일터][26440] 법무부 대구지방교정청 부산교도소 | [부산교도소] 제1회 한시임기제공무원(8호, 간호직) 경력경쟁채용시험 공고 | e01 | g01 | 지역외(코드): 26440
[나라일터][인천] 인천광역시교육청 인천여자상업고등학교 | 인천여자상업고등학교 시간강사 공고 | e10 | g04 | 고용형태 제외(나라일터): e10
[나라일터][인천] 인천광역시교육청 인천광역시북부교육지원청 동암중학교 | 2026학년도 학교폭력 책임교사 수업시수 경감 시간강사 채용 공고(도덕,국어) | e10 | g04 | 고용형태 제외(나라일터): e10
[나라일터][36110,44] 법제처 | [법제처 공고 제2026-145호] 법제처 일반임기제 5급 공무원 경력경쟁채용시험 최종합격 | e01 | g01 | 지역외: 36110,44825
[나라일터][경기] 한국법무보호복지공단 | 2026년 한국법무보호복지공단 경기남부지부 보호직(육아휴직대체직) 공개쟁채용시험 최종합격자 | e08 | g03 | 고용형태 제외(나라일터): e08
[나라일터][인천] 기후에너지환경부 국립야생동물질병관리원 | 국립야생동물질병관리원 시설관리원(공무직근로자) 채용 면접전형 결과 공고 | e04 | g01 | 고용형태 제외(나라일터): e04
[나라일터][27710] 소방청 중앙119구조본부 영남119특수구조대 | 영남119특수구조대 공무직(전기) 채용 재공고 안내 | e04 | g01 | 지역외(코드): 27710
[나라일터][경기] 법무부 화성외국인보호소 | [화성외국인보호소]2026년도 제12회 공무직근로자(조리원)최종합격자 발표 및 채용후보자  | e04 | g01 | 고용형태 제외(나라일터): e04
[나라일터][36000] 과학기술정보통신부 | 과학기술정보통신부 전문임기제 다급(과학기술 인력양성) 경력경쟁채용 재공고 | e01 | g01 | 지역외(코드): 36000
[나라일터][43113] 식품의약품안전처 | 2026년 제5회 식품의약품안전처 공무원(임기제) 경력경쟁채용시험 공고 | e01 | g01 | 지역외(코드): 43113
[나라일터][26170] 해양수산부 | 2026년 제7회 해양수산부 전문임기제 공무원(인공지능 기획) 경력경쟁채용시험 공고 | e01 | g01 | 지역외(코드): 26170
[나라일터][서울] 문화체육관광부 국립중앙박물관 | 국립중앙박물관 (휴직대체)기간제 근로자(홍보지원) 채용 공고 | e04 | g01 | 고용형태 제외(나라일터): e04
[나라일터][52190] 전북특별자치도교육청 | 전북특별자치도교육청 지방일반임기제공무원( 학생수련지도) 경력경쟁임용시험 시행 계획 공고 | e10 | g04 | 지역외(코드): 52190
[나라일터][12110] (재)목포문화재단 | 2026년 목포시립도서관장 채용 공고 | e08 | g03 | 지역외(코드): 12110
[나라일터][서울] 우체국금융개발원 | 우체국금융개발원 2026년 9차 공개채용 | e08 | g03 | 고용형태 제외(나라일터): e08
[나라일터][47170] 국립경국대학교 | (서류심사 합격자발표) 국립경국대학교 대학일자리플러스센터 컨설턴트 4차 채용 공고 | e04 | g01 | 지역외(코드): 47170
[나라일터][12740] 국립공원공단 다도해해상국립공원사무소 | [다도해해상]2026년 다도해해상 한시인력(탐방로예약제 운영) 직원 채용 추가접수 재공고 | e08 | g03 | 지역외(코드): 12740
[나라일터][48330] 경상남도교육청 | 경상남도교육청 지방임기제공무원(8급) 공개모집 공고 | e10 | g04 | 지역외(코드): 48330
[나라일터][12240] 우체국금융개발원 | 우체국금융개발원 2026년 8차 공개채용(보훈특별고용) | e08 | g03 | 지역외(코드): 12240
[나라일터][47110] 경상북도 포항시 의회사무국 | 2026년도 제2회 포항시의회 임기제공무원 임용시험 시행계획 공고 | e01 | g02 | 지역외(코드): 47110
[나라일터][12850] 국립공원공단 다도해해상국립공원사무소 | [다도해해상]2026년 다도해해상 한시인력[환경관리(환경미화)] 직원 채용(3차) 추가접수 | e08 | g03 | 지역외(코드): 12850
[나라일터][36000] 축산물품질평가원 | 2026년 하반기 운영직(사무일반) 채용 | e08 | g03 | 지역외(코드): 36000
[나라일터][51790] 과학기술정보통신부 우정사업본부 강원지방우정청 화천우체국 | 2026년도 제7회 화천우체국 상시계약집배원(기간제) 채용 재공고(3차) | e04 | g01 | 지역외(코드): 51790
[나라일터][44800] 충청남도 홍성군 의회 | 최종합격자 결정 및 임용후보자 등록요령 공고[2026년도 제1회 홍성군의회 지방임기제공무원 | e01 | g02 | 지역외(코드): 44800
[나라일터][26710] 기장군도시관리공단 | 기장군도시관리공단 2026년 제6회 기간제근로자 공개채용 공고 | e08 | g03 | 지역외(코드): 26710
[나라일터][경기] 문화체육관광부 국립현대미술관 과천관운영부 | 국립현대미술관 과천관운영부 공무직(미화) 서류전형 결과 및 면접전형 공고 | e04 | g01 | 고용형태 제외(나라일터): e04
[나라일터][서울] 서울특별시교육청 서울특별시강남서초교육지원청 휘문중학교 | 휘문중학교 교육공무직원(미화원) 초단시간근로자 채용 공고 | e10 | g04 | 고용형태 제외(나라일터): e10
[나라일터][서울] 문화체육관광부 국립민속박물관 | 국립민속박물관 교류홍보과 공무직(고객관련업무종사자-영어 전시해설) 채용 공고 | e04 | g01 | 고용형태 제외(나라일터): e04
[나라일터][인천] 인천광역시교육청 인천광역시남부교육지원청 인천운서중학교 | 인천운서중학교 특수교육대상학생 보조인력(자원봉사자) 모집 공고 | e10 | g04 | 고용형태 제외(나라일터): e10
[나라일터][12850] 경찰청 전남경찰청 완도경찰서 | 완도경찰서 무기계약직 근로자[청사방호] 최종합격자 공고 | e04 | g01 | 지역외(코드): 12850
[나라일터][44800] 과학기술정보통신부 우정사업본부 충청지방우정청 홍성우체국 | 2026년 제4회 홍성우체국 상시계약집배원 채용시험 공고 | e04 | g01 | 지역외(코드): 44800
[나라일터][서울] 경찰청 경찰병원 | 2026년 제7회 경찰병원 공무직[무기계약직]채용 공고(시설관리원) | e04 | g01 | 고용형태 제외(나라일터): e04
[나라일터][43113] 한국교원대학교 | 2026학년도 하반기 조교(교육공무원) 신규채용 재공고 | e01 | g01 | 지역외(코드): 43113
[나라일터][27000] 대구광역시 | 대구광역시 임기제공무원 경력경쟁임용시험 재공고(건축구조 분야) | e01 | g02 | 지역외(코드): 27000
[나라일터][27000] 대구광역시 | 대구광역시 임기제공무원 경력경쟁임용시험 공고(민생홍보 크리에이터 분야) | e01 | g02 | 지역외(코드): 27000
[나라일터][12170] 전남광주통합특별시 나주시 의회사무국 | 2026년도 제2회 나주시의회 임기제공무원(한시임기제) 임용시험 시행 공고 | e01 | g02 | 지역외(코드): 12170
[나라일터][27000] 대구광역시 | 대구광역시 임기제공무원 경력경쟁임용시험 공고(미래산업 투자유치 영어권 분야) | e01 | g02 | 지역외(코드): 27000
[나라일터][27140] 한국교육학술정보원 | 2026년 제6차 직원(청년인턴(장애·보훈)) 제한경쟁 채용 | e08 | g03 | 지역외(코드): 27140
[나라일터][50110] 제주에너지공사 | 2026년 제3회 제주에너지공사 직원 채용(일반직 5·6급, 공무직 6급 / 청정수소·가스 | e08 | g03 | 지역외(코드): 50110
[나라일터][30170] 대전광역시 서구 보건소 | 2026년 대전광역시 서구보건소 일반의사(기간제근로자) 채용 공고 | e04 | g02 | 지역외(코드): 30170
[나라일터][경기] 경기도교육청 성심학교 | 2026학년도 성심학교 특수(중등) 시간강사 채용 공고 | e10 | g04 | 고용형태 제외(나라일터): e10
[나라일터][36110] 공정거래위원회 | 공정거래위원회 전문임기제 나급(인공지능 기획) 공무원 경력경쟁채용시험 공고 | e01 | g01 | 지역외(코드): 36110
[나라일터][12820] 과학기술정보통신부 우정사업본부 전남지방우정청 함평우체국 | 2026년 제5회 함평우체국 농어촌소포배달원 채용시험 서류전형 합격자 발표 및 실기 ·면접 | e04 | g01 | 지역외(코드): 12820
[나라일터][서울] 서울특별시교육청 서울특별시동부교육지원청 경희중학교 | 2026학년도 2학기 경희중학교 시간강사(체육) 채용 공고 | e10 | g04 | 고용형태 제외(나라일터): e10
[나라일터][47110] 포항시시설관리공단 | 포항시노인복지회관 평생교육프로그램 강사위촉 최종합격자 공고 | e08 | g03 | 지역외(코드): 47110
[나라일터][27140] 한국교육학술정보원 | 2026년 제6차 직원(무기계약직-운영직(경비(보훈)·미화) 채용 | e08 | g03 | 지역외(코드): 27140
[나라일터][43112] 청주교육대학교 | 청주교육대학교 조교(계약직 조교) 채용 공고 | e04 | g01 | 지역외(코드): 43112
[나라일터][42000,50] 농림축산식품부 국립종자원 | 국립종자원 9급(행정 ·농업 ·공업)  전입희망자 모집 공고 | e07 | g01 | 지역외: 42000,50000,00000
[나라일터][인천] 인천광역시교육청 부평공업고등학교 | 부평공업고등학교 기간제교원(기계, 체육) 선발  공고 | e10 | g04 | 고용형태 제외(나라일터): e10
[나라일터][44790] 충남대학교 | 충남대학교 국가공무원(농업서기보(축산)) 경력경쟁채용시험 서류전형 합격자 발표 및 면접시험 | e01 | g01 | 지역외(코드): 44790
[나라일터][44130] 해양경찰청 해양경찰교육원 | 2026년 해양경찰교육원 연구직공무원(장애인포함) 경력경쟁채용시험 공고 | e01 | g01 | 지역외(코드): 44130
[나라일터][서울] 서울특별시교육청 서울특별시강서양천교육지원청 유석초등학교 | 2027학년도 유석초등학교 신규 교원 채용 공고(확정) | e10 | g04 | 고용형태 제외(나라일터): e10
[나라일터][서울] 북한이탈주민지원재단 | 2026년도 북한이탈주민지원재단 블라인드 NCS 기반 3차 신규채용 공고(휴직대체,한시사업 | e08 | g03 | 고용형태 제외(나라일터): e08
[나라일터][48123] 경상남도교육청 창원문성고등학교 | 2026학년도 창원문성고등학교 교육공무직원(조리실무사) 채용 공고 | e10 | g04 | 지역외(코드): 48123
[나라일터][30140] 병무청 대전충남지방병무청 | 대전충남지방병무청 2차 청년인턴 추가합격자 공고 | e04 | g01 | 지역외(코드): 30140
[나라일터][지역 미상] 국가데이터처 충청지방데이터청 | [충청지방데이터청]통계데이터센터(대전) 기간제근로자(운영요원) 채용 공고 | e04 | g01 | 고용형태 제외(나라일터): e04
[나라일터][인천] 인천광역시교육청 인천디자인고등학교 | 2026학년도 인천디자인고등학교 기간제교사(디자인) 채용 공고 | e10 | g04 | 고용형태 제외(나라일터): e10
[나라일터][26000] 부산광역시교육청 부산광역시교육청학교행정지원본부 학교채용지원팀 | 2026학년도 해운대관광고등학교 정보·컴퓨터 기간제교사 채용 재공고 | e10 | g04 | 지역외(코드): 26000
[나라일터][52710] 국가유산청 국립문화유산연구원 국립완주문화유산연구소 | 국립완주문화유산연구소 기간제 근로자(안전관리원) 채용 공고 | e04 | g01 | 지역외(코드): 52710
[나라일터][서울] 외교부 | 외교부 아프리카1과 기간제 근로자(연구원 다급) 채용 재공고 | e04 | g01 | 고용형태 제외(나라일터): e04
[나라일터][44800] 충청남도 홍성군 보건소 | 2026년 홍성군 정신건강복지센터 기간제근로자 결원 인력 채용 최종 합격자 공고 | e04 | g02 | 지역외(코드): 44800
[나라일터][경기] 통일부 | 남북회담본부(경의선 출입사무소) 공무직 근로자 (행정 사무원) 채용 공고 | e04 | g01 | 고용형태 제외(나라일터): e04
[나라일터][인천] 인천광역시교육청 인천광역시남부교육지원청 관교여자중학교 | 2026학년도 (체육)계약제교원 채용 공고 | e10 | g04 | 고용형태 제외(나라일터): e10
[나라일터][경기] 통일부 | 남북회담본부(경의선 출입사무소) 공무직 근로자 (기계반장 및 기계반원) 채용 공고 | e04 | g01 | 고용형태 제외(나라일터): e04
[나라일터][47130] 국립공원공단 경주국립공원사무소 | [경주] 2026년 경주국립공원 기간제(분묘조사) 직원 채용 재공고 | e08 | g03 | 지역외(코드): 47130
[나라일터][47750] 국립공원공단 주왕산국립공원사무소 | [주왕산] 2026년도 주왕산국립공원 한시인력(탐방해설) 직원 추가 채용 | e08 | g03 | 지역외(코드): 47750
[나라일터][경기] 경기도교육청 두원공업고등학교 | 2026학년도 교육공무직원(행정실무사 대체근로자) 채용 공고 | e10 | g04 | 고용형태 제외(나라일터): e10
[나라일터][인천] 인천광역시교육청 인천기계공업고등학교 | 2026학년도 인천기계공업고등학교 기간제교사 채용 2차 공고(전기) | e10 | g04 | 고용형태 제외(나라일터): e10
[나라일터][52790] 전북특별자치도교육청 자유고등학교 | 2027학년도 신규교사 채용공고(정규직) | e10 | g04 | 지역외(코드): 52790
[나라일터][서울] 서울특별시교육청 서울특별시강남서초교육지원청 서울신구초등학교 | 서울신구초등학교 2026학년도 교육공무직원 대체직원(조리실무사) 채용공고 | e10 | g04 | 고용형태 제외(나라일터): e10
[나라일터][48860] 국립공원공단 지리산국립공원경남사무소 | [지리산경남] 지리산국립공원경남사무소 가을성수기 한시인력(수익시설) 채용 공고 | e08 | g03 | 지역외(코드): 48860
[나라일터][48860,48] 국립공원공단 지리산국립공원경남사무소 | [지리산경남] 지리산국립공원경남사무소 가을성수기 한시인력(환경관리) 채용 공고 | e08 | g03 | 지역외: 48860,48850
[나라일터][44250] 충청남도 계룡시 | 2026년도 제2차 계룡시 전입희망자 모집 안내(사서직) | e01 | g02 | 지역외(코드): 44250
[나라일터][인천] 인천항보안공사 | 2026년 인천항보안공사 보안외근직(특수경비원) 신규 채용 공고 | e08 | g03 | 고용형태 제외(나라일터): e08
[나라일터][인천] 인천광역시교육청 인천광역시남부교육지원청 인천용학초등학교 | 인천용학초등학교_시간강사(영양교사) 채용공고 | e10 | g04 | 고용형태 제외(나라일터): e10
[철도산업정보][지역 미상] 한국철도공사 | 2026년 하반기 한국철도공사 장애인 체험형 인턴사원 채용공고 |  | 제외어: 인턴
[철도산업정보][지역 미상] 한국철도공사 | 2026년 하반기 한국철도공사 청년 체험형 인턴사원 채용공고 |  | 제외어: 인턴
[한국철도공사][서울] 한국철도공사 | 2026년 하반기 한국철도공사 장애인 체험형 인턴사원 채용공고(~10.6. 14:00)새글 |  | 제외어: 인턴
[한국철도공사][서울] 한국철도공사 | 2026년 하반기 한국철도공사 청년 체험형 인턴사원 채용공고(~9.30. 14:00)새글 |  | 제외어: 인턴
[MOEF][서울,부산,대구] 코레일테크(주) |  2026년 제4차 현장 기간제사원 채용 공고 | 사업관리,경영.회계.사무,경비.청소,건설,전기.전자 | 신입+경력 | 비정규직 | 키워드 미매칭