=== 2026-09-17 필터 통계 ===
  수집               578건
  중복 제거            4건
  지역 제외            298건
  상태 제외            0건
  고용형태 제외          48건
  경력구분 제외          50건
  제외어              3건
  키워드 미매칭          1건
  트랙A 매칭           0건
  트랙B 매칭           1건
----------------------------------------
[KRID][경기도] 용인도시공사 | 2026년 제3회 청년 체험형 인턴 공개채용 공고 | 경영·회계·사무 | 인턴 | 모집중 | 제외어: 인턴
[KRID][경기도] 경기주택도시공사 | 2026년 하반기 경기주택도시공사 장애인 청년인턴사원 공개채용 공고 | 경영·회계·사무 | 인턴 | 모집중 | 제외어: 청년인턴
[MOEF][서울,부산,인천] 그랜드코리아레저(주) | 2026년 2차 GKL(그랜드코리아레저) 청년인턴 채용 | 이용.숙박.여행.오락.스포츠 | 신입 | 청년인턴(체험형) | 고용형태 제외: 청년인턴(체험형)
[MOEF][세종] 한국보건사회연구원 | 한국보건사회연구원 계약직 채용 공고(보건의료정책분야 및 인사분야) | 사업관리,경영.회계.사무,연구 | 신입 | 비정규직 | 지역외: 세종
[MOEF][울산] 한국에너지공단 | 한국에너지공단 신입직원(채용형 인턴) 채용 공고 | 경영.회계.사무,법률.경찰.소방.교도.국방,건설,기계,전기.전자,정보통신,환경.에너지.안전 | 신입 | 청년인턴(채용형) | 지역외: 울산
[MOEF][충북] 한국교육개발원 | 2026년도 제5차 위촉직 채용 공고 | 사업관리,경영.회계.사무,교육.자연.사회과학,연구 | 신입 | 비정규직 | 지역외: 충북
[MOEF][강원] 국립공원공단 | [국립공원연구원] 국립공원연구원 기간제(한시인력, 사무행정) 직원 채용 | 경영.회계.사무 | 신입+경력 | 비정규직 | 지역외: 강원
[MOEF][부산] 동남권원자력의학원 | 2026년 제2차 동남권원자력의학원 직원채용 공고 | 경영.회계.사무,보건.의료,전기.전자,연구 | 신입+경력 | 정규직,무기계약직,비정규직 | 지역외: 부산
[MOEF][강원] 건강보험심사평가원 | 2026년 건강보험심사평가원 촉탁변호사 채용 공고 | 법률.경찰.소방.교도.국방 | 신입+경력 | 비정규직 | 지역외: 강원
[MOEF][부산] 부산대학교병원 | 계약직(연구직,보건직,원무직) 공개채용 모집 공고 | 보건.의료 | 신입+경력 | 비정규직 | 지역외: 부산
[MOEF][부산,경남] 국립공원공단 | [금정산] 2026년 한시인력(환경관리) 채용 공고 | 경비.청소 | 신입+경력 | 비정규직 | 지역외: 부산,경남
[MOEF][경남] 국립공원공단 | [한려해상] 2026년 한려해상사무소 한시인력(수익시설) 직원 채용 공고 | 이용.숙박.여행.오락.스포츠 | 신입+경력 | 비정규직 | 지역외: 경남
[MOEF][세종] 대외경제정책연구원 | 임시직 연구원급(APEC연구컨소시엄사무국) 및 전문원급(홍보팀, 학술정보팀) 채용 공고 | 경영.회계.사무,연구 | 신입+경력 | 비정규직 | 지역외: 세종
[MOEF][울산,충북] 한국에너지공단 | 한국에너지공단 전문경력직 채용 공고 | 경영.회계.사무,금융.보험,건설,기계,전기.전자,정보통신,환경.에너지.안전,연구 | 신입+경력 | 정규직 | 지역외: 울산,충북
[MOEF][서울] 중소벤처기업연구원 | 2026년도 중소벤처기업연구원 체험형 청년인턴(보훈제한경쟁) 공개채용 공고 | 경영.회계.사무 | 신입+경력 | 청년인턴(체험형) | 고용형태 제외: 청년인턴(체험형)
[MOEF][세종] 한국환경연구원 | [한국환경연구원] 임시직(국가기후위기 적응대책 이행강화(총괄 및 적응정책 연구)) 채용공고 | 연구 | 신입+경력 | 비정규직 | 지역외: 세종
[MOEF][세종] 한국환경연구원 | [한국환경연구원] 임시직(국가기후위기 적응대책 이행강화(국가적응대책 수립 및 주류화 지원) | 연구 | 신입+경력 | 비정규직 | 지역외: 세종
[MOEF][전남광주] 전남대학교병원 | 2026년 9월 전남대학교병원 직원(지원직) 공개채용 공고 | 보건.의료 | 신입 | 비정규직 | 지역외: 전남광주
[MOEF][대전] 한국수자원공사 | [한국수자원공사] 건설안전처 특수직(사무관리_회계) 채용 공고 | 경영.회계.사무 | 신입+경력 | 비정규직 | 지역외: 대전
[MOEF][경기] 근로복지공단 | [안산병원] 공무직(물리작업치료사) 채용 공고 | 보건.의료 | 신입 | 무기계약직 | 경력구분 제외: 신입 단독
[MOEF][서울,부산,대구] 한국철도공사 | 2026년 하반기 한국철도공사 청년 체험형 인턴사원 채용 공고 | 경영.회계.사무,운전.운송,정보통신 | 신입 | 청년인턴(체험형) | 고용형태 제외: 청년인턴(체험형)
[MOEF][경기] 근로복지공단 | [안산병원] 공무직(간호조무사) 채용 공고 | 보건.의료 | 신입 | 무기계약직 | 경력구분 제외: 신입 단독
[MOEF][충북] 한국교육과정평가원 | 2026년 제1차 한국교육과정평가원 청사운영직 채용 공고 | 기계 | 신입 | 무기계약직 | 지역외: 충북
[MOEF][경북] 국립공원공단 | [소백산생태탐방원] 2026년 소백산생태탐방원 기간제(한시인력_국립공원지킴이) 채용 공고 | 경비.청소,환경.에너지.안전 | 신입+경력 | 비정규직 | 지역외: 경북
[MOEF][충남] 한국기술교육대학교 | (한국기술교육대학교) 충청남도 지역성장 인재양성체계(앵커) 계약학과 대우교수(산학협력중점) | 교육.자연.사회과학 | 경력 | 비정규직 | 지역외: 충남
[MOEF][경기] 근로복지공단 | [경기요양병원] 의료직(약사) 4급 채용 공고 | 보건.의료 | 신입 | 정규직 | 경력구분 제외: 신입 단독
[MOEF][강원] 근로복지공단 | [정선병원] 공무직(야간접수수납원) 채용 공고 | 보건.의료 | 신입 | 무기계약직 | 지역외: 강원
[MOEF][강원] 근로복지공단 | [정선병원] 공무직(임상병리사) 채용 공고 | 보건.의료 | 신입 | 무기계약직 | 지역외: 강원
[MOEF][경남] 근로복지공단 | [창원병원] 기간제(산업위생사) 채용 공고 | 보건.의료 | 신입 | 비정규직 | 지역외: 경남
[MOEF][세종] 한국청소년정책연구원 | [채용공고 2026-11호] 휴직 대체인력 채용 공고 | 경영.회계.사무,정보통신 | 신입 | 비정규직 | 지역외: 세종
[MOEF][부산,경남] 근로복지공단 | [창원병원] 기간제(작업치료사) 채용 공고 | 보건.의료 | 신입 | 비정규직 | 지역외: 부산,경남
[MOEF][경남] 근로복지공단 | [창원병원] 공무직(방사선사) 채용 공고 | 보건.의료 | 신입 | 무기계약직 | 지역외: 경남
[MOEF][경남] 근로복지공단 | [창원병원] 공무직(임상병리사) 채용 공고 | 보건.의료 | 신입 | 무기계약직 | 지역외: 경남
[MOEF][충남] 국립공원공단 | [태안] 2026년 태안해안 기간제[한시인력(환경관리)] 직원 채용 | 환경.에너지.안전 | 신입+경력 | 비정규직 | 지역외: 충남
[MOEF][강원] 한국전력공사 | 기간제근로자(대체인력)채용공고[강원본부 횡성지사] | 전기.전자 | 신입 | 비정규직 | 지역외: 강원
[MOEF][울산,경기,충북] 한국소방산업기술원 | 2026년 한국소방산업기술원 정규직 채용 | 사업관리,법률.경찰.소방.교도.국방,기계,전기.전자,환경.에너지.안전 | 신입 | 정규직 | 경력구분 제외: 신입 단독
[MOEF][강원,경북] 한전KPS(주) | 한전KPS(주)강원충북전력지사 단기노무원(태백지점 송전업무정비보조,차량순시) 채용공고(27 | 건설,전기.전자,환경.에너지.안전 | 신입+경력 | 비정규직 | 지역외: 강원,경북
[MOEF][전남광주] 근로복지공단 | [순천병원] 공무직(간호조무사) 채용 공고 | 보건.의료 | 신입 | 무기계약직 | 지역외: 전남광주
[MOEF][충남] 한전KPS(주) | 한전KPS(주) 신보령사업소 '26년도 경상정비공사 구매보조 단기노무원 모집 | 경영.회계.사무 | 신입+경력 | 비정규직 | 지역외: 충남
[MOEF][강원] 한전KPS(주) | 한전KPS(주)강원충북전력지사 단기노무원(기술팀 차량순시) 채용공고(26차) | 건설,전기.전자 | 신입+경력 | 비정규직 | 지역외: 강원
[MOEF][강원] 한전KPS(주) | 한전KPS(주)강원충북전력지사 단기노무원(강릉지점 차량순시) 채용공고(25차) | 건설,전기.전자 | 신입+경력 | 비정규직 | 지역외: 강원
[MOEF][경북] 국립공원공단 | [경주] 2026년 경주국립공원 기간제(분묘조사) 직원 채용 | 환경.에너지.안전 | 신입+경력 | 비정규직 | 지역외: 경북
[MOEF][강원] 한전KPS(주) | 한전KPS(주)강원충북전력지사 단기노무원(춘천지점 차량순시) 채용공고(24차) | 건설,전기.전자 | 신입+경력 | 비정규직 | 지역외: 강원
[MOEF][인천] 한국환경공단 | 한국환경공단(본사) 사업장대기처 측정대행관리부 기간제근로자(촉탁 라급) 채용 공고 | 화학,환경.에너지.안전 | 신입 | 비정규직 | 경력구분 제외: 신입 단독
[MOEF][서울,부산,대구] 한국공항공사 | 2026년도 하반기 신입사원 안전직(공항보안 및 보안검색감독) 공개채용 | 운전.운송,경비.청소 | 신입 | 정규직 | 경력구분 제외: 신입 단독
[MOEF][강원] 한국장애인개발원 | [제2026-110호] 2026년도 제8차 강원특별자치도장애아동·발달장애인지원센터 체험형  | 사회복지.종교 | 신입+경력 | 청년인턴(체험형) | 지역외: 강원
[MOEF][서울,부산,대구] 한국공항공사 | 2026년도 하반기 신입사원 보훈(공항보안) 채용 | 경비.청소 | 신입 | 정규직 | 경력구분 제외: 신입 단독
[MOEF][세종] 한국법제연구원 | 2026년도 제2차 정규직(부연구위원) 제한경쟁 채용 공고 | 교육.자연.사회과학,연구 | 신입+경력 | 정규직 | 지역외: 세종
[MOEF][서울,부산,울산] 한국공항공사 | 2026년도 하반기 신입사원 구조소방(소방원 및 응급구조사) 공개채용 | 법률.경찰.소방.교도.국방 | 신입 | 정규직 | 경력구분 제외: 신입 단독
[MOEF][서울,부산,대구] 한국공항공사 | 2026년도 하반기 신입사원(5급갑, 6급갑 고졸수준) 공개채용 | 사업관리,경영.회계.사무,교육.자연.사회과학,법률.경찰.소방.교도.국방,운전.운송,경비.청소,건설,정보통신,환경.에너지.안전 | 신입 | 정규직 | 경력구분 제외: 신입 단독
[MOEF][인천] 대한적십자사 | 경인권역재활병원 정규직 방사선사 채용 공고(2026.10.26.임용) | 보건.의료 | 신입 | 정규직 | 경력구분 제외: 신입 단독
[MOEF][강원] 국립공원공단 | [설악산] 2026년 국립공원지킴이(녹색순찰대) 모집 추가접수 공고 | 경비.청소,이용.숙박.여행.오락.스포츠,환경.에너지.안전 | 신입+경력 | 비정규직 | 지역외: 강원
[MOEF][서울,부산,대구] 국민건강보험공단 | 2026년도 하반기 국민건강보험공단 신규직원 채용 공고 | 경영.회계.사무,보건.의료,사회복지.종교,이용.숙박.여행.오락.스포츠,정보통신 | 신입 | 정규직 | 경력구분 제외: 신입 단독
[MOEF][강원] 주택관리공단(주) | 채용형 인턴 채용공고(주택관리공단 강원지사) | 경영.회계.사무 | 신입+경력 | 청년인턴(채용형) | 지역외: 강원
[MOEF][경기] 대한법률구조공단 | 대한법률구조공단 의정부지부 청년인턴 공개경쟁 채용시험 공고 | 경영.회계.사무,법률.경찰.소방.교도.국방 | 신입 | 청년인턴(체험형) | 고용형태 제외: 청년인턴(체험형)
[MOEF][울산] 한전KPS(주) | 한전KPS(주)울산사업소 단기노무원 모집(2차) | 경비.청소,건설,기계 | 신입+경력 | 비정규직 | 지역외: 울산
[MOEF][부산] 한국토지주택공사 | 한국토지주택공사 부산울산지역본부 기간제근로자(전세사기 피해자 지원 업무보조) 채용공고 | 경영.회계.사무,영업판매 | 신입+경력 | 비정규직 | 지역외: 부산
[MOEF][경남] 학교법인한국폴리텍 | 2026년 한국폴리텍대학 항공캠퍼스 청년인턴(일반) 2차 채용 공고 | 경영.회계.사무 | 신입+경력 | 청년인턴(체험형) | 지역외: 경남
[MOEF][인천] 한국스포츠레저(주) | 한국스포츠레저(주) 전임직 채용공고 | 이용.숙박.여행.오락.스포츠 | 신입 | 비정규직 | 경력구분 제외: 신입 단독
[MOEF][충북] 한국식품안전관리인증원 | 2026년 제12차 계약직직원 채용 | 경영.회계.사무,보건.의료 | 신입+경력 | 비정규직 | 지역외: 충북
[MOEF][광주,전남] 전남대학교병원 | 2026년도 전임의사 상시 공개채용 변경 공고 | 보건.의료 | 신입 | 정규직 | 지역외: 광주,전남
[MOEF][전남광주] 국립공원공단 | [다도해서부] 다도해해상국립공원서부사무소 기간제[한시인력_환경관리(해양)] 직원 채용  | 환경.에너지.안전 | 신입+경력 | 비정규직 | 지역외: 전남광주
[MOEF][강원] 근로복지공단 | [태백병원] 기술기능직(기술_환경관리) 채용 공고 | 보건.의료,환경.에너지.안전 | 신입+경력 | 정규직 | 지역외: 강원
[MOEF][경북] 국립공원공단 | [주왕산] 2026년도 주왕산국립공원 한시인력(수익시설) 직원 2차 추가 채용 | 경비.청소 | 신입+경력 | 비정규직 | 지역외: 경북
[MOEF][강원] 근로복지공단 | [정선병원] 기술기능직(기술_안전관리) 채용 공고 | 보건.의료,환경.에너지.안전 | 신입+경력 | 정규직 | 지역외: 강원
[MOEF][서울] 한국전력공사 | 2026년 제1차 장애인 체험형 인턴 모집공고[서울본부] | 경영.회계.사무 | 신입 | 청년인턴(체험형) | 고용형태 제외: 청년인턴(체험형)
[MOEF][서울,부산,제주] 한국국제교류재단 | 한국국제교류재단 일반직 신규 채용 공고 | 경영.회계.사무,문화.예술.디자인.방송,정보통신 | 신입 | 정규직 | 경력구분 제외: 신입 단독
[MOEF][경남] 국민연금공단 | [국민연금공단 부산지역본부] 부산지역본부 양산지사 공무직(환경관리직(가), 보안직(가))  | 경비.청소 | 신입 | 무기계약직 | 지역외: 경남
[MOEF][전남광주] 국립공원공단 | [다도해해상]2026년 다도해해상 한시인력[탐방로예약제 운영] 직원 채용 | 환경.에너지.안전 | 신입+경력 | 비정규직 | 지역외: 전남광주
[MOEF][울산] 기초과학연구원 | 제2026-3회 IBS 융합과학 연구클러스터 연구직군 채용공고 | 연구 | 신입+경력 | 비정규직 | 지역외: 울산
[MOEF][전남광주] 국립공원공단 | [다도해해상]2026년 다도해해상 한시인력[환경관리(환경미화)] 직원 채용(3차) | 환경.에너지.안전 | 신입+경력 | 비정규직 | 지역외: 전남광주
[MOEF][제주] 한전KPS(주) | 한전KPS(주)남제주사업소 복합ST&1,2HRSG 계획예방정비공사 단기노무원 채용 공고 | 기계 | 신입+경력 | 비정규직 | 지역외: 제주
[MOEF][대전] 기초과학연구원 | 2026-9회 의생명 및 화학 연구클러스터(시냅스 뇌질환 연구단) 연구기술직 채용 공고 | 연구 | 신입+경력 | 비정규직 | 지역외: 대전
[MOEF][전북] (재)우체국물류지원단 | 우체국물류지원단 광주지사 기간제(소포직, 육아휴직대체) 채용 공고 | 경영.회계.사무,운전.운송 | 신입+경력 | 비정규직 | 지역외: 전북
[MOEF][서울,인천,세종] 한국중부발전(주) | 2026년도 제3차 4직급 신입직원 채용공고 | 경영.회계.사무,건설,화학,전기.전자,정보통신,환경.에너지.안전 | 신입 | 정규직 | 경력구분 제외: 신입 단독
[MOEF][대구] 경북대학교병원 | 칠곡경북대학교병원 2026년 9월 4차 임시직원 채용공고(약사, 간호사, 업무보조, 작업치 | 보건.의료 | 신입+경력 | 비정규직 | 지역외: 대구
[MOEF][세종] KDI국제정책대학원 | [KDI국제정책대학원] 2026년 제9차 위촉직 채용(교육행정, 연구행정, 기계설비·안전관 | 사업관리,교육.자연.사회과학,기계 | 신입+경력 | 비정규직 | 지역외: 세종
[MOEF][세종] 축산물품질평가원 | 2026년 하반기 신규직원 기간제 근로자(장애) 채용공고 | 사업관리,경영.회계.사무,농림어업 | 신입 | 비정규직 | 지역외: 세종
[MOEF][경기,강원] 축산물품질평가원 | 2026년 하반기 신규직원 운영직(다급) 채용공고 | 사업관리,경영.회계.사무,농림어업 | 신입 | 무기계약직 | 경력구분 제외: 신입 단독
[MOEF][세종,경기,강원] 축산물품질평가원 |  2026년 하반기 신규직원 체험형 청년인턴(장애) 채용공고 | 사업관리,경영.회계.사무,농림어업 | 신입 | 청년인턴(체험형) | 고용형태 제외: 청년인턴(체험형)
[MOEF][세종] 축산물품질평가원 | 2026년 하반기 신규직원 기간제 근로자(공인노무사) 채용공고 | 사업관리,경영.회계.사무,농림어업 | 신입 | 비정규직 | 지역외: 세종
[MOEF][세종] 축산물품질평가원 | 2026년 하반기 신규직원 보훈특별고용(행정직) 채용공고 | 사업관리,경영.회계.사무,농림어업 | 신입 | 청년인턴(채용형) | 지역외: 세종
[MOEF][세종] 축산물품질평가원 | 2026년 하반기 신규직원 채용형 청년인턴(행정직) 채용 | 사업관리,경영.회계.사무,농림어업 | 신입 | 청년인턴(채용형) | 지역외: 세종
[MOEF][부산,대구,인천] 축산물품질평가원 | 2026년 하반기 신규직원 보훈특별고용(축산물품질평가직) 채용 | 농림어업 | 신입 | 청년인턴(채용형) | 고용형태 제외: 청년인턴(채용형)
[MOEF][부산,대구,인천] 축산물품질평가원 | 2026년 하반기 신규직원 채용형 청년인턴(축산물품질평가직) 채용공고 | 농림어업 | 신입 | 청년인턴(채용형) | 고용형태 제외: 청년인턴(채용형)
[MOEF][세종] 중소기업기술정보진흥원 | 2026년 제2차 공무직(보훈, 장애) 채용 공고 | 사업관리,경영.회계.사무 | 신입 | 무기계약직 | 지역외: 세종
[MOEF][서울,부산,대구] 한국토지주택공사 | 2026년 하반기 한국토지주택공사 신입사원(5·6급) 공채 | 사업관리,경영.회계.사무,법률.경찰.소방.교도.국방,사회복지.종교,문화.예술.디자인.방송,영업판매,건설,기계,화학,전기.전자,정보통신,환경.에너지.안전 | 신입 | 청년인턴(채용형) | 고용형태 제외: 청년인턴(채용형)
[MOEF][강원] 국립공원공단 | [설악산] 설악산국립공원 기간제 직원[환경관리(한시인력)] 채용 공고 | 경비.청소 | 신입+경력 | 비정규직 | 지역외: 강원
[MOEF][전남광주] 한국보훈복지의료공단 | [광주보훈병원] 계약직 보건직(치과위생사) 직원 채용 공고 | 보건.의료 | 신입+경력 | 비정규직 | 지역외: 전남광주
[MOEF][경남] 한전KDN | 한전KDN(주) 진주지사 통신분야 비정규직 모집공고 | 전기.전자,정보통신 | 신입+경력 | 비정규직 | 지역외: 경남
[MOEF][서울] 무역안보관리원 | 2026년도 하반기 무역안보관리원 무기계약직 신입직원 채용 공고 | 사업관리,경영.회계.사무 | 신입 | 무기계약직 | 경력구분 제외: 신입 단독
[MOEF][서울] 무역안보관리원 | 2026년도 하반기 무역안보관리원 정규직 신입직원 채용 공고 | 사업관리,경영.회계.사무,전기.전자 | 신입 | 정규직 | 경력구분 제외: 신입 단독
[MOEF][대전] 한국보훈복지의료공단 | [대전보훈병원] 정규직(업무지원직(완화의료)) 및 계약직(간호조무사, 일반기능직(영선))  | 보건.의료 | 신입+경력 | 무기계약직,비정규직 | 지역외: 대전
[MOEF][대전] 한국보훈복지의료공단 | [대전보훈병원] 전문의(외과) 채용 공고 | 보건.의료 | 신입+경력 | 비정규직 | 지역외: 대전
[MOEF][경기] 한국장애인개발원 | [제2026-105호]2026년도 제5차 경기도장애아동·발달장애인지원센터(장애아동지원팀)  | 사회복지.종교 | 신입+경력 | 청년인턴(체험형) | 고용형태 제외: 청년인턴(체험형)
[MOEF][서울,대전] 한국연구재단 | 2026년 제2차 한국연구재단 직원 채용(연구직, 공무직(사무지원직)) | 사업관리,경영.회계.사무 | 신입 | 정규직,무기계약직,청년인턴(채용형) | 경력구분 제외: 신입 단독
[MOEF][전북] 국립공원공단 | [내장산] 2026년 내장산국립공원 기간제(수익시설) 직원 채용 공고 | 이용.숙박.여행.오락.스포츠,환경.에너지.안전 | 신입+경력 | 비정규직 | 지역외: 전북
[MOEF][세종] 한국환경연구원 | [한국환경연구원] 임시직(일반행정) 채용 공고(인사관리실 대체인력)(0914) | 경영.회계.사무 | 신입+경력 | 비정규직 | 지역외: 세종
[MOEF][강원] 한전KPS(주) | 한전KPS(주)강원충북전력지사 단기노무원(동해지점 송전업무정비보조) 채용 공고(23차)  | 전기.전자,환경.에너지.안전 | 신입+경력 | 비정규직 | 지역외: 강원
[MOEF][충북] 주택관리공단(주) | 채용형 인턴 채용공고(주택관리공단 충북지사) | 건설,기계,전기.전자,환경.에너지.안전 | 신입+경력 | 청년인턴(채용형) | 지역외: 충북
[MOEF][울산] 한국전력국제원자력대학원대학교 | [한국전력국제원자력대학원대학교] 체험형 청년인턴 채용 | 경영.회계.사무 | 신입 | 청년인턴(체험형) | 지역외: 울산
[MOEF][전북] 국립공원공단 | [내장산] 2026년 내장산국립공원 가을성수기 국립공원지킴이(한시인력) 채용 공고 | 경비.청소,건설 | 신입+경력 | 비정규직 | 지역외: 전북
[MOEF][서울] 근로복지공단 | [서울서부지사] 공무직(시설방호원) 채용 공고 | 경비.청소 | 신입 | 무기계약직 | 경력구분 제외: 신입 단독
[MOEF][전남광주,경북] 국토안전관리원 | 2026년도 국토안전관리원 제2차 직무중심 채용 공고(무기계약직) | 경비.청소,기계,전기.전자 | 신입 | 무기계약직 | 지역외: 전남광주,경북
[MOEF][강원,충북,전남] 국토안전관리원 | 2026년도 국토안전관리원 제2차 직무중심 채용 공고(일반직·전문직) | 사업관리,경영.회계.사무,교육.자연.사회과학,운전.운송,건설,정보통신 | 신입+경력 | 정규직,청년인턴(채용형) | 지역외: 강원,충북,전남광주,경북,경남
[MOEF][전남광주,경북] 국립공원공단 | [보전원] 국립공원야생생물보전원 국립공원지킴이(한시인력) 2차 채용 | 경비.청소,건설 | 신입+경력 | 비정규직 | 지역외: 전남광주,경북
[MOEF][충북] 한국교육과정평가원 | 2026년 제2차 한국교육과정평가원 연구직 채용 공고 | 연구 | 신입 | 정규직 | 지역외: 충북
[MOEF][전남광주] 대한적십자사 | [전남광주혈액원] 비정규직 기간제(한시적) 사무보조원 채용 공고 | 경영.회계.사무 | 신입 | 비정규직 | 지역외: 전남광주
[MOEF][제주] 한전KPS(주) | 한전KPS(주)제주사업소 내연 2호기 정지작업 단기노무원 채용공고 | 기계 | 신입+경력 | 비정규직 | 지역외: 제주
[MOEF][전북] 태권도진흥재단 | 2026년 3차 기간제근로자(육아휴직 대체) 채용 공고 | 이용.숙박.여행.오락.스포츠 | 신입 | 비정규직 | 지역외: 전북
[MOEF][강원] 근로복지공단 | [정선병원] 기간제(물리치료사) 채용 공고 | 보건.의료 | 신입 | 비정규직 | 지역외: 강원
[MOEF][서울,경남] 한국저작권위원회 | 한국저작권위원회 2026년 제3차 직원 채용 | 사업관리,경영.회계.사무,문화.예술.디자인.방송,정보통신 | 신입 | 정규직,비정규직 | 경력구분 제외: 신입 단독
[MOEF][전남광주] 한국전력공사 | 기간제근로자(대체인력) 채용공고[광주전남본부] | 전기.전자 | 신입 | 비정규직 | 지역외: 전남광주
[MOEF][대구] 한국보훈복지의료공단 | [대구보훈병원] 의사직(호흡기내과, 순환기내과, 핵의학과, 응급의학과, 외과, 비뇨의학과, | 보건.의료 | 신입+경력 | 비정규직 | 지역외: 대구
[MOEF][경북] 국립공원공단 | [주왕산] 2026년도 주왕산국립공원 한시인력(환경관리) 직원 추가 채용 | 경비.청소 | 신입+경력 | 비정규직 | 지역외: 경북
[MOEF][경남] 근로복지공단 | [창원병원] 기간제 의사(영상의학과) 채용 공고 | 보건.의료 | 신입 | 비정규직 | 지역외: 경남
[MOEF][경남] 근로복지공단 | [창원병원] 기간제 의사(응급실전담의) 채용 공고 | 보건.의료 | 신입 | 비정규직 | 지역외: 경남
[MOEF][경남] 근로복지공단 | [창원병원] 별정직 의사(직업환경의학과) 채용 공고 | 보건.의료 | 신입 | 정규직 | 지역외: 경남
[MOEF][경남] 근로복지공단 | [창원병원] 별정직 의사(정형외과) 채용 공고 | 보건.의료 | 신입 | 정규직 | 지역외: 경남
[MOEF][울산] 근로복지공단 | [근로복지공단] 공단본부 장애인 청년(체험형)인턴 채용 공고 | 경영.회계.사무 | 신입 | 청년인턴(체험형) | 지역외: 울산
[MOEF][부산] 한국환경공단 | 한국환경공단 부산울산경남환경본부 수탁폐수전자인계인수관리시스템 운영 기간제근로자(촉탁라급)  | 환경.에너지.안전 | 신입+경력 | 비정규직 | 지역외: 부산
[MOEF][충북] 한국장애인개발원 | [제2026-106호] 2026년도 제6차 충청북도장애아동발달장애인지원센터(장애아동지원팀) | 사회복지.종교 | 신입+경력 | 청년인턴(채용형) | 지역외: 충북
[MOEF][전북] 한국출판문화산업진흥원 | 2026년 하반기 제2차 직원 공개경쟁 및 제한경쟁 채용 공고 | 사업관리,경영.회계.사무,문화.예술.디자인.방송 | 신입+경력 | 무기계약직,비정규직 | 지역외: 전북
[MOEF][경기] 분당서울대학교병원 | 분당서울대학교병원 신입(업무지원직) 직원 채용 공고 | 보건.의료 | 신입 | 정규직 | 경력구분 제외: 신입 단독
[MOEF][경기] 분당서울대학교병원 | 분당서울대학교병원 신입(업무지원직_미화) 직원 채용 공고 | 보건.의료 | 신입 | 정규직 | 경력구분 제외: 신입 단독
[MOEF][경기] 분당서울대학교병원 | 분당서울대학교병원 신입(사무직) 직원 장애인·상이군경 제한경쟁 채용 공고 | 보건.의료 | 신입 | 정규직 | 경력구분 제외: 신입 단독
[MOEF][전북] 한전KDN | 한전KDN(주) 전북사업처 배전자동화 통신공사 일용근로자 모집공고 | 정보통신 | 신입+경력 | 비정규직 | 지역외: 전북
[MOEF][전남광주] 한국수자원공사 | [한국수자원공사] 완도수도지사 특수직(수탁운영_지방상수도 시설운영) 채용 공고 | 건설,기계,전기.전자,정보통신,환경.에너지.안전 | 신입+경력 | 비정규직 | 지역외: 전남광주
[MOEF][부산] 국립중앙의료원 | 계약직 연구원(부산응급의료지원센터) 채용 공고 | 보건.의료 | 신입+경력 | 비정규직 | 지역외: 부산
[MOEF][서울] (재)한국우편사업진흥원 | 한국우편사업진흥원 2026년 기간제계약직(청년인턴, 사회형평(장애, 보훈)) 채용 | 사업관리,경영.회계.사무,문화.예술.디자인.방송,영업판매,인쇄.목재.가구.공예 | 신입 | 비정규직,청년인턴(체험형) | 경력구분 제외: 신입 단독
[MOEF][전남광주] 국립공원공단 | [월출산] 월출산국립공원사무소 한시인력(국립공원지킴이) 모집 공고 | 환경.에너지.안전 | 신입+경력 | 비정규직 | 지역외: 전남광주
[MOEF][서울,대전] (재)한국우편사업진흥원 | 한국우편사업진흥원 2026년 신입직원(일반직, 전문직(사무), 전문직(특수)) 채용 | 사업관리,경영.회계.사무,문화.예술.디자인.방송,영업판매,정보통신,인쇄.목재.가구.공예,환경.에너지.안전 | 신입 | 정규직,무기계약직 | 경력구분 제외: 신입 단독
[MOEF][경북] 한국장애인개발원 | [제2026-109호]2026년도 제7차 경상북도장애아동·발달장애인지원센터 체험형 청년인턴 | 사업관리,경영.회계.사무,사회복지.종교 | 신입+경력 | 청년인턴(체험형) | 지역외: 경북
[MOEF][서울] 한국무역보험공사 | 한국무역보험공사 2026년 하반기 지원직(무기계약직) 채용공고 | 경영.회계.사무,운전.운송 | 신입 | 무기계약직 | 경력구분 제외: 신입 단독
[MOEF][세종] 한국환경연구원 | [한국환경연구원] 임시직(환경영향평가) 채용 공고(환경평가본부 대체인력)(0911) | 연구 | 신입+경력 | 비정규직 | 지역외: 세종
[MOEF][제주] 주택관리공단(주) | 채용형 인턴 채용공고(주택관리공단 제주지사) | 건설,기계,전기.전자,환경.에너지.안전 | 신입+경력 | 청년인턴(채용형) | 지역외: 제주
[MOEF][서울,부산,인천] 국민연금공단 | 2026년 하반기 공무직 공개채용 공고 | 경영.회계.사무,보건.의료,정보통신 | 신입 | 무기계약직 | 경력구분 제외: 신입 단독
[MOEF][경남] 경상국립대학교병원 | [창원경상국립대학교병원] 계약직 채용공고 | 보건.의료 | 신입+경력 | 비정규직 | 지역외: 경남
[MOEF][대전] 한국장애인개발원 | [제2026-107호] 2026년도 제4차 대전광역시장애아동·발달장애인지원센터(장애아동지원 | 사회복지.종교 | 신입+경력 | 청년인턴(체험형) | 지역외: 대전
[MOEF][경남] 경상국립대학교병원 | [창원경상국립대학교병원] 업무지원직 채용공고 | 보건.의료 | 신입+경력 | 정규직 | 지역외: 경남
[MOEF][경남] 학교법인한국폴리텍 | 2026년 한국폴리텍대학 항공캠퍼스 대학운영직(경비원) 공개채용 공고 | 경비.청소 | 신입+경력 | 무기계약직 | 지역외: 경남
[MOEF][경남] 한국장애인개발원 | [제2026-108호]2026년도 제5차 경상남도장애아동·발달장애인지원센터(장애아동지원팀) | 사회복지.종교 | 신입+경력 | 청년인턴(체험형) | 지역외: 경남
[MOEF][경기] 한국보훈복지의료공단 | [수원보훈요양원] 계약직 요양보호사(정규직 전환조건부) 채용 공고 | 사회복지.종교 | 신입 | 비정규직 | 경력구분 제외: 신입 단독
[MOEF][강원] 근로복지공단 | [동해병원] 기간제 의사(재활의학과) 채용 공고 | 보건.의료 | 신입 | 비정규직 | 지역외: 강원
[MOEF][강원] 근로복지공단 | [동해병원] 기간제 의사(산부인과) 채용 공고 | 보건.의료 | 신입 | 비정규직 | 지역외: 강원
[MOEF][강원] 근로복지공단 | [동해병원] 기간제 의사(응급실전담의) 채용 공고 | 보건.의료 | 신입 | 비정규직 | 지역외: 강원
[MOEF][경남] 경상국립대학교병원 | [창원경상국립대학교병원] 전문직1등급(촉탁의) 채용공고 | 보건.의료 | 신입 | 비정규직 | 지역외: 경남
[MOEF][강원] 근로복지공단 | [태백병원] 기간제 의사(병동당직의) 채용 공고 | 보건.의료 | 신입+경력 | 비정규직 | 지역외: 강원
[MOEF][울산] 근로복지공단 | [울산병원] 별정직 의사(이비인후과) 채용 공고 | 보건.의료 | 신입 | 정규직 | 지역외: 울산
[MOEF][울산] 근로복지공단 | [울산병원] 별정직 의사(마취통증의학과) 채용 공고 | 보건.의료 | 신입 | 정규직 | 지역외: 울산
[MOEF][울산] 근로복지공단 | [울산병원] 별정직 의사(응급의학과) 채용 공고 | 보건.의료 | 신입 | 정규직 | 지역외: 울산
[MOEF][울산] 근로복지공단 | [울산병원] 별정직 의사(영상의학과) 채용 공고 | 보건.의료 | 신입 | 정규직 | 지역외: 울산
[MOEF][울산] 근로복지공단 | [울산병원] 별정직 의사(병동당직의) 채용 공고 | 보건.의료 | 신입 | 정규직 | 지역외: 울산
[MOEF][강원] 한국환경공단 | 2026년도 한국환경공단 하반기 개방형 직위(정선수도사업소장) 공개모집 연장공고 | 환경.에너지.안전 | 경력 | 비정규직 | 지역외: 강원
[MOEF][세종] 대외경제정책연구원 | 대외경제정책연구원(KIEP) 2026 청년인턴(기획조정팀, 학술정보팀) 채용 공고 | 연구 | 신입 | 청년인턴(체험형) | 지역외: 세종
[MOEF][충북] 한국전력공사 | 기간제근로자 (대체인력)채용 공고[충북본부 진천지사] | 전기.전자 | 신입 | 비정규직 | 지역외: 충북
[MOEF][충북] 정보통신정책연구원 | 2026년 계약직연구원 공개채용 재공고(인공지능 서비스 이용자보호 정책 연구) | 사업관리 | 신입+경력 | 비정규직 | 지역외: 충북
[MOEF][전남광주] 한국농촌경제연구원 | 한국농촌경제연구원 2026년 제7차(재공모) 청년인턴(장애인 제한경쟁) 채용 공고 | 경영.회계.사무 | 신입 | 청년인턴(체험형) | 지역외: 전남광주
[MOEF][울산] 한국장애인개발원 | [제2026-104호]2026년도 제5차 울산광역시장애아동·발달장애인지원센터(장애아동지원팀 | 사회복지.종교 | 신입+경력 | 청년인턴(체험형) | 지역외: 울산
[MOEF][부산] 동남권원자력의학원 | [직원채용] 동남권원자력의학원 박사후 연수연구원(첨단방사선종양연구팀) 공개 채용 | 연구 | 신입+경력 | 비정규직 | 지역외: 부산
[MOEF][대구] 경북대학교병원 | 2026년 대구의료원 파견의사(진료교수) 상시 초빙 공고 | 보건.의료 | 신입 | 비정규직 | 지역외: 대구
[MOEF][서울,부산] 게임물관리위원회 | 게임물관리위원회 2026년 제3차 직원(체험형청년인턴) 채용공고 | 사업관리,경영.회계.사무,문화.예술.디자인.방송 | 신입+경력 | 청년인턴(체험형) | 고용형태 제외: 청년인턴(체험형)
[MOEF][부산] 게임물관리위원회 | 게임물관리위원회 2026년 제3차 직원(기간제근로) 채용공고 | 사업관리,경영.회계.사무,문화.예술.디자인.방송 | 신입+경력 | 비정규직 | 지역외: 부산
[MOEF][부산] 게임물관리위원회 | 게임물관리위원회 2026년 제3차 직원(일반정규직) 채용공고 | 사업관리,경영.회계.사무,문화.예술.디자인.방송 | 신입+경력 | 정규직 | 지역외: 부산
[MOEF][경남] 한전KDN | 한전KDN(주) 경남사업처 통신분야 비정규직 모집공고 | 전기.전자,정보통신 | 경력 | 비정규직 | 지역외: 경남
[MOEF][세종,전남광주,] 한국수목원정원관리원 | 한국수목원정원관리원 2026년 제3차 체험형 청년인턴 및 기간제 근로자 채용 공고 | 경영.회계.사무,교육.자연.사회과학,문화.예술.디자인.방송,이용.숙박.여행.오락.스포츠,기계,전기.전자,환경.에너지.안전,농림어업 | 신입+경력 | 비정규직,청년인턴(체험형) | 지역외: 세종,전남광주,경북
[MOEF][제주] 한전KDN | 한전KDN(주) 제주사업처 AMI분야 비정규직 모집공고 | 전기.전자,정보통신 | 신입+경력 | 비정규직 | 지역외: 제주
[MOEF][서울] 한국장애인개발원 | [제2026-103호] 2026년도 제5차 서울시장애아동·발달장애인지원센터(장애아동지원팀) | 사업관리,사회복지.종교 | 신입+경력 | 청년인턴(체험형) | 고용형태 제외: 청년인턴(체험형)
[MOEF][대구] 한국물기술인증원 | 한국물기술인증원 2026년 제6차 기간제근로자 채용 공고 | 환경.에너지.안전 | 신입 | 비정규직 | 지역외: 대구
[MOEF][서울] (재)우체국시설관리단 | (재)우체국시설관리단 (본사)청년인턴 채용 공고 | 경영.회계.사무,영업판매 | 신입 | 청년인턴(체험형),청년인턴(채용형) | 고용형태 제외: 청년인턴(체험형),청년인턴(채용형)
[MOEF][부산] 한국남부발전(주) | 한국남부발전(주) 2026년 개방형직위(산재예방부장) 채용공고 | 환경.에너지.안전 | 경력 | 비정규직 | 지역외: 부산
[MOEF][전남광주] 국립공원공단 | [무등산동부] 2026년 무등산동부 한시인력(국립공원지킴이_녹색순찰대) 채용 공고 | 경비.청소,환경.에너지.안전 | 신입+경력 | 비정규직 | 지역외: 전남광주
[MOEF][강원] 국립공원공단 | [오대산] 2026년 오대산사무소 기간제(한시인력_국립공원지킴이) 직원 채용(5차) | 경비.청소,환경.에너지.안전 | 신입+경력 | 비정규직 | 지역외: 강원
[MOEF][부산,인천,세종] 한국남부발전(주) | 한국남부발전(주) 2026년 하반기 신입사원 및 별정직 채용공고 | 경영.회계.사무,음식서비스,건설,기계,화학,전기.전자,정보통신,환경.에너지.안전 | 신입 | 정규직 | 경력구분 제외: 신입 단독
[MOEF][경북] 한전KDN | 한전KDN(주) 구미지사 AMI분야 일용근로자 모집공고 | 전기.전자,정보통신 | 신입+경력 | 비정규직 | 지역외: 경북
[MOEF][부산] 동남권원자력의학원 | [직원채용] 별정직 약무직(약제팀 약사) 공개 채용 | 보건.의료 | 신입+경력 | 비정규직 | 지역외: 부산
[MOEF][대구] 대구경북첨단의료산업진흥재단 | [연장공고] 2026 제2차 대구경북첨단의료산업진흥재단 직원 채용 연장공고(연구직) | 사업관리,교육.자연.사회과학,보건.의료,화학,연구 | 경력 | 정규직 | 지역외: 대구
[MOEF][서울,대구,인천] 한전MCS(주) | 한전MCS 2026년 하반기 시니어계약직 신규채용[2차] 공고 | 전기.전자 | 신입 | 비정규직 | 경력구분 제외: 신입 단독
[MOEF][경북] 한전KDN | 한전KDN(주) 구미지사 배전분야 일용근로자 모집공고 | 전기.전자,정보통신 | 신입+경력 | 비정규직 | 지역외: 경북
[MOEF][세종,전남광주] 한국해양교통안전공단 | 2026년도 제4차 신규직원(계약직) 채용 | 사업관리,경영.회계.사무,법률.경찰.소방.교도.국방,기계,정보통신,환경.에너지.안전,연구 | 신입+경력 | 비정규직 | 지역외: 세종,전남광주
[MOEF][울산] 대한법률구조공단 | 대한법률구조공단 울산지부 청년인턴 공개경쟁 채용시험 공고 | 경영.회계.사무,법률.경찰.소방.교도.국방 | 신입 | 청년인턴(체험형) | 지역외: 울산
[MOEF][대전] 기초과학연구원 | 제2026-3회 트랩이온 양자과학 연구단  연구직 및 박사후연구원 채용 공고 | 연구 | 신입+경력 | 비정규직 | 지역외: 대전
[MOEF][대전] 기초과학연구원 | 제2026-1회 이산수학 그룹 연구직 채용 공고 | 연구 | 신입+경력 | 비정규직 | 지역외: 대전
[MOEF][부산] 동남권원자력의학원 | [직원채용] 동남권원자력의학원 박사후 연수연구원(첨단방사선AI융합연구팀) 공개 채용 | 연구 | 신입+경력 | 비정규직 | 지역외: 부산
[MOEF][부산] 동남권원자력의학원 | [직원채용] 정규직 의사직(방사선비상진료센터) 채용 | 보건.의료 | 신입+경력 | 정규직 | 지역외: 부산
[MOEF][대전] 기초과학연구원 | 2026-1 Recruitment Announcement for Postdoctoral R | 연구 | 신입+경력 | 비정규직 | 지역외: 대전
[MOEF][부산] 동남권원자력의학원 | [직원채용] 별정직 의사직(산부인과) 채용 | 보건.의료 | 신입+경력 | 비정규직 | 지역외: 부산
[MOEF][부산] 동남권원자력의학원 | [직원채용] 별정직 의사직(감염내과) 채용  | 보건.의료 | 신입+경력 | 비정규직 | 지역외: 부산
[MOEF][부산] 동남권원자력의학원 | [직원채용] 별정직 의사직(호흡기내과) 초빙 | 보건.의료 | 신입+경력 | 비정규직 | 지역외: 부산
[MOEF][부산] 동남권원자력의학원 | [직원채용] 정규직 의사직(마취통증의학과) 공개 채용 | 보건.의료 | 신입+경력 | 정규직 | 지역외: 부산
[MOEF][부산] 동남권원자력의학원 | [직원채용] 별정직 의사직(응급실) 공개채용 | 보건.의료 | 신입+경력 | 비정규직 | 지역외: 부산
[MOEF][부산] 동남권원자력의학원 | [직원채용] 별정직 의사직(병동 당직의) 공개 채용 | 보건.의료 | 신입+경력 | 비정규직 | 지역외: 부산
[MOEF][부산] 동남권원자력의학원 | [직원채용] 별정직 의사직(신경외과 전임의) 공개 채용(재공고) | 보건.의료 | 신입+경력 | 비정규직 | 지역외: 부산
[MOEF][부산] 동남권원자력의학원 | [직원채용] 정규직 의사직(핵의학과) 공개 채용 | 보건.의료 | 신입+경력 | 정규직 | 지역외: 부산
[MOEF][충남] 학교법인한국폴리텍 | 한국폴리텍특성화대학 바이오캠퍼스 업무직(대학운영직_조리원) 채용공고 | 음식서비스 | 신입+경력 | 무기계약직 | 지역외: 충남
[MOEF][서울,부산,대구] 한국가스안전공사 | 2026년 하반기 한국가스안전공사 정규직(채용형인턴) 채용 공고 | 사업관리,경영.회계.사무,법률.경찰.소방.교도.국방,기계,재료,화학,전기.전자,환경.에너지.안전,연구 | 신입 | 정규직,청년인턴(채용형) | 경력구분 제외: 신입 단독
[MOEF][전북] 한국장애인개발원 | [제2026-100호] 2026년 제6차 전북특별자치도장애아동·발달장애인지원센터[체험형 청 | 사회복지.종교 | 신입 | 청년인턴(체험형) | 지역외: 전북
[MOEF][인천] 대한적십자사 | 인천혈액원 비정규직 초단시간 임상병리사 모집 공고 | 보건.의료 | 신입 | 비정규직 | 경력구분 제외: 신입 단독
[MOEF][인천] 대한적십자사 | 인천혈액원 비정규직 한시적근로자 사무보조원 모집 공고 | 경영.회계.사무 | 신입 | 비정규직 | 경력구분 제외: 신입 단독
[MOEF][대구] 경북대학교치과병원 | 2026년도 제5차 신규직원(행정직) 채용 공고 | 보건.의료 | 신입 | 정규직 | 지역외: 대구
[MOEF][전남광주] 학교법인한국폴리텍 | 한국폴리텍대학 광주캠퍼스 청년인턴(장애) 채용 공고 | 경영.회계.사무 | 신입+경력 | 청년인턴(체험형) | 지역외: 전남광주
[MOEF][충북] 국립공원공단 | [속리산] 속리산국립공원사무소 기간제(탐방해설) 직원 채용 공고 | 이용.숙박.여행.오락.스포츠 | 신입+경력 | 비정규직 | 지역외: 충북
[MOEF][강원] 국립공원공단 | [국립공원연구원] 국립공원연구원 기간제(연구복원) 직원 채용 | 환경.에너지.안전 | 신입+경력 | 비정규직 | 지역외: 강원
[MOEF][부산] 한국장애인개발원 | [제2026-102호] 2026년도 제5차 부산광역시장애아동·발달장애인지원센터(장애아동지원 | 사회복지.종교 | 신입 | 청년인턴(체험형) | 지역외: 부산
[MOEF][대구] 경북대학교치과병원 | 제6차 대구-이노덴탈 규제자유특구사업 연구원(계약직) 채용 | 사업관리,보건.의료 | 신입 | 비정규직 | 지역외: 대구
[MOEF][대전] 한국수자원공사 |  [한국수자원공사] 설계처 단기계약근로자(기술관리_전문기술) 채용 공고(육아휴직 대체인력) | 건설,기계,전기.전자,정보통신 | 신입+경력 | 비정규직 | 지역외: 대전
[MOEF][경기] 한국문화진흥주식회사 | 한국문화진흥(주) 뉴서울컨트리클럽 기간제(경기진행) 채용 공고 | 이용.숙박.여행.오락.스포츠 | 신입 | 비정규직 | 경력구분 제외: 신입 단독
[MOEF][전북] 한국국토정보공사 | 2026년 한국국토정보공사 장애인 맞춤훈련 채용(사무지원) 공고 | 경영.회계.사무 | 신입 | 무기계약직 | 지역외: 전북
[MOEF][전북,전남광주] 국립공원공단 | [보전원] 국립공원야생생물보전원 기간제(한시인력_연구복원)직원 채용 | 환경.에너지.안전 | 신입+경력 | 비정규직 | 지역외: 전북,전남광주
[MOEF][전남광주] 한국장애인개발원 | [제2026-101호] 2026년도 제4차 전남광주통합특별시광주장애아동·발달장애인지원센터  | 사회복지.종교 | 신입 | 청년인턴(체험형) | 지역외: 전남광주
[MOEF][서울] 대한적십자사 | [대한적십자사 서울지사] 서부봉사관 사무보조원(육아휴직 대체인력) 채용공 | 경영.회계.사무 | 신입 | 비정규직 | 경력구분 제외: 신입 단독
[MOEF][충남,경북] 국립생태원 | 2026년 제6차 국립생태원 기간제근로자(수탁과제) 채용 공고 | 환경.에너지.안전 | 신입+경력 | 비정규직 | 지역외: 충남,경북
[MOEF][경남] 대한적십자사 | (거창적십자병원) 정규직 간호직 간호사 2차 채용 | 보건.의료 | 신입 | 정규직 | 지역외: 경남
[MOEF][충북] 대한적십자사 | 2026년도 혈장분획센터 육아휴직대체 사무보조원 채용 공고 | 경영.회계.사무,보건.의료 | 신입 | 비정규직 | 지역외: 충북
[MOEF][부산] 한국전력공사 | 2026년 부산울산본부 장애인 체육선수 인턴 채용공고 | 이용.숙박.여행.오락.스포츠 | 신입 | 청년인턴(체험형) | 지역외: 부산
[MOEF][부산,울산,경남] 한국전력공사 | 기간제근로자(대체인력) 채용공고[부산울산본부] | 경영.회계.사무,전기.전자 | 신입 | 비정규직 | 지역외: 부산,울산,경남
[MOEF][서울,부산,대구] 대한무역투자진흥공사 | 2026년 4기 체험형 청년인턴 모집 | 경영.회계.사무 | 신입 | 청년인턴(체험형) | 고용형태 제외: 청년인턴(체험형)
[MOEF][서울] (재)한국우편사업진흥원 | 한국우편사업진흥원 기간제 근로자 채용 | 인쇄.목재.가구.공예 | 신입 | 비정규직 | 경력구분 제외: 신입 단독
[MOEF][전남광주] 한국보훈복지의료공단 | [광주보훈병원] 청년인턴(체험형) 채용 공고 | 보건.의료 | 신입+경력 | 청년인턴(체험형) | 지역외: 전남광주
[MOEF][세종] 산업연구원 | 2026년 제6차 청년인턴 채용공고(장애인 제한경쟁) | 경영.회계.사무 | 신입+경력 | 청년인턴(체험형) | 지역외: 세종
[MOEF][서울] 서울대학교병원 | 서울대학교병원 블라인드 직원채용 (대체근로자) 공고 (장애인 특별우대) | 보건.의료 | 신입 | 비정규직 | 경력구분 제외: 신입 단독
[MOEF][전남광주] 한국토지주택공사 | 한국토지주택공사 광주전남지역본부 기간제근로자(사업관리) 채용공고(2026.09) | 경영.회계.사무,사회복지.종교 | 신입 | 비정규직 | 지역외: 전남광주
[MOEF][서울,부산,인천] 한국전기안전공사 | 2026년 하반기 공무직원 채용 | 경영.회계.사무,법률.경찰.소방.교도.국방,경비.청소,음식서비스,건설,기계,전기.전자,환경.에너지.안전 | 신입 | 무기계약직 | 경력구분 제외: 신입 단독
[MOEF][전북] 한국전기안전공사 | 2026년 하반기 경력직원 채용 | 건설,기계,정보통신,환경.에너지.안전 | 경력 | 정규직 | 지역외: 전북
[MOEF][서울,부산,인천] 한국전기안전공사 | 2026년 하반기 채용형 인턴 채용 | 사업관리,경영.회계.사무,전기.전자,환경.에너지.안전 | 신입 | 청년인턴(채용형) | 고용형태 제외: 청년인턴(채용형)
[MOEF][대구,인천,대전] 한국도로공사 | 2026년 하반기 한국도로공사 일반직 신입(인턴)사원 채용 공고 | 경영.회계.사무,건설,기계,전기.전자,정보통신 | 신입 | 청년인턴(채용형) | 고용형태 제외: 청년인턴(채용형)
[MOEF][전남광주] 한국장애인개발원 | [제2026-98호]2026년도 제4차 전남광주통합특별시전남장애아동·발달장애인지원센터 청년 | 사회복지.종교 | 신입 | 청년인턴(체험형) | 지역외: 전남광주
[MOEF][서울,부산,대구] 한국전력공사 | 2026년도 하반기 전기원 채용공고 | 전기.전자 | 신입 | 정규직 | 경력구분 제외: 신입 단독
[MOEF][대전] 기초과학연구원 | 2026-10회 생명과학 연구클러스터 별정직 채용 공고 | 연구 | 신입 | 청년인턴(체험형) | 지역외: 대전
[MOEF][세종,충북,전남] 한국전력공사 | 2026년도 하반기 기간제 근로자 채용공고[중부건설본부] | 경영.회계.사무,건설,전기.전자 | 경력 | 비정규직 | 지역외: 세종,충북,전남광주
[MOEF][인천] 한국보훈복지의료공단 | [인천보훈병원] 2026-14차 직원 제한경쟁채용(장애인 청년인턴) 공고 | 보건.의료 | 신입+경력 | 청년인턴(체험형) | 고용형태 제외: 청년인턴(체험형)
[MOEF][충남] 한국장애인개발원 | [제2026-99호] 2026년도 제5차 충청남도장애아동·발달장애인지원센터 장애아동 운영지 | 사회복지.종교 | 신입+경력 | 비정규직,청년인턴(체험형) | 지역외: 충남
[MOEF][경남] 근로복지공단 | [창원병원] 의료직(간호사) 6급 채용 공고 | 보건.의료 | 신입 | 정규직 | 지역외: 경남
[MOEF][인천] 근로복지공단 | [인천병원] 의료직(간호사) 6급 채용 공고 | 보건.의료 | 신입 | 정규직 | 경력구분 제외: 신입 단독
[MOEF][울산] 근로복지공단 | [울산병원] 별정직 의사 채용 공고 | 보건.의료 | 신입 | 정규직 | 지역외: 울산
[MOEF][서울] 한국장애인개발원 | [제2026-96호] 2026년도 제2차 정책지원부(정책지원팀) 청년인턴 채용 공고 | 사회복지.종교 | 신입 | 청년인턴(체험형) | 고용형태 제외: 청년인턴(체험형)
[MOEF][인천] 근로복지공단 | [직업환경연구원] 연구직(연구위원) 채용 공고 | 보건.의료,연구 | 신입 | 정규직 | 경력구분 제외: 신입 단독
[MOEF][대구] 한국장애인개발원 | [제2026-97호] 2026년도 제6차 대구광역시장애아동·발달장애인지원센터 청년인턴(장애 | 사회복지.종교 | 신입 | 청년인턴(체험형) | 지역외: 대구
[MOEF][충북] 학교법인한국폴리텍 | 한국폴리텍대학 청주캠퍼스 하반기 청년인턴(일반) 채용 공고 | 경영.회계.사무 | 신입+경력 | 청년인턴(체험형) | 지역외: 충북
[MOEF][전북] 국립공원공단 | [지리산전북] 지리산국립공원전북사무소 한시인력(국립공원지킴이) 모집 | 환경.에너지.안전 | 신입+경력 | 비정규직 | 지역외: 전북
[MOEF][서울,부산] 해양환경공단 | 2026년 하반기 해양환경공단 체험형 청년인턴(장애인 제한) 채용 공고 | 경영.회계.사무,환경.에너지.안전 | 신입 | 청년인턴(체험형) | 고용형태 제외: 청년인턴(체험형)
[MOEF][서울,대전,세종] 창업진흥원 | 2026년 창업진흥원 제5차 체험형 청년인턴(일반) 채용 공고 | 사업관리 | 신입 | 청년인턴(체험형) | 고용형태 제외: 청년인턴(체험형)
[MOEF][서울,대전,세종] 창업진흥원 | 2026년 창업진흥원 제5차 체험형 청년인턴(장애) 채용 공고 | 사업관리,경영.회계.사무 | 신입 | 청년인턴(체험형) | 고용형태 제외: 청년인턴(체험형)
[MOEF][전북] 국립공원공단 | [변산반도] 2026년 변산반도사무소 국립공원지킴이 4차 모집 공고 | 환경.에너지.안전 | 신입+경력 | 비정규직 | 지역외: 전북
[MOEF][경북] 기초과학연구원 | 제2026-2회 기초과학연구원 양자물질 극한물성 연구단 연구직 채용 공고 | 연구 | 신입+경력 | 비정규직 | 지역외: 경북
[MOEF][전남광주] 한국보훈복지의료공단 | [광주보훈병원] 계약직 업무지원직(고객지원_간병지원) 직원 채용 공고 | 보건.의료 | 신입+경력 | 비정규직 | 지역외: 전남광주
[MOEF][전남광주] 한국보훈복지의료공단 | [광주보훈병원] 정규직-무기계약직 업무지원직(급식_취사원) 직원 채용 공고 | 보건.의료 | 신입+경력 | 무기계약직 | 지역외: 전남광주
[MOEF][경남] 한전KDN | 한전KDN(주) 진주지사 배전분야 비정규직 모집공고 | 전기.전자,정보통신 | 신입+경력 | 비정규직 | 지역외: 경남
[MOEF][강원] 건강보험심사평가원 | 건강보험심사평가원 정책소통전문가 채용 공고 | 경영.회계.사무 | 경력 | 비정규직 | 지역외: 강원
[MOEF][경북] 한국전력기술주식회사 | 2026년도 하반기 정규직(신입사원) 채용공고 | 사업관리,경영.회계.사무,문화.예술.디자인.방송,건설,기계,전기.전자,정보통신,환경.에너지.안전 | 신입 | 정규직 | 지역외: 경북
[MOEF][전남광주] 한전KDN | 한전KDN(주) 광주전남본부 전력통신분야 비정규직 모집공고(재공고) | 정보통신 | 신입+경력 | 비정규직 | 지역외: 전남광주
[MOEF][전남광주] 한전KDN | 한전KDN(주) 순천지사 AMI분야 비정규직(장애인) 모집공고 | 정보통신 | 신입+경력 | 비정규직 | 지역외: 전남광주
[MOEF][세종,강원,전남] 한국수목원정원관리원 | 한국수목원정원관리원 2026년 제3차 신규직원 채용 공고 | 사업관리,경영.회계.사무,교육.자연.사회과학,문화.예술.디자인.방송,이용.숙박.여행.오락.스포츠,전기.전자,정보통신,환경.에너지.안전,농림어업 | 신입+경력 | 정규직,무기계약직 | 지역외: 세종,강원,전남광주,경북
[MOEF][서울] 한국발명진흥회 | 2026년 제3차 한국발명진흥회 체험형 인턴 채용(장애인 제한경쟁 및 일반) | 사업관리,경영.회계.사무 | 신입 | 청년인턴(체험형) | 고용형태 제외: 청년인턴(체험형)
[MOEF][부산] 한국발명진흥회 | 2026년 제2차 한국발명진흥회 공무직 채용 | 사업관리,경영.회계.사무 | 신입+경력 | 무기계약직,청년인턴(채용형) | 지역외: 부산
[MOEF][부산] 자동차손해배상진흥원 | 자동차손해배상진흥원 청년인턴(체험형) 채용공고 | 사업관리 | 신입 | 청년인턴(체험형) | 지역외: 부산
[MOEF][세종] 한국개발연구원 | KDI 초빙연구위원 채용 공고 | 연구 | 경력 | 비정규직 | 지역외: 세종
[MOEF][세종] 경제인문사회연구회 | 2026년도 제9차 직원채용 공고(정규직 부전문위원) | 경영.회계.사무 | 신입+경력 | 정규직 | 지역외: 세종
[MOEF][서울,부산,대구] 한국산업은행 | 한국산업은행 2026년 3차 청년인턴 채용공고 | 금융.보험 | 신입 | 청년인턴(체험형) | 고용형태 제외: 청년인턴(체험형)
[MOEF][강원] 국립공원공단 | [치악산] 2026 치악산사무소 기간제(국립공원지킴이) 모집 공고 | 경비.청소 | 신입+경력 | 비정규직 | 지역외: 강원
[MOEF][전북] 국립공원공단 | [새만금환경생태단지관리단] 2026년 새만금환경생태단지관리단 기간제 직원 채용 | 환경.에너지.안전 | 신입+경력 | 비정규직 | 지역외: 전북
[MOEF][울산] 근로복지공단 | [근로복지공단] 기술기능직(기술) 5급 채용 공고 | 건설,기계 | 경력 | 정규직 | 지역외: 울산
[MOEF][서울] 한국여성과학기술인육성재단 | 2026년도 제5차 하반기 체험형 청년인턴 채용 공고 | 경영.회계.사무 | 신입 | 청년인턴(체험형) | 고용형태 제외: 청년인턴(체험형)
[MOEF][부산] 한전KDN | 한전KDN(주) 부산본부 전력통신팀 정보통신설비 작업원(현장보조원) 모집공고 | 정보통신 | 신입+경력 | 비정규직 | 지역외: 부산
[MOEF][경남] 한전KDN | 한전KDN(주) 경남사업처 AMI 분야 비정규직 모집공고 | 전기.전자,정보통신 | 신입+경력 | 비정규직 | 지역외: 경남
[MOEF][충북] 정보통신정책연구원 | 2026년 계약직연구원 공개채용(국제개발협력) | 사업관리 | 신입+경력 | 비정규직 | 지역외: 충북
[MOEF][울산] 한전KDN | 한전KDN(주) 울산지사 26년 AMI 통신망 보강공사 일용근로자 모집공고 | 정보통신 | 신입+경력 | 비정규직 | 지역외: 울산
[MOEF][경남] 대한적십자사 | (통영적십자병원) 정규직 기술원(시설) 채용 공고 | 보건.의료 | 신입 | 정규직 | 지역외: 경남
[MOEF][경남] 대한적십자사 | (통영적십자병원) 정규직 간호사 채용 공고 | 보건.의료 | 신입 | 정규직 | 지역외: 경남
[MOEF][울산] 에너지경제연구원 | [에너지경제연구원] 공공기관 청년인턴(장애인제한경쟁) 채용 공고(운영지원팀) | 경영.회계.사무 | 신입+경력 | 청년인턴(체험형) | 지역외: 울산
[MOEF][경기] 한국학중앙연구원 | 2026년도 한국학중앙연구원 문화콘텐츠편찬실 청년인턴 채용 공고 | 사업관리,경영.회계.사무,연구 | 신입 | 청년인턴(체험형) | 고용형태 제외: 청년인턴(체험형)
[MOEF][세종] 과학기술정책연구원 | 과학기술정책연구원 4차 연구직/전문연구직/행정직(계약직)(재공고) 채용 | 경영.회계.사무,연구 | 신입+경력 | 비정규직 | 지역외: 세종
[MOEF][인천,충북] 한국고용정보원 | 2026년도 한국고용정보원 2차 직원 채용 공고 | 사업관리,경영.회계.사무,정보통신,연구 | 신입 | 정규직,무기계약직 | 경력구분 제외: 신입 단독
[MOEF][부산] 동남권원자력의학원 | [직원채용] 정규직 약무직(방사성의약품연구팀) 공개 채용(재공고) | 보건.의료 | 신입+경력 | 정규직 | 지역외: 부산
[MOEF][강원] 대한석탄공사 | 2026년 한시적계약직 특별채용 공고(팀장급) | 경영.회계.사무,환경.에너지.안전 | 경력 | 비정규직 | 지역외: 강원
[MOEF][충북] 한국수력원자력(주) | 2026년도 영동양수건설소 기간제근로자(영양사) 채용 | 음식서비스 | 신입+경력 | 비정규직 | 지역외: 충북
[MOEF][서울] 대한적십자사 | 2026년도 하반기 대한적십자사 KOICA 영프로페셔널(YP) 청년인턴 공개모집 | 사업관리,경영.회계.사무 | 신입 | 청년인턴(체험형) | 고용형태 제외: 청년인턴(체험형)
[MOEF][경북] 한국교통안전공단 | 2026년 제4차 한국교통안전공단 기간제근로자(자동차정보처 사무보조_장애) 채용 | 경영.회계.사무 | 신입 | 청년인턴(체험형) | 지역외: 경북
[MOEF][경북] 한국교통안전공단 | 2026년 제4차 한국교통안전공단 김천드론자격센터 기간제근로자 채용 공고 | 운전.운송 | 신입 | 비정규직 | 지역외: 경북
[MOEF][경북] 한국교통안전공단 | 2026년 제4차 한국교통안전공단 항공안전실 기간제근로자 채용공고 | 운전.운송 | 신입 | 청년인턴(체험형) | 지역외: 경북
[MOEF][충북] 대한적십자사 | 2026년도 혈장분획센터 정규직 연구원 채용 공고 | 연구 | 신입 | 정규직 | 지역외: 충북
[MOEF][세종] 국토연구원 | 국토연구원 2026년 제9차 위촉직(기간제) 공개채용 | 연구 | 신입+경력 | 비정규직 | 지역외: 세종
[MOEF][경북] 한국교통안전공단 | 2026년 제4차 한국교통안전공단 첨단검사전략처 기간제근로자(청년인턴 사무_자립준비) 채용 | 경영.회계.사무 | 신입 | 청년인턴(체험형) | 지역외: 경북
[MOEF][서울] 한국지식재산보호원 | [한국지식재산보호원] 2026년도 제8차 인력채용 | 경영.회계.사무,법률.경찰.소방.교도.국방 | 신입 | 비정규직,청년인턴(체험형) | 경력구분 제외: 신입 단독
[MOEF][대구] 경북대학교병원 | 2026년 계약형 지역필수의사 1차 초빙 공고 | 보건.의료 | 신입 | 정규직 | 지역외: 대구
[MOEF][대전,강원,전북] 한국산림복지진흥원 | 2026년도 하반기 한국산림복지진흥원 공무직 채용 공고 | 사업관리,경영.회계.사무,보건.의료,이용.숙박.여행.오락.스포츠,건설,기계,전기.전자,환경.에너지.안전,농림어업 | 신입 | 무기계약직 | 지역외: 대전,강원,전북,전남광주,경북,경남
[MOEF][부산,대전,울산] 한국산림복지진흥원 | 2026년도 하반기 한국산림복지진흥원 정규직(5급, 6급) 채용 공고 | 사업관리,경영.회계.사무,보건.의료,이용.숙박.여행.오락.스포츠,전기.전자,환경.에너지.안전,농림어업 | 신입 | 정규직 | 경력구분 제외: 신입 단독
[MOEF][세종] KDI국제정책대학원 | [KDI국제정책대학원]  2026년 제9차 인턴 직원 채용(하반기 KOICA YP) | 사업관리,교육.자연.사회과학,연구 | 신입+경력 | 비정규직 | 지역외: 세종
[MOEF][경북] 한국교통안전공단 | 2026년 제4차 한국교통안전공단 철도안전처 기간제근로자 채용 공고 | 운전.운송 | 신입+경력 | 비정규직 | 지역외: 경북
[MOEF][전북] 한전KDN | 한전KDN(주) 전북사업처 AMI분야 일용근로자 모집 공고 | 정보통신 | 신입+경력 | 비정규직 | 지역외: 전북
[MOEF][경기] 한국교통안전공단 | 2026년 제4차 한국교통안전공단 자동차안전하자심의위원회 사무국 기간제근로자 채용 공고 | 경영.회계.사무 | 신입 | 청년인턴(체험형) | 고용형태 제외: 청년인턴(체험형)
[MOEF][경기] 한국교통안전공단 | 2026년 제4차 한국교통안전공단 경기남부본부 기간제근로자 채용공고 | 경영.회계.사무,기계 | 신입 | 청년인턴(체험형) | 고용형태 제외: 청년인턴(체험형)
[MOEF][경남] 한국교통안전공단 | 2026년 제4차 한국교통안전공단 경남본부 기간제근로자 채용공고 | 경영.회계.사무,기계 | 신입 | 청년인턴(체험형) | 지역외: 경남
[MOEF][경기] 한국교통안전공단 | 2026년 제4차 한국교통안전공단 경기북부본부 기간제근로자 채용 공고 | 경영.회계.사무 | 신입 | 청년인턴(체험형) | 고용형태 제외: 청년인턴(체험형)
[MOEF][경북] 한국교통안전공단 | 2026년 제4차 한국교통안전공단 철도기술처 기간제근로자 채용 공고 | 경영.회계.사무 | 신입 | 비정규직 | 지역외: 경북
[MOEF][울산] 한국교통안전공단 | 2026년 제4차 한국교통안전공단 울산본부 기간제근로자 청년인턴(사무_장애) 채용공고 | 경영.회계.사무 | 신입 | 청년인턴(체험형) | 지역외: 울산
[MOEF][경기] 한국교통안전공단 | 2026년 제4차 한국교통안전공단 안전연구처 기간제근로자 채용 공고 | 경영.회계.사무 | 신입 | 비정규직 | 경력구분 제외: 신입 단독
[MOEF][전남광주] 한국수자원공사 | [한국수자원공사] 장흥수도지사 특수직(지방상수도 시설운영) 채용 공고 | 건설,기계,전기.전자,정보통신,환경.에너지.안전 | 신입+경력 | 비정규직 | 지역외: 전남광주
[MOEF][경북] 한국교통안전공단 | 2026년 제4차 한국교통안전공단 첨단연구개발처 기간제근로자 채용공고 | 기계 | 신입 | 비정규직 | 지역외: 경북
[MOEF][인천,경기] 한국교통안전공단 | 2026년 제4차 한국교통안전공단 인천본부 기간제근로자 채용 공고 | 경영.회계.사무 | 신입 | 청년인턴(체험형) | 고용형태 제외: 청년인턴(체험형)
[MOEF][경기] 한국교통안전공단 | 2026년 제4차 한국교통안전공단 결함정책처 기간제근로자 채용 공고 | 경영.회계.사무 | 신입 | 비정규직 | 경력구분 제외: 신입 단독
[MOEF][경북] 한국교통안전공단 | 2026년 제4차 한국교통안전공단 모빌리티지원센터 정책지원처 기간제근로자 채용 공고 | 경영.회계.사무 | 신입 | 청년인턴(체험형) | 지역외: 경북
[MOEF][전남광주] 국립공원공단 | [지리산전남] 2026년 하반기(2차) 국립공원지킴이 채용 공고 | 환경.에너지.안전 | 신입+경력 | 비정규직 | 지역외: 전남광주
[MOEF][울산] 한전KDN | 한전KDN(주) 울산지사 배전분야 일용원 모집공고 | 정보통신 | 신입+경력 | 비정규직 | 지역외: 울산
[MOEF][대구,경북] 한국교통안전공단 | 2026년 제4차 한국교통안전공단 대구경북본부 기간제근로자 채용공고 | 경영.회계.사무 | 신입 | 청년인턴(체험형) | 지역외: 대구,경북
[MOEF][서울] 한국장애인개발원 | [제2026-95호]2026년도 직업재활부(사업평가팀) 사회형평적(장애인)  청년인턴 채용 | 사회복지.종교 | 신입 | 청년인턴(체험형) | 고용형태 제외: 청년인턴(체험형)
[MOEF][부산] 한국교통안전공단 | 2026년 제4차 한국교통안전공단 부산본부 기간제근로자 채용공고 | 경영.회계.사무,기계 | 신입 | 청년인턴(체험형) | 지역외: 부산
[MOEF][제주] 한국교통안전공단 | 2026년 제4차 한국교통안전공단 제주본부 기간제근로자 채용공고 | 경영.회계.사무 | 신입 | 청년인턴(체험형) | 지역외: 제주
[MOEF][서울] 한국교통안전공단 | 2026년 한국교통안전공단 서울본부 기간제근로자 채용(통합4차) 공고 | 경영.회계.사무,기계 | 신입 | 비정규직,청년인턴(체험형) | 경력구분 제외: 신입 단독
[MOEF][부산] 부산항만공사 | 부산항만공사 정규직(신입) 채용 공고  | 경영.회계.사무,건설 | 신입 | 정규직 | 지역외: 부산
[MOEF][충북] 정보통신정책연구원 | 2026년도 계약직 행정원 채용공고(휴직대체) | 사업관리 | 신입+경력 | 비정규직 | 지역외: 충북
[MOEF][대전,세종,충남] 한국교통안전공단 | 2026년 제4차 한국교통안전공단 대전세종충남본부 기간제근로자(청년인턴(사무_장애)) 채용 | 경영.회계.사무 | 신입 | 청년인턴(체험형) | 지역외: 대전,세종,충남
[MOEF][강원] 한국보훈복지의료공단 | [원주보훈요양원] 2026년 휴직대체 계약직(물리치료사) 공개채용 공고 | 보건.의료 | 경력 | 비정규직 | 지역외: 강원
[MOEF][경기] 한국교통안전공단 | 2026년 제4차 한국교통안전공단 시흥드론교육센터 기간제근로자 채용공고 | 경영.회계.사무,운전.운송,경비.청소 | 신입 | 비정규직,청년인턴(체험형) | 경력구분 제외: 신입 단독
[MOEF][강원] 한국보훈복지의료공단 | [원주보훈요양원] 2026년 제2차 체험형 청년인턴(장애인) 채용  | 사회복지.종교 | 신입 | 청년인턴(체험형) | 지역외: 강원
[MOEF][경북] 한국교통안전공단 | 한국교통안전공단 경영지원본부 운영지원처 2026-제4차 기간제근로자 채용(청년인턴 사무_자 | 경영.회계.사무 | 신입 | 청년인턴(체험형) | 지역외: 경북
[MOEF][서울] 대한적십자사 | 2026년도 제9차 혈액관리본부 소속기관 의무직 신규채용 공고(중앙혈액검사센터)  | 보건.의료 | 신입 | 비정규직 | 경력구분 제외: 신입 단독
[MOEF][대구,경북] 한전KDN | 한전KDN(주) 대구본부 AMI분야 작업원 모집공고 | 전기.전자,정보통신 | 신입+경력 | 비정규직 | 지역외: 대구,경북
[MOEF][대전] 대한적십자사 | 2026년도 제4차 혈액관리본부 소속기관 원장 신규채용 공고(중부혈액검사센터) | 보건.의료 | 신입+경력 | 비정규직 | 지역외: 대전
[MOEF][경북] 대한적십자사 | 상주적십자병원 직원(정규직 간호사, 정규직 간호조무사, 정규직 기술직_운전원, 비정규직 사 | 보건.의료,사회복지.종교,운전.운송 | 신입 | 정규직,비정규직 | 지역외: 경북
[MOEF][세종] 한국환경연구원 | 한국환경연구원 2026년 하반기 KOICA 영프로페셔널(YP인턴) 공개채용 | 사업관리,환경.에너지.안전 | 신입+경력 | 청년인턴(체험형) | 지역외: 세종
[MOEF][전남광주] 한국콘텐츠진흥원 | 2026년 4분기 한국콘텐츠진흥원 신입직원 채용 공고 | 사업관리 | 신입 | 정규직 | 지역외: 전남광주
[MOEF][부산] 영화진흥위원회 | 2026년 대체인력(일반사무)-2 공개채용 공고 | 경영.회계.사무,문화.예술.디자인.방송 | 신입 | 비정규직 | 지역외: 부산
[MOEF][부산] 영화진흥위원회 | 2026년 대체인력(일반사무)-1 공개채용 공고 | 경영.회계.사무,문화.예술.디자인.방송 | 신입 | 비정규직 | 지역외: 부산
[MOEF][대전] 한국토지주택공사 | 한국토지주택공사 토지주택연구원 기간제근로자 채용공고 | 연구 | 신입+경력 | 비정규직 | 지역외: 대전
[MOEF][경남] 경상국립대학교병원 | 2026년 전문직1등급(촉탁의) 채용 공고 | 보건.의료 | 신입+경력 | 비정규직 | 지역외: 경남
[MOEF][경남] 경상국립대학교병원 | 2026년 전문직1등급(촉탁의, 영상의학과) 채용 공고 | 보건.의료 | 신입+경력 | 비정규직 | 지역외: 경남
[MOEF][서울] 한국투자공사 | 한국투자공사 2026년 신입직원 채용 | 경영.회계.사무 | 신입 | 정규직 | 경력구분 제외: 신입 단독
[MOEF][강원] 강원대학교병원 | 2026-34 의사직 수시 채용 공고 | 보건.의료 | 신입 | 정규직,비정규직 | 지역외: 강원
[MOEF][경남] 부산대학교병원 | 2026년도 계약직의사 상시모집(7차) 공개채용 모집 공고 | 보건.의료 | 신입+경력 | 비정규직 | 지역외: 경남
[MOEF][대전] 기초과학연구원 | 제2026-5회 기초과학연구원 지하실험연구단 연구위원 채용 공고 | 연구 | 신입+경력 | 비정규직 | 지역외: 대전
[MOEF][울산] 한국전력국제원자력대학원대학교 | 2026학년도 전임교원 초빙공고 | 연구 | 신입 | 정규직 | 지역외: 울산
[나라일터][30170,30] 지식재산처 | 2026년 제3차 지식재산처 청년인턴 채용 서류전형 합격자 및 면접전형 안내 공고 | e04 | g01 | 지역외: 30170,30200
[나라일터][43112] 충북대학교병원 | 충북대학교병원 상임감사후보자 공개모집 공고 | e08 | g03 | 지역외(코드): 43112
[나라일터][47150] 과학기술정보통신부 우정사업본부 우정사업조달센터 | 우정사업조달센터 과학기술직공무원 경력경쟁채용시험 최종합격자 공고 | e01 | g01 | 지역외(코드): 47150
[나라일터][48170] 경상남도 진주시 | 진주시 보건소장(개방형직위) 채용 재공고 | e05 | g02 | 지역외(코드): 48170
[나라일터][30230] 대전광역시 대덕구 | 2026년도 제6회 대전광역시 대덕구 지방임기제공무원 채용시험 시행계획 공고(아동보호 전담 | e01 | g02 | 지역외(코드): 30230
[나라일터][44825] 국립공원공단 태안해안국립공원사무소 | 2026년 태안해안 기간제[한시인력(환경관리)] 직원 채용 | e08 | g03 | 지역외(코드): 44825
[나라일터][31170] 울산광역시 동구 | 2026년도 제7회 울산광역시 동구 지방임기제공무원 임용시험 시행계획 공고(영양사) | e01 | g02 | 지역외(코드): 31170
[나라일터][36110] 한국보건사회연구원 | 한국보건사회연구원 계약직 채용 통합 공고(보건의료정책분야 및 인사분야) | e08 | g03 | 지역외(코드): 36110
[나라일터][43730] 충청북도 옥천군 | 2026년 제7회 옥천군 시간선택제임기제공무원 임용시험 계획 공고[군정 사진촬영 및 편집, | e01 | g02 | 지역외(코드): 43730
[나라일터][12810] 전남광주통합특별시 무안군 농업기술센터 | 무안군 농업기술센터 종합검정실 기간제근로자(일시사역 근로자) 채용 공고 | e04 | g02 | 지역외(코드): 12810
[나라일터][52130] 전북특별자치도 군산시 | 2026년 제7회 군산시 지방임기제공무원 채용 계획 공고(무대조명,영어통번역,상수도시설물운 | e01 | g02 | 지역외(코드): 52130
[나라일터][12130] 전남대학교 | 2026년도 제4회 전남대학교 국가공무원(해양수산) 전입희망자 모집 공고 | e07 | g01 | 지역외(코드): 12130
[나라일터][51130] 국립공원공단 국립공원연구원 | [국립공원연구원] 국립공원연구원 기간제(대체인력, 사무행정) 직원 채용 | e08 | g03 | 지역외(코드): 51130
[나라일터][서울] 문화체육관광부 국립현대미술관 | 국립현대미술관 작품보존미술은행과 기간제 근로자 채용 공고 | e04 | g01 | 고용형태 제외(나라일터): e04
[나라일터][30000] 대전광역시 | 2026년 제13회(곤충생육관리요원, 전시기획전문요원) 대전광역시 임기제공무원 경력경쟁 임 | e01 | g02 | 지역외(코드): 30000
[나라일터][51790] 과학기술정보통신부 우정사업본부 강원지방우정청 화천우체국 | 2026년도 제7회 화천우체국 상시계약집배원(기간제) 채용 재공고 | e04 | g01 | 지역외(코드): 51790
[나라일터][30000] 재단법인대전문화재단 | 2026년 대전문화재단 하반기 일반직(6급) 채용 공고 | e08 | g03 | 지역외(코드): 30000
[나라일터][48240,48] 국립공원공단 한려해상국립공원사무소 | [한려해상] 2026년 한려해상사무소 한시인력(수익시설) 직원 채용 공고 | e08 | g03 | 지역외: 48240,48840
[나라일터][지역 미상] 문화체육관광부 국립중앙박물관 | 국립충주박물관 공무직 근로자 (기계, 전기, 방재, 미화) 채용 최종합격자 공고 | e04 | g01 | 고용형태 제외(나라일터): e04
[나라일터][36110] 보건복지부 | 보건복지부 과장급 공모직위(정보통계담당관) 공개모집 | e06 | g01 | 지역외(코드): 36110
[나라일터][43110] 재단법인식생활안전관리원 | 2026년 제5회 식생활안전관리원 기간제 직원(연구보조원) 채용 공고 연장 | e08 | g03 | 지역외(코드): 43110
[나라일터][43113] 식품의약품안전처 | 식품의약품안전처 디지털소통팀 공무직근로자(생활밀착형 영상 제작 등) 채용공고 | e04 | g01 | 지역외(코드): 43113
[나라일터][30200] 한국원자력통제기술원 | 한국원자력통제기술원 원장 초빙 공고 | e08 | g03 | 지역외(코드): 30200
[나라일터][서울] 문화체육관광부 한국예술종합학교 | 한국예술종합학교 학생지원센터 학생심리상담소 전임상담원(공무직)채용 최종합격자 공고문 | e04 | g01 | 고용형태 제외(나라일터): e04
[나라일터][44200] 교육부 국립특수교육원 | 2026년 국립특수교육원 국가직공무원(운전 9급) 전입(지방공무원 경력경쟁채용) 재공고 | e07 | g01 | 지역외(코드): 44200
[나라일터][경기] 과학기술정보통신부 우정사업본부 경인지방우정청 화성동탄우체국 | 2026년 제7회 화성동탄우체국 기간제 상시집배원 채용시험 재공고(봉담우체국) | e04 | g01 | 고용형태 제외(나라일터): e04
[나라일터][27230] 대구광역시 북구 | 대구광역시 북구 지방시간선택제임기제(쓰레기무단투기단속분야) 공무원 임용 시험 재공고 | e01 | g02 | 지역외(코드): 27230
[나라일터][26000] 국립공원공단 금정산국립공원사무소 | [금정산] 2026년 한시인력(환경관리) 채용 공고 | e08 | g03 | 지역외(코드): 26000
[나라일터][26200] 한국해양대학교 | 2026년 제3회 국립한국해양대학교 국가공무원(사서서기) 경력경쟁채용시험 공고 | e01 | g01 | 지역외(코드): 26200
[나라일터][12300] 전남대학교 대학(원) 농업생명과학대학 | (재공고)전남대학교 융합바이오시스템기계공학과 교육공무원(조교) 출산휴가 및 육아휴직 대체인 | e01 | g01 | 지역외(코드): 12300
[나라일터][48870] 경상남도 함양군 | 2026년 제2회 함양군 일반 임기제 공무원 채용시험 재공고(영상기획 및 제작) | e01 | g02 | 지역외(코드): 48870
[나라일터][47210] 국립공원공단 소백산생태탐방원 | [소백산생태탐방원] 2026년 소백산생태탐방원 기간제(한시인력_국립공원지킴이) 채용 공고 | e08 | g03 | 지역외(코드): 47210
[나라일터][47280] 국방부 국군체육부대 | 26년 후반기(2차) 국군체육부대 주관 공무직근로자(청소원, 시설관리원(설비)) 채용 공고 | e04 | g01 | 지역외(코드): 47280
[나라일터][52130] 국립군산대학교 산학협력단 군산시농어촌종합지원센터 | 군산시농어촌종합지원센터  농촌 코디네이터(대체인력) 채용 공고 | e04 | g01 | 지역외(코드): 52130
[나라일터][52140] 전북특별자치도 익산시 | 익산시 지방임기제공무원 채용시험 시행계획 재공고 | e01 | g02 | 지역외(코드): 52140
[나라일터][서울] 관세청 서울세관 | 2026년 제3회 서울세관 공무직 근로자(청소원)  최종 합격자 공고 | e04 | g01 | 고용형태 제외(나라일터): e04
[나라일터][인천] 법무부 인천출입국.외국인청 | [인천출입국·외국인청] 2026년도 제5회 공무직근로자(조리원) 채용시험 최종합격자 공고 | e04 | g01 | 고용형태 제외(나라일터): e04
[나라일터][경기] 과학기술정보통신부 우정사업본부 경인지방우정청 남양주우체국 | 2026년 제19회 남양주우체국 주관 공무직근로자(시간제 우정실무원) 채용 공고 | e04 | g01 | 고용형태 제외(나라일터): e04
[나라일터][52140] 전북특별자치도 익산시 | 익산시 지방임기제공무원 채용시험 시행계획 공고 | e01 | g02 | 지역외(코드): 52140
[나라일터][27000,47] 기후에너지환경부 대구지방환경청 | `26~27년 야생조류 AI 대응 기간제 근로자(AI 예찰인력) 서류전형 합격자 및 면접  | e04 | g01 | 지역외: 27000,47000
[나라일터][서울] 서민금융진흥원 | 서민금융진흥원 감사 모집 재공고 | e08 | g03 | 고용형태 제외(나라일터): e08
[나라일터][경기] 산림청 산림교육원 | 2026년 산림교육원 기간제근로자(홍보) 채용 최종합격자 공고 | e04 | g01 | 고용형태 제외(나라일터): e04
[나라일터][36110] 빛의위원회 | 빛의 위원회 기간제근로자 채용 공고(사무보조) | e04 | g01 | 지역외(코드): 36110
[나라일터][27230] 경북대학교 IT대학 | 2026학년도 경북대학교 IT대학 자율학부 기간제 계약직원 채용 공고 | e04 | g01 | 지역외(코드): 27230
[나라일터][서울] 한국국제보건의료재단 | [제2026-4호] 한국국제보건의료재단 이사장 공개모집 | e08 | g03 | 고용형태 제외(나라일터): e08
[나라일터][경기] 법무부 서울소년분류심사원 수원청소년비행예방센터 | [수원청소년비행예방센터] 2026년도 제1회 수원청소년비행예방센터 공무직근로자(환경미화)  | e04 | g01 | 고용형태 제외(나라일터): e04
[나라일터][51730,51] 강원특별자치도 | 강원특별자치도 지방임기제공무원 임용시험 시행계획 공고(시설유지·관리) | e01 | g02 | 지역외: 51730,51110
[나라일터][52110] 한국국토정보공사 | 한국국토정보공사 임원(사장) 공모 | e08 | g03 | 지역외(코드): 52110
[나라일터][경기] 한국소방산업기술원 | 2026년 한국소방산업기술원 정규직 채용 공고 | e08 | g03 | 고용형태 제외(나라일터): e08
[나라일터][51000] 경찰청 강원특별자치도경찰청 인제경찰서 | 2026년 인제경찰서 무기계약(보일러 등 시설관리) 근로자 채용 공고 | e04 | g01 | 지역외(코드): 51000
[나라일터][36000] 국세청 | 국세청 기간제(육아휴직 대체) 근로자 채용 공고 | e04 | g01 | 지역외(코드): 36000
[나라일터][30000] 대전도시공사 | 2026년대전도시공사 하반기 직원채용(공무직) | e08 | g03 | 지역외(코드): 30000
[나라일터][30000] 대전도시공사 | 2026년 대전도시공사 하반기 직원채용(일반직) | e08 | g03 | 지역외(코드): 30000
[나라일터][47170] 법무부 대구지방교정청 안동교도소 | [안동교도소] 2026년 제4회 일반직공무원(공업서기보, 전기) 경력경쟁채용시험 공고 | e01 | g01 | 지역외(코드): 47170
[나라일터][43720] 병무청 사회복무연수센터 | 병무청 사회복무연수센터 공무직근로자[시설(건축)] 경력경쟁채용 서류전형 합격자 발표 | e04 | g01 | 지역외(코드): 43720
[나라일터][12240] 기후에너지환경부 영산강유역환경청 | 2026년 제2차 영산강유역환경청 청년인턴 채용 최종합격자 공고 | e04 | g01 | 지역외(코드): 12240
[나라일터][36110] 고용노동부 | 산업재해 예방 관련 조사ㆍ연구위원(공무직) 채용 공고 | e04 | g01 | 지역외(코드): 36110
[나라일터][인천] 수도권매립지관리공사 | 수도권매립지관리공사 상임감사 초빙 공고 | e08 | g03 | 고용형태 제외(나라일터): e08
[나라일터][27140] 국방부 국군조직 공군 공군제11전투비행단 | 2026년 공군 제11전투비행단 한시임기제군무원 경력경쟁채용 공고 | e01 | g01 | 지역외(코드): 27140
[나라일터][지역 미상] 법무부 여수출입국.외국인사무소 | [여수출입국·외국인사무소] 2026년 제2회 기간제 조리실무관(휴직대체)  채용 재공고 | e04 | g01 | 고용형태 제외(나라일터): e04
[나라일터][51130] 강원특별자치도 원주시 체육시설사업소 | 2026년도 원주 드림체육관 수영장 기간제근로자 공개채용 재공고 | e04 | g02 | 지역외(코드): 51130
[나라일터][경기] 행정안전부 정부청사관리본부 과천청사관리소 | 2026년 과천청사 대체 기간제 근로자(청사안내원) 채용 공고문 | e04 | g01 | 고용형태 제외(나라일터): e04
[나라일터][27230] 경북대학교 | 2026년도 제13회 대학회계 계약직원(변호사) 채용 공고 | e04 | g01 | 지역외(코드): 27230
[나라일터][경기] 한국장애인고용공단 | 한국장애인고용공단 상임이사(기획관리이사) 공개모집 | e08 | g03 | 고용형태 제외(나라일터): e08
[나라일터][서울] 국회 국회사무처 | 2026년도 국회사무처 의회방호담당관실 공무직근로자(주차관리_장애) 채용시험 재공고 | e04 | g01 | 고용형태 제외(나라일터): e04
[나라일터][26410] 부산광역시 금정구 | 2026년 제3회 부산광역시 금정구 임기제공무원 채용 재공고(진료의사) | e01 | g02 | 지역외(코드): 26410
[한국철도공사][서울] 한국철도공사 | 2026년 하반기 한국철도공사 청년 체험형 인턴사원 채용공고(~9.30. 14:00)새글 |  | 제외어: 인턴
[나라일터][서울] 문화체육관광부 국립국악고등학교 | 2026학년도 국립국악고등학교 방송무대직 공무원 경력경쟁채용시험 공고 | e01 | g01 | 키워드 미매칭