=== 2026-10-06 필터 통계 ===
  수집               503건
  중복 제거            5건
  지역 제외            228건
  상태 제외            0건
  고용형태 제외          45건
  경력구분 제외          45건
  제외어              3건
  키워드 미매칭          8건
  링크없음 제외          1건
  트랙A 매칭           0건
  트랙B 매칭           1건
  트랙C 매칭           0건
----------------------------------------
[KRID][서울특별시] 금천구시설관리공단 | [2026년 제7회] 기간제근로자(시설관리지원) 및 체험형 청년인턴 채용 | 이용·숙박·여행·오락·스포츠 | 인턴 | 모집중 | 제외어: 청년인턴
[MOEF][강원] 대한석탄공사 | 2026년 한시적계약직 특별채용 2차 재공고(팀장급) | 경영.회계.사무,환경.에너지.안전 | 경력 | 비정규직 | 지역외: 강원
[MOEF][세종] 한국조세재정연구원 | [한국조세재정연구원] 연구위원급(Research Fellow) 정기채용 | 연구 | 신입+경력 | 정규직 | 지역외: 세종
[MOEF][서울,부산,대전] 한국수력원자력(주) | 2026년도 제2차 체험형 청년인턴 선발 | 경영.회계.사무,건설,기계,화학,전기.전자,정보통신,환경.에너지.안전 | 신입 | 청년인턴(체험형) | 고용형태 제외: 청년인턴(체험형)
[MOEF][제주] 제주대학교병원 | 제주대학교병원 계약직(행정, 방사선사, 간호사 또는 응급구조사 또는 보건의료정보관리사) 모 | 보건.의료 | 신입+경력 | 무기계약직 | 지역외: 제주
[MOEF][제주] 제주대학교병원 | 제주대학교병원 사업인력 계약직(권역정신응급의료센터_보안인력, 지역장애인보건의료센터_사회복지 | 보건.의료 | 신입+경력 | 비정규직 | 지역외: 제주
[MOEF][인천] 대한적십자사 | 경인권역재활병원 비정규직(대체인력) 물리치료사 채용 공고(2026.11.2.임용)(1) | 보건.의료 | 신입 | 비정규직 | 경력구분 제외: 신입 단독
[MOEF][경남] 부산대학교치과병원 | 부산대학교치과병원 정규직(행정직_사회복지사) 직원 모집 공고 | 보건.의료 | 신입+경력 | 정규직 | 지역외: 경남
[MOEF][대구] 학교법인한국폴리텍 | 한국폴리텍대학 남대구캠퍼스 체험형 청년인턴(일반) 채용 공고 | 경영.회계.사무 | 신입+경력 | 청년인턴(체험형) | 지역외: 대구
[MOEF][경북] 대한적십자사 | [영주적십자병원] 정규직 조리사, 계약직(간호조무사(상근직), 보조원(장애)), 육아휴직대 | 보건.의료 | 신입 | 정규직,비정규직 | 지역외: 경북
[MOEF][전남광주] 한국보훈복지의료공단 | [광주보훈병원] 청년인턴(체험형) 채용 공고 | 보건.의료 | 신입+경력 | 청년인턴(체험형) | 지역외: 전남광주
[MOEF][서울,부산,대구] 한국자산관리공사 | 2026년도 한국자산관리공사 체험형 인턴(2차) 채용공고 | 경영.회계.사무,금융.보험,영업판매,건설 | 신입 | 청년인턴(체험형) | 고용형태 제외: 청년인턴(체험형)
[MOEF][충북] 한국교육과정평가원 | 2026년 11월 한국교육과정평가원 비정규직원 모집 공고 | 연구 | 신입 | 비정규직 | 지역외: 충북
[MOEF][대전] 한국수자원공사 | [한국수자원공사] 안전본부 특수직(사무관리_서무보조) 채용 공고 | 경영.회계.사무 | 신입+경력 | 비정규직 | 지역외: 대전
[MOEF][세종] 한국환경연구원 | [한국환경연구원] 임시직(기후변화적응 및 국제협력) 채용공고(1002) | 연구 | 신입+경력 | 비정규직 | 지역외: 세종
[MOEF][전남광주] 전남대학교병원 | 2026년 10월 전남대학교병원 직원(대체근로자) 공개채용 공고 | 보건.의료 | 신입 | 비정규직 | 지역외: 전남광주
[MOEF][부산] 동남권원자력의학원 | [직원채용] 별정직 의사직(마취통증의학과) 상시 모집 공고 | 보건.의료 | 신입+경력 | 비정규직 | 지역외: 부산
[MOEF][대구] 한국보훈복지의료공단 | [대구보훈병원] 계약직 간호직(야간전담간호사) 긴급 채용 공고 | 보건.의료 | 신입+경력 | 비정규직 | 지역외: 대구
[MOEF][세종] 건축공간연구원 | 건축공간연구원 위촉직 모집 | 연구 | 신입+경력 | 비정규직 | 지역외: 세종
[MOEF][대전] 한국보훈복지의료공단 | [대전보훈병원] 전문의(심장내과, 외과, 진단검사의학과) 채용 공고 | 보건.의료 | 신입+경력 | 비정규직 | 지역외: 대전
[MOEF][강원] 한국보훈복지의료공단 | [원주보훈요양원] 2026년 제3차 체험형 청년인턴(장애인) 채용  | 사회복지.종교 | 신입 | 비정규직 | 지역외: 강원
[MOEF][강원] 한국보훈복지의료공단 | [원주보훈요양원] 2026년 제6차 요양보호직 공개채용  | 사회복지.종교 | 신입+경력 | 정규직 | 지역외: 강원
[MOEF][서울] 한국수출입은행 | 한국수출입은행 2026년 하반기 전문직행원(신입) 채용 | 사업관리,경영.회계.사무,금융.보험,정보통신 | 신입 | 정규직 | 경력구분 제외: 신입 단독
[MOEF][인천] 근로복지공단 | [직업환경연구원] 연구직(연구위원) 채용 공고 | 보건.의료,연구 | 신입 | 정규직 | 경력구분 제외: 신입 단독
[MOEF][대전] 한국보훈복지의료공단 | [대전보훈병원] 정규직(업무지원직(완화의료, 청소)) 및 계약직(일반기능직(영선)) 채용  | 보건.의료 | 신입+경력 | 무기계약직,비정규직 | 지역외: 대전
[MOEF][충북] 한전KPS(주) | 한전KPS(주)강원충북전력지사 단기노무원(신청주지점 상주감시) 채용 공고(32차) | 건설,전기.전자 | 신입+경력 | 비정규직 | 지역외: 충북
[MOEF][울산] 근로복지공단 | [울산병원] 별정직 의사(영상의학과) 채용 공고 | 보건.의료 | 신입 | 정규직 | 지역외: 울산
[MOEF][전남광주] 한전KPS(주) | 한전KPS(주)여수사업처 단기노무원 모집 | 기계 | 신입+경력 | 비정규직 | 지역외: 전남광주
[MOEF][강원] 근로복지공단 | [태백병원] 공무직(전기기계통신기사-기계분야) 채용 공고 | 보건.의료 | 신입 | 무기계약직 | 지역외: 강원
[MOEF][강원] 근로복지공단 | [태백병원] 기간제 의사(응급실전담의) 채용 공고 | 보건.의료 | 신입 | 비정규직 | 지역외: 강원
[MOEF][대구] 한국보훈복지의료공단 | [대구보훈요양원] 2026년 제7차 정규직 요양보호직 공개채용 공고 | 사회복지.종교 | 신입+경력 | 정규직 | 지역외: 대구
[MOEF][전남광주] 한국장애인개발원 | [제2026-114호]2026년도 제5차 전남광주통합특별시전남장애아동·발달장애인지원센터 체 | 사회복지.종교 | 신입 | 청년인턴(체험형) | 지역외: 전남광주
[MOEF][충북] 한국토지주택공사 | 한국토지주택공사 충북지역본부 기간제근로자(보상일반역, 보상전문역) 채용공고 | 경영.회계.사무,영업판매 | 신입+경력 | 비정규직 | 지역외: 충북
[MOEF][부산] 대한적십자사 | 부산혈액원 비정규직 초단시간 임상병리사 채용 공고(3차) | 보건.의료 | 신입 | 비정규직 | 지역외: 부산
[MOEF][전북] 한전KPS(주) | 한전KPS(주)군산사업소 '26년도 계획예방정비공사 단기노무원 채용 | 기계,전기.전자,환경.에너지.안전 | 신입+경력 | 비정규직 | 지역외: 전북
[MOEF][부산] 한국보훈복지의료공단 | [부산보훈병원] 청년인턴(체험형-일반, 장애) 긴급채용공고 | 보건.의료 | 신입+경력 | 청년인턴(체험형) | 지역외: 부산
[MOEF][대구] 한국보훈복지의료공단 | [대구보훈병원] 청년인턴(장애) 긴급 채용 공고 | 보건.의료 | 신입+경력 | 청년인턴(체험형) | 지역외: 대구
[MOEF][울산] 한전KDN | 한전KDN(주) 울산지사 26년 AMI 통신망 보강공사 일용근로자 모집공고 | 정보통신 | 신입+경력 | 비정규직 | 지역외: 울산
[MOEF][부산] 한국보훈복지의료공단 | [부산보훈병원] 계약직(간호조무사, 간병지원, 행정) 긴급채용공고 | 보건.의료 | 신입+경력 | 비정규직 | 지역외: 부산
[MOEF][충북] 충북대학교병원 | 2026년 10월 2차 충북대학교병원 기간제근무자 모집 공고 | 보건.의료 | 신입+경력 | 비정규직 | 지역외: 충북
[MOEF][부산] 한국보훈복지의료공단 | [부산보훈병원] 전문의(영상의학과) 긴급채용공고 | 보건.의료 | 신입+경력 | 비정규직 | 지역외: 부산
[MOEF][충북] 한국토지주택공사 | 한국토지주택공사 충북지역본부 기간제근로자 (대체채용, 전세사기 피해자 지원 등) 채용공고 | 경영.회계.사무,사회복지.종교 | 신입+경력 | 비정규직 | 지역외: 충북
[MOEF][서울] 한국콘텐츠진흥원 | 2026년 4분기 한국콘텐츠진흥원 공무직원(환경미화(보훈)) 채용 재공고 | 경비.청소 | 신입 | 무기계약직 | 경력구분 제외: 신입 단독
[MOEF][대구] 경북대학교치과병원 | 2026년 제15차 청년인턴(진료지원-치과위생사/치과보존과) 채용 공고 | 보건.의료 | 신입 | 청년인턴(체험형) | 지역외: 대구
[MOEF][부산] 학교법인한국폴리텍 | 한국폴리텍대학 부산캠퍼스 2026년 청년인턴(일반) 2차 채용 | 경영.회계.사무 | 신입+경력 | 청년인턴(체험형) | 지역외: 부산
[MOEF][부산] 학교법인한국폴리텍 | 한국폴리텍대학 부산캠퍼스 2026년 행정지원직(휴직대체_냉난방원) 채용 | 건설,기계 | 신입+경력 | 비정규직 | 지역외: 부산
[MOEF][경기,충북,충남] 한국도로공사 | 2026년 한국도로공사 순찰직(안전순찰원) 채용 공고 [일반전형] | 운전.운송 | 신입 | 무기계약직 | 경력구분 제외: 신입 단독
[MOEF][경기,충남,전남] 한국도로공사 | 2026년 한국도로공사 실무직(상황관리원) 채용 공고 [일반전형] | 환경.에너지.안전 | 신입 | 무기계약직 | 경력구분 제외: 신입 단독
[MOEF][전북] 한국도로공사 | 2026년 한국도로공사 실무직(사무원) 채용 공고 [취업지원대상자 보훈전형] | 경영.회계.사무 | 신입 | 무기계약직 | 지역외: 전북
[MOEF][대구,울산,경기] 한국도로공사 | 2026년 한국도로공사 실무직(도로관리원) 채용 공고 [일반전형] | 경비.청소 | 신입 | 무기계약직 | 경력구분 제외: 신입 단독
[MOEF][경기,충남,전북] 한국도로공사 | 2026년 한국도로공사 정비직(8급) 채용 공고 [일반전형] | 기계 | 신입 | 정규직 | 경력구분 제외: 신입 단독
[MOEF][전남광주] 한국토지주택공사 | 한국토지주택공사 광주전남지역본부 기간제근로자(보상일반역, 보상전문역) 채용공고 | 경영.회계.사무,영업판매 | 신입+경력 | 비정규직 | 지역외: 전남광주
[MOEF][세종] 한국토지주택공사 | 한국토지주택공사 세종특별본부 기간제근로자(보상일반역, 보상전문역) 채용공고 | 경영.회계.사무,영업판매 | 신입+경력 | 비정규직 | 지역외: 세종
[MOEF][충북] 대한적십자사 | 대한적십자사 충북지사 비정규직(육아휴직 대체인력, 11.1자) 채용공고 | 경영.회계.사무 | 신입 | 비정규직 | 지역외: 충북
[MOEF][대전] 충남대학교병원 | [대전] 충남대학교병원 2026년 10월 보조금직원 채용공고 | 보건.의료 | 신입+경력 | 비정규직 | 지역외: 대전
[MOEF][부산,경남] 근로복지공단 | [창원병원] 2026년도 하반기 청년(체험형)인턴 일반전형 채용 공고 | 경영.회계.사무,보건.의료 | 신입 | 청년인턴(체험형) | 지역외: 부산,경남
[MOEF][경남] 근로복지공단 | [창원병원] 2026년도 하반기 청년(체험형)인턴 장애전형 채용 공고 | 보건.의료 | 신입 | 청년인턴(체험형) | 지역외: 경남
[MOEF][인천] 근로복지공단 | [재활공학연구소] 2026년도 하반기 청년(체험형)인턴 장애전형 채용 공고 | 경영.회계.사무 | 신입 | 청년인턴(체험형) | 고용형태 제외: 청년인턴(체험형)
[MOEF][대구,경북] 한전KDN | 한전KDN(주) 대구본부 포항지사 전력통신설비 유지보수 및 단순정비 작업원 모집공고 | 전기.전자,정보통신 | 신입+경력 | 비정규직 | 지역외: 대구,경북
[MOEF][대구,경북] 근로복지공단 | [대구병원] 2026년도 하반기 청년(체험형)인턴 일반전형 채용 공고 | 보건.의료 | 신입 | 청년인턴(체험형) | 지역외: 대구,경북
[MOEF][부산] 한국토지주택공사 | 한국토지주택공사 부산울산지역본부 기간제근로자(보상일반역, 보상전문역) 채용공고 | 경영.회계.사무,영업판매 | 신입+경력 | 비정규직 | 지역외: 부산
[MOEF][대전] 충남대학교병원 | [대전] 충남대학교병원 2026년 10월 업무지원계약직 직원 채용공고 | 보건.의료 | 신입 | 비정규직 | 지역외: 대전
[MOEF][대전] 한국토지주택공사 | 한국토지주택공사 대전충남지역본부 기간제근로자(보상일반역, 보상전문역) 채용공고 | 경영.회계.사무,영업판매 | 신입+경력 | 비정규직 | 지역외: 대전
[MOEF][대구] 근로복지공단 | [대구병원] 2026년도 하반기 청년(체험형)인턴 장애전형 채용 공고 | 보건.의료 | 신입 | 청년인턴(체험형) | 지역외: 대구
[MOEF][대전] 충남대학교병원 | [대전] 충남대학교병원 2026년 10월 계약직 직원 채용공고 | 보건.의료 | 신입 | 비정규직 | 지역외: 대전
[MOEF][대구,경북] 근로복지공단 | [대구병원] 기간제(사무원) 채용 공고 | 경영.회계.사무,보건.의료 | 신입 | 비정규직 | 지역외: 대구,경북
[MOEF][강원] 근로복지공단 | [태백병원] 2026년도 하반기 청년(체험형)인턴 일반전형 채용 공고 | 보건.의료 | 신입 | 청년인턴(체험형) | 지역외: 강원
[MOEF][대전] 충남대학교병원 | [대전] 충남대학교병원 2026년 10월 공무직 직원 채용공고 | 보건.의료 | 신입 | 무기계약직 | 지역외: 대전
[MOEF][강원] 근로복지공단 | [태백병원] 2026년도 하반기 청년(체험형)인턴 장애전형 채용 공고 | 보건.의료 | 신입 | 청년인턴(체험형) | 지역외: 강원
[MOEF][강원] 근로복지공단 | [태백요양병원] 2026년도 하반기 청년(체험형)인턴 장애전형 채용 공고 | 보건.의료 | 신입 | 청년인턴(체험형) | 지역외: 강원
[MOEF][강원] 근로복지공단 | [정선병원] 2026년도 하반기 청년(체험형)인턴 장애전형 채용 공고 | 경영.회계.사무 | 신입 | 청년인턴(체험형) | 지역외: 강원
[MOEF][강원] 근로복지공단 | [정선병원] 2026년도 하반기 청년(체험형)인턴 일반전형 채용 공고 | 경영.회계.사무,보건.의료 | 신입 | 청년인턴(체험형) | 지역외: 강원
[MOEF][해외] 정보통신산업진흥원 | 정보통신산업진흥원 KIC실리콘밸리센터장 채용 공고 | 정보통신 | 경력 | 비정규직 | 지역외: 해외
[MOEF][경기] 근로복지공단 | [경기요양병원] 공무직(물리치료사) 채용 공고 | 보건.의료 | 신입 | 무기계약직 | 경력구분 제외: 신입 단독
[MOEF][경기] 근로복지공단 | [경기요양병원] 2026년도 하반기 청년(체험형)인턴 일반전형 채용 공고 | 경영.회계.사무,보건.의료 | 신입 | 청년인턴(체험형) | 고용형태 제외: 청년인턴(체험형)
[MOEF][경기] 근로복지공단 | [경기요양병원] 2026년도 하반기 청년(체험형)인턴 장애전형 채용 공고 | 경영.회계.사무 | 신입 | 청년인턴(체험형) | 고용형태 제외: 청년인턴(체험형)
[MOEF][경기] 근로복지공단 | [안산병원] 2026년도 하반기 청년(체험형)인턴 일반전형 채용 공고 | 보건.의료 | 신입 | 청년인턴(체험형) | 고용형태 제외: 청년인턴(체험형)
[MOEF][경기] 근로복지공단 | [안산병원] 2026년도 하반기 청년(체험형)인턴 장애전형 채용 공고 | 보건.의료 | 신입 | 청년인턴(체험형) | 고용형태 제외: 청년인턴(체험형)
[MOEF][대전] 근로복지공단 | [대전병원] 2026년도 하반기 청년(체험형)인턴 일반전형 채용 공고 | 보건.의료 | 신입 | 청년인턴(체험형) | 지역외: 대전
[MOEF][대전] 근로복지공단 | [대전병원] 2026년도 하반기 청년(체험형)인턴 장애전형 채용 공고 | 보건.의료 | 신입 | 청년인턴(체험형) | 지역외: 대전
[MOEF][대전] 근로복지공단 | [대전병원] 별정직 의사(직업환경의학과) 채용 공고 | 보건.의료 | 신입 | 정규직 | 지역외: 대전
[MOEF][전북] 국립공원공단 | [변산반도]2026년 변산반도국립공원 기간제(수익시설_한시인력) 직원 채용 공고 | 환경.에너지.안전 | 신입+경력 | 비정규직 | 지역외: 전북
[MOEF][대전] 근로복지공단 | [대전병원] 기간제(방사선사) 채용 공고 | 보건.의료 | 신입 | 비정규직 | 지역외: 대전
[MOEF][부산] (재)우체국물류지원단 | 우체국물류지원단 부산지사 부산사업소 기간제(운전직, 대체인력) 채용 공고 | 운전.운송 | 신입+경력 | 비정규직 | 지역외: 부산
[MOEF][대전] 근로복지공단 | [대전병원] 기간제(물리치료사) 채용 공고 | 보건.의료 | 신입 | 비정규직 | 지역외: 대전
[MOEF][대전] 근로복지공단 | [대전병원] 기간제(조리사) 채용 공고 | 보건.의료 | 신입 | 비정규직 | 지역외: 대전
[MOEF][강원] 한국보훈복지의료공단 | [본사] 계약직 직원(간호직, 복지기능직) 채용 공고 | 경영.회계.사무,보건.의료,환경.에너지.안전 | 신입 | 비정규직 | 지역외: 강원
[MOEF][강원] 근로복지공단 | [동해병원] 기간제 의사(재활의학과 전문의) 채용 공고 | 보건.의료 | 신입 | 비정규직 | 지역외: 강원
[MOEF][대구] 주택관리공단(주) | 채용형 인턴 채용공고(주택관리공단 대구경북지사) | 건설,기계,전기.전자,환경.에너지.안전 | 신입+경력 | 청년인턴(채용형) | 지역외: 대구
[MOEF][강원] 근로복지공단 | [동해병원] 기간제 의사(산부인과) 채용 공고 | 보건.의료 | 신입 | 비정규직 | 지역외: 강원
[MOEF][대구,경북] 주택관리공단(주) | 육아휴직 대체직 채용공고(주택관리공단 대구경북지사) | 건설,기계,전기.전자,환경.에너지.안전 | 신입+경력 | 비정규직 | 지역외: 대구,경북
[MOEF][부산] 주택관리공단(주) | 채용형 인턴 채용공고(주택관리공단 부산울산지사) | 건설,기계,전기.전자,환경.에너지.안전 | 신입+경력 | 청년인턴(채용형) | 지역외: 부산
[MOEF][경기] 한국도로공사서비스(주) | 한국도로공사서비스(주) 수도권동부권역본부 기간제근로자 채용 공고 | 경비.청소 | 신입 | 비정규직 | 경력구분 제외: 신입 단독
[MOEF][강원] 근로복지공단 | [동해병원] 2026년도 하반기 청년(체험형)인턴 일반전형 채용 공고 | 보건.의료 | 신입 | 청년인턴(체험형) | 지역외: 강원
[MOEF][대전] 한국도로공사서비스(주) | 한국도로공사서비스(주) 대전충남권역본부 기간제근로자 채용 공고 | 운전.운송 | 신입 | 비정규직 | 지역외: 대전
[MOEF][강원] 근로복지공단 | [동해병원] 2026년도 하반기 청년(체험형)인턴 장애전형 채용 공고 | 보건.의료 | 신입 | 청년인턴(체험형) | 지역외: 강원
[MOEF][인천] 근로복지공단 | [인천병원] 2026년도 하반기 청년(체험형)인턴 일반전형 채용 공고 | 보건.의료 | 신입 | 청년인턴(체험형) | 고용형태 제외: 청년인턴(체험형)
[MOEF][인천] 근로복지공단 | [인천병원] 2026년도 하반기 청년(체험형)인턴 장애전형 채용 공고 | 보건.의료 | 신입 | 청년인턴(체험형) | 고용형태 제외: 청년인턴(체험형)
[MOEF][세종] 한국청소년정책연구원 | [채용공고 2026-12호] 공무직 채용 공고 | 연구 | 신입 | 무기계약직 | 지역외: 세종
[MOEF][전남광주] 근로복지공단 | [순천병원] 2026년도 하반기 청년(체험형)인턴 일반전형 채용 공고 | 보건.의료 | 신입 | 청년인턴(체험형) | 지역외: 전남광주
[MOEF][전남광주] 근로복지공단 | [순천병원] 2026년도 하반기 청년(체험형)인턴 장애전형 채용 공고 | 보건.의료 | 신입 | 청년인턴(체험형) | 지역외: 전남광주
[MOEF][전남광주] 근로복지공단 | [순천병원] 의료직(산업위생사 4급) 채용 공고 | 보건.의료 | 신입 | 정규직 | 지역외: 전남광주
[MOEF][전남광주] 근로복지공단 | [순천병원] 공무직(영선·조경기사) 채용 공고 | 보건.의료 | 신입 | 무기계약직 | 지역외: 전남광주
[MOEF][강원] 한전KDN | 한전KDN(주) 강원사업처 강릉지사 AMI분야 비정규직 모집공고 | 정보통신 | 신입+경력 | 비정규직 | 지역외: 강원
[MOEF][세종] 충남대학교병원 | [세종] 2026년 약무직 직원 모집공고 | 보건.의료 | 신입+경력 | 정규직 | 지역외: 세종
[MOEF][경남] 한전KPS(주) | 한전KPS(주) 삼천포사업처 단기노무원(터빈설비 정비단순보조) 채용(제52차) | 기계 | 신입+경력 | 비정규직 | 지역외: 경남
[MOEF][경남] 국립공원공단 | [한려동부] 2026년 한려해상국립공원동부사무소 한시인력(국립공원지킴이) 직원 2차 채용 | 경비.청소 | 신입+경력 | 비정규직 | 지역외: 경남
[MOEF][부산] 한전KDN | 한전KDN(주) 부산본부 전력통신팀 업무보조원 일용근로자 모집공고 | 정보통신 | 신입+경력 | 비정규직 | 지역외: 부산
[MOEF][충북] 충북대학교병원 | 2026년 10월 충북대학교병원 기간제근무자 모집 공고 | 보건.의료 | 신입+경력 | 비정규직 | 지역외: 충북
[MOEF][충북] 충북대학교병원 | 2026년 3차 충북대학교병원 장애인 근로자(기간제근무자) 모집 공고 | 보건.의료 | 신입+경력 | 비정규직 | 지역외: 충북
[MOEF][인천] 대한적십자사 | 경인권역재활병원 비정규직(대체인력) 물리치료사 채용 공고(2026.11.2.임용)(2) | 보건.의료 | 신입 | 비정규직 | 경력구분 제외: 신입 단독
[MOEF][인천] 대한적십자사 | 경인권역재활병원 비정규직(대체인력) 작업치료사 채용 공고(2026.11.2.임용) | 보건.의료 | 신입 | 비정규직 | 경력구분 제외: 신입 단독
[MOEF][인천] 대한적십자사 | 경인권역재활병원 정규직 간호사 채용 공고(2026.11.1.임용) | 보건.의료 | 신입 | 정규직 | 경력구분 제외: 신입 단독
[MOEF][대전] 한국벤처투자 | 2026년 3차 한국벤처투자 채용 공고(일반 전문계약직) | 사업관리,경영.회계.사무,금융.보험 | 경력 | 비정규직 | 지역외: 대전
[MOEF][경북] 한전KDN | 한전KDN(주) 경북사업처 AMI분야 일용근로자 모집공고 | 전기.전자,정보통신 | 신입+경력 | 비정규직 | 지역외: 경북
[MOEF][대전] 한전원자력연료주식회사 | 2026년도 하반기 한전원자력연료 체험형 청년인턴 채용 공고 | 사업관리,경영.회계.사무,건설,기계,재료,화학,전기.전자,정보통신,환경.에너지.안전,연구 | 신입 | 청년인턴(체험형) | 지역외: 대전
[MOEF][충남] 한국서부발전(주) | 2026년도 하반기 별정직 신입사원 모집 공고 | 보건.의료,화학,환경.에너지.안전 | 신입 | 정규직 | 지역외: 충남
[MOEF][서울,인천] 서민금융진흥원 | 2026년 서민금융진흥원 제3차 기간제(육아휴직대체) 직원 채용공고 | 경영.회계.사무,금융.보험 | 신입 | 비정규직 | 경력구분 제외: 신입 단독
[MOEF][인천,경기,충남] 한국서부발전(주) | 2026년도 하반기 4직급 고졸 신입사원 모집 공고 | 기계,전기.전자 | 신입 | 정규직 | 경력구분 제외: 신입 단독
[MOEF][인천,경기,충남] 한국서부발전(주) | 2026년도 하반기 4직급 대졸 신입사원 모집 공고 | 경영.회계.사무,건설,기계,화학,전기.전자,정보통신 | 신입 | 정규직 | 경력구분 제외: 신입 단독
[MOEF][전북] 한국탄소산업진흥원 | 2026-04호 채용공고 | 사업관리,경영.회계.사무,교육.자연.사회과학,기계,재료,화학,섬유.의복,환경.에너지.안전,연구 | 신입+경력 | 비정규직 | 지역외: 전북
[MOEF][전북] 태권도진흥재단 | 2026년 태권도원 체험관[얍] 운영 기간제근로자(보조인력) 채용 | 이용.숙박.여행.오락.스포츠 | 신입 | 비정규직 | 지역외: 전북
[MOEF][서울,부산,대구] 한국승강기안전공단 | 한국승강기안전공단 2026년 하반기 채용형 청년인턴 채용 공고 | 사업관리,기계,전기.전자 | 신입 | 청년인턴(채용형) | 고용형태 제외: 청년인턴(채용형)
[MOEF][대구,인천,대전] 한국농어촌공사 | 2026년도 직무중심 신입사원(5급, 6급) 채용 공고 | 경영.회계.사무,건설,전기.전자,정보통신,환경.에너지.안전,농림어업 | 신입 | 정규직 | 경력구분 제외: 신입 단독
[MOEF][서울] 근로복지공단 | [서울남부지사]기간제(시설미화원-휴직대체) 채용 재공고 | 경비.청소 | 신입 | 비정규직 | 경력구분 제외: 신입 단독
[MOEF][서울,부산,대구] 건강보험심사평가원 | 2026년 하반기 건강보험심사평가원 체험형 청년인턴 채용 공고 | 경영.회계.사무,보건.의료,정보통신,연구 | 신입 | 청년인턴(체험형) | 고용형태 제외: 청년인턴(체험형)
[MOEF][강원] 국립공원공단 | 국립공원공단 기간제(사무행정) 직원 채용 | 경영.회계.사무,문화.예술.디자인.방송 | 신입+경력 | 비정규직 | 지역외: 강원
[MOEF][전북] 국립중앙의료원 | 계약직 행정(전북응급의료지원센터) 채용 재공고 | 보건.의료 | 신입+경력 | 비정규직 | 지역외: 전북
[MOEF][전남광주] 국립공원공단 | [지리산전북] 지리산국립공원전북사무소 한시인력(국립공원지킴이) 모집 | 환경.에너지.안전 | 신입+경력 | 비정규직 | 지역외: 전남광주
[MOEF][서울,충북,전남] 한국마약퇴치운동본부 | 한국마약퇴치운동본부 2026년 제4차 채용공고 | 사업관리,경영.회계.사무,교육.자연.사회과학,사회복지.종교 | 신입 | 정규직,비정규직 | 경력구분 제외: 신입 단독
[MOEF][부산] 부산대학교병원 | 영상의학과 전문의 모집 공고 | 보건.의료 | 경력 | 비정규직 | 지역외: 부산
[MOEF][충남] 학교법인한국폴리텍 | 한국폴리텍특성화대학 바이오캠퍼스 업무직(대학운영직_영양사) 채용 공고 | 음식서비스 | 신입+경력 | 무기계약직 | 지역외: 충남
[MOEF][충북] 한국전력공사 | 기간제근로자 (대체인력)채용 공고[충북본부 진천지사] | 전기.전자 | 신입 | 비정규직 | 지역외: 충북
[MOEF][세종] 국토연구원 | 국토연구원 2026년 제10차 위촉직(기간제) 공개채용 | 연구 | 신입+경력 | 비정규직 | 지역외: 세종
[MOEF][전남광주] 농림식품기술기획평가원 | 2026년도 2차 정규직 채용 공고 | 사업관리,경비.청소,정보통신 | 신입 | 정규직 | 지역외: 전남광주
[MOEF][대구] 경북대학교병원 | 칠곡경북대학교병원 2026년 9월 6차 임시직원 채용공고(행정, 원무지원, 간호사) | 보건.의료 | 신입+경력 | 비정규직 | 지역외: 대구
[MOEF][대구] 경북대학교병원 | 2026년 대구의료원 파견의사(진료교수) 상시 초빙 공고 | 보건.의료 | 신입 | 비정규직 | 지역외: 대구
[MOEF][전북] 국립공원공단 | [내장산생태탐방원] 2026년 내장산생태탐방원 한시인력(국립공원지킴이) 채용 공고 | 환경.에너지.안전 | 신입+경력 | 비정규직 | 지역외: 전북
[MOEF][서울,경기] 한국체육산업개발(주) | 2026년도 NCS기반 신규직원 블라인드 채용 공고 | 경영.회계.사무,건설,기계,전기.전자 | 신입 | 정규직 | 경력구분 제외: 신입 단독
[MOEF][경남] 대한적십자사 | 2026년 대한적십자사 경상남도지사 비정규직 (대체인력) 채용 공고 | 경영.회계.사무 | 신입 | 비정규직 | 지역외: 경남
[MOEF][서울] 한국문화관광연구원 | 한국문화관광연구원 위촉직원 채용 공고 [2026-39] | 연구 | 신입 | 비정규직 | 경력구분 제외: 신입 단독
[MOEF][대전] 기초과학연구원 | 2026-10회 의생명 및 화학 연구클러스터(시냅스 뇌질환 연구단) 연구직 채용 공고 | 연구 | 신입+경력 | 비정규직 | 지역외: 대전
[MOEF][전남광주] 대한적십자사 | 대한적십자사 전남광주혈액원 비정규직 기간제(장애인) 채용 공고 | 보건.의료 | 신입 | 비정규직 | 지역외: 전남광주
[MOEF][대전] 대한적십자사 | 대전세종충남혈액원 비정규직 육아휴직 대체 사무보조원 채용 공고 | 경영.회계.사무 | 신입 | 비정규직 | 지역외: 대전
[MOEF][서울] 육아정책연구소 | [제2026-16호] 육아정책연구소 청년인턴(행정인턴) 단시간 장애인 제한경쟁 채용 | 경영.회계.사무 | 신입+경력 | 청년인턴(체험형) | 고용형태 제외: 청년인턴(체험형)
[MOEF][전남광주] 근로복지공단 | [순천병원] 기간제(간호조무사) 채용 공고 | 보건.의료 | 신입 | 비정규직 | 지역외: 전남광주
[MOEF][전남광주] 근로복지공단 | [순천병원] 기간제(물리치료사) 채용 공고 | 보건.의료 | 신입 | 비정규직 | 지역외: 전남광주
[MOEF][대전] 충남대학교병원 | [대전] 2026년 하반기 충남대학교병원 보건직(의학물리사) 공개채용 | 보건.의료 | 경력 | 정규직 | 지역외: 대전
[MOEF][제주] 제주대학교병원 | 제주대학교병원 휴직대체 계약직(방사선사) 모집공고 | 보건.의료 | 신입+경력 | 비정규직 | 지역외: 제주
[MOEF][전남광주] 국립공원공단 | [국립공원해양생태보전원] 국립공원해양생태보전원 기간제[국립공원지킴이(한시인력)] 채용 공고 | 환경.에너지.안전 | 신입+경력 | 비정규직 | 지역외: 전남광주
[MOEF][경북] 국립공원공단 | [주왕산] 2026년도 주왕산국립공원 한시인력(탐방해설) 직원 추가 채용 재공고 | 이용.숙박.여행.오락.스포츠 | 신입+경력 | 비정규직 | 지역외: 경북
[MOEF][제주] 제주대학교병원 | 제주대학교병원 휴직대체 계약직(간호사, 업무지원_환경, 보건의료정보관리사, 응급구조사, 행 | 보건.의료 | 신입+경력 | 비정규직 | 지역외: 제주
[MOEF][제주] 제주대학교병원 | 제주대학교병원 계약직(가정전문간호사, 영상의학과 간호사) 모집공고 | 보건.의료 | 신입+경력 | 무기계약직 | 지역외: 제주
[MOEF][충북] 한국수자원공사 | [한국수자원공사] 금강유역협력단 괴산현대화사업팀 특수직(사무관리_건설사업) 채용 공고 | 경영.회계.사무 | 신입+경력 | 비정규직 | 지역외: 충북
[MOEF][충남] 한국수자원공사 | [한국수자원공사] 금강유역협력단 부여2차현대화사업팀 특수직(사무관리_건설사업) 채용 공고 | 경영.회계.사무 | 신입+경력 | 비정규직 | 지역외: 충남
[MOEF][충남] 한국수자원공사 | [한국수자원공사] 금강유역협력단 부여현대화사업팀 특수직(기술관리_건설사업) 채용 공고 | 사업관리,건설,기계,전기.전자,정보통신,환경.에너지.안전 | 신입+경력 | 비정규직 | 지역외: 충남
[MOEF][충남] 한국수자원공사 | [한국수자원공사] 금강유역협력단 공주2차현대화사업팀 특수직(기술관리_건설사업) 채용 공고 | 사업관리,건설,기계,전기.전자,정보통신,환경.에너지.안전 | 신입+경력 | 비정규직 | 지역외: 충남
[MOEF][충남] 한국수자원공사 | [한국수자원공사] 금강유역협력단 공주2차현대화사업팀 특수직(사무관리_건설사업) 채용 공고 | 경영.회계.사무 | 신입+경력 | 비정규직 | 지역외: 충남
[MOEF][전북] 한국수자원공사 | [한국수자원공사] 정읍권지사 단기계약근로자(수탁운영_지방상수도 고객관리) 채용 공고(장애인 | 경영.회계.사무 | 신입+경력 | 비정규직 | 지역외: 전북
[MOEF][대구,경북] 한국토지주택공사 | 한국토지주택공사 대구경북지역본부 기간제근로자(대체채용) 채용 공고(2026-07) | 경영.회계.사무,사회복지.종교 | 신입+경력 | 비정규직 | 지역외: 대구,경북
[MOEF][서울] 한국문화관광연구원 | 한국문화관광연구원 2026년 제4차 청년인턴 채용 | 경영.회계.사무 | 신입 | 청년인턴(체험형) | 고용형태 제외: 청년인턴(체험형)
[MOEF][충북] 오송첨단의료산업진흥재단 | 오송첨단의료산업진흥재단 2026년도 제6차 체험형 청년인턴 채용 공고 | 사업관리,경영.회계.사무,환경.에너지.안전 | 신입 | 청년인턴(체험형) | 지역외: 충북
[MOEF][서울] 해양수산과학기술진흥원 | 2026년도 제3차 신규직원(체험형 인턴) 채용 공고 | 경영.회계.사무 | 신입 | 비정규직 | 경력구분 제외: 신입 단독
[MOEF][전남광주] 한국토지주택공사 | 한국토지주택공사 광주전남지역본부 기간제근로자(사업관리 외) 채용공고(2026.10) | 경영.회계.사무,사회복지.종교 | 신입 | 비정규직 | 지역외: 전남광주
[MOEF][세종] 충남대학교병원 | [세종] 2026년 9월 비정규직(계약직, 업무지원계약직) 직원 채용공고 | 보건.의료 | 신입+경력 | 비정규직 | 지역외: 세종
[MOEF][대전] 한국연구재단 | 2026년 제2차 한국연구재단 직원 채용(공무직(시설관리직, 미화직)) | 경비.청소,기계,전기.전자,환경.에너지.안전 | 신입 | 정규직 | 지역외: 대전
[MOEF][세종] 충남대학교병원 | [세종] 2026년 9월 업무지원직 직원 채용공고 | 보건.의료 | 신입+경력 | 정규직 | 지역외: 세종
[MOEF][서울,대전,경기] 스포츠윤리센터 | 스포츠윤리센터 2026년 제2차 직원 신규채용 공고 | 사업관리,경영.회계.사무,교육.자연.사회과학,법률.경찰.소방.교도.국방,정보통신 | 신입 | 정규직,비정규직 | 경력구분 제외: 신입 단독
[MOEF][서울,부산,대구] 한국농수산식품유통공사 | 2026년 신입직원 채용공고 | 사업관리,경영.회계.사무,건설,정보통신,환경.에너지.안전,농림어업 | 신입 | 정규직 | 경력구분 제외: 신입 단독
[MOEF][경기] 분당서울대학교병원 | 분당서울대학교병원 단시간일반직(선임급연구원) 채용공고 | 보건.의료 | 신입 | 비정규직 | 경력구분 제외: 신입 단독
[MOEF][광주,전남] 전남대학교병원 | 2026년도 전임의사 상시 공개채용 변경 공고 | 보건.의료 | 신입 | 정규직 | 지역외: 광주,전남
[MOEF][경기] 분당서울대학교병원 | 분당서울대학교병원 단시간업무지원직 채용공고 | 보건.의료 | 신입 | 비정규직 | 경력구분 제외: 신입 단독
[MOEF][경기] 분당서울대학교병원 | 분당서울대학교병원 단시간일반직 채용공고 | 보건.의료 | 신입 | 비정규직 | 경력구분 제외: 신입 단독
[MOEF][서울] 서울대학교병원 | 2026년도 하반기 서울대학교병원 블라인드 장애인 직원채용 (무기계약직) 공고 | 보건.의료 | 신입 | 무기계약직 | 경력구분 제외: 신입 단독
[MOEF][경기] 분당서울대학교병원 | 분당서울대학교병원 직원(계약업무지원직) 채용공고 | 보건.의료 | 신입 | 비정규직 | 경력구분 제외: 신입 단독
[MOEF][전남광주] 국립공원공단 | [다도해해상]2026년 다도해해상 국립공원지킴이[한시인력/녹색순찰대] 직원 채용(5차) | 환경.에너지.안전 | 신입+경력 | 비정규직 | 지역외: 전남광주
[MOEF][경북] 한국수력원자력(주) | 2026년도 제9차 경력사원(고위직) 선발 | 사업관리,경영.회계.사무,기계,전기.전자,환경.에너지.안전 | 경력 | 비정규직 | 지역외: 경북
[MOEF][서울,부산,대구] 한국사학진흥재단 | 한국사학진흥재단 2026년 3차 직원 채용(체험형 청년인턴(단시간), 장애인 제한경쟁) | 경영.회계.사무 | 신입 | 청년인턴(체험형) | 고용형태 제외: 청년인턴(체험형)
[MOEF][서울] (사)남북교류협력지원협회 | 2026년 제2차 남북교류협력지원협회 직원(정규직 및 육아휴직대체) 채용 공고 | 사업관리 | 신입 | 정규직,비정규직 | 경력구분 제외: 신입 단독
[MOEF][강원] 근로복지공단 | [태백병원] 기간제 의사(병동당직의) 채용 공고 | 보건.의료 | 신입 | 비정규직 | 지역외: 강원
[MOEF][서울] 서울대학교병원 | 서울대학교병원 블라인드 직원채용 (무기계약직) 공고 (장애인 특별우대) | 보건.의료 | 신입 | 무기계약직 | 경력구분 제외: 신입 단독
[MOEF][울산] 한국산업안전보건공단 | [안전보건공단] 본부(울산) 기간제 근로자 채용공고 | 사업관리,경영.회계.사무 | 신입 | 비정규직 | 지역외: 울산
[MOEF][해외] 극지연구소 | 2026년 남극과학기지 월동연구대 채용 재공고 (발전 분야) | 전기.전자 | 경력 | 비정규직 | 지역외: 해외
[MOEF][부산] 동남권원자력의학원 | [직원채용] 동남권원자력의학원 박사후 연수연구원(첨단방사선AI융합연구팀) 공개 채용 | 연구 | 신입+경력 | 비정규직 | 지역외: 부산
[MOEF][부산] 동남권원자력의학원 | [직원채용] 정규직 의사직(방사선비상진료센터) 채용 | 보건.의료 | 신입+경력 | 정규직 | 지역외: 부산
[MOEF][부산] 동남권원자력의학원 | [직원채용] 별정직 의사직(산부인과) 채용 | 보건.의료 | 신입+경력 | 비정규직 | 지역외: 부산
[MOEF][부산] 동남권원자력의학원 | [직원채용] 별정직 의사직(감염내과) 채용  | 보건.의료 | 신입+경력 | 비정규직 | 지역외: 부산
[MOEF][부산] 동남권원자력의학원 | [직원채용] 별정직 의사직(호흡기내과) 초빙 | 보건.의료 | 신입+경력 | 비정규직 | 지역외: 부산
[MOEF][부산] 동남권원자력의학원 | [직원채용] 정규직 의사직(마취통증의학과) 공개 채용 | 보건.의료 | 신입+경력 | 정규직 | 지역외: 부산
[MOEF][부산] 동남권원자력의학원 | [직원채용] 별정직 의사직(응급실) 공개채용 | 보건.의료 | 신입+경력 | 비정규직 | 지역외: 부산
[MOEF][부산] 동남권원자력의학원 | [직원채용] 별정직 의사직(병동 당직의) 공개 채용 | 보건.의료 | 신입+경력 | 비정규직 | 지역외: 부산
[MOEF][부산] 동남권원자력의학원 | [직원채용] 별정직 의사직(신경외과 전임의) 공개 채용(재공고) | 보건.의료 | 신입+경력 | 비정규직 | 지역외: 부산
[MOEF][부산] 동남권원자력의학원 | [직원채용] 정규직 의사직(핵의학과) 공개 채용 | 보건.의료 | 신입+경력 | 정규직 | 지역외: 부산
[MOEF][부산] 동남권원자력의학원 | [직원채용] 동남권원자력의학원 박사후 연수연구원(첨단방사선종양연구팀) 공개 채용 | 연구 | 신입+경력 | 비정규직 | 지역외: 부산
[MOEF][울산] 한국산업안전보건공단 | [안전보건공단] 본부(울산) 업무직 채용공고 | 기계,환경.에너지.안전 | 신입 | 무기계약직 | 지역외: 울산
[MOEF][충북] 한국보건복지인재원 | (제2026-10호) 한국보건복지인재원 업무지원직 채용 공고 | 경영.회계.사무,운전.운송,경비.청소 | 신입+경력 | 무기계약직 | 지역외: 충북
[MOEF][충북] 한국보건복지인재원 | (제2026-9호) 한국보건복지인재원 사업기반 계약직 채용 공고 | 사업관리,교육.자연.사회과학,보건.의료,사회복지.종교 | 경력 | 비정규직 | 지역외: 충북
[MOEF][서울,부산,대구] 한국보건복지인재원 | (제2026-8호) 한국보건복지인재원 신규직원(일반공무직_장애) 채용 공고 | 경영.회계.사무,교육.자연.사회과학,보건.의료,사회복지.종교 | 신입 | 무기계약직 | 경력구분 제외: 신입 단독
[MOEF][충북] 한국보건복지인재원 | (제2026-7호) 한국보건복지인재원 교수직 채용 공고 | 교육.자연.사회과학,보건.의료,사회복지.종교 | 경력 | 정규직 | 지역외: 충북
[MOEF][충북,경북] 국립공원공단 | [속리산] 속리산국립공원사무소 기간제(탐방해설) 직원 채용 재공고 | 이용.숙박.여행.오락.스포츠 | 신입+경력 | 비정규직 | 지역외: 충북,경북
[MOEF][대전] 한국등산·트레킹지원센터 | 2026년도 한국등산트레킹지원센터 기간제근로자(보훈 제한경쟁) 채용 재공고 | 경영.회계.사무 | 신입 | 비정규직 | 지역외: 대전
[MOEF][울산] 한국법무보호복지공단 | 2026년 한국법무보호복지공단 울산지부 심리상담직(육아휴직대체직) 경력경쟁채용시험 공고 | 사회복지.종교 | 경력 | 비정규직 | 지역외: 울산
[MOEF][경남] 한국산업기술시험원 | 2026년 한국산업기술시험원 위촉직(운전기사) 공개모집(재공고) | 운전.운송 | 신입 | 비정규직 | 지역외: 경남
[MOEF][경북] 한국전력공사 | 2026년 제4차 기간제 근로자 채용 공고[경북본부] | 경영.회계.사무,전기.전자 | 신입 | 비정규직 | 지역외: 경북
[MOEF][세종] 산업연구원 | 2026년 제14차 위촉직원 채용공고(휴직대체) | 연구 | 신입+경력 | 비정규직 | 지역외: 세종
[MOEF][경기] 분당서울대학교병원 | 2027년도 정신건강임상심리사(수련) 채용공고(장애인우대) | 보건.의료 | 신입 | 비정규직 | 경력구분 제외: 신입 단독
[MOEF][경기] 분당서울대학교병원 | 2027년도 임상연수사회복지사 채용공고(장애인우대) | 보건.의료 | 신입 | 비정규직 | 경력구분 제외: 신입 단독
[MOEF][경기] 분당서울대학교병원 | 2027년도 임상연수영양사 채용공고(장애인우대) | 보건.의료 | 신입 | 비정규직 | 경력구분 제외: 신입 단독
[MOEF][경기] 분당서울대학교병원 | 2027년도 전공약사(레지던트약사) 채용공고(장애인우대) | 보건.의료 | 신입 | 비정규직 | 경력구분 제외: 신입 단독
[MOEF][대전] 한국원자력안전기술원 | 한국원자력안전기술원 공모직전문위원 채용 | 경영.회계.사무,연구 | 경력 | 비정규직 | 지역외: 대전
[MOEF][강원] 국립공원공단 | [설악산] 설악산국립공원 기간제 직원[탐방해설, 탐방시설, 환경관리, 탐방안전] 채용 공고 | 경비.청소,이용.숙박.여행.오락.스포츠,환경.에너지.안전 | 신입+경력 | 비정규직 | 지역외: 강원
[MOEF][전남광주] 전남대학교병원 | 2026년 진료전담의사 상시 공개채용 공고 | 보건.의료 | 신입 | 비정규직 | 지역외: 전남광주
[MOEF][세종] 한국교통연구원 | 2026년 PAO 인턴 채용공고 | 경영.회계.사무 | 신입 | 청년인턴(체험형) | 지역외: 세종
[MOEF][경남] 경상국립대학교병원 | [창원경상국립대학교병원] 약무직 채용 공고 | 보건.의료 | 신입+경력 | 정규직 | 지역외: 경남
[MOEF][서울,대전,충북] 한국철도공사 | 2026년 하반기 한국철도공사 신입사원(관제분야) 채용 공고	 | 경영.회계.사무,운전.운송 | 신입 | 정규직 | 경력구분 제외: 신입 단독
[MOEF][경남] 경상국립대학교병원 | [창원경상국립대학교병원] 전문직1등급(촉탁의) 채용공고 | 보건.의료 | 신입 | 비정규직 | 지역외: 경남
[MOEF][전남광주] 국립공원공단 | [내장산백암] 내장산국립공원백암사무소 한시인력(국립공원지킴이_녹색순찰대) 채용 공고 | 경비.청소,환경.에너지.안전 | 신입+경력 | 비정규직 | 지역외: 전남광주
[MOEF][경남] 대한적십자사 | 대한적십자사 합천원폭피해자복지회관 직원(조리원) 채용공고 | 사회복지.종교 | 신입+경력 | 무기계약직 | 지역외: 경남
[MOEF][인천] 인천항만공사 | 2026년 하반기 인천항만공사 채용형 인턴 채용공고 | 경영.회계.사무,건설,기계,전기.전자,환경.에너지.안전 | 신입 | 청년인턴(채용형) | 고용형태 제외: 청년인턴(채용형)
[MOEF][전남광주] 한국수자원공사 | [한국수자원공사] 전남북부권지사 단기계약근로자(사무관리_건설사업) 채용 공고 | 경영.회계.사무 | 신입+경력 | 비정규직 | 지역외: 전남광주
[MOEF][세종] 한국노동연구원 | 한국노동연구원 기간제 행정원(보훈대상자 제한경쟁) 채용 공고 | 경영.회계.사무 | 신입+경력 | 비정규직 | 지역외: 세종
[MOEF][서울] 대한무역투자진흥공사 | 2026년 하반기 KOTRA 공무직 채용 공고 | 사업관리,경영.회계.사무,경비.청소 | 신입 | 무기계약직 | 경력구분 제외: 신입 단독
[MOEF][서울] 한국문화관광연구원 | 한국문화관광연구원 위촉직원 채용 공고[2026-38] | 연구 | 신입 | 비정규직 | 경력구분 제외: 신입 단독
[MOEF][서울,부산,대구] 한국보훈복지의료공단 | 한국보훈복지의료공단 2027년 보훈병원 간호직 통합 공개채용 공고 | 보건.의료 | 신입 | 정규직 | 경력구분 제외: 신입 단독
[MOEF][제주] 한국장애인개발원 | [제2026-111호]2026년도 제6차 제주특별자치도장애아동·발달장애인지원센터 [장애아동 | 사업관리,경영.회계.사무,사회복지.종교 | 신입+경력 | 청년인턴(체험형) | 지역외: 제주
[MOEF][대전] 한국연구재단 | 한국연구재단 PM(기초연구본부장) 초빙 재공고 | 사업관리 | 신입+경력 | 비정규직 | 지역외: 대전
[MOEF][대전] 대한적십자사 | [대한적십자사 대전세종지사] 2026년도 2차 육아휴직 대체인력(계약직) 채용 공고 | 경영.회계.사무 | 신입 | 비정규직 | 지역외: 대전
[MOEF][대구] 한국보훈복지의료공단 | [대구보훈병원] 정규직 보건직(임상병리사) 채용 공고 | 보건.의료 | 신입+경력 | 정규직 | 지역외: 대구
[MOEF][서울] 한국수출입은행 | 한국수출입은행 2026년 하반기 KSP/EIPP연구원(별정직원) 채용 | 사업관리 | 신입 | 비정규직 | 경력구분 제외: 신입 단독
[MOEF][세종] 한국환경연구원 | [한국환경연구원] 임시직(일반행정) 채용 공고(경영지원실 대체인력)(0922) | 경영.회계.사무 | 신입+경력 | 비정규직 | 지역외: 세종
[MOEF][세종] 축산물품질평가원 | 2026년 하반기 운영직(사무일반) 채용공고 | 사업관리,경영.회계.사무,농림어업 | 신입 | 무기계약직 | 지역외: 세종
[MOEF][서울] 대한적십자사 | 2026년도 제10차 혈액관리본부 소속기관 의무직 신규채용 공고(중앙혈액검사센터) | 보건.의료 | 신입 | 비정규직 | 경력구분 제외: 신입 단독
[MOEF][세종,충북,전북] 한국전력공사 | 2026년도 제2차 4(나)직급 전문인력 채용공고 | 건설,기계,전기.전자,환경.에너지.안전 | 경력 | 정규직 | 지역외: 세종,충북,전북,전남광주
[MOEF][대구] 한국교육학술정보원 | 2026년 제6차 직원(청년인턴(장애·보훈 제한경쟁)) 채용 | 경영.회계.사무,교육.자연.사회과학,연구 | 신입 | 비정규직,청년인턴(체험형) | 지역외: 대구
[MOEF][대구] 한국교육학술정보원 | 2026년 제6차 직원(무기계약직-운영직) 채용 | 경비.청소 | 신입 | 무기계약직 | 지역외: 대구
[MOEF][대구] 한국교육학술정보원 | 2026년 제6차 직원(정규직) 채용 | 경영.회계.사무,교육.자연.사회과학,정보통신,연구 | 신입 | 정규직 | 지역외: 대구
[MOEF][부산] 기술보증기금 | 기술보증기금 사무지원인력 채용공고 (기업구조혁신부) | 금융.보험 | 신입 | 비정규직 | 지역외: 부산
[MOEF][서울] 기술보증기금 | 기술보증기금 사무지원인력 채용공고 (가산지점) | 금융.보험 | 신입 | 비정규직 | 경력구분 제외: 신입 단독
[MOEF][경기] 국민건강보험공단 일산병원 | 2027년도 수련생(정신건강임상심리사 1급-1년차 과정) 모집공고 | 보건.의료 | 신입 | 청년인턴(체험형) | 고용형태 제외: 청년인턴(체험형)
[MOEF][경기] 국민건강보험공단 일산병원 | 2026년도 사무직 수련생(체험형 청년인턴)(장애인·보훈 제한경쟁) 채용 공고 | 보건.의료 | 신입 | 청년인턴(체험형) | 고용형태 제외: 청년인턴(체험형)
[MOEF][서울,부산,대구] 한국전력공사 | 2026년도 하반기 보훈 채용공고 | 경영.회계.사무,전기.전자,정보통신 | 신입 | 정규직 | 경력구분 제외: 신입 단독
[MOEF][세종] KDI국제정책대학원 | [KDI국제정책대학원] 2026년 제10차 인턴직원 채용(경영기획) | 경영.회계.사무 | 신입+경력 | 청년인턴(체험형) | 지역외: 세종
[MOEF][경기] 국민건강보험공단 일산병원 | 2026년 하반기 정규직(사무직-일반사무) 모집공고 | 경영.회계.사무 | 신입 | 정규직 | 경력구분 제외: 신입 단독
[나라일터][47210] 과학기술정보통신부 우정사업본부 경북지방우정청 영주우체국 | 2026년도 제1회 영주우체국 우정실무원(기간제) 채용 공고 | e04 | g01 | 지역외(코드): 47210
[나라일터][43113] 기후에너지환경부 온실가스종합정보센터 | 2026년 제2차 온실가스종합정보센터 청년인턴 채용 공고 | e04 | g01 | 지역외(코드): 43113
[나라일터][48240] 우주항공청 | 우주항공청 하반기 임기제공무원 경력경쟁채용 면접시험 일시·장소 및 응시자 준수사항 공고 | e01 | g01 | 지역외(코드): 48240
[나라일터][48240] 우주항공청 | 우주항공청 임기제공무원 경력경쟁채용시험 서류전형 합격자 공고 | e01 | g01 | 지역외(코드): 48240
[나라일터][12300] 전남광주통합특별시 북구 | 전남광주통합특별시 북구 전입 희망 공무원 모집 공고 | e07 | g02 | 지역외(코드): 12300
[나라일터][경기] 문화체육관광부 국립민속박물관 | 국립민속박물관 유물과학과 공무직(시설물관리원) 채용 최종합격자 공고 | e04 | g01 | 고용형태 제외(나라일터): e04
[나라일터][43113] 기후에너지환경부 온실가스종합정보센터 | (제2026-58호)2026년 하반기 온실가스종합정보센터 전문연구원 채용공고 | e04 | g01 | 지역외(코드): 43113
[나라일터][44150] 법무부 국립법무병원 | [국립법무병원] 2026년 제3회 간호직(간호서기) 공무원 경력경쟁채용시험 공고 | e01 | g01 | 지역외(코드): 44150
[나라일터][서울] 송파구시설관리공단 | 송파구시설관리공단 직무능력 중심 공개 경쟁 채용 공고 | e08 | g03 | 고용형태 제외(나라일터): e08
[나라일터][서울] 한국공항공사 | KAC공항서비스(주) 임원 초빙공고(운영본부장) | e08 | g03 | 고용형태 제외(나라일터): e08
[나라일터][경기] 문화체육관광부 국립민속박물관 | 국립민속박물관 유물과학과 공무직(학예원) 채용 공고 | e04 | g01 | 고용형태 제외(나라일터): e04
[나라일터][44000] 충청남도 | 2026년도 충청남도 지방별정직공무원(청년정책보좌관) 임용시험 공고 | e01 | g02 | 지역외(코드): 44000
[나라일터][인천] 인천광역시교육청 인천광역시서부교육지원청 인천백석초등학교 | 2026학년도 인천백석초등학교 초등 기간제교원 채용 공고(2026.10.13.~11.13. | e10 | g04 | 고용형태 제외(나라일터): e10
[나라일터][48120] 국립창원대학교 | 국립창원대학교 국가공무원(사서) 경력경쟁채용 공고 | e01 | g01 | 지역외(코드): 48120
[나라일터][12210] 문화체육관광부 국립아시아문화전당 | 국립아시아문화전당 공무직(공연 기획운영) 채용 재공고(장애인 제한경쟁) | e04 | g01 | 지역외(코드): 12210
[나라일터][36110] 행정안전부 정부청사관리본부 | 정부청사관리본부(세종청사) 공무직(환경실무원/행정사원) 대체 기간제 근로자 채용 공고 | e04 | g01 | 지역외(코드): 36110
[나라일터][12130] 전남대학교 교무처 | 전남대학교 창의융합학부 교육공무원(조교) 공개채용 공고 | e01 | g01 | 지역외(코드): 12130
[나라일터][30200] 지식재산처 | 지식재산처 국제지식재산연수원 조리사 대체인력 채용 공고 | e04 | g01 | 지역외(코드): 30200
[나라일터][경기] 법무부 수원출입국.외국인청 | [수원출입국·외국인청]  2026년도 제4회 공무직근로자(운전원) 채용 공고 | e04 | g01 | 고용형태 제외(나라일터): e04
[나라일터][인천] 인천광역시교육청 인천광역시동부교육지원청 인천고잔중학교 | 2026학년도 인천고잔중학교 체육과 시간강사 채용공고 | e10 | g04 | 고용형태 제외(나라일터): e10
[나라일터][인천] 인천광역시교육청 인천여자상업고등학교 | 인천여자상업고등학교 시간강사 공고 | e10 | g04 | 고용형태 제외(나라일터): e10
[나라일터][47210] 경상북도 영주시 영주시의회 | 2026년 제2회 영주시의회 일반임기제공무원(정책지원관) 임용시험 공고 | e01 | g02 | 지역외(코드): 47210
[나라일터][인천] 인천광역시교육청 인천광역시남부교육지원청 인천주안북초등학교 | (인천주안북초)기간제특수교사(유,초,중등(일반교과) 정교사가능-자격확대) 채용 공고(6차) | e10 | g04 | 고용형태 제외(나라일터): e10
[나라일터][인천] 인천광역시교육청 문곡고등학교 | 2026학년도 기간제교사[(상업(경영 금융) 채용(문곡고등학교) | e10 | g04 | 고용형태 제외(나라일터): e10
[나라일터][47250] 경상북도 상주시 | 2026년 제3회 상주시 임기제공무원 임용시험 계획 공고(6) - 학예연구 분야 | e01 | g02 | 지역외(코드): 47250
[나라일터][47250] 경상북도 상주시 | 2026년 상주시 임기제공무원 임용시험 계획 공고(5) - 중앙제어실 운영 분야(상수도) | e01 | g02 | 지역외(코드): 47250
[나라일터][47250] 경상북도 상주시 | 2026년 제3회 상주시 임기제공무원 임용시험 계획 공고(4) - 상황실 전담요원 분야 | e01 | g02 | 지역외(코드): 47250
[나라일터][47250] 경상북도 상주시 | 2026년 제3회 상주시 임기제공무원 임용시험 계획 공고(3) - 외국인 계절근로자 전담  | e01 | g02 | 지역외(코드): 47250
[나라일터][47250] 경상북도 상주시 | 2026년 제3회 상주시 임기제공무원 임용시험 계획 공고(2) - 미디어홍보 분야 | e01 | g02 | 지역외(코드): 47250
[나라일터][27290] 한국방송통신대학교 대구.경북지역대학 | 한국방송통신대학교 대구경북지역대학 청사관리직(미화방호) 채용공고(무기계약직(기간제계약직)) | e04 | g01 | 지역외(코드): 27290
[나라일터][인천] 인천광역시교육청 석정여자고등학교 | 2026학년도 석정여자고등학교 영어 기간제교사 채용 공고 | e10 | g04 | 고용형태 제외(나라일터): e10
[나라일터][48120] 국립창원대학교 | 국립창원대학교 입학과 기간제근로자(입학사정관) 채용 공고 | e04 | g01 | 지역외(코드): 48120
[나라일터][51720] 강원특별자치도 홍천군 | 2026년 홍천군 지방공무원 경력경쟁임용시험 시행계획 | e01 | g02 | 지역외(코드): 51720
[나라일터][51810] 경찰청 강원특별자치도경찰청 인제경찰서 | 2026년 인제경찰서 무기계약(보일러 등 시설관리) 근로자 채용 재공고 | e04 | g01 | 지역외(코드): 51810
[나라일터][36110] 보건복지부 | 보건복지부 아동보호자립과 공무직 채용 일정 변경 공고 | e04 | g01 | 지역외(코드): 36110
[나라일터][51000] 고용노동부 중부지방고용노동청 태백지청 | 2026년 하반기 태백지청 통계조사관(기간제근로자) 채용 공고 | e04 | g01 | 지역외(코드): 51000
[나라일터][30110] 대전광역시 동구 | 2026년 제9회 대전광역시 동구 지방임기제공무원 채용시험 시행계획 공고(기록물관리 전문요 | e01 | g02 | 지역외(코드): 30110
[나라일터][12000] 목포대학교 | 국립목포대학교 입학사정관 채용 공고 | e04 | g01 | 지역외(코드): 12000
[나라일터][36110] 기획예산처 | [장애인제한경쟁채용] 기획예산처 기간제 근로자(사무원) 채용공고_기획조정실 규제개혁법무담당 | e04 | g01 | 지역외(코드): 36110
[나라일터][경기] 과학기술정보통신부 우정사업본부 경인지방우정청 양주우체국 | 2026년도 제5회 양주우체국 기간제근로자(상시계약집배원) 채용 공고 | e04 | g01 | 고용형태 제외(나라일터): e04
[나라일터][51820] 국회 국회사무처 | 2026년도 국회사무처 의정연수원 고성분원 공무직근로자 채용시험 공고 | e04 | g01 | 지역외(코드): 51820
[나라일터][서울] 서울특별시 금천구 보건소 보건지소 | 2026년도 박미(1권역) 건강장수센터기간제근로자(간호사) 채용 공고 | e04 | g02 | 고용형태 제외(나라일터): e04
[나라일터][44230] 충청남도 논산시 의회 | 2026년 제3회 논산시의회 지방임기제공무원 채용시험 시행계획 공고 (속기, 방송, 홍보) | e01 | g02 | 지역외(코드): 44230
[나라일터][서울] 고용노동부 서울지방고용노동청 서울북부지청 | 2026년 하반기 지역별사업체노동력조사 통계조사관 채용공고 | e04 | g01 | 고용형태 제외(나라일터): e04
[나라일터][47230] 경상북도 영천시 의회사무국 | 2026년 제1회 영천시의회 임기제공무원(정책지원관) 임용시험 계획 공고(재공고) | e01 | g02 | 지역외(코드): 47230
[나라일터][26350] 경찰청 부산광역시경찰청 부산해운대경찰서 | 해운대경찰서 2026년 기간제근로자(청사방호) 채용 공고 | e04 | g01 | 지역외(코드): 26350
[나라일터][30110] 과학기술정보통신부 우정사업본부 충청지방우정청 대전우체국 | 대전우체국 기간제 상시계약집배원 채용 공고 | e04 | g01 | 지역외(코드): 30110
[나라일터][서울] 경찰청 서울특별시경찰청 서울강남경찰서 | 서울강남경찰서 기간제계약근로자(시설관리, 공무직) 최종 합격자 알림 | e04 | g01 | 고용형태 제외(나라일터): e04
[나라일터][50000] 제주특별자치도 | 제주특별자치도 개방형직위 공개모집 공고(제주특별자치도립미술관장) | e05 | g02 | 지역외(코드): 50000
[나라일터][30170] 대전광역시 서구 | 대전광역시 서구 지방임기제공무원 채용 공고(구정기획단) | e01 | g02 | 지역외(코드): 30170
[나라일터][30170] 대전광역시 서구 | 대전광역시 서구 소통담당관(개방형직위) 임용시험 시행계획 공고 | e05 | g02 | 지역외(코드): 30170
[나라일터][51170] 해양경찰청 동해지방해양경찰청 | 동해지방해양경찰청 한시임기제 9호(함정조리사) 경력경쟁채용 공고 | e01 | g01 | 지역외(코드): 51170
[나라일터][서울] 경찰청 서울특별시경찰청 경무부 | 2026년 下 서울경찰청 청사방호 무기계약직 채용 최종 합격 공고 | e04 | g01 | 고용형태 제외(나라일터): e04
[나라일터][26230] 부산광역시 부산진구 | 2026년 제4회 부산진구 임기제공무원(간호사) 채용시험 최종합격자 공고 | e01 | g02 | 지역외(코드): 26230
[나라일터][경기] 과학기술정보통신부 우정사업본부 경인지방우정청 가평우체국 | 2026년도 제4회 가평우체국 주관 공무직 농어촌소포배달원 채용 공고 | e04 | g01 | 고용형태 제외(나라일터): e04
[나라일터][인천] 인천광역시교육청 인천광역시서부교육지원청 인천봉수초등학교 | 인천봉수초 계약제교원(시간강사) 채용 공고_학폭책임교사 수업시수경감 | e10 | g04 | 고용형태 제외(나라일터): e10
[나라일터][경기] 경기도교육청 효성고등학교 | 2026학년도 학교법인 대연학원 효성고등학교  2학기 영양 기간제교사 초빙 2차 공고 | e10 | g04 | 고용형태 제외(나라일터): e10
[나라일터][44200] 경찰청 경찰수사연수원 | 2026년 경찰수사연수원 무기계약근로자 채용시험 공고 | e04 | g01 | 지역외(코드): 44200
[나라일터][경기] 경기도교육청 남양고등학교 | 시간강사 채용 공고(국어, 상업) | e10 | g04 | 고용형태 제외(나라일터): e10
[나라일터][서울] 서울특별시교육청 서울특별시성동광진교육지원청 동국대학교사범대학부속가람중학교 | 2026 동대부가람중 배움터지킴이 자원봉사자 위촉 | e10 | g04 | 고용형태 제외(나라일터): e10
[나라일터][12300] 전남대학교 | 2026년도 제2회 전남대학교 기획조정과 국립대학육성사업 계약직원 채용 공고 | e04 | g01 | 지역외(코드): 12300
[나라일터][52000,12] 국토교통부 익산지방국토관리청 | 2026년 제3회 공무직 근로자(도로보수원) 서류전형 합격자 및 면접시험 공고 | e04 | g01 | 지역외: 52000,12150
[나라일터][지역 미상] 인천광역시교육청 인천디자인고등학교 | 인천디자인고등학교 시간강사(공통사회) 채용 공고 | e10 | g04 | 고용형태 제외(나라일터): e10
[나라일터][44230] 국방부 | 2026년 후반기(3차) 국방부 주관 일반임기제군무원 채용 공고 | e01 | g01 | 지역외(코드): 44230
[나라일터][서울] 서울특별시교육청 명지고등학교 | [명지고등학교] 2026학년도 통합과학 대체 기간제교원 채용 공고 | e10 | g04 | 고용형태 제외(나라일터): e10
[나라일터][26440] 부산광역시교육청 부산광역시교육청학교행정지원본부 학교채용지원팀 | 2026학년도 남명초등학교 6학년 담임 기간제교사 채용 3차 공고 | e10 | g04 | 지역외(코드): 26440
[나라일터][26410] 부산대학교 산학협력단 | 부산대학교 산학협력단 계약직원 채용 공고 | e04 | g01 | 지역외(코드): 26410
[나라일터][경기] 국립공원공단 북한산국립공원도봉사무소 | [북한산도봉] 북한산국립공원도봉사무소 한시인력(환경관리, 5차) 직원 채용 | e08 | g03 | 고용형태 제외(나라일터): e08
[나라일터][44825] 한국서부발전(주) | 한국서부발전(주) 상임감사위원 모집공고 | e08 | g03 | 지역외(코드): 44825
[나라일터][12130] 전남대학교 | 2026년도 제4회 전남대학교 국가공무원(해양수산) 전입희망자 모집 재공고 | e07 | g01 | 지역외(코드): 12130
[나라일터][인천] 인천광역시교육청 백석고등학교 | 2026학년도 백석고등학교 계약제교원(시간강사) 채용 공고문(통합과학, 영어) | e10 | g04 | 고용형태 제외(나라일터): e10
[나라일터][서울] 서울특별시교육청 서울특별시동부교육지원청 | [동부교육지원청] 2026년 4분기 지방공무원 대체직원 인력풀 모집 공고 | e10 | g04 | 고용형태 제외(나라일터): e10
[나라일터][서울] 서울특별시교육청 서울특별시동부교육지원청 | [동부교육지원청] 2026년 4분기 시간강사 인력풀 모집 공고 | e10 | g04 | 고용형태 제외(나라일터): e10
[나라일터][48840] 경상남도 남해군 | 2026년 제5회 남해군 임기제공무원(변호사) 채용시험 계획 공고 | e01 | g02 | 지역외(코드): 48840
[나라일터][12000] 전남광주통합특별시교육청 | 2026년도 제11회 전남광주통합특별시교육청(광주) 임기제공무원(변호사)경력경쟁 임용시험  | e10 | g04 | 지역외(코드): 12000
[나라일터][인천] 국방부 국군조직 해군 작전사령부 제2함대사령부 | 해군제2함대 221기지대 공무직근로자(민간조리원) 채용 공고(2차) | e04 | g01 | 고용형태 제외(나라일터): e04
[한국철도공사][서울] 한국철도공사 | 2026년 하반기 한국철도공사 장애인 체험형 인턴사원 채용공고(~10.6. 14:00) |  | 제외어: 인턴
[한국철도공사][서울] 한국철도공사 | 2026년 하반기 한국철도공사 청년 체험형 인턴사원 채용공고(~9.30. 14:00) |  | 제외어: 인턴
[MOEF][서울,인천] 한국환경공단 | 2026년 한국환경공단 화학물질관리처(화평법 이행 중소기업 지원사업, 화학물질 유해성 신고 | 화학,환경.에너지.안전 | 신입+경력 | 비정규직 | 키워드 미매칭
[MOEF][경기] 한국환경공단 | 한국환경공단 수도권서부환경본부 환경시설관리처 기간제근로자(촉탁직, 일용직) 채용 공고 | 사업관리,경영.회계.사무,건설,환경.에너지.안전 | 신입+경력 | 비정규직 | 키워드 미매칭
[MOEF][부산,경기,전남] 학교법인한국폴리텍 | 국폴리텍대학 지역대학장 및 교육원장 공개초빙 공고 | 교육.자연.사회과학 | 경력 | 정규직 | 키워드 미매칭
[나라일터][서울] 교육부 국립각급학교 한국우진학교 | 2026학년도 한국우진학교 국가직공무원 조리9급 전입 공고 | e07 | g01 | 키워드 미매칭
[나라일터][경기] 대법원 인천지방법원 부천지원 | [★진행중★][부천지원] 한시임기제공무원(9호, 속기) 모집 공고 | e01 | g01 | 키워드 미매칭
[나라일터][경기] 경기도 수원시 | 2026년 제4·5·6회 수원시 임기제공무원 채용시험 시행계획 재공고(7개 분야 8명) | e01 | g02 | 키워드 미매칭
[나라일터][서울] 문화체육관광부 한국예술종합학교 | 2026년도 제2차 한국예술종합학교 전임교원 공개채용 | e01 | g01 | 키워드 미매칭
[철도산업정보][지역 미상] 국토교통부 | 2026년 익산국토청 공업서기보(운전직류) 경력경쟁채용시험 재공고 |  | 키워드 미매칭
[나라일터][경기] 경기도 평택시 | 2026년도 제5회 평택시 지방임기제공무원 채용 수정 공고 | e01 | g02 | 링크없음 제외