=== 2026-09-16 필터 통계 ===
  수집               246건
  중복 제거            5건
  지역 제외            106건
  상태 제외            0건
  고용형태 제외          24건
  경력구분 제외          14건
  제외어              3건
  키워드 미매칭          0건
  트랙A 매칭           0건
  트랙B 매칭           0건
----------------------------------------
[KRID][경기도] 용인도시공사 | 2026년 제3회 청년 체험형 인턴 공개채용 공고 | 경영·회계·사무 | 인턴 | 모집중 | 제외어: 인턴
[KRID][경기도] 경기주택도시공사 | 2026년 하반기 경기주택도시공사 장애인 청년인턴사원 공개채용 공고 | 경영·회계·사무 | 인턴 | 모집중 | 제외어: 청년인턴
[MOEF][서울,부산,인천] 그랜드코리아레저(주) | 2026년 2차 GKL(그랜드코리아레저) 청년인턴 채용 | 이용.숙박.여행.오락.스포츠 | 신입 | 청년인턴(체험형) | 고용형태 제외: 청년인턴(체험형)
[MOEF][세종] 한국보건사회연구원 | 한국보건사회연구원 계약직 채용 공고(보건의료정책분야 및 인사분야) | 사업관리,경영.회계.사무,연구 | 신입 | 비정규직 | 지역외: 세종
[MOEF][울산] 한국에너지공단 | 한국에너지공단 신입직원(채용형 인턴) 채용 공고 | 경영.회계.사무,법률.경찰.소방.교도.국방,건설,기계,전기.전자,정보통신,환경.에너지.안전 | 신입 | 청년인턴(채용형) | 지역외: 울산
[MOEF][충북] 한국교육개발원 | 2026년도 제5차 위촉직 채용 공고 | 사업관리,경영.회계.사무,교육.자연.사회과학,연구 | 신입 | 비정규직 | 지역외: 충북
[MOEF][강원] 국립공원공단 | [국립공원연구원] 국립공원연구원 기간제(한시인력, 사무행정) 직원 채용 | 경영.회계.사무 | 신입+경력 | 비정규직 | 지역외: 강원
[MOEF][부산] 동남권원자력의학원 | 2026년 제2차 동남권원자력의학원 직원채용 공고 | 경영.회계.사무,보건.의료,전기.전자,연구 | 신입+경력 | 정규직,무기계약직,비정규직 | 지역외: 부산
[MOEF][강원] 건강보험심사평가원 | 2026년 건강보험심사평가원 촉탁변호사 채용 공고 | 법률.경찰.소방.교도.국방 | 신입+경력 | 비정규직 | 지역외: 강원
[MOEF][부산] 부산대학교병원 | 계약직(연구직,보건직,원무직) 공개채용 모집 공고 | 보건.의료 | 신입+경력 | 비정규직 | 지역외: 부산
[MOEF][부산,경남] 국립공원공단 | [금정산] 2026년 한시인력(환경관리) 채용 공고 | 경비.청소 | 신입+경력 | 비정규직 | 지역외: 부산,경남
[MOEF][경남] 국립공원공단 | [한려해상] 2026년 한려해상사무소 한시인력(수익시설) 직원 채용 공고 | 이용.숙박.여행.오락.스포츠 | 신입+경력 | 비정규직 | 지역외: 경남
[MOEF][세종] 대외경제정책연구원 | 임시직 연구원급(APEC연구컨소시엄사무국) 및 전문원급(홍보팀, 학술정보팀) 채용 공고 | 경영.회계.사무,연구 | 신입+경력 | 비정규직 | 지역외: 세종
[MOEF][울산,충북] 한국에너지공단 | 한국에너지공단 전문경력직 채용 공고 | 경영.회계.사무,금융.보험,건설,기계,전기.전자,정보통신,환경.에너지.안전,연구 | 신입+경력 | 정규직 | 지역외: 울산,충북
[MOEF][서울] 중소벤처기업연구원 | 2026년도 중소벤처기업연구원 체험형 청년인턴(보훈제한경쟁) 공개채용 공고 | 경영.회계.사무 | 신입+경력 | 청년인턴(체험형) | 고용형태 제외: 청년인턴(체험형)
[MOEF][세종] 한국환경연구원 | [한국환경연구원] 임시직(국가기후위기 적응대책 이행강화(총괄 및 적응정책 연구)) 채용공고 | 연구 | 신입+경력 | 비정규직 | 지역외: 세종
[MOEF][세종] 한국환경연구원 | [한국환경연구원] 임시직(국가기후위기 적응대책 이행강화(국가적응대책 수립 및 주류화 지원) | 연구 | 신입+경력 | 비정규직 | 지역외: 세종
[MOEF][전남광주] 전남대학교병원 | 2026년 9월 전남대학교병원 직원(지원직) 공개채용 공고 | 보건.의료 | 신입 | 비정규직 | 지역외: 전남광주
[MOEF][대전] 한국수자원공사 | [한국수자원공사] 건설안전처 특수직(사무관리_회계) 채용 공고 | 경영.회계.사무 | 신입+경력 | 비정규직 | 지역외: 대전
[MOEF][경기] 근로복지공단 | [안산병원] 공무직(물리작업치료사) 채용 공고 | 보건.의료 | 신입 | 무기계약직 | 경력구분 제외: 신입 단독
[MOEF][서울,부산,대구] 한국철도공사 | 2026년 하반기 한국철도공사 청년 체험형 인턴사원 채용 공고 | 경영.회계.사무,운전.운송,정보통신 | 신입 | 청년인턴(체험형) | 고용형태 제외: 청년인턴(체험형)
[MOEF][경기] 근로복지공단 | [안산병원] 공무직(간호조무사) 채용 공고 | 보건.의료 | 신입 | 무기계약직 | 경력구분 제외: 신입 단독
[MOEF][충북] 한국교육과정평가원 | 2026년 제1차 한국교육과정평가원 청사운영직 채용 공고 | 기계 | 신입 | 무기계약직 | 지역외: 충북
[MOEF][경북] 국립공원공단 | [소백산생태탐방원] 2026년 소백산생태탐방원 기간제(한시인력_국립공원지킴이) 채용 공고 | 경비.청소,환경.에너지.안전 | 신입+경력 | 비정규직 | 지역외: 경북
[MOEF][충남] 한국기술교육대학교 | (한국기술교육대학교) 충청남도 지역성장 인재양성체계(앵커) 계약학과 대우교수(산학협력중점) | 교육.자연.사회과학 | 경력 | 비정규직 | 지역외: 충남
[MOEF][경기] 근로복지공단 | [경기요양병원] 의료직(약사) 4급 채용 공고 | 보건.의료 | 신입 | 정규직 | 경력구분 제외: 신입 단독
[MOEF][강원] 근로복지공단 | [정선병원] 공무직(야간접수수납원) 채용 공고 | 보건.의료 | 신입 | 무기계약직 | 지역외: 강원
[MOEF][강원] 근로복지공단 | [정선병원] 공무직(임상병리사) 채용 공고 | 보건.의료 | 신입 | 무기계약직 | 지역외: 강원
[MOEF][경남] 근로복지공단 | [창원병원] 기간제(산업위생사) 채용 공고 | 보건.의료 | 신입 | 비정규직 | 지역외: 경남
[MOEF][세종] 한국청소년정책연구원 | [채용공고 2026-11호] 휴직 대체인력 채용 공고 | 경영.회계.사무,정보통신 | 신입 | 비정규직 | 지역외: 세종
[MOEF][부산,경남] 근로복지공단 | [창원병원] 기간제(작업치료사) 채용 공고 | 보건.의료 | 신입 | 비정규직 | 지역외: 부산,경남
[MOEF][경남] 근로복지공단 | [창원병원] 공무직(방사선사) 채용 공고 | 보건.의료 | 신입 | 무기계약직 | 지역외: 경남
[MOEF][경남] 근로복지공단 | [창원병원] 공무직(임상병리사) 채용 공고 | 보건.의료 | 신입 | 무기계약직 | 지역외: 경남
[MOEF][충남] 국립공원공단 | [태안] 2026년 태안해안 기간제[한시인력(환경관리)] 직원 채용 | 환경.에너지.안전 | 신입+경력 | 비정규직 | 지역외: 충남
[MOEF][강원] 한국전력공사 | 기간제근로자(대체인력)채용공고[강원본부 횡성지사] | 전기.전자 | 신입 | 비정규직 | 지역외: 강원
[MOEF][울산,경기,충북] 한국소방산업기술원 | 2026년 한국소방산업기술원 정규직 채용 | 사업관리,법률.경찰.소방.교도.국방,기계,전기.전자,환경.에너지.안전 | 신입 | 정규직 | 경력구분 제외: 신입 단독
[MOEF][강원,경북] 한전KPS(주) | 한전KPS(주)강원충북전력지사 단기노무원(태백지점 송전업무정비보조,차량순시) 채용공고(27 | 건설,전기.전자,환경.에너지.안전 | 신입+경력 | 비정규직 | 지역외: 강원,경북
[MOEF][전남광주] 근로복지공단 | [순천병원] 공무직(간호조무사) 채용 공고 | 보건.의료 | 신입 | 무기계약직 | 지역외: 전남광주
[MOEF][충남] 한전KPS(주) | 한전KPS(주) 신보령사업소 '26년도 경상정비공사 구매보조 단기노무원 모집 | 경영.회계.사무 | 신입+경력 | 비정규직 | 지역외: 충남
[MOEF][강원] 한전KPS(주) | 한전KPS(주)강원충북전력지사 단기노무원(기술팀 차량순시) 채용공고(26차) | 건설,전기.전자 | 신입+경력 | 비정규직 | 지역외: 강원
[MOEF][강원] 한전KPS(주) | 한전KPS(주)강원충북전력지사 단기노무원(강릉지점 차량순시) 채용공고(25차) | 건설,전기.전자 | 신입+경력 | 비정규직 | 지역외: 강원
[MOEF][경북] 국립공원공단 | [경주] 2026년 경주국립공원 기간제(분묘조사) 직원 채용 | 환경.에너지.안전 | 신입+경력 | 비정규직 | 지역외: 경북
[MOEF][강원] 한전KPS(주) | 한전KPS(주)강원충북전력지사 단기노무원(춘천지점 차량순시) 채용공고(24차) | 건설,전기.전자 | 신입+경력 | 비정규직 | 지역외: 강원
[MOEF][인천] 한국환경공단 | 한국환경공단(본사) 사업장대기처 측정대행관리부 기간제근로자(촉탁 라급) 채용 공고 | 화학,환경.에너지.안전 | 신입 | 비정규직 | 경력구분 제외: 신입 단독
[MOEF][서울,부산,대구] 한국공항공사 | 2026년도 하반기 신입사원 안전직(공항보안 및 보안검색감독) 공개채용 | 운전.운송,경비.청소 | 신입 | 정규직 | 경력구분 제외: 신입 단독
[MOEF][강원] 한국장애인개발원 | [제2026-110호] 2026년도 제8차 강원특별자치도장애아동·발달장애인지원센터 체험형  | 사회복지.종교 | 신입+경력 | 청년인턴(체험형) | 지역외: 강원
[MOEF][서울,부산,대구] 한국공항공사 | 2026년도 하반기 신입사원 보훈(공항보안) 채용 | 경비.청소 | 신입 | 정규직 | 경력구분 제외: 신입 단독
[MOEF][세종] 한국법제연구원 | 2026년도 제2차 정규직(부연구위원) 제한경쟁 채용 공고 | 교육.자연.사회과학,연구 | 신입+경력 | 정규직 | 지역외: 세종
[MOEF][서울,부산,울산] 한국공항공사 | 2026년도 하반기 신입사원 구조소방(소방원 및 응급구조사) 공개채용 | 법률.경찰.소방.교도.국방 | 신입 | 정규직 | 경력구분 제외: 신입 단독
[MOEF][서울,부산,대구] 한국공항공사 | 2026년도 하반기 신입사원(5급갑, 6급갑 고졸수준) 공개채용 | 사업관리,경영.회계.사무,교육.자연.사회과학,법률.경찰.소방.교도.국방,운전.운송,경비.청소,건설,정보통신,환경.에너지.안전 | 신입 | 정규직 | 경력구분 제외: 신입 단독
[MOEF][인천] 대한적십자사 | 경인권역재활병원 정규직 방사선사 채용 공고(2026.10.26.임용) | 보건.의료 | 신입 | 정규직 | 경력구분 제외: 신입 단독
[MOEF][강원] 국립공원공단 | [설악산] 2026년 국립공원지킴이(녹색순찰대) 모집 추가접수 공고 | 경비.청소,이용.숙박.여행.오락.스포츠,환경.에너지.안전 | 신입+경력 | 비정규직 | 지역외: 강원
[MOEF][서울,부산,대구] 국민건강보험공단 | 2026년도 하반기 국민건강보험공단 신규직원 채용 공고 | 경영.회계.사무,보건.의료,사회복지.종교,이용.숙박.여행.오락.스포츠,정보통신 | 신입 | 정규직 | 경력구분 제외: 신입 단독
[MOEF][강원] 주택관리공단(주) | 채용형 인턴 채용공고(주택관리공단 강원지사) | 경영.회계.사무 | 신입+경력 | 청년인턴(채용형) | 지역외: 강원
[MOEF][경기] 대한법률구조공단 | 대한법률구조공단 의정부지부 청년인턴 공개경쟁 채용시험 공고 | 경영.회계.사무,법률.경찰.소방.교도.국방 | 신입 | 청년인턴(체험형) | 고용형태 제외: 청년인턴(체험형)
[MOEF][울산] 한전KPS(주) | 한전KPS(주)울산사업소 단기노무원 모집(2차) | 경비.청소,건설,기계 | 신입+경력 | 비정규직 | 지역외: 울산
[MOEF][부산] 한국토지주택공사 | 한국토지주택공사 부산울산지역본부 기간제근로자(전세사기 피해자 지원 업무보조) 채용공고 | 경영.회계.사무,영업판매 | 신입+경력 | 비정규직 | 지역외: 부산
[MOEF][경남] 학교법인한국폴리텍 | 2026년 한국폴리텍대학 항공캠퍼스 청년인턴(일반) 2차 채용 공고 | 경영.회계.사무 | 신입+경력 | 청년인턴(체험형) | 지역외: 경남
[MOEF][인천] 한국스포츠레저(주) | 한국스포츠레저(주) 전임직 채용공고 | 이용.숙박.여행.오락.스포츠 | 신입 | 비정규직 | 경력구분 제외: 신입 단독
[MOEF][충북] 한국식품안전관리인증원 | 2026년 제12차 계약직직원 채용 | 경영.회계.사무,보건.의료 | 신입+경력 | 비정규직 | 지역외: 충북
[MOEF][광주,전남] 전남대학교병원 | 2026년도 전임의사 상시 공개채용 변경 공고 | 보건.의료 | 신입 | 정규직 | 지역외: 광주,전남
[MOEF][전남광주] 국립공원공단 | [다도해서부] 다도해해상국립공원서부사무소 기간제[한시인력_환경관리(해양)] 직원 채용  | 환경.에너지.안전 | 신입+경력 | 비정규직 | 지역외: 전남광주
[MOEF][강원] 근로복지공단 | [태백병원] 기술기능직(기술_환경관리) 채용 공고 | 보건.의료,환경.에너지.안전 | 신입+경력 | 정규직 | 지역외: 강원
[MOEF][경북] 국립공원공단 | [주왕산] 2026년도 주왕산국립공원 한시인력(수익시설) 직원 2차 추가 채용 | 경비.청소 | 신입+경력 | 비정규직 | 지역외: 경북
[MOEF][강원] 근로복지공단 | [정선병원] 기술기능직(기술_안전관리) 채용 공고 | 보건.의료,환경.에너지.안전 | 신입+경력 | 정규직 | 지역외: 강원
[MOEF][서울] 한국전력공사 | 2026년 제1차 장애인 체험형 인턴 모집공고[서울본부] | 경영.회계.사무 | 신입 | 청년인턴(체험형) | 고용형태 제외: 청년인턴(체험형)
[MOEF][서울,부산,제주] 한국국제교류재단 | 한국국제교류재단 일반직 신규 채용 공고 | 경영.회계.사무,문화.예술.디자인.방송,정보통신 | 신입 | 정규직 | 경력구분 제외: 신입 단독
[MOEF][경남] 국민연금공단 | [국민연금공단 부산지역본부] 부산지역본부 양산지사 공무직(환경관리직(가), 보안직(가))  | 경비.청소 | 신입 | 무기계약직 | 지역외: 경남
[MOEF][전남광주] 국립공원공단 | [다도해해상]2026년 다도해해상 한시인력[탐방로예약제 운영] 직원 채용 | 환경.에너지.안전 | 신입+경력 | 비정규직 | 지역외: 전남광주
[MOEF][울산] 기초과학연구원 | 제2026-3회 IBS 융합과학 연구클러스터 연구직군 채용공고 | 연구 | 신입+경력 | 비정규직 | 지역외: 울산
[MOEF][전남광주] 국립공원공단 | [다도해해상]2026년 다도해해상 한시인력[환경관리(환경미화)] 직원 채용(3차) | 환경.에너지.안전 | 신입+경력 | 비정규직 | 지역외: 전남광주
[MOEF][제주] 한전KPS(주) | 한전KPS(주)남제주사업소 복합ST&1,2HRSG 계획예방정비공사 단기노무원 채용 공고 | 기계 | 신입+경력 | 비정규직 | 지역외: 제주
[MOEF][대전] 기초과학연구원 | 2026-9회 의생명 및 화학 연구클러스터(시냅스 뇌질환 연구단) 연구기술직 채용 공고 | 연구 | 신입+경력 | 비정규직 | 지역외: 대전
[MOEF][전북] (재)우체국물류지원단 | 우체국물류지원단 광주지사 기간제(소포직, 육아휴직대체) 채용 공고 | 경영.회계.사무,운전.운송 | 신입+경력 | 비정규직 | 지역외: 전북
[MOEF][서울,인천,세종] 한국중부발전(주) | 2026년도 제3차 4직급 신입직원 채용공고 | 경영.회계.사무,건설,화학,전기.전자,정보통신,환경.에너지.안전 | 신입 | 정규직 | 경력구분 제외: 신입 단독
[나라일터][44825] 국립공원공단 태안해안국립공원사무소 | 2026년 태안해안 기간제[한시인력(환경관리)] 직원 채용 | e08 | g03 | 지역외(코드): 44825
[나라일터][31170] 울산광역시 동구 | 2026년도 제7회 울산광역시 동구 지방임기제공무원 임용시험 시행계획 공고(영양사) | e01 | g02 | 지역외(코드): 31170
[나라일터][36110] 한국보건사회연구원 | 한국보건사회연구원 계약직 채용 통합 공고(보건의료정책분야 및 인사분야) | e08 | g03 | 지역외(코드): 36110
[나라일터][12800] 산업통상부 대불자유무역지역관리원 | 2026년 대불자유무역지역관리원 공무직 근로자(전기) 최종 합격자 공고 | e04 | g01 | 지역외(코드): 12800
[나라일터][43730] 충청북도 옥천군 | 2026년 제7회 옥천군 시간선택제임기제공무원 임용시험 계획 공고[군정 사진촬영 및 편집, | e01 | g02 | 지역외(코드): 43730
[나라일터][12810] 전남광주통합특별시 무안군 농업기술센터 | 무안군 농업기술센터 종합검정실 기간제근로자(일시사역 근로자) 채용 공고 | e04 | g02 | 지역외(코드): 12810
[나라일터][51000,51] 산림청 북부지방산림청 | 2026년 제9회 북부지방산림청 공무직근로자 채용 서류전형 합격자 발표 및 체력검정 공고 | e04 | g01 | 지역외: 51000,51000,41820
[나라일터][52130] 전북특별자치도 군산시 | 2026년 제7회 군산시 지방임기제공무원 채용 계획 공고(무대조명,영어통번역,상수도시설물운 | e01 | g02 | 지역외(코드): 52130
[나라일터][경기] 산림청 북부지방산림청 | 2026년 제5회 북부지방산림청 공무직근로자 채용 서류전형 합격자 발표 및 면접 일정 공고 | e04 | g01 | 고용형태 제외(나라일터): e04
[나라일터][12130] 전남대학교 | 2026년도 제4회 전남대학교 국가공무원(해양수산) 전입희망자 모집 공고 | e07 | g01 | 지역외(코드): 12130
[나라일터][51130] 국립공원공단 국립공원연구원 | [국립공원연구원] 국립공원연구원 기간제(대체인력, 사무행정) 직원 채용 | e08 | g03 | 지역외(코드): 51130
[나라일터][서울] 문화체육관광부 국립현대미술관 | 국립현대미술관 작품보존미술은행과 기간제 근로자 채용 공고 | e04 | g01 | 고용형태 제외(나라일터): e04
[나라일터][30000] 대전광역시 | 2026년 제13회(곤충생육관리요원, 전시기획전문요원) 대전광역시 임기제공무원 경력경쟁 임 | e01 | g02 | 지역외(코드): 30000
[나라일터][51790] 과학기술정보통신부 우정사업본부 강원지방우정청 화천우체국 | 2026년도 제7회 화천우체국 상시계약집배원(기간제) 채용 재공고 | e04 | g01 | 지역외(코드): 51790
[나라일터][30000] 재단법인대전문화재단 | 2026년 대전문화재단 하반기 일반직(6급) 채용 공고 | e08 | g03 | 지역외(코드): 30000
[나라일터][48240,48] 국립공원공단 한려해상국립공원사무소 | [한려해상] 2026년 한려해상사무소 한시인력(수익시설) 직원 채용 공고 | e08 | g03 | 지역외: 48240,48840
[나라일터][지역 미상] 문화체육관광부 국립중앙박물관 | 국립충주박물관 공무직 근로자 (기계, 전기, 방재, 미화) 채용 최종합격자 공고 | e04 | g01 | 고용형태 제외(나라일터): e04
[나라일터][36110] 보건복지부 | 보건복지부 과장급 공모직위(정보통계담당관) 공개모집 | e06 | g01 | 지역외(코드): 36110
[나라일터][43110] 재단법인식생활안전관리원 | 2026년 제5회 식생활안전관리원 기간제 직원(연구보조원) 채용 공고 연장 | e08 | g03 | 지역외(코드): 43110
[나라일터][43113] 식품의약품안전처 | 식품의약품안전처 디지털소통팀 공무직근로자(생활밀착형 영상 제작 등) 채용공고 | e04 | g01 | 지역외(코드): 43113
[나라일터][43113] 식품의약품안전처 | (최종합격자발표) 2026년 제2차 식품의약품안전처(본부) 청년인턴 채용시험 추가합격자 공 | e04 | g01 | 지역외(코드): 43113
[나라일터][서울] 문화체육관광부 한국예술종합학교 | 한국예술종합학교 학생지원센터 학생심리상담소 전임상담원(공무직)채용 최종합격자 공고문 | e04 | g01 | 고용형태 제외(나라일터): e04
[나라일터][44200] 교육부 국립특수교육원 | 2026년 국립특수교육원 국가직공무원(운전 9급) 전입(지방공무원 경력경쟁채용) 재공고 | e07 | g01 | 지역외(코드): 44200
[나라일터][경기] 과학기술정보통신부 우정사업본부 경인지방우정청 화성동탄우체국 | 2026년 제7회 화성동탄우체국 기간제 상시집배원 채용시험 재공고(봉담우체국) | e04 | g01 | 고용형태 제외(나라일터): e04
[나라일터][26000] 국립공원공단 금정산국립공원사무소 | [금정산] 2026년 한시인력(환경관리) 채용 공고 | e08 | g03 | 지역외(코드): 26000
[나라일터][26200] 한국해양대학교 | 2026년 제3회 국립한국해양대학교 국가공무원(사서서기) 경력경쟁채용시험 공고 | e01 | g01 | 지역외(코드): 26200
[나라일터][서울] 경찰청 서울특별시경찰청 서울동작경찰서 | 서울동작경찰서 공무직 근로자[무기직·시설관리분야] 채용(재공고) 서류전형 합격자 발표 공고 | e04 | g01 | 고용형태 제외(나라일터): e04
[나라일터][12300] 전남대학교 대학(원) 농업생명과학대학 | (재공고)전남대학교 융합바이오시스템기계공학과 교육공무원(조교) 출산휴가 및 육아휴직 대체인 | e01 | g01 | 지역외(코드): 12300
[나라일터][48870] 경상남도 함양군 | 2026년 제2회 함양군 일반 임기제 공무원 채용시험 재공고(영상기획 및 제작) | e01 | g02 | 지역외(코드): 48870
[나라일터][47210] 국립공원공단 소백산생태탐방원 | [소백산생태탐방원] 2026년 소백산생태탐방원 기간제(한시인력_국립공원지킴이) 채용 공고 | e08 | g03 | 지역외(코드): 47210
[나라일터][47280] 국방부 국군체육부대 | 26년 후반기(2차) 국군체육부대 주관 공무직근로자(청소원, 시설관리원(설비)) 채용 공고 | e04 | g01 | 지역외(코드): 47280
[나라일터][52130] 국립군산대학교 산학협력단 군산시농어촌종합지원센터 | 군산시농어촌종합지원센터  농촌 코디네이터(대체인력) 채용 공고 | e04 | g01 | 지역외(코드): 52130
[나라일터][52140] 전북특별자치도 익산시 | 익산시 지방임기제공무원 채용시험 시행계획 재공고 | e01 | g02 | 지역외(코드): 52140
[나라일터][인천] 법무부 인천출입국.외국인청 | [인천출입국·외국인청] 2026년도 제5회 공무직근로자(조리원) 채용시험 최종합격자 공고 | e04 | g01 | 고용형태 제외(나라일터): e04
[나라일터][경기] 과학기술정보통신부 우정사업본부 경인지방우정청 남양주우체국 | 2026년 제19회 남양주우체국 주관 공무직근로자(시간제 우정실무원) 채용 공고 | e04 | g01 | 고용형태 제외(나라일터): e04
[나라일터][52140] 전북특별자치도 익산시 | 익산시 지방임기제공무원 채용시험 시행계획 공고 | e01 | g02 | 지역외(코드): 52140
[나라일터][27000,47] 기후에너지환경부 대구지방환경청 | `26~27년 야생조류 AI 대응 기간제 근로자(AI 예찰인력) 서류전형 합격자 및 면접  | e04 | g01 | 지역외: 27000,47000
[나라일터][서울] 서민금융진흥원 | 서민금융진흥원 감사 모집 재공고 | e08 | g03 | 고용형태 제외(나라일터): e08
[나라일터][경기] 산림청 산림교육원 | 2026년 산림교육원 기간제근로자(홍보) 채용 최종합격자 공고 | e04 | g01 | 고용형태 제외(나라일터): e04
[나라일터][36110] 빛의위원회 | 빛의 위원회 기간제근로자 채용 공고(사무보조) | e04 | g01 | 지역외(코드): 36110
[나라일터][27230] 경북대학교 IT대학 | 2026학년도 경북대학교 IT대학 자율학부 기간제 계약직원 채용 공고 | e04 | g01 | 지역외(코드): 27230
[나라일터][경기] 법무부 서울소년분류심사원 수원청소년비행예방센터 | [수원청소년비행예방센터] 2026년도 제1회 수원청소년비행예방센터 공무직근로자(환경미화)  | e04 | g01 | 고용형태 제외(나라일터): e04
[나라일터][51730,51] 강원특별자치도 | 강원특별자치도 지방임기제공무원 임용시험 시행계획 공고(시설유지·관리) | e01 | g02 | 지역외: 51730,51110
[나라일터][52110] 한국국토정보공사 | 한국국토정보공사 임원(사장) 공모 | e08 | g03 | 지역외(코드): 52110
[나라일터][경기] 한국소방산업기술원 | 2026년 한국소방산업기술원 정규직 채용 공고 | e08 | g03 | 고용형태 제외(나라일터): e08
[나라일터][경기] 과학기술정보통신부 우정사업본부 경인지방우정청 김포우체국 | 2026년도 제3회 김포우체국 주관  공무직 실적급 상시집배원 서류전형합격자 및 면접시험  | e04 | g01 | 고용형태 제외(나라일터): e04
[나라일터][51000] 경찰청 강원특별자치도경찰청 인제경찰서 | 2026년 인제경찰서 무기계약(보일러 등 시설관리) 근로자 채용 공고 | e04 | g01 | 지역외(코드): 51000
[나라일터][36000] 국세청 | 국세청 기간제(육아휴직 대체) 근로자 채용 공고 | e04 | g01 | 지역외(코드): 36000
[나라일터][30000] 대전도시공사 | 2026년대전도시공사 하반기 직원채용(공무직) | e08 | g03 | 지역외(코드): 30000
[나라일터][30000] 대전도시공사 | 2026년 대전도시공사 하반기 직원채용(일반직) | e08 | g03 | 지역외(코드): 30000
[나라일터][47170] 법무부 대구지방교정청 안동교도소 | [안동교도소] 2026년 제4회 일반직공무원(공업서기보, 전기) 경력경쟁채용시험 공고 | e01 | g01 | 지역외(코드): 47170
[나라일터][43720] 병무청 사회복무연수센터 | 병무청 사회복무연수센터 공무직근로자[시설(건축)] 경력경쟁채용 서류전형 합격자 발표 | e04 | g01 | 지역외(코드): 43720
[나라일터][12240] 기후에너지환경부 영산강유역환경청 | 2026년 제2차 영산강유역환경청 청년인턴 채용 최종합격자 공고 | e04 | g01 | 지역외(코드): 12240
[나라일터][36110] 고용노동부 | 산업재해 예방 관련 조사ㆍ연구위원(공무직) 채용 공고 | e04 | g01 | 지역외(코드): 36110
[나라일터][26000] 과학기술정보통신부 우정사업본부 부산지방우정청 | [부산지방우정청] 2026년 제2차 청년인턴 채용시험 추가합격자 공고 | e04 | g01 | 지역외(코드): 26000
[나라일터][인천] 수도권매립지관리공사 | 수도권매립지관리공사 상임감사 초빙 공고 | e08 | g03 | 고용형태 제외(나라일터): e08
[나라일터][27140] 국방부 국군조직 공군 공군제11전투비행단 | 2026년 공군 제11전투비행단 한시임기제군무원 경력경쟁채용 공고 | e01 | g01 | 지역외(코드): 27140
[나라일터][지역 미상] 법무부 여수출입국.외국인사무소 | [여수출입국·외국인사무소] 2026년 제2회 기간제 조리실무관(휴직대체)  채용 재공고 | e04 | g01 | 고용형태 제외(나라일터): e04
[나라일터][51130] 강원특별자치도 원주시 체육시설사업소 | 2026년도 원주 드림체육관 수영장 기간제근로자 공개채용 재공고 | e04 | g02 | 지역외(코드): 51130
[나라일터][경기] 행정안전부 정부청사관리본부 과천청사관리소 | 2026년 과천청사 대체 기간제 근로자(청사안내원) 채용 공고문 | e04 | g01 | 고용형태 제외(나라일터): e04
[나라일터][27230] 경북대학교 | 2026년도 제13회 대학회계 계약직원(변호사) 채용 공고 | e04 | g01 | 지역외(코드): 27230
[나라일터][경기] 한국장애인고용공단 | 한국장애인고용공단 상임이사(기획관리이사) 공개모집 | e08 | g03 | 고용형태 제외(나라일터): e08
[나라일터][서울] 국회 국회사무처 | 2026년도 국회사무처 의회방호담당관실 공무직근로자(주차관리_장애) 채용시험 재공고 | e04 | g01 | 고용형태 제외(나라일터): e04
[나라일터][26410] 부산광역시 금정구 | 2026년 제3회 부산광역시 금정구 임기제공무원 채용 재공고(진료의사) | e01 | g02 | 지역외(코드): 26410
[나라일터][51170] 강원특별자치도 동해시 | 동해시 보건소장(개방형직위) 임용시험 시행계획 공고 | e05 | g02 | 지역외(코드): 51170
[나라일터][서울] 경찰청 서울특별시경찰청 서울강동경찰서 | 서울강동경찰서 기간제 근로자(영양사)  서류전형 합격자 및 면접일정 알림 | e04 | g01 | 고용형태 제외(나라일터): e04
[나라일터][30170] 산림청 국립자연휴양림관리소 | 2026년 국립자연휴양림관리소 국가공무원(공업7급) 경력경쟁채용시험 공고 | e01 | g01 | 지역외(코드): 30170
[나라일터][31110] 행정안전부 국립재난안전연구원 | 2026년 제2기 행정안전부 국립재난안전연구원 청년인턴 추가 채용 최종합격자 공 | e04 | g01 | 지역외(코드): 31110
[나라일터][51810] 과학기술정보통신부 우정사업본부 강원지방우정청 | [강원지방우정청]  2026년 제2회 우정사업본부 우정9급(집배) 공무원 경력경쟁채용시험  | e01 | g01 | 지역외(코드): 51810
[나라일터][50110] 제주대학교 | 2026년 제15회 제주대학교 대학회계무기계약직(환경미화) 공개경쟁채용 최종합격자 공고 | e04 | g01 | 지역외(코드): 50110
[나라일터][12000] 전남광주통합특별시교육청 | 2026년도 제11회 전남광주통합특별시교육청(광주) 임기제공무원(변호사)경력경쟁 임용시험  | e10 | g04 | 지역외(코드): 12000
[한국철도공사][서울] 한국철도공사 | 2026년 하반기 한국철도공사 청년 체험형 인턴사원 채용공고(~9.30. 14:00)새글 |  | 제외어: 인턴