OK    [재단법인 성북복지재단] 재단법인 성북복지재단 직원 채용 재공고(정규직) → https://job.cleaneye.go.kr/user/ypCareersData.do?idx=79961
OK    [인천스마트시티(주)] 인천스마트시티(주) 2026년 제4 채용공고(IT 사업 기획 및 → https://job.cleaneye.go.kr/user/ypCareersData.do?idx=79956
OK    [공간정보품질관리원] 공간정보품질관리원 2026년 제2차 정규직 채용 공고 → https://www.siqms.or.kr/M2001000/board_view.do?idx=504441
OK    [한국영상자료원] 2026년 제4차 채용 공고(정규직(계약·위기관리) 외 3개 분 → https://www.koreafilm.or.kr/kofa/news/recruit
OK    [한국수자원공사] [한국수자원공사] 2026년 하반기 전문직 제한경쟁 채용공고 → https://www.kwater.or.kr
OK    [한국철도공사] 2026년도 하반기 한국철도공사 전문ㆍ경력직 채용공고 → https://info.korail.com
OK    [한국수자원공사] [한국수자원공사] 2026년 하반기 사무운영직 고졸 신입사원 공 → https://www.kwater.or.kr
OK    [한국수자원공사] [한국수자원공사] 2026년 하반기 시설운영직 고졸 신입사원 공 → https://www.kwater.or.kr
OK    [한국수자원공사] [한국수자원공사] 2026년 하반기 일반직 신입사원 공채 → https://www.kwater.or.kr
OK    [국립암센터] 국립암센터 부속병원 입원전담전문의(내과) 초빙 공고 → https://ncc.recruiter.co.kr/app/jobnotice/view?systemKindCode=MRS2&jobnoticeSn=2
OK    [국민건강보험공단 일산병원] 2026년 하반기 정규직(보건직-임상병리사, 의공기사, 보건의료 → https://nhimc.recruiter.co.kr/appsite/company/index
OK    [국민건강보험공단 일산병원] 2026년 하반기 정규직(사무직-정보개발) 모집공고 → https://nhimc.recruiter.co.kr/appsite/company/index
FAIL  [경기도 안양시] 2026년도 제1회 안양시 개방형직위 임용시험 공고 → https://www.anyang.go.kr/main/selectEminwonView.do?&amp;notAncmtSeCode=05&amp;no
OK    [국립목포해양대학교] 2026년도 제6회 목포해양대학교 국가공무원 전입· 지방공무원  → https://www.mmu.ac.kr/main/board/393/read/89656
SKIP  [인사혁신처 국가공무원인재개발원] url=None 이미 처리됨
SKIP  [과학기술정보통신부] url=None 이미 처리됨
SKIP  [과학기술정보통신부] url=None 이미 처리됨
SKIP  [과학기술정보통신부] url=None 이미 처리됨
OK    [경기도 군포시] 2026년 제2회 군포시 지방임기제공무원 임용시험 재공고(5차) → https://www.gunpo.go.kr/www/selectEminwonView.do?key=3899&amp;Not_ancmt_se_code=
OK    [인사혁신처] 2026년 인사혁신처 경력경쟁채용시험 채용 공고(일반임기제 5급 → https://gongmuwon.gosi.kr
FAIL  [한국철도공사] 2026년 하반기 한국철도공사 신입사원(관제) 채용공고(~10. → ./selectBbsNttView.do;jsessionid=R2RVXTRtSvEEZWa4SHZaygnhE1jrVrM0IYNiaKExb9JvHTK